     Locking 3 packages to latest Rust 1.95.0 compatible versions
    Checking sha2-const-stable v0.1.0
    Checking opensip-identity v0.1.0 (/tmp/opensip-implementation/m2-grok-schema-registry-review-03/review/copy/identity-source)
    Checking opensip-schema-engine-trial v0.0.0 (/tmp/opensip-implementation/m2-grok-schema-registry-review-03/review/copy/probe)
    Checking schema-api-consumer03 v0.0.0 (/tmp/opensip-implementation/m2-grok-schema-registry-review-03/review/probes/consumer)
error[E0432]: unresolved import `opensip_schema_engine_trial::Program`
 --> src/lib.rs:1:5
  |
1 | use opensip_schema_engine_trial::Program;
  |     ^^^^^^^^^^^^^^^^^^^^^^^^^^^^^^^^^^^^ no `Program` in the root
  |
note: found an item that was configured out
 --> /tmp/opensip-implementation/m2-grok-schema-registry-review-03/review/copy/probe/src/lib.rs:9:13
  |
8 | #[cfg(test)]
  |       ---- the item is gated here
9 | use schema::Program;
  |             ^^^^^^^

For more information about this error, try `rustc --explain E0432`.
error: could not compile `schema-api-consumer03` (lib) due to 1 previous error
