$ /tmp/opensip-architecture-review-env/bin/python -I -B tools/provenance_s41.py
exit 0
--- stdout ---
{
 "vsSource39v3:report:current-only": 8,
 "vsSource39v3:report:different": 58,
 "vsSource39v3:report:equal": 218,
 "vsSource39v3:report:source39-only": 2,
 "vsSource39v3:store:current-only": 4,
 "vsSource39v3:store:file-sha-different": 17,
 "vsSource39v3:store:file-sha-equal": 46,
 "vsUnchangedHelpersSource41:report:current-only": 117,
 "vsUnchangedHelpersSource41:report:different": 42,
 "vsUnchangedHelpersSource41:report:equal": 125,
 "vsUnchangedHelpersSource41:report:original-only": 2,
 "vsUnchangedHelpersSource41:store:current-only": 4,
 "vsUnchangedHelpersSource41:store:different": 17,
 "vsUnchangedHelpersSource41:store:equal": 46
}
changed-by-correction runs/from-scratch.summary.json $.runs[14].originalResult
changed-by-correction runs/replay-all.summary.json $.builds[len 34!=38]
changed-by-correction runs/syntax-code.build.json $.proofId
changed-by-correction runs/syntax-code.replay.fromscratch.json $.graphAdmission.digestLaw.annotatedFields
changed-by-correction runs/syntax-code.replay.json $.graphAdmission.digestLaw.annotatedFields
changed-by-correction runs/syntax-code.store.json {'status': 'different', 'runIdEqual': False, 'blobsAdded': 6, 'blobsRemoved': 6}
changed-by-correction runs/syntax-code~budget-exhausted.build.json $.executionDeficiencies[0].inputRefs[1].digest
changed-by-correction runs/syntax-code~budget-exhausted.replay.json $.graphAdmission.digestLaw.annotatedFields
changed-by-correction runs/syntax-code~budget-exhausted.store.json {'status': 'different', 'runIdEqual': False, 'blobsAdded': 6, 'blobsRemoved': 6}
changed-by-correction runs/syntax-code~clone-level-spec-not-in-grammar.build.json $.proofId
changed-by-correction runs/syntax-code~clone-level-spec-not-in-grammar.replay.json $.graphAdmission.digestLaw.annotatedFields
changed-by-correction runs/syntax-code~clone-level-spec-not-in-grammar.store.json {'status': 'different', 'runIdEqual': False, 'blobsAdded': 6, 'blobsRemoved': 6}
changed-by-correction runs/syntax-code~explicit-endpoint-source.build.json $.proofId
changed-by-correction runs/syntax-code~explicit-endpoint-source.replay.json $.graphAdmission.digestLaw.annotatedFields
changed-by-correction runs/syntax-code~explicit-endpoint-source.store.json {'status': 'different', 'runIdEqual': False, 'blobsAdded': 6, 'blobsRemoved': 6}
changed-by-correction runs/syntax-code~grammar-version-not-from-manifest.build.json $.proofId
changed-by-correction runs/syntax-code~grammar-version-not-from-manifest.replay.json $.graphAdmission.digestLaw.annotatedFields
changed-by-correction runs/syntax-code~grammar-version-not-from-manifest.store.json {'status': 'different', 'runIdEqual': False, 'blobsAdded': 6, 'blobsRemoved': 6}
changed-by-correction runs/syntax-code~hidden-selected-coverage.build.json $.proofId
changed-by-correction runs/syntax-code~hidden-selected-coverage.replay.json $.graphAdmission.digestLaw.annotatedFields
changed-by-correction runs/syntax-code~hidden-selected-coverage.store.json {'status': 'different', 'runIdEqual': False, 'blobsAdded': 6, 'blobsRemoved': 6}
changed-by-correction runs/syntax-code~inventory-file-row-dropped.build.json $.proofId
changed-by-correction runs/syntax-code~inventory-file-row-dropped.replay.json $.graphAdmission.digestLaw.annotatedFields
changed-by-correction runs/syntax-code~inventory-file-row-dropped.store.json {'status': 'different', 'runIdEqual': False, 'blobsAdded': 6, 'blobsRemoved': 6}
changed-by-correction runs/syntax-code~l0-span-mismatch.build.json $.proofId
changed-by-correction runs/syntax-code~l0-span-mismatch.replay.json $.graphAdmission.digestLaw.annotatedFields
changed-by-correction runs/syntax-code~l0-span-mismatch.store.json {'status': 'different', 'runIdEqual': False, 'blobsAdded': 6, 'blobsRemoved': 6}
changed-by-correction runs/syntax-code~membership-reordered.build.json $.proofId
changed-by-correction runs/syntax-code~membership-reordered.replay.json $.graphAdmission.digestLaw.annotatedFields
changed-by-correction runs/syntax-code~membership-reordered.store.json {'status': 'different', 'runIdEqual': False, 'blobsAdded': 6, 'blobsRemoved': 6}
changed-by-correction runs/syntax-code~partition-overlap.build.json $.proofId
changed-by-correction runs/syntax-code~partition-overlap.replay.json $.graphAdmission.digestLaw.annotatedFields
changed-by-correction runs/syntax-code~partition-overlap.store.json {'status': 'different', 'runIdEqual': False, 'blobsAdded': 6, 'blobsRemoved': 6}
changed-by-correction runs/syntax-code~raw-context-record-as-h.build.json $.proofId
changed-by-correction runs/syntax-code~raw-context-record-as-h.replay.json $.retainedClosure.reachableSemanticOutputs.evaluation-seal[0]
changed-by-correction runs/syntax-code~raw-context-record-as-h.store.json {'status': 'different', 'runIdEqual': False, 'blobsAdded': 6, 'blobsRemoved': 6}
changed-by-correction runs/syntax-code~stage-output-schema-relation-doc.build.json $.proofId
changed-by-correction runs/syntax-code~stage-output-schema-relation-doc.replay.json $.graphAdmission.digestLaw.annotatedFields
changed-by-correction runs/syntax-code~stage-output-schema-relation-doc.store.json {'status': 'different', 'runIdEqual': False, 'blobsAdded': 6, 'blobsRemoved': 6}
changed-by-correction runs/syntax-code~view-producer-not-selected.build.json $.builderExecutionInputFaults[len 4!=0]
changed-by-correction runs/syntax-code~view-producer-not-selected.replay.json $.faultsInStageOrder[len 6!=2]
changed-by-correction runs/syntax-code~view-producer-not-selected.store.json {'status': 'different', 'runIdEqual': False, 'blobsAdded': 6, 'blobsRemoved': 6}
changed-by-correction runs/syntax-data.build.json $.proofId
changed-by-correction runs/syntax-data.replay.fromscratch.json $.graphAdmission.digestLaw.annotatedFields
changed-by-correction runs/syntax-data.replay.json $.graphAdmission.digestLaw.annotatedFields
changed-by-correction runs/syntax-data.store.json {'status': 'different', 'runIdEqual': False, 'blobsAdded': 18, 'blobsRemoved': 18}
changed-by-correction runs/syntax-mixed-disclosed.build.json $.executionDeficiencies[0].inputRefs[0].digest
changed-by-correction runs/syntax-mixed-disclosed.replay.fromscratch.json $.graphAdmission.digestLaw.annotatedFields
changed-by-correction runs/syntax-mixed-disclosed.replay.json $.graphAdmission.digestLaw.annotatedFields
changed-by-correction runs/syntax-mixed-disclosed.store.json {'status': 'different', 'runIdEqual': False, 'blobsAdded': 15, 'blobsRemoved': 15}
changed-by-correction runs/syntax-mixed-falsecomplete.build.json $.proofId
changed-by-correction runs/syntax-mixed-falsecomplete.replay.fromscratch.json $.graphAdmission.digestLaw.annotatedFields
changed-by-correction runs/syntax-mixed-falsecomplete.replay.json $.graphAdmission.digestLaw.annotatedFields
changed-by-correction runs/syntax-mixed-falsecomplete.store.json {'status': 'different', 'runIdEqual': False, 'blobsAdded': 6, 'blobsRemoved': 6}
changed-by-correction runs/syntax-mixed-omitted.build.json $.proofId
changed-by-correction runs/syntax-mixed-omitted.replay.fromscratch.json $.graphAdmission.digestLaw.annotatedFields
changed-by-correction runs/syntax-mixed-omitted.replay.json $.graphAdmission.digestLaw.annotatedFields
changed-by-correction runs/syntax-mixed-omitted.store.json {'status': 'different', 'runIdEqual': False, 'blobsAdded': 15, 'blobsRemoved': 15}
changed-by-correction vectors/discovery-membership.json $.vectors[len 16!=29]

--- stderr ---

