== 1. frozen tree matches freeze-manifest.json (results/ excluded)
{"verified":1986,"problems":[],"problemCount":0}
== 2. archive custody: acquired archives vs lock integrity and materialized trees
typescript-6.0.3.tgz npmLock true pnpmLock true checker/node_modules/typescript:true baseline/subject-02-trial/node_modules/typescript:true inputs/pnpm-provision-05/node_modules/.pnpm/typescript@6.0.3/node_modules/typescript:true
enhanced-resolve-5.25.1.tgz npmLock true pnpmLock - checker/node_modules/enhanced-resolve:true baseline/subject-02-trial/node_modules/enhanced-resolve:true
graceful-fs-4.2.11.tgz npmLock true pnpmLock - checker/node_modules/graceful-fs:true baseline/subject-02-trial/node_modules/graceful-fs:true
tapable-2.3.3.tgz npmLock true pnpmLock - checker/node_modules/tapable:true baseline/subject-02-trial/node_modules/tapable:true
dependency-cruiser-18.3.1.tgz npmLock true pnpmLock - baseline/subject-02-trial/node_modules/dependency-cruiser:true
without archive: 39
== 3. reviewer probe module regenerates byte-identically from the copied review-02 script
{"source":"inputs/review-02/scripts/probes.mjs","sha256":"50389d3aa8f685c289885c64383bf974073644a1c07468447587f27aa6d819a7","placeholderPin":"recorded-in-output"}
== 4. case comparison: author02 matrix, review-02 probes, author-03 regressions; both candidates; Node oracles
author:P00-report                                                  new:correct                baseline:correct                
author:P00-provider                                                new:correct                baseline:correct                
author:P00-contracts                                               new:correct                baseline:correct                
author:P01-provider-only                                           new:correct                baseline:correct                
author:P02-report-only                                             new:correct                baseline:correct                
author:P03-jsdoc-own                                               new:correct                baseline:correct                
author:P04-self-reference                                          new:correct                baseline:correct                
author:P05-literal-template-import                                 new:correct                baseline:correct                
author:P06-loader-named-members                                    new:correct                baseline:correct                
author:N01-runtime-import                                          new:correct                baseline:correct                lane-escape,undeclared-external,unresolved
author:N02-type-only-import                                        new:correct                baseline:correct                lane-escape
author:N03-export-star                                             new:correct                baseline:correct                lane-escape,undeclared-external,unresolved
author:N04-export-type                                             new:correct                baseline:correct                lane-escape
author:N05-import-type-node                                        new:correct                baseline:correct                lane-escape,undeclared-external
author:N06-dynamic-import                                          new:correct                baseline:correct                lane-escape,undeclared-external,unresolved
author:N07-import-equals                                           new:correct                baseline:correct                lane-escape,unresolved
author:N08-require                                                 new:correct                baseline:correct                lane-escape
author:N09-require-resolve                                         new:correct                baseline:correct                lane-escape
author:N10-module-require                                          new:correct                baseline:correct                lane-escape
author:N11-reverse-direction                                       new:correct                baseline:correct                lane-escape,unresolved
author:N12-contracts-cross                                         new:correct                baseline:correct                undeclared-external,lane-escape
author:N13-paths-alias                                             new:correct                baseline:correct                lane-escape,undeclared-external,unresolved
author:N14-workspace-name                                          new:correct                baseline:correct                lane-escape,undeclared-external
author:N15-materialized-shadow                                     new:correct                baseline:correct                local-name-shadow
author:N16-undeclared-external                                     new:correct                baseline:correct                undeclared-external
author:N17-unexported-subpath                                      new:correct                baseline:correct                unresolved
author:N18-imports-outside-package                                 new:correct                baseline:correct                unresolved
author:N19-missing-module                                          new:correct                baseline:correct                unresolved
author:N20-missing-generated                                       new:correct                baseline:correct                unresolved
author:N21-undeclared-local-import                                 new:correct                baseline:correct                undeclared-local,config-include,unresolved
author:N22-undeclared-generated-type                               new:correct                baseline:correct                undeclared-local,config-include
author:N47-undeclared-local-outside-include                        new:correct                baseline:correct                undeclared-local,unresolved
author:N23-config-include-stray                                    new:correct                baseline:correct                undeclared-local,config-include
author:N24-browser-node-builtin                                    new:correct                baseline:correct                browser-node
author:N25-browser-node-types-directive                            new:correct                baseline:correct                browser-node,undeclared-external
author:N26-browser-getbuiltin-literal                              new:correct                baseline:correct                browser-node
author:N27-ambient-auto-types                                      new:correct                baseline:correct                ambient-types
author:N28-triple-slash-path                                       new:correct                baseline:correct                lane-escape
author:N29-jsdoc-import-tag-cross                                  new:correct                baseline:correct                lane-escape
author:N30-jsdoc-bracket-cross                                     new:correct                baseline:correct                lane-escape
author:N31-computed-import                                         new:correct                baseline:correct                unsupported-loader
author:N32-computed-require                                        new:correct                baseline:correct                unsupported-loader
author:N33-template-substitution                                   new:correct                baseline:correct                unsupported-loader
author:N34-require-alias                                           new:correct                baseline:correct                unsupported-loader
author:N35-create-require                                          new:correct                baseline:correct                unsupported-loader
author:N36-eval                                                    new:correct                baseline:correct                unsupported-loader
author:N37-new-function                                            new:correct                baseline:correct                unsupported-loader
author:N38-computed-member-loader                                  new:correct                baseline:correct                unsupported-loader
author:N39-computed-getbuiltin                                     new:correct                baseline:correct                unsupported-loader
author:N40-parse-failure                                           new:correct                baseline:correct                parse-failure
author:N41-source-symlink                                          new:correct                baseline:correct                input-path
author:N42-config-extends-other-lane                               new:correct                baseline:correct                config-owner
author:N43-runtime-browser-target-missing                          new:correct                baseline:correct                unresolved
author:N44-runtime-require-target-missing                          new:correct                baseline:correct                unresolved
author:N45-runtime-reenters-other-lane                             new:correct                baseline:correct                reentry
author:N46-types-reenter-declared-local                            new:correct                baseline:correct                reentry
author:R01-root-external-browser-node                              new:correct                baseline:correct                browser-node
author:R02-root-external-unresolved                                new:correct                baseline:correct                unresolved
author:R03-root-cjs-dynamic-import-condition                       new:correct                baseline:correct                unresolved
author:P07-cjs-dynamic-import-valid                                new:correct                baseline:correct                
author:P08-cjs-mixed-same-file-valid                               new:correct                baseline:correct                
author:N48-cjs-mixed-require-branch-missing                        new:correct                baseline:correct                unresolved
author:N49-cjs-mixed-import-branch-missing                         new:correct                baseline:correct                unresolved
author:P10-cts-static-import-uses-require                          new:correct                baseline:correct                
author:N51-cts-static-import-require-branch-missing                new:correct                baseline:correct                unresolved
author:N62-cts-static-and-dynamic-same-specifier                   new:correct                baseline:correct                
author:P09-external-cjs-dynamic-import-valid                       new:correct                baseline:correct                
author:N50-external-cjs-dynamic-import-branch-missing              new:correct                baseline:correct                unresolved
author:N52-browser-external-two-hops-node                          new:correct                baseline:correct                browser-node
author:P11-node-script-external-uses-node                          new:correct                baseline:correct                
author:P12-browser-external-type-only-node                         new:correct                baseline:correct                
author:P18-browser-type-only-import-of-node-package                new:correct                baseline:correct                
author:P19-browser-type-only-import-of-types-only-package          new:correct                baseline:correct                
author:N53-external-declaration-unresolved                         new:correct                baseline:correct                unresolved
author:P13-accepted-unresolved-external                            new:correct                baseline:correct                lane-record-invalid,unresolved
author:N54-unaccepted-unresolved-external                          new:correct                baseline:correct                unresolved
author:N55-stale-accepted-unresolved                               new:correct                baseline:correct                lane-record-invalid
author:N64-external-parse-failure                                  new:correct                baseline:correct                reentry,parse-failure
author:P14-pnpm-in-root-layout                                     new:correct                baseline:correct                
author:N56-pnpm-external-browser-node                              new:correct                baseline:correct                browser-node
author:N57-pnpm-external-reentry                                   new:correct                baseline:correct                reentry
author:P15-nested-own-node_modules                                 new:correct                baseline:correct                
author:N58-other-lane-nested-node_modules                          new:correct                baseline:correct                lane-escape,external-by-path
author:N59-store-outside-root                                      new:correct                baseline:correct                outside-root
author:N60-ambiguous-js-format                                     new:correct                baseline:correct                unsupported-module-format
author:P16-node-ignores-module-field                               new:correct                baseline:correct                
author:P17-node-legacy-main-fallback                               new:correct                baseline:correct                
author:N63-node-main-and-index-missing-module-present              new:correct                baseline:correct                unresolved
reviewer:RV-C00-report                                             new:correct                baseline:correct                
reviewer:RV-C00-provider                                           new:correct                baseline:correct                
reviewer:RV-C00-contracts                                          new:correct                baseline:correct                
reviewer:RV-P01-browser-wrong-condition-only-node                  new:correct                baseline:correct                
reviewer:RV-P02-cjs-wrong-condition-only-node                      new:correct                baseline:correct                
reviewer:RV-P03-jsdoc-import-types-only-package                    new:correct                baseline:correct                
reviewer:RV-P05-pnpm-alias-valid                                   new:correct                baseline:correct                
reviewer:RV-P06-node-module-sync-selected                          new:correct                baseline:false-refusal!ORACLE   
reviewer:RV-P07-cts-elided-static-plus-dynamic                     new:correct                baseline:false-refusal          
reviewer:RV-N01-relative-path-undeclared-external                  new:correct                baseline:missed                 external-by-path
reviewer:RV-N02-relative-path-bypasses-exports                     new:correct                baseline:missed                 external-by-path
reviewer:RV-N03-pnpm-alias-shadows-local-name                      new:correct                baseline:missed                 local-name-shadow
reviewer:RV-N04-pnpm-store-shadows-local-name                      new:correct                baseline:correct                local-name-shadow
reviewer:RV-N05-node-module-sync-missing                           new:correct                baseline:missed!ORACLE          unresolved
reviewer:RV-N06-esm-extensionless-relative                         new:correct                baseline:missed!ORACLE          unresolved
reviewer:RV-N07-cjs-require-mjs-extensionless                      new:correct                baseline:missed!ORACLE          unresolved
reviewer:RV-N08-cjs-require-ts-extensionless                       new:correct                baseline:missed!ORACLE          unresolved
reviewer:RV-N09-esm-directory-import                               new:correct                baseline:missed!ORACLE          unresolved
reviewer:RV-N10-elided-static-plus-dynamic-browser                 new:correct                baseline:missed                 browser-node
reviewer:RV-N11-worker-url-cross-lane                              new:correct                baseline:missed                 lane-escape,unresolved
reviewer:RV-N12-accepted-record-covers-other-request-kind          new:correct                baseline:missed                 lane-record-invalid,unresolved
reviewer:RV-N13-external-realpath-into-own-lane                    new:correct                baseline:correct                undeclared-local
reviewer:RV-N14-type-only-workspace-name-cross                     new:correct                baseline:correct                lane-escape,undeclared-external
reviewer:RV-N15-unresolved-require-resolve                         new:correct                baseline:correct                unresolved
reviewer:RV-N16-cts-import-equals-plus-dynamic-import-missing      new:correct                baseline:correct                unresolved
reviewer:RV-N17-esm-external-imports-require-only                  new:correct                baseline:correct                unresolved
reviewer:RV-N18-cjs-external-requires-import-only                  new:correct                baseline:correct                unresolved
reviewer:RV-N19-ts-esnext-emit-in-commonjs-scope                   new:correct                baseline:missed!ORACLE          unresolved
reviewer:RV-P08-type-only-import-runtime-unresolvable              new:correct                baseline:correct                
reviewer:RV-P09-untyped-js-esm-detection-import-condition          new:correct                baseline:false-refusal!ORACLE   
reviewer:RV-P10-browser-declaration-in-commonjs-scope-uses-import  new:correct                baseline:correct                
reviewer:RV-N20-accepted-record-does-not-cover-other-external      new:correct                baseline:correct                lane-record-invalid,unresolved
reviewer:RV-N21-accepted-record-cannot-silence-browser-node        new:correct                baseline:correct                lane-record-invalid,browser-node
reviewer:RV-N22-external-imports-shadowing-copy                    new:correct                baseline:correct                local-name-shadow
reviewer:RV-N23-provider-runtime-imports-devdependency             new:correct                baseline:missed                 runtime-dev-dependency
reviewer:RV-T01-lane-record-declares-browser-src-as-node           new:correct                baseline:correct                
reviewer:RV-F01-amd-request-in-declared-input                      new:correct                baseline:missed                 unsupported-module-format
reviewer:RV-F02-invalid-package-json-scope                         new:correct                baseline:correct                unsupported-module-format,unresolved
reviewer:RV-F03-external-cts-static-plus-dynamic                   new:correct                baseline:correct                unresolved
reviewer:RV-F04-own-lane-symlink-input                             new:correct                baseline:correct                input-path
reviewer:RV-F05-tsconfig-project-references                        new:correct                baseline:correct                config-invalid
reviewer:RV-F06-tsconfig-compiler-plugins                          new:correct                baseline:correct                config-invalid
reviewer:RV-F07-tsconfig-typeRoots                                 new:correct                baseline:correct                ambient-types
reviewer:RV-F08-ambient-types-undeclared                           new:correct                baseline:correct                ambient-types
reviewer:RV-F09-lane-platform-inconsistent                         new:correct                baseline:correct                
reviewer:RV-P11-typed-untyped-js-esm-detection                     new:correct                baseline:correct                
regression:A3-P01-provider-outdir-emitted-output                   new:correct                baseline:correct                
regression:A3-N01-emitted-relative-output-missing                  new:correct                baseline:correct                unresolved
regression:A3-P05-ts-nodenext-commonjs-scope                       new:correct                baseline:correct                
regression:A3-P02-node-require-esm-mjs                             new:correct                baseline:correct                
regression:A3-N02-hash-import-maps-to-external                     new:correct                baseline:wrong-reason           external-by-path
regression:A3-N03-browser-external-amd-define                      new:correct                baseline:missed                 unsupported-module-format
regression:A3-P03-node-external-umd-inert                          new:correct                baseline:correct                
regression:A3-N09-computed-loader-in-external                      new:correct                baseline:missed                 unsupported-loader
regression:A3-P04-trusted-loader-exact                             new:correct                baseline:-                      
regression:A3-N04-trusted-loader-wrong-sha                         new:correct                baseline:-                      unsupported-loader,lane-record-invalid
regression:A3-N05-trusted-loader-undeclared-target                 new:correct                baseline:-                      lane-record-invalid
regression:A3-N06-optional-unresolved-unguarded                    new:correct                baseline:-                      lane-record-invalid,unresolved
regression:A3-X01-package-not-typescript-inventory-package         new:correct                baseline:-                      
regression:A3-X02-unbound-flag-on-bound-package                    new:correct                baseline:-                      
regression:A3-X03-inventory-pin-tamper                             new:correct                baseline:-                      
regression:A3-N07-pnpm-lane-without-materialization-record         new:correct                baseline:-                      topology
regression:A3-N08-undeclared-unreached-source                      new:correct                baseline:missed                 undeclared-local
regression:A3-P06-browser-worker-url-own-output                    new:correct                baseline:correct                
regression:A3-N10-browser-worker-url-missing                       new:correct                baseline:missed                 unresolved
regression:A3-N11-npm-alias-targets-local-name                     new:correct                baseline:missed                 local-name-shadow
regression:A3-N12-optional-record-wrong-mode                       new:correct                baseline:-                      lane-record-invalid,unresolved
regression:A3-N13-external-request-realizes-local-package-directory new:correct                baseline:correct                local-name-shadow
regression:A3-N14-jsx-implicit-runtime-import-unmodelled           new:correct                baseline:missed                 inventory-ownership,compiler-unexplained-input
regression:A3-P07-provider-build-script-dev-dependency             new:correct                baseline:correct                
regression:ROOT04-N01-unbound-optional-unguarded                   new:correct                baseline:-                      unresolved,lane-record-invalid
regression:ROOT04-N02-unbound-optional-wrong-mode                  new:correct                baseline:-                      unresolved,lane-record-invalid
regression:ROOT04-P01-unbound-optional-guarded                     new:correct                baseline:-                      
regression:ROOT04-N03-unbound-stale-record                         new:correct                baseline:-                      lane-record-invalid
regression:ROOT04-N04-alias-identity-independent                   new:correct                baseline:-                      local-name-shadow
regression:ROOT04-N05-directory-identity-independent               new:correct                baseline:-                      local-name-shadow
{"summary":{"new":{"author":{"correct":88},"reviewer":{"correct":46},"regression":{"correct":30}},"baseline":{"author":{"correct":88},"reviewer":{"correct":29,"false-refusal":3,"missed":14},"regression":{"correct":8,"wrong-reason":1,"missed":6}}},"oracle":{"new":{"rows":29,"agree":29,"disagree":[]},"baseline":{"rows":29,"agree":21,"disagree":["reviewer:RV-P06-node-module-sync-selected","reviewer:RV-N05-node-module-sync-missing","reviewer:RV-N06-esm-extensionless-relative","reviewer:RV-N07-cjs-require-mjs-extensionless","reviewer:RV-N08-cjs-require-ts-extensionless","reviewer:RV-N09-esm-directory-import","reviewer:RV-N19-ts-esnext-emit-in-commonjs-scope","reviewer:RV-P09-untyped-js-esm-detection-import-condition"]}}}
== 5. checker test suite (all cases + real CLI invocations)
▶ author, reviewer and regression cases
  ✔ author:P00-report (0.282333ms)
  ✔ author:P00-provider (0.0445ms)
  ✔ author:P00-contracts (0.034333ms)
  ✔ author:P01-provider-only (0.031458ms)
  ✔ author:P02-report-only (0.030708ms)
  ✔ author:P03-jsdoc-own (0.032167ms)
  ✔ author:P04-self-reference (0.024416ms)
  ✔ author:P05-literal-template-import (0.02575ms)
  ✔ author:P06-loader-named-members (0.043125ms)
  ✔ author:N01-runtime-import (0.053ms)
  ✔ author:N02-type-only-import (0.032417ms)
  ✔ author:N03-export-star (0.03ms)
  ✔ author:N04-export-type (0.017ms)
  ✔ author:N05-import-type-node (0.016333ms)
  ✔ author:N06-dynamic-import (0.021417ms)
  ✔ author:N07-import-equals (0.016416ms)
  ✔ author:N08-require (0.016542ms)
  ✔ author:N09-require-resolve (0.029625ms)
  ✔ author:N10-module-require (0.023834ms)
  ✔ author:N11-reverse-direction (0.029166ms)
  ✔ author:N12-contracts-cross (0.019834ms)
  ✔ author:N13-paths-alias (0.019416ms)
  ✔ author:N14-workspace-name (0.019083ms)
  ✔ author:N15-materialized-shadow (0.014875ms)
  ✔ author:N16-undeclared-external (0.026875ms)
  ✔ author:N17-unexported-subpath (0.01225ms)
  ✔ author:N18-imports-outside-package (0.011208ms)
  ✔ author:N19-missing-module (0.012ms)
  ✔ author:N20-missing-generated (0.01175ms)
  ✔ author:N21-undeclared-local-import (0.01425ms)
  ✔ author:N22-undeclared-generated-type (0.014541ms)
  ✔ author:N47-undeclared-local-outside-include (0.012417ms)
  ✔ author:N23-config-include-stray (0.012292ms)
  ✔ author:N24-browser-node-builtin (0.011833ms)
  ✔ author:N25-browser-node-types-directive (0.011166ms)
  ✔ author:N26-browser-getbuiltin-literal (0.01275ms)
  ✔ author:N27-ambient-auto-types (0.013875ms)
  ✔ author:N28-triple-slash-path (0.025083ms)
  ✔ author:N29-jsdoc-import-tag-cross (0.019917ms)
  ✔ author:N30-jsdoc-bracket-cross (0.011917ms)
  ✔ author:N31-computed-import (0.011875ms)
  ✔ author:N32-computed-require (0.011708ms)
  ✔ author:N33-template-substitution (0.012292ms)
  ✔ author:N34-require-alias (0.012792ms)
  ✔ author:N35-create-require (0.011958ms)
  ✔ author:N36-eval (0.010542ms)
  ✔ author:N37-new-function (0.011417ms)
  ✔ author:N38-computed-member-loader (0.012084ms)
  ✔ author:N39-computed-getbuiltin (0.011667ms)
  ✔ author:N40-parse-failure (0.01625ms)
  ✔ author:N41-source-symlink (0.025125ms)
  ✔ author:N42-config-extends-other-lane (0.011625ms)
  ✔ author:N43-runtime-browser-target-missing (0.0105ms)
  ✔ author:N44-runtime-require-target-missing (0.01575ms)
  ✔ author:N45-runtime-reenters-other-lane (0.014166ms)
  ✔ author:N46-types-reenter-declared-local (0.25375ms)
  ✔ author:R01-root-external-browser-node (0.020708ms)
  ✔ author:R02-root-external-unresolved (0.014083ms)
  ✔ author:R03-root-cjs-dynamic-import-condition (0.013166ms)
  ✔ author:P07-cjs-dynamic-import-valid (0.013334ms)
  ✔ author:P08-cjs-mixed-same-file-valid (0.01125ms)
  ✔ author:N48-cjs-mixed-require-branch-missing (0.024042ms)
  ✔ author:N49-cjs-mixed-import-branch-missing (0.0125ms)
  ✔ author:P10-cts-static-import-uses-require (0.011ms)
  ✔ author:N51-cts-static-import-require-branch-missing (0.011667ms)
  ✔ author:N62-cts-static-and-dynamic-same-specifier (0.016792ms)
  ✔ author:P09-external-cjs-dynamic-import-valid (0.011917ms)
  ✔ author:N50-external-cjs-dynamic-import-branch-missing (0.015583ms)
  ✔ author:N52-browser-external-two-hops-node (0.013167ms)
  ✔ author:P11-node-script-external-uses-node (0.010125ms)
  ✔ author:P12-browser-external-type-only-node (0.015916ms)
  ✔ author:P18-browser-type-only-import-of-node-package (0.016916ms)
  ✔ author:P19-browser-type-only-import-of-types-only-package (0.009958ms)
  ✔ author:N53-external-declaration-unresolved (0.011041ms)
  ✔ author:P13-accepted-unresolved-external (0.012375ms)
  ✔ author:N54-unaccepted-unresolved-external (0.011917ms)
  ✔ author:N55-stale-accepted-unresolved (0.010458ms)
  ✔ author:N64-external-parse-failure (0.010209ms)
  ✔ author:P14-pnpm-in-root-layout (0.009333ms)
  ✔ author:N56-pnpm-external-browser-node (0.010041ms)
  ✔ author:N57-pnpm-external-reentry (0.011ms)
  ✔ author:P15-nested-own-node_modules (0.010667ms)
  ✔ author:N58-other-lane-nested-node_modules (0.011708ms)
  ✔ author:N59-store-outside-root (0.010584ms)
  ✔ author:N60-ambiguous-js-format (0.010583ms)
  ✔ author:P16-node-ignores-module-field (0.012292ms)
  ✔ author:P17-node-legacy-main-fallback (0.011125ms)
  ✔ author:N63-node-main-and-index-missing-module-present (0.01125ms)
  ✔ reviewer:RV-C00-report (0.01075ms)
  ✔ reviewer:RV-C00-provider (0.009667ms)
  ✔ reviewer:RV-C00-contracts (0.010292ms)
  ✔ reviewer:RV-P01-browser-wrong-condition-only-node (0.010167ms)
  ✔ reviewer:RV-P02-cjs-wrong-condition-only-node (0.0105ms)
  ✔ reviewer:RV-P03-jsdoc-import-types-only-package (0.010084ms)
  ✔ reviewer:RV-P05-pnpm-alias-valid (0.010084ms)
  ✔ reviewer:RV-P06-node-module-sync-selected (0.010584ms)
  ✔ reviewer:RV-P07-cts-elided-static-plus-dynamic (0.010166ms)
  ✔ reviewer:RV-N01-relative-path-undeclared-external (0.011167ms)
  ✔ reviewer:RV-N02-relative-path-bypasses-exports (0.012ms)
  ✔ reviewer:RV-N03-pnpm-alias-shadows-local-name (0.011375ms)
  ✔ reviewer:RV-N04-pnpm-store-shadows-local-name (0.010583ms)
  ✔ reviewer:RV-N05-node-module-sync-missing (0.029708ms)
  ✔ reviewer:RV-N06-esm-extensionless-relative (0.010458ms)
  ✔ reviewer:RV-N07-cjs-require-mjs-extensionless (0.011667ms)
  ✔ reviewer:RV-N08-cjs-require-ts-extensionless (0.030083ms)
  ✔ reviewer:RV-N09-esm-directory-import (0.037958ms)
  ✔ reviewer:RV-N10-elided-static-plus-dynamic-browser (0.018ms)
  ✔ reviewer:RV-N11-worker-url-cross-lane (0.014542ms)
  ✔ reviewer:RV-N12-accepted-record-covers-other-request-kind (0.013084ms)
  ✔ reviewer:RV-N13-external-realpath-into-own-lane (0.011875ms)
  ✔ reviewer:RV-N14-type-only-workspace-name-cross (0.01175ms)
  ✔ reviewer:RV-N15-unresolved-require-resolve (0.011083ms)
  ✔ reviewer:RV-N16-cts-import-equals-plus-dynamic-import-missing (0.009709ms)
  ✔ reviewer:RV-N17-esm-external-imports-require-only (0.011292ms)
  ✔ reviewer:RV-N18-cjs-external-requires-import-only (0.010166ms)
  ✔ reviewer:RV-N19-ts-esnext-emit-in-commonjs-scope (0.011166ms)
  ✔ reviewer:RV-P08-type-only-import-runtime-unresolvable (0.011209ms)
  ✔ reviewer:RV-P09-untyped-js-esm-detection-import-condition (0.010833ms)
  ✔ reviewer:RV-P10-browser-declaration-in-commonjs-scope-uses-import (0.009166ms)
  ✔ reviewer:RV-N20-accepted-record-does-not-cover-other-external (0.011208ms)
  ✔ reviewer:RV-N21-accepted-record-cannot-silence-browser-node (0.01ms)
  ✔ reviewer:RV-N22-external-imports-shadowing-copy (0.032167ms)
  ✔ reviewer:RV-N23-provider-runtime-imports-devdependency (0.017041ms)
  ✔ reviewer:RV-T01-lane-record-declares-browser-src-as-node (0.01525ms)
  ✔ reviewer:RV-F01-amd-request-in-declared-input (0.0125ms)
  ✔ reviewer:RV-F02-invalid-package-json-scope (0.01675ms)
  ✔ reviewer:RV-F03-external-cts-static-plus-dynamic (0.011375ms)
  ✔ reviewer:RV-F04-own-lane-symlink-input (0.011125ms)
  ✔ reviewer:RV-F05-tsconfig-project-references (0.009708ms)
  ✔ reviewer:RV-F06-tsconfig-compiler-plugins (0.009334ms)
  ✔ reviewer:RV-F07-tsconfig-typeRoots (0.009125ms)
  ✔ reviewer:RV-F08-ambient-types-undeclared (0.009375ms)
  ✔ reviewer:RV-F09-lane-platform-inconsistent (0.009583ms)
  ✔ reviewer:RV-P11-typed-untyped-js-esm-detection (0.009625ms)
  ✔ regression:A3-P01-provider-outdir-emitted-output (0.008625ms)
  ✔ regression:A3-N01-emitted-relative-output-missing (0.009583ms)
  ✔ regression:A3-P05-ts-nodenext-commonjs-scope (0.009708ms)
  ✔ regression:A3-P02-node-require-esm-mjs (0.009083ms)
  ✔ regression:A3-N02-hash-import-maps-to-external (0.010292ms)
  ✔ regression:A3-N03-browser-external-amd-define (0.00925ms)
  ✔ regression:A3-P03-node-external-umd-inert (0.00925ms)
  ✔ regression:A3-N09-computed-loader-in-external (0.010083ms)
  ✔ regression:A3-P04-trusted-loader-exact (0.009375ms)
  ✔ regression:A3-N04-trusted-loader-wrong-sha (0.011667ms)
  ✔ regression:A3-N05-trusted-loader-undeclared-target (0.014959ms)
  ✔ regression:A3-N06-optional-unresolved-unguarded (0.016834ms)
  ✔ regression:A3-X01-package-not-typescript-inventory-package (0.009834ms)
  ✔ regression:A3-X02-unbound-flag-on-bound-package (0.008833ms)
  ✔ regression:A3-X03-inventory-pin-tamper (0.009083ms)
  ✔ regression:A3-N07-pnpm-lane-without-materialization-record (0.009084ms)
  ✔ regression:A3-N08-undeclared-unreached-source (0.009084ms)
  ✔ regression:A3-P06-browser-worker-url-own-output (0.008833ms)
  ✔ regression:A3-N10-browser-worker-url-missing (0.009125ms)
  ✔ regression:A3-N11-npm-alias-targets-local-name (0.010125ms)
  ✔ regression:A3-N12-optional-record-wrong-mode (0.009291ms)
  ✔ regression:A3-N13-external-request-realizes-local-package-directory (0.009625ms)
  ✔ regression:A3-N14-jsx-implicit-runtime-import-unmodelled (0.009458ms)
  ✔ regression:A3-P07-provider-build-script-dev-dependency (0.00875ms)
  ✔ regression:ROOT04-N01-unbound-optional-unguarded (0.00925ms)
  ✔ regression:ROOT04-N02-unbound-optional-wrong-mode (0.009083ms)
  ✔ regression:ROOT04-P01-unbound-optional-guarded (0.00975ms)
  ✔ regression:ROOT04-N03-unbound-stale-record (0.009042ms)
  ✔ regression:ROOT04-N04-alias-identity-independent (0.009292ms)
  ✔ regression:ROOT04-N05-directory-identity-independent (0.01675ms)
✔ author, reviewer and regression cases (46510.837958ms)
✔ real CLI invocations: realpath, /tmp alias and .bin symlink exit codes (5575.489792ms)
▶ actual review03 counterexamples and positive controls
  ✔ RV3-C00-report (0.270208ms)
  ✔ RV3-C00-provider (0.047625ms)
  ✔ RV3-C00-contracts (0.039334ms)
  ✔ RV3-R2-browser-elided-static-plus-import (0.033416ms)
  ✔ RV3-R3a-amd-define-cross-lane-cjs (0.031167ms)
  ✔ RV3-R3b-amd-require-array-cross-lane-ts (0.033708ms)
  ✔ RV3-R4a-module-sync-require-missing (0.027916ms)
  ✔ RV3-R4b-module-sync-require-selected (0.028958ms)
  ✔ RV3-R4c-module-sync-import-mode-missing (0.043042ms)
  ✔ RV3-R4d-esm-extensionless (0.054333ms)
  ✔ RV3-R4e-require-mjs-extensionless (0.03625ms)
  ✔ RV3-R4f-esm-directory-import (0.026667ms)
  ✔ RV3-R5a-relative-node_modules-undeclared (0.020708ms)
  ✔ RV3-R5b-bare-dotdot-traversal-undeclared (0.025ms)
  ✔ RV3-R5c-bare-dotdot-traversal-browser (0.066667ms)
  ✔ RV3-R6a-pnpm-alias-shadow (0.035333ms)
  ✔ RV3-R6b-versionless-scoped-alias-to-local (0.021167ms)
  ✔ ROOT04-R6d-versionless-alias-with-external-manifest (0.016875ms)
  ✔ RV3-R6c-realized-manifest-name-local (0.025792ms)
  ✔ RV3-R7a-esnext-emit-commonjs-scope (0.031792ms)
  ✔ RV3-R7b-preserve-emit-commonjs-scope (0.016083ms)
  ✔ RV3-R7c-commonjs-emit-in-module-scope (0.023667ms)
  ✔ RV3-X01-unbound-lane-inside-bound-package (0.016833ms)
  ✔ RV3-X02-caller-exempts-dependency-loader-bound-provider (0.01425ms)
  ✔ RV3-X03-caller-exempts-dependency-loader-bound-browser (0.016625ms)
  ✔ RV3-X04-tsconfig-extends-other-lane-node_modules (0.016125ms)
  ✔ RV3-X05-outdir-into-other-lane (0.01775ms)
  ✔ RV3-X06a-no-execution-node (0.012541ms)
  ✔ RV3-X06b-no-execution-browser (0.017709ms)
  ✔ RV3-X07-bound-input-without-inventory-row (0.011584ms)
  ✔ RV3-X08-type-only-paths-bypass-exports (0.011042ms)
  ✔ RV3-X09-provider-runtime-compiler-as-devdependency (0.02ms)
  ✔ RV3-X10-browser-umd-dependency (0.010833ms)
✔ actual review03 counterexamples and positive controls (10025.705292ms)
ℹ tests 200
ℹ suites 0
ℹ pass 200
ℹ fail 0
ℹ cancelled 0
ℹ skipped 0
ℹ todo 0
ℹ duration_ms 52127.989167
== 6. real CLI invocations: realpath, /tmp alias, .bin symlink
ok   node-realpath                accepting-lane   exit=0 passed=true
ok   node-realpath                refusing-lane    exit=1 passed=false
ok   node-realpath                no-arguments     exit=2 passed=-
ok   node-realpath                duplicate-flag   exit=2 passed=-
ok   node-tmp-alias               accepting-lane   exit=0 passed=true
ok   node-tmp-alias               refusing-lane    exit=1 passed=false
ok   node-tmp-alias               no-arguments     exit=2 passed=-
ok   node-tmp-alias               duplicate-flag   exit=2 passed=-
ok   bin-symlink-exec             accepting-lane   exit=0 passed=true
ok   bin-symlink-exec             refusing-lane    exit=1 passed=false
ok   bin-symlink-exec             no-arguments     exit=2 passed=-
ok   bin-symlink-exec             duplicate-flag   exit=2 passed=-
ok   bin-symlink-exec-tmp-alias   accepting-lane   exit=0 passed=true
ok   bin-symlink-exec-tmp-alias   refusing-lane    exit=1 passed=false
ok   bin-symlink-exec-tmp-alias   no-arguments     exit=2 passed=-
ok   bin-symlink-exec-tmp-alias   duplicate-flag   exit=2 passed=-
ok   node-flag-tmp-alias          accepting-lane   exit=0 passed=true
ok   node-flag-tmp-alias          refusing-lane    exit=1 passed=false
ok   node-flag-tmp-alias          no-arguments     exit=2 passed=-
ok   node-flag-tmp-alias          duplicate-flag   exit=2 passed=-
ok   node-flag-bin-symlink        accepting-lane   exit=0 passed=true
ok   node-flag-bin-symlink        refusing-lane    exit=1 passed=false
ok   node-flag-bin-symlink        no-arguments     exit=2 passed=-
ok   node-flag-bin-symlink        duplicate-flag   exit=2 passed=-
== 7. real lanes: staged tools/contracts with pnpm materialization; provider/report missing-lane fixtures; baseline
contracts            exit=0 passed=true wall=1.3s rss=719MiB refusals=0 
provider             exit=0 passed=true wall=0.29s rss=230MiB refusals=0 
report               exit=0 passed=true wall=0.43s rss=288MiB refusals=0 
contracts-baseline   exit=1 passed=false wall=2.06s rss=992MiB refusals=2 unresolved: | unsupported-loader:tools/contracts/validate-schemas.cjs:13 require used as a value or wit
== 8. mutants: each must fail the test suite
== R1-cli-argv-self-detection: 1 failing (59s) real CLI invocations: realpath, /tmp alias and .bin symlink exit codes
== R4-import-resolve-no-file-check: 46 failing (60s) author:P00-provider | author:P01-provider-only | author:P04-self-reference | author:N07-import-equals | author:N08-require | author:N09-require-resolve
== R2-runtime-from-authored-source: 16 failing (60s) author:P00-provider | author:P01-provider-only | author:P04-self-reference | author:P10-cts-static-import-uses-require | author:N51-cts-static-import-require-branch-missing | author:N62-cts-static-and-dynamic-same-specifier
== R3-amd-unsupported-ignored: 2 failing (60s) reviewer:RV-F01-amd-request-in-declared-input | regression:A3-N03-browser-external-amd-define
== R4-require-mode-as-import: 9 failing (60s) author:N44-runtime-require-target-missing | author:N48-cjs-mixed-require-branch-missing | author:P10-cts-static-import-uses-require | author:N51-cts-static-import-require-branch-missing | reviewer:RV-P02-cjs-wrong-condition-only-node | reviewer:RV-N18-cjs-external-requires-import-only
== R5-external-by-path-allowed: 3 failing (60s) reviewer:RV-N01-relative-path-undeclared-external | reviewer:RV-N02-relative-path-bypasses-exports | regression:A3-N02-hash-import-maps-to-external
== R6-npm-alias-unchecked: 1 failing (60s) regression:ROOT04-N04-alias-identity-independent
== R7-emit-ignores-module-setting: 36 failing (60s) author:P00-report | author:P00-provider | author:P01-provider-only | author:P02-report-only | author:P03-jsdoc-own | author:P04-self-reference
== root-unresolved-own-sources-only: 13 failing (60s) author:R02-root-external-unresolved | author:N50-external-cjs-dynamic-import-branch-missing | author:N53-external-declaration-unresolved | author:N54-unaccepted-unresolved-external | reviewer:RV-N06-esm-extensionless-relative | reviewer:RV-N07-cjs-require-mjs-extensionless
== root-browser-node-roots-only: 4 failing (60s) author:R01-root-external-browser-node | author:N52-browser-external-two-hops-node | author:N56-pnpm-external-browser-node | reviewer:RV-N10-elided-static-plus-dynamic-browser
== root-nested-materialization-as-escape: 1 failing (60s) author:P15-nested-own-node_modules
== root-pnpm-topology-unchecked: 1 failing (60s) regression:A3-N07-pnpm-lane-without-materialization-record
== A6-caller-platform-override-accepted: 2 failing (61s) reviewer:RV-T01-lane-record-declares-browser-src-as-node | reviewer:RV-F09-lane-platform-inconsistent
== census-package-sources-unchecked: 1 failing (60s) regression:A3-N08-undeclared-unreached-source
== inventory-pin-bytes-unchecked: 1 failing (61s) regression:A3-X03-inventory-pin-tamper
== trusted-ignores-sha256: 1 failing (61s) regression:A3-N04-trusted-loader-wrong-sha
== trusted-optional-ignores-guard: 1 failing (61s) regression:ROOT04-N01-unbound-optional-unguarded
== trusted-optional-ignores-mode: 1 failing (60s) regression:ROOT04-N02-unbound-optional-wrong-mode
== trusted-loader-targets-undeclared: 1 failing (60s) regression:A3-N05-trusted-loader-undeclared-target
== trusted-stale-records-allowed: 1 failing (61s) regression:ROOT04-N03-unbound-stale-record
== build-unresolved-never-refused: 2 failing (60s) author:N20-missing-generated | author:N53-external-declaration-unresolved
== build-unresolved-unchecked-js-refused: 1 failing (60s) reviewer:RV-P06-node-module-sync-selected
== emitted-output-mapping-disabled: 33 failing (60s) author:P00-report | author:P00-provider | author:P01-provider-only | author:P02-report-only | author:P03-jsdoc-own | author:P04-self-reference
== runtime-dev-dependency-allowed: 1 failing (60s) reviewer:RV-N23-provider-runtime-imports-devdependency
== reentry-unchecked: 3 failing (62s) author:N45-runtime-reenters-other-lane | author:N46-types-reenter-declared-local | author:N57-pnpm-external-reentry
== shadow-directory-unchecked: 1 failing (62s) regression:ROOT04-N05-directory-identity-independent
== node_modules-typescript-runtime-allowed: 1 failing (62s) reviewer:RV-F03-external-cts-static-plus-dynamic
== ambiguous-js-format-allowed: 1 failing (62s) author:N60-ambiguous-js-format
== compiler-unexplained-input-unchecked: 1 failing (62s) regression:A3-N14-jsx-implicit-runtime-import-unmodelled
== external-loaders-ignored: 1 failing (62s) regression:A3-N09-computed-loader-in-external
== external-parse-failure-ignored: 1 failing (62s) author:N64-external-parse-failure
== lane-escape-candidate-path-ignored: 1 failing (62s) reviewer:RV-N11-worker-url-cross-lane
{"mutants":32,"killed":32,"survived":[]}
== 9. adopted review03 mutation controls
bare-traversal: caught
versionless-scoped-alias: caught
realized-local-name: caught
unbound-overlap: caught
caller-exceptions-authorized: caught
other-lane-config: caught
other-lane-output: caught
inventory-owner: caught
type-export-bypass: caught
runtime-dev-policy: caught
harmless-umd-rejected: caught
== 10. manifest package-summary and runtime-pin controls
{"checks":8,"passed":true,"scratch":"/private/tmp/opensip-implementation/m1-grok-typescript-boundary-review-04/review/copy/work/manifest-controls-Ek7ySr"}
