Recreating /private/tmp/opensip-implementation/m1-lane-trial-01/isolated-report/node_modules
✓ Lockfile passes supply-chain policies (verified 673ms ago)
Lockfile is up to date, resolution step is skipped
Progress: resolved 1, reused 0, downloaded 0, added 0
Packages: +2
++
Progress: resolved 2, reused 2, downloaded 0, added 2, done

devDependencies:
+ typescript 7.0.2

[ELIFECYCLE] Command failed with exit code 86.
[ERROR] Command failed with exit code 86: /Users/sb/.nvm/versions/node/v24.16.0/bin/node /Users/sb/.cache/node/corepack/v1/pnpm/11.10.0/bin/pnpm.mjs install

pnpm: Command failed with exit code 86: /Users/sb/.nvm/versions/node/v24.16.0/bin/node /Users/sb/.cache/node/corepack/v1/pnpm/11.10.0/bin/pnpm.mjs install
    at getFinalError (file:///Users/sb/.cache/node/corepack/v1/pnpm/11.10.0/dist/pnpm.mjs:36339:14)
    at makeError (file:///Users/sb/.cache/node/corepack/v1/pnpm/11.10.0/dist/pnpm.mjs:38646:21)
    at getSyncResult (file:///Users/sb/.cache/node/corepack/v1/pnpm/11.10.0/dist/pnpm.mjs:40490:10)
    at spawnSubprocessSync (file:///Users/sb/.cache/node/corepack/v1/pnpm/11.10.0/dist/pnpm.mjs:40450:14)
    at execaCoreSync (file:///Users/sb/.cache/node/corepack/v1/pnpm/11.10.0/dist/pnpm.mjs:40380:23)
    at callBoundExeca (file:///Users/sb/.cache/node/corepack/v1/pnpm/11.10.0/dist/pnpm.mjs:42908:23)
    at boundExeca (file:///Users/sb/.cache/node/corepack/v1/pnpm/11.10.0/dist/pnpm.mjs:42885:49)
    at sync (file:///Users/sb/.cache/node/corepack/v1/pnpm/11.10.0/dist/pnpm.mjs:43044:10)
    at runPnpmCli (file:///Users/sb/.cache/node/corepack/v1/pnpm/11.10.0/dist/pnpm.mjs:247663:5)
    at runDepsStatusCheck (file:///Users/sb/.cache/node/corepack/v1/pnpm/11.10.0/dist/pnpm.mjs:249406:7)
