$ /tmp/opensip-architecture-review-env/bin/python -I -B tools/phase4_tables.py
exit 1
--- stdout ---

--- stderr ---
Traceback (most recent call last):
  File "/private/tmp/opensip-design-corrections/consumer-b.v24-source41.v1/output/tools/phase4_tables.py", line 248, in <module>
    sys.exit(main())
             ^^^^^^
  File "/private/tmp/opensip-design-corrections/consumer-b.v24-source41.v1/output/tools/phase4_tables.py", line 236, in main
    doc = {"tables": tables(), "countClassAttemptVectors": rc_vectors(), "cellOutcomeVectors": outcome_vectors()}
                                                                                               ^^^^^^^^^^^^^^^^^
  File "/private/tmp/opensip-design-corrections/consumer-b.v24-source41.v1/output/tools/phase4_tables.py", line 197, in outcome_vectors
    o, accs, rows, f = mk("imports", "syntax-only", avail, {"symbol": inv("symbol")}, True)
                       ^^^^^^^^^^^^^^^^^^^^^^^^^^^^^^^^^^^^^^^^^^^^^^^^^^^^^^^^^^^^^^^^^^^^
  File "/private/tmp/opensip-design-corrections/consumer-b.v24-source41.v1/output/tools/phase4_tables.py", line 171, in mk
    o, accs, rows, _ = XI.derive_outcome(0, cell, binding, obs, ctx, faults)
                       ^^^^^^^^^^^^^^^^^^^^^^^^^^^^^^^^^^^^^^^^^^^^^^^^^^^^^
  File "/private/tmp/opensip-design-corrections/consumer-b.v24-source41.v1/output/ref/execinputs.py", line 170, in derive_outcome
    returned = attributed_views(cell, b, ctx)
               ^^^^^^^^^^^^^^^^^^^^^^^^^^^^^^
  File "/private/tmp/opensip-design-corrections/consumer-b.v24-source41.v1/output/ref/execinputs.py", line 134, in attributed_views
    for vid in ctx["candidate_views"]:
               ~~~^^^^^^^^^^^^^^^^^^^
KeyError: 'candidate_views'

