✔ /private/tmp/opensip-boundary-tests-f880SP/checker/test/amd-loaders.test.mjs (27.584833ms)
✖ real CLI invocations: realpath, /tmp alias and .bin symlink exit codes (3554.088292ms)
✔ /private/tmp/opensip-boundary-tests-f880SP/checker/test/browser-resolution.test.mjs (27.510167ms)
✔ /private/tmp/opensip-boundary-tests-f880SP/checker/test/generated-outputs.test.mjs (123.21825ms)
✔ /private/tmp/opensip-boundary-tests-f880SP/checker/test/loader-regressions.test.mjs (26.689667ms)
✔ /private/tmp/opensip-boundary-tests-f880SP/checker/test/tool-policy.test.mjs (123.000667ms)
ℹ tests 6
ℹ suites 0
ℹ pass 5
ℹ fail 1
ℹ cancelled 0
ℹ skipped 0
ℹ todo 0
ℹ duration_ms 3913.96125

✖ failing tests:

test at checker/test/boundary.test.mjs:33:1
✖ real CLI invocations: realpath, /tmp alias and .bin symlink exit codes (3554.088292ms)
  AssertionError [ERR_ASSERTION]: ok   node-realpath                accepting-lane   exit=0 passed=true spawn=-
  ok   node-realpath                refusing-lane    exit=1 passed=false spawn=-
  ok   node-realpath                no-arguments     exit=2 passed=- spawn=-
  ok   node-realpath                duplicate-flag   exit=2 passed=- spawn=-
  ok   node-tmp-alias               accepting-lane   exit=0 passed=true spawn=-
  ok   node-tmp-alias               refusing-lane    exit=1 passed=false spawn=-
  ok   node-tmp-alias               no-arguments     exit=2 passed=- spawn=-
  ok   node-tmp-alias               duplicate-flag   exit=2 passed=- spawn=-
  FAIL bin-symlink-exec             accepting-lane   exit=null passed=- spawn=EACCES
  FAIL bin-symlink-exec             refusing-lane    exit=null passed=- spawn=EACCES
  FAIL bin-symlink-exec             no-arguments     exit=null passed=- spawn=EACCES
  FAIL bin-symlink-exec             duplicate-flag   exit=null passed=- spawn=EACCES
  FAIL bin-symlink-exec-tmp-alias   accepting-lane   exit=null passed=- spawn=EACCES
  FAIL bin-symlink-exec-tmp-alias   refusing-lane    exit=null passed=- spawn=EACCES
  FAIL bin-symlink-exec-tmp-alias   no-arguments     exit=null passed=- spawn=EACCES
  FAIL bin-symlink-exec-tmp-alias   duplicate-flag   exit=null passed=- spawn=EACCES
  ok   node-flag-tmp-alias          accepting-lane   exit=0 passed=true spawn=-
  ok   node-flag-tmp-alias          refusing-lane    exit=1 passed=false spawn=-
  ok   node-flag-tmp-alias          no-arguments     exit=2 passed=- spawn=-
  ok   node-flag-tmp-alias          duplicate-flag   exit=2 passed=- spawn=-
  ok   node-flag-bin-symlink        accepting-lane   exit=0 passed=true spawn=-
  ok   node-flag-bin-symlink        refusing-lane    exit=1 passed=false spawn=-
  ok   node-flag-bin-symlink        no-arguments     exit=2 passed=- spawn=-
  ok   node-flag-bin-symlink        duplicate-flag   exit=2 passed=- spawn=-
  
  
  1 !== 0
  
      at TestContext.<anonymous> (file:///private/tmp/opensip-boundary-tests-f880SP/checker/test/boundary.test.mjs:35:10)
      at Test.runInAsyncScope (node:async_hooks:227:14)
      at Test.run (node:internal/test_runner/test:1306:25)
      at Test.start (node:internal/test_runner/test:1177:17)
      at startSubtestAfterBootstrap (node:internal/test_runner/harness:385:17) {
    generatedMessage: false,
    code: 'ERR_ASSERTION',
    actual: 1,
    expected: 0,
    operator: 'strictEqual',
    diff: 'simple'
  }
