✔ AMD implicit loader refusal and explicit local-array acceptance (3324.913542ms)
▶ author, reviewer and regression cases
  ✔ author:P00-report (0.304917ms)
  ✔ author:P00-provider (0.04375ms)
  ✔ author:P00-contracts (0.032292ms)
  ✔ author:P01-provider-only (0.030833ms)
  ✔ author:P02-report-only (0.03475ms)
  ✔ author:P03-jsdoc-own (0.031ms)
  ✔ author:P04-self-reference (0.024459ms)
  ✔ author:P05-literal-template-import (0.028792ms)
  ✔ author:P06-loader-named-members (0.040333ms)
  ✔ author:N01-runtime-import (0.055ms)
  ✔ author:N02-type-only-import (0.040208ms)
  ✔ author:N03-export-star (0.035792ms)
  ✔ author:N04-export-type (0.017916ms)
  ✔ author:N05-import-type-node (0.017042ms)
  ✔ author:N06-dynamic-import (0.025667ms)
  ✔ author:N07-import-equals (0.017333ms)
  ✔ author:N08-require (0.291541ms)
  ✔ author:N09-require-resolve (0.030416ms)
  ✔ author:N10-module-require (0.020208ms)
  ✔ author:N11-reverse-direction (0.042209ms)
  ✔ author:N12-contracts-cross (0.020291ms)
  ✔ author:N13-paths-alias (0.017208ms)
  ✔ author:N14-workspace-name (0.019708ms)
  ✔ author:N15-materialized-shadow (0.024167ms)
  ✔ author:N16-undeclared-external (0.019333ms)
  ✔ author:N17-unexported-subpath (0.015209ms)
  ✔ author:N18-imports-outside-package (0.015333ms)
  ✔ author:N19-missing-module (0.011292ms)
  ✔ author:N20-missing-generated (0.011458ms)
  ✔ author:N21-undeclared-local-import (0.012208ms)
  ✔ author:N22-undeclared-generated-type (0.011417ms)
  ✔ author:N47-undeclared-local-outside-include (0.012291ms)
  ✔ author:N23-config-include-stray (0.014ms)
  ✔ author:N24-browser-node-builtin (0.01625ms)
  ✔ author:N25-browser-node-types-directive (0.01125ms)
  ✔ author:N26-browser-getbuiltin-literal (0.011583ms)
  ✔ author:N27-ambient-auto-types (0.013125ms)
  ✔ author:N28-triple-slash-path (0.019167ms)
  ✔ author:N29-jsdoc-import-tag-cross (0.011833ms)
  ✔ author:N30-jsdoc-bracket-cross (0.011292ms)
  ✔ author:N31-computed-import (0.01075ms)
  ✔ author:N32-computed-require (0.011458ms)
  ✔ author:N33-template-substitution (0.011875ms)
  ✔ author:N34-require-alias (0.011375ms)
  ✔ author:N35-create-require (0.012042ms)
  ✔ author:N36-eval (0.010833ms)
  ✔ author:N37-new-function (0.010625ms)
  ✔ author:N38-computed-member-loader (0.010375ms)
  ✔ author:N39-computed-getbuiltin (0.010833ms)
  ✔ author:N40-parse-failure (0.015625ms)
  ✔ author:N41-source-symlink (0.02575ms)
  ✔ author:N42-config-extends-other-lane (0.012334ms)
  ✔ author:N43-runtime-browser-target-missing (0.012834ms)
  ✔ author:N44-runtime-require-target-missing (0.020167ms)
  ✔ author:N45-runtime-reenters-other-lane (0.012666ms)
  ✔ author:N46-types-reenter-declared-local (0.012667ms)
  ✔ author:R01-root-external-browser-node (0.013584ms)
  ✔ author:R02-root-external-unresolved (0.012292ms)
  ✔ author:R03-root-cjs-dynamic-import-condition (0.012041ms)
  ✔ author:P07-cjs-dynamic-import-valid (0.01375ms)
  ✔ author:P08-cjs-mixed-same-file-valid (0.012417ms)
  ✔ author:N48-cjs-mixed-require-branch-missing (0.019292ms)
  ✔ author:N49-cjs-mixed-import-branch-missing (0.01275ms)
  ✔ author:P10-cts-static-import-uses-require (0.011583ms)
  ✔ author:N51-cts-static-import-require-branch-missing (0.015541ms)
  ✔ author:N62-cts-static-and-dynamic-same-specifier (0.012459ms)
  ✔ author:P09-external-cjs-dynamic-import-valid (0.0115ms)
  ✔ author:N50-external-cjs-dynamic-import-branch-missing (0.018791ms)
  ✔ author:N52-browser-external-two-hops-node (0.01175ms)
  ✔ author:P11-node-script-external-uses-node (0.013208ms)
  ✔ author:P12-browser-external-type-only-node (0.014542ms)
  ✔ author:P18-browser-type-only-import-of-node-package (0.020083ms)
  ✔ author:P19-browser-type-only-import-of-types-only-package (0.01125ms)
  ✔ author:N53-external-declaration-unresolved (0.011542ms)
  ✔ author:P13-accepted-unresolved-external (0.013375ms)
  ✔ author:N54-unaccepted-unresolved-external (0.013334ms)
  ✔ author:N55-stale-accepted-unresolved (0.011208ms)
  ✔ author:N64-external-parse-failure (0.011458ms)
  ✔ author:P14-pnpm-in-root-layout (0.010584ms)
  ✔ author:N56-pnpm-external-browser-node (0.011791ms)
  ✔ author:N57-pnpm-external-reentry (0.011042ms)
  ✔ author:P15-nested-own-node_modules (0.011ms)
  ✔ author:N58-other-lane-nested-node_modules (0.01075ms)
  ✔ author:N59-store-outside-root (0.011375ms)
  ✔ author:N60-ambiguous-js-format (0.009666ms)
  ✔ author:P16-node-ignores-module-field (0.012208ms)
  ✔ author:P17-node-legacy-main-fallback (0.010959ms)
  ✔ author:N63-node-main-and-index-missing-module-present (0.011666ms)
  ✔ reviewer:RV-C00-report (0.010834ms)
  ✔ reviewer:RV-C00-provider (0.240625ms)
  ✔ reviewer:RV-C00-contracts (0.018667ms)
  ✔ reviewer:RV-P01-browser-wrong-condition-only-node (0.012542ms)
  ✔ reviewer:RV-P02-cjs-wrong-condition-only-node (0.012125ms)
  ✔ reviewer:RV-P03-jsdoc-import-types-only-package (0.010083ms)
  ✔ reviewer:RV-P05-pnpm-alias-valid (0.009833ms)
  ✔ reviewer:RV-P06-node-module-sync-selected (0.010166ms)
  ✔ reviewer:RV-P07-cts-elided-static-plus-dynamic (0.009917ms)
  ✔ reviewer:RV-N01-relative-path-undeclared-external (0.011125ms)
  ✔ reviewer:RV-N02-relative-path-bypasses-exports (0.010583ms)
  ✔ reviewer:RV-N03-pnpm-alias-shadows-local-name (0.01075ms)
  ✔ reviewer:RV-N04-pnpm-store-shadows-local-name (0.010667ms)
  ✔ reviewer:RV-N05-node-module-sync-missing (0.031209ms)
  ✔ reviewer:RV-N06-esm-extensionless-relative (0.010625ms)
  ✔ reviewer:RV-N07-cjs-require-mjs-extensionless (0.014875ms)
  ✔ reviewer:RV-N08-cjs-require-ts-extensionless (0.012208ms)
  ✔ reviewer:RV-N09-esm-directory-import (0.015416ms)
  ✔ reviewer:RV-N10-elided-static-plus-dynamic-browser (0.012375ms)
  ✔ reviewer:RV-N11-worker-url-cross-lane (0.010333ms)
  ✔ reviewer:RV-N12-accepted-record-covers-other-request-kind (0.010958ms)
  ✔ reviewer:RV-N13-external-realpath-into-own-lane (0.01ms)
  ✔ reviewer:RV-N14-type-only-workspace-name-cross (0.0115ms)
  ✔ reviewer:RV-N15-unresolved-require-resolve (0.009583ms)
  ✔ reviewer:RV-N16-cts-import-equals-plus-dynamic-import-missing (0.011ms)
  ✔ reviewer:RV-N17-esm-external-imports-require-only (0.010209ms)
  ✔ reviewer:RV-N18-cjs-external-requires-import-only (0.011833ms)
  ✔ reviewer:RV-N19-ts-esnext-emit-in-commonjs-scope (0.010541ms)
  ✔ reviewer:RV-P08-type-only-import-runtime-unresolvable (0.010292ms)
  ✔ reviewer:RV-P09-untyped-js-esm-detection-import-condition (0.009583ms)
  ✔ reviewer:RV-P10-browser-declaration-in-commonjs-scope-uses-import (0.010917ms)
  ✔ reviewer:RV-N20-accepted-record-does-not-cover-other-external (0.010416ms)
  ✔ reviewer:RV-N21-accepted-record-cannot-silence-browser-node (0.014083ms)
  ✔ reviewer:RV-N22-external-imports-shadowing-copy (0.010375ms)
  ✔ reviewer:RV-N23-provider-runtime-imports-devdependency (0.01075ms)
  ✔ reviewer:RV-T01-lane-record-declares-browser-src-as-node (0.011792ms)
  ✔ reviewer:RV-F01-amd-request-in-declared-input (0.013125ms)
  ✔ reviewer:RV-F02-invalid-package-json-scope (0.01425ms)
  ✔ reviewer:RV-F03-external-cts-static-plus-dynamic (0.014125ms)
  ✔ reviewer:RV-F04-own-lane-symlink-input (0.010041ms)
  ✔ reviewer:RV-F05-tsconfig-project-references (0.010583ms)
  ✔ reviewer:RV-F06-tsconfig-compiler-plugins (0.0095ms)
  ✔ reviewer:RV-F07-tsconfig-typeRoots (0.011209ms)
  ✔ reviewer:RV-F08-ambient-types-undeclared (0.009667ms)
  ✔ reviewer:RV-F09-lane-platform-inconsistent (0.011125ms)
  ✔ reviewer:RV-P11-typed-untyped-js-esm-detection (0.009708ms)
  ✔ regression:A3-P01-provider-outdir-emitted-output (0.010417ms)
  ✔ regression:A3-N01-emitted-relative-output-missing (0.009709ms)
  ✔ regression:A3-P05-ts-nodenext-commonjs-scope (0.009666ms)
  ✔ regression:A3-P02-node-require-esm-mjs (0.009417ms)
  ✔ regression:A3-N02-hash-import-maps-to-external (0.014334ms)
  ✔ regression:A3-N03-browser-external-amd-define (0.009458ms)
  ✔ regression:A3-P03-node-external-umd-inert (0.010584ms)
  ✔ regression:A3-N09-computed-loader-in-external (0.012834ms)
  ✔ regression:A3-P04-trusted-loader-exact (0.010791ms)
  ✔ regression:A3-N04-trusted-loader-wrong-sha (0.01275ms)
  ✔ regression:A3-N05-trusted-loader-undeclared-target (0.015166ms)
  ✔ regression:A3-N06-optional-unresolved-unguarded (0.011041ms)
  ✔ regression:A3-X01-package-not-typescript-inventory-package (0.010959ms)
  ✔ regression:A3-X02-unbound-flag-on-bound-package (0.01125ms)
  ✔ regression:A3-X03-inventory-pin-tamper (0.010542ms)
  ✔ regression:A3-N07-pnpm-lane-without-materialization-record (0.009375ms)
  ✔ regression:A3-N08-undeclared-unreached-source (0.01325ms)
  ✔ regression:A3-P06-browser-worker-url-own-output (0.009042ms)
  ✔ regression:A3-N10-browser-worker-url-missing (0.010834ms)
  ✔ regression:A3-N11-npm-alias-targets-local-name (0.230417ms)
  ✔ regression:A3-N12-optional-record-wrong-mode (0.012541ms)
  ✔ regression:A3-N13-external-request-realizes-local-package-directory (0.010375ms)
  ✔ regression:A3-N14-jsx-implicit-runtime-import-unmodelled (0.009333ms)
  ✔ regression:A3-P07-provider-build-script-dev-dependency (0.020417ms)
  ✔ regression:ROOT04-N01-unbound-optional-unguarded (0.009708ms)
  ✔ regression:ROOT04-N02-unbound-optional-wrong-mode (0.009416ms)
  ✔ regression:ROOT04-P01-unbound-optional-guarded (0.010167ms)
  ✔ regression:ROOT04-N03-unbound-stale-record (0.009209ms)
  ✔ regression:ROOT04-N04-alias-identity-independent (0.009417ms)
  ✔ regression:ROOT04-N05-directory-identity-independent (0.013916ms)
✔ author, reviewer and regression cases (46435.825958ms)
✔ real CLI invocations: realpath, /tmp alias and .bin symlink exit codes (5638.233667ms)
✔ browser scanner physical targets and transitive boundaries (5037.603167ms)
✔ literal disabled prefix remains a physical target (34.417625ms)
✔ Node clean and built lanes have the same source edges (602.834542ms)
✔ browser clean and built lanes have the same source edges (502.917333ms)
✔ exact byte-order-mark output is recognized (413.835583ms)
✔ Node changed generated output refuses and is neither scanned nor executed (407.920333ms)
✔ browser changed generated output refuses and is neither scanned nor executed (413.576041ms)
✔ extra output is refused even when its bytes equal a valid output (416.919417ms)
✔ symlinked output is refused despite matching target bytes (407.883917ms)
✔ partial build retains clean-source analysis without inventing a runtime-ready claim (406.598584ms)
✔ stale output after source change refuses until rebuilt (812.223833ms)
✔ exact compiled browser output still cannot admit Node builtins (416.021417ms)
▶ actual review03 counterexamples and positive controls
  ✔ RV3-C00-report (0.271917ms)
  ✔ RV3-C00-provider (0.0445ms)
  ✔ RV3-C00-contracts (0.034333ms)
  ✔ RV3-R2-browser-elided-static-plus-import (0.034042ms)
  ✔ RV3-R3a-amd-define-cross-lane-cjs (0.032333ms)
  ✔ RV3-R3b-amd-require-array-cross-lane-ts (0.033167ms)
  ✔ RV3-R4a-module-sync-require-missing (0.030084ms)
  ✔ RV3-R4b-module-sync-require-selected (0.029083ms)
  ✔ RV3-R4c-module-sync-import-mode-missing (0.044291ms)
  ✔ RV3-R4d-esm-extensionless (0.054209ms)
  ✔ RV3-R4e-require-mjs-extensionless (0.034ms)
  ✔ RV3-R4f-esm-directory-import (0.028833ms)
  ✔ RV3-R5a-relative-node_modules-undeclared (0.019209ms)
  ✔ RV3-R5b-bare-dotdot-traversal-undeclared (0.018708ms)
  ✔ RV3-R5c-bare-dotdot-traversal-browser (0.018333ms)
  ✔ RV3-R6a-pnpm-alias-shadow (0.036833ms)
  ✔ RV3-R6b-versionless-scoped-alias-to-local (0.023375ms)
  ✔ ROOT04-R6d-versionless-alias-with-external-manifest (0.017583ms)
  ✔ RV3-R6c-realized-manifest-name-local (0.023ms)
  ✔ RV3-R7a-esnext-emit-commonjs-scope (0.028208ms)
  ✔ RV3-R7b-preserve-emit-commonjs-scope (0.014958ms)
  ✔ RV3-R7c-commonjs-emit-in-module-scope (0.024167ms)
  ✔ RV3-X01-unbound-lane-inside-bound-package (0.012916ms)
  ✔ RV3-X02-caller-exempts-dependency-loader-bound-provider (0.013458ms)
  ✔ RV3-X03-caller-exempts-dependency-loader-bound-browser (0.016208ms)
  ✔ RV3-X04-tsconfig-extends-other-lane-node_modules (0.012709ms)
  ✔ RV3-X05-outdir-into-other-lane (0.012416ms)
  ✔ RV3-X06a-no-execution-node (0.012542ms)
  ✔ RV3-X06b-no-execution-browser (0.012292ms)
  ✔ RV3-X07-bound-input-without-inventory-row (0.012542ms)
  ✔ RV3-X08-type-only-paths-bypass-exports (0.012333ms)
  ✔ RV3-X09-provider-runtime-compiler-as-devdependency (0.013166ms)
  ✔ RV3-X10-browser-umd-dependency (0.016042ms)
✔ actual review03 counterexamples and positive controls (9694.840083ms)
▶ selected tool policy binding refuses altered authority and source inputs
  ✔ unselected policy (11.231417ms)
  ✔ unbound lane (7.100417ms)
  ✔ browser package (13.8565ms)
  ✔ caller exception (16.232834ms)
  ✔ changed manifest (10.609833ms)
  ✔ changed local source (9.256458ms)
  ✔ changed loader file (8.882291ms)
  ✔ changed lane input list (9.597333ms)
  ✔ undisclosed empty target (11.2395ms)
  ✔ invented guarantee (9.053834ms)
  ✔ duplicate exception site (8.561ms)
  ✔ omitted file pin (8.263875ms)
  ✔ different usage digest (9.394541ms)
  ✔ symlink substitution (8.554167ms)
  ✔ extra policy field (9.814042ms)
  ✔ duplicate policy selection (10.008834ms)
  ✔ candidate member mismatch (8.899625ms)
✔ selected tool policy binding refuses altered authority and source inputs (180.08575ms)
✔ full checker discloses selected empty-target tool loader and refuses its stale site (21.688125ms)
✔ inventory pins follow every ordered successor, including the adopted product inventory4 shape (12.18625ms)
✔ finite trusted targets remain subject to ordinary ownership checks (12.143375ms)
ℹ tests 234
ℹ suites 0
ℹ pass 234
ℹ fail 0
ℹ cancelled 0
ℹ skipped 0
ℹ todo 0
ℹ duration_ms 75572.878875
