{
 "repinned": 23,
 "entries": [
  {
   "manifest": "docs/coop/design-corrections/foundation/source-pins.v1.json",
   "path": "docs/coop/design-corrections/foundation/check-identity.py",
   "was": "3a9563fe90b1beb58d65534b43a0ba90807493c349270a4eb4ea3dfd54191031",
   "now": "e801fcce27a428717d8914d15db4cd9d89d3e795cc572849c230178d5ae09ebf"
  },
  {
   "manifest": "docs/coop/design-corrections/foundation/source-pins.v1.json",
   "path": "docs/coop/design-corrections/foundation/identity-model.py",
   "was": "998b6be8a7ae2d32209ad912615413475a7270c292e5281426977cd9ef3d9aad",
   "now": "1f48f0b65c04e9e28746edcff2535e16972de1c395686a5b1d7a5274950a53fb"
  },
  {
   "manifest": "docs/coop/design-corrections/foundation/source-pins.v1.json",
   "path": "docs/coop/design-corrections/foundation/identity-schemas.v2.json",
   "was": "5900c29f4ccffda36fbce539c77306e1869cc84b60f29287931e7dda475bb3d8",
   "now": "f127fb117c3f3526fa6fad62a63e203a75e510fc7950f8e3dfd5b736d614e287"
  },
  {
   "manifest": "docs/coop/design-corrections/foundation/source-pins.v1.json",
   "path": "docs/coop/design-corrections/foundation/relation-payload-schemas.v2.json",
   "was": "aa058f414dbbef991d66496554d82233dfb35a5a03163f08bb840db2c201d5ab",
   "now": "1192e70ee56629f6ba6391f1068302761d85f943431a7b5d9fc9dea57f320210"
  },
  {
   "manifest": "docs/coop/design-corrections/foundation/source-pins.v1.json",
   "path": "docs/coop/design-corrections/native/check_native_evidence.v2.py",
   "was": "0a3ed9a00ce2c6be13d6de92623e36d6799b798c83ea505ca2ae2b130118d35f",
   "now": "eefa5ea20046670c0424e72da97a6ad22d12749871bc37428730bdc283b720d0"
  },
  {
   "manifest": "docs/coop/design-corrections/foundation/source-pins.v1.json",
   "path": "docs/coop/design-corrections/native/native-capability-matrix.v2.json",
   "was": "d1b44a78619719dd662803d3d1a26c292ca5188cf5852ecc9d9e437fcbe70c4b",
   "now": "c34cab922fb82f2d6fa7e06aea59f11d9fa633efafdabea469890089dbaf7400"
  },
  {
   "manifest": "docs/coop/design-corrections/foundation/source-pins.v1.json",
   "path": "docs/coop/design-corrections/native/native-cases.v2.json",
   "was": "e1ef7aacfcaeb24f0f9ae09531aeb5b8725c748b0369a9cb978b37ab9703ff34",
   "now": "6b52d61bc4762862d40dcdd1de7e5f3824ebd3f6d68077f0ff9f5d90ec3bdfc8"
  },
  {
   "manifest": "docs/coop/design-corrections/foundation/source-pins.v1.json",
   "path": "docs/coop/design-corrections/native/native-evidence.schemas.v2.json",
   "was": "064a1cef6ba8edaee3aef0499d6b0998a7c49c29c5a6bc057ac53fff6e35e49d",
   "now": "2effad95296231c8658f81b142ded9a6354855808703dc0245e34cf9b982e9e3"
  },
  {
   "manifest": "docs/coop/design-corrections/foundation/source-pins.v1.json",
   "path": "docs/coop/design-corrections/native/native_evidence_model.v2.py",
   "was": "63442990fcc9b3b05c1ce232ae57eb06ed1be17f5e326207b7766c4148bc8312",
   "now": "e3e0e38940dfe9efa506440bfd6ab537f824b8de06053bb8f425bfa7b5117028"
  },
  {
   "manifest": "docs/coop/design-corrections/foundation/source-pins.v1.json",
   "path": "docs/v2/contracts/product-v1/admission-and-qualification.md",
   "was": "be8c98313b77e5ac4798beb77623f229ab705c15299e6576e921f93537748f66",
   "now": "b9b6c1f7d07f71949ceceaf356165d62d3bce29573c77c54fa1cfdf99da98853"
  },
  {
   "manifest": "docs/coop/design-corrections/foundation/source-pins.v1.json",
   "path": "docs/v2/contracts/product-v1/identity-and-evidence.md",
   "was": "40c1df53e3484eb5b231b9709d88dacc709a45d989b5a29d14bbbf3f8d100742",
   "now": "cea7f063ea360d446de00c20e985340e858f2062e0e6e8f6568699da601862ce"
  },
  {
   "manifest": "docs/coop/design-corrections/native/source-pins.v2.json",
   "path": "docs/coop/design-corrections/foundation/check-identity.py",
   "was": "3a9563fe90b1beb58d65534b43a0ba90807493c349270a4eb4ea3dfd54191031",
   "now": "e801fcce27a428717d8914d15db4cd9d89d3e795cc572849c230178d5ae09ebf"
  },
  {
   "manifest": "docs/coop/design-corrections/native/source-pins.v2.json",
   "path": "docs/coop/design-corrections/foundation/identity-model.py",
   "was": "998b6be8a7ae2d32209ad912615413475a7270c292e5281426977cd9ef3d9aad",
   "now": "1f48f0b65c04e9e28746edcff2535e16972de1c395686a5b1d7a5274950a53fb"
  },
  {
   "manifest": "docs/coop/design-corrections/native/source-pins.v2.json",
   "path": "docs/coop/design-corrections/foundation/identity-schemas.v2.json",
   "was": "5900c29f4ccffda36fbce539c77306e1869cc84b60f29287931e7dda475bb3d8",
   "now": "f127fb117c3f3526fa6fad62a63e203a75e510fc7950f8e3dfd5b736d614e287"
  },
  {
   "manifest": "docs/coop/design-corrections/native/source-pins.v2.json",
   "path": "docs/coop/design-corrections/foundation/relation-payload-schemas.v2.json",
   "was": "aa058f414dbbef991d66496554d82233dfb35a5a03163f08bb840db2c201d5ab",
   "now": "1192e70ee56629f6ba6391f1068302761d85f943431a7b5d9fc9dea57f320210"
  },
  {
   "manifest": "docs/coop/design-corrections/native/source-pins.v2.json",
   "path": "docs/coop/design-corrections/native/check_native_evidence.v2.py",
   "was": "0a3ed9a00ce2c6be13d6de92623e36d6799b798c83ea505ca2ae2b130118d35f",
   "now": "eefa5ea20046670c0424e72da97a6ad22d12749871bc37428730bdc283b720d0"
  },
  {
   "manifest": "docs/coop/design-corrections/native/source-pins.v2.json",
   "path": "docs/coop/design-corrections/native/native-capability-matrix.v2.json",
   "was": "d1b44a78619719dd662803d3d1a26c292ca5188cf5852ecc9d9e437fcbe70c4b",
   "now": "c34cab922fb82f2d6fa7e06aea59f11d9fa633efafdabea469890089dbaf7400"
  },
  {
   "manifest": "docs/coop/design-corrections/native/source-pins.v2.json",
   "path": "docs/coop/design-corrections/native/native-cases.v2.json",
   "was": "e1ef7aacfcaeb24f0f9ae09531aeb5b8725c748b0369a9cb978b37ab9703ff34",
   "now": "6b52d61bc4762862d40dcdd1de7e5f3824ebd3f6d68077f0ff9f5d90ec3bdfc8"
  },
  {
   "manifest": "docs/coop/design-corrections/native/source-pins.v2.json",
   "path": "docs/coop/design-corrections/native/native-evidence.schemas.v2.json",
   "was": "064a1cef6ba8edaee3aef0499d6b0998a7c49c29c5a6bc057ac53fff6e35e49d",
   "now": "2effad95296231c8658f81b142ded9a6354855808703dc0245e34cf9b982e9e3"
  },
  {
   "manifest": "docs/coop/design-corrections/native/source-pins.v2.json",
   "path": "docs/coop/design-corrections/native/native_evidence_model.v2.py",
   "was": "63442990fcc9b3b05c1ce232ae57eb06ed1be17f5e326207b7766c4148bc8312",
   "now": "e3e0e38940dfe9efa506440bfd6ab537f824b8de06053bb8f425bfa7b5117028"
  },
  {
   "manifest": "docs/coop/design-corrections/native/source-pins.v2.json",
   "path": "docs/v2/contracts/product-v1/identity-and-evidence.md",
   "was": "40c1df53e3484eb5b231b9709d88dacc709a45d989b5a29d14bbbf3f8d100742",
   "now": "cea7f063ea360d446de00c20e985340e858f2062e0e6e8f6568699da601862ce"
  },
  {
   "manifest": "docs/coop/design-corrections/native/source-pins.v2.json",
   "path": "docs/v2/contracts/product-v1/native-evidence.md",
   "was": "d880d8d7d741f07d8ffb29c03b09f1976db0215122c14fc3827c898328325a61",
   "now": "d4cb1491497a10fd6c9b3da8fce9c78268269a8146b8e1c985a546f585c4c80a"
  },
  {
   "manifest": "docs/coop/design-corrections/native/source-pins.v2.json",
   "path": "docs/v2/contracts/product-v1/security-and-lifecycle.md",
   "was": "8e1870d8330213e8993f4319bc53b1cec606dea000a172052ab88064fb09144a",
   "now": "7c95766ae3c2af475ca53259dff81e2009d49fb34175d2f305a144a5f2a7defe"
  }
 ]
}
