$ /tmp/opensip-architecture-review-env/bin/python -I -B tools/from_scratch.py
exit 0
--- stdout ---
cmp-base claimed-positive ADMIT [] []
cmp-budget claimed-positive ADMIT [] []
cmp-code-det2 claimed-positive ADMIT [] []
cmp-code-detc claimed-positive ADMIT [] []
cmp-code claimed-positive ADMIT [] []
cmp-empty claimed-positive ADMIT [] []
cmp-evidence claimed-positive ADMIT [] []
cmp-gbase claimed-positive ADMIT [] []
cmp-gevidence claimed-positive ADMIT [] []
cmp-gmissing claimed-positive ADMIT [] []
cmp-hidden claimed-positive ADMIT [] []
cmp-policy claimed-positive ADMIT [] []
cmp-scope claimed-positive ADMIT [] []
cmp-waiver claimed-positive ADMIT [] []
rust-ambiguous claimed-positive ADMIT [] []
rust-extra-unit claimed-positive ADMIT [] []
rust-mixed-clones-required claimed-positive ADMIT [] []
rust-mixed claimed-positive ADMIT [] []
rust-partial claimed-positive ADMIT [] []
rust-same-file-2021 claimed-positive ADMIT [] []
syntax-code claimed-positive ADMIT [] []
syntax-data claimed-positive ADMIT [] []
syntax-mixed-disclosed claimed-positive ADMIT [] []
syntax-mixed-falsecomplete designed-negative REFUSE ['SYNTAX_CAPABILITY_UNSUPPORTED_SCOPE:coverage2:cc5f721975378b9764ab726a74d2151b36acee7bde9da26934138b808d406ec4'] None
syntax-mixed-omitted claimed-positive ADMIT [] []
ts-clones-required claimed-positive ADMIT [] []
ts-fail claimed-positive ADMIT [] []
ts-pass claimed-positive ADMIT [] []

--- stderr ---

