PASS positive-present-receipt 
PASS no-catalogue-declared-when-both-trees-omit-path no-catalogue-declared
PASS unassociated-bytes-refused-when-no-listing CatalogRefusal:CATALOG.UNASSOCIATED-BYTES
PASS not-retained-is-unavailable-not-no-catalogue 
PASS corrupt-is-unavailable-catalog-corrupt 
PASS retained-without-receipt-refuses CatalogRefusal:CATALOG.RETAINED-RECEIPT
PASS missing-descriptor-is-not-declared-not-retention-failure {'state': 'unavailable', 'key': ['acme.rules', 'unused', 1, '1111111111111111111111111111111111111111111111111111111111111111'], 'reason': 'descriptor-not-declared'}
PASS no-catalogue-select-keeps-admitted-absence 
PASS capabilities-without-authority-refused CatalogRefusal:CATALOG.RELEASE-AUTHORITY-REQUIRED
PASS second-closure-cannot-reuse-first-authority CatalogRefusal:CATALOG.RELEASE-CLOSURE
PASS rules-recipes-without-capability-authority-admitted 
PASS matching-caller-digest-is-not-authentication 
PASS designated-closure-must-be-in-plan-semantic-closures CatalogRefusal:CATALOG.RELEASE-PLAN-CLOSURE
PASS hostile-bidi-name-refused ValidationError:'text\u202e x' does not match '^[^\\u0000-\\u001f\\u007f-\\u009f\\u061c\\u200e\\u200f\\u2028-\\u202e\\u2066-\\u2069]+(?![\\s\\S])'

Failed validating 'pattern' in schema['propertie
PASS extra-recipe-parameter-refused ValidationError:Additional properties are not allowed ('force' was unexpected)

Failed validating 'additionalProperties' in schema['properties']['recipes']['items']['properties']['parameterDescrip
PASS recipe-key-omits-closureId 
PASS receipt-copies-tree-platform-protocolMajor 
PASS platform-mismatch-refused CatalogRefusal:CATALOG.PLATFORM
PASS delivery-omit-cannot-hide-committed-listing CatalogRefusal:CATALOG.CLOSURE-TREE
PASS pretty-raw-sha-is-tree-binding-not-canonical 
PASS canonical-bytes-le-raw-pretty 
PASS raw-over-4mib-refused AdmissionError:BYTE_LIMIT_OR_TYPE
PASS selected-key-not-in-run-selection-refused CatalogRefusal:CATALOG.RUN-SELECTION
PASS undeclared-capability-key-refused CatalogRefusal:CATALOG.UNDECLARED-KEY
{"passed": true, "caseCount": 24, "failed": []}
