{
  "artifact": "opensip.security.analysis-seal-adapter-check",
  "version": 1,
  "standing": "design reference; not product qualification; independent of pin-gated official suite",
  "passed": true,
  "productQualification": false,
  "counts": {
    "total": 9,
    "pass": 9,
    "fail": 0
  },
  "cases": [
    {
      "case": "prefix-nonfixture-admits-without-close-run",
      "result": {
        "result": "ADMIT",
        "standing": "prefix-dispatch",
        "authority": "run3-pattern",
        "runId": "run3:aaaaaaaaaaaaaaaaaaaaaaaaaaaaaaaaaaaaaaaaaaaaaaaaaaaaaaaaaaaaaaaa",
        "fixture": false
      },
      "ok": true
    },
    {
      "case": "prefix-fixture-refused",
      "result": "SEAL_RUN_ID_FIXTURE_NOT_AUTHORITY",
      "ok": true
    },
    {
      "case": "prefix-trailing-newline-refused",
      "result": "SEAL_RUN_ID_INVALID",
      "ok": true
    },
    {
      "case": "journal-missing-recordType-invalid",
      "result": "JOURNAL_RECORD_SCHEMA_INVALID",
      "ok": true
    },
    {
      "case": "journal-historical-2-unchanged",
      "result": "JOURNAL_RECORD_SCHEMA_HISTORICAL",
      "ok": true
    },
    {
      "case": "analysis-seal-full-admitted",
      "result": {
        "result": "ADMIT",
        "standing": "current-host",
        "authority": "identity-model.v3.close_run",
        "runId": "run3:f5d36e83e4cbf2c1bba935978974ab693f8889178b7eea3c75b6f7cdd1e4f0cd",
        "journalRecordSchema": 3,
        "fixture": false
      },
      "runId": "run3:f5d36e83e4cbf2c1bba935978974ab693f8889178b7eea3c75b6f7cdd1e4f0cd",
      "executionInputsDigest": "17c3ac96584992e66d7ed5d03548964fc6cd2a8dbd5c336989c919c163ff629a",
      "ok": true
    },
    {
      "case": "analysis-seal-wrong-id",
      "result": "SEAL_RUN_ID_MISMATCH",
      "ok": true
    },
    {
      "case": "analysis-seal-fixture-id-not-authority",
      "result": "SEAL_RUN_ID_FIXTURE_NOT_AUTHORITY",
      "ok": true
    },
    {
      "case": "analysis-seal-owner-only-semantically-false",
      "ownerRunId": "run3:73438e6f25ba09ff776ad80413b83a34316c4165f39cc78d74d1629aaa45c9d9",
      "result": "SEAL_CLOSE_RUN_REFUSED",
      "ok": true
    }
  ],
  "joins": {
    "close_run": "identity-model.v3.close_run",
    "executionInputsDigest": "proof-bundle required field; reconstruct requires evaluationInputRefs domain=execution-inputs; attach_host_capture before seed seal",
    "linearize": "abstract brokered-effect TCB; fixture runId; not this adapter"
  }
}
