{
 "inheritedGrammarMembers": 231,
 "byGroup": {
  "envelope": 5,
  "frameSchemas": 21,
  "payloadSchemas": 101,
  "definitions": 104
 },
 "externalExpansionRows": 59,
 "newSchemaNativeMemberRows": 76,
 "newFrameRows": 6,
 "dispositions": {
  "new": 82,
  "removed": 4,
  "replaced": 130,
  "retained": 105,
  "unresolved": 32,
  "value-substituted": 19
 },
 "resolutionClasses": {
  "governed": 296,
  "owner-contradictory": 34,
  "owner-missing": 42
 },
 "rowsWithUnstatedWireType": 22,
 "wireTypeCrossChecks": {
  "checked": 199,
  "skipped": 0,
  "mismatches": []
 },
 "refClosure": {
  "refsFollowed": 131,
  "distinctTargets": 54,
  "unresolved": []
 },
 "memberListComparisons": 34,
 "citationAnchors": {
  "checked": 55,
  "failed": 0
 },
 "semanticOwnerAnchors": {
  "checked": 41,
  "failed": 0
 }
}
failures: 0
exit 0
