   Compiling libc v0.2.189
    Checking cfg-if v1.0.4
    Checking winnow v0.7.13
   Compiling proc-macro2 v1.0.107
    Checking toml_datetime v0.7.4+spec-1.0.0
    Checking tinyvec v1.13.3
    Checking serde_spanned v1.0.4
    Checking typenum v1.20.1
   Compiling unicode-ident v1.0.24
   Compiling getrandom v0.4.3
    Checking sha2-const-stable v0.1.0
   Compiling quote v1.0.47
   Compiling serde_core v1.0.229
   Compiling find-msvc-tools v0.1.12
   Compiling shlex v2.0.1
   Compiling semver v1.0.28
   Compiling opensip-platform v0.1.0 (/Users/sb/code/opensip-ai/opensip/crates/platform)
   Compiling pkg-config v0.3.34
   Compiling zmij v1.0.23
   Compiling vcpkg v0.2.15
   Compiling serde_json v1.0.151
   Compiling serde v1.0.229
    Checking signature v3.0.0
    Checking memchr v2.8.3
    Checking unicode-normalization v0.1.24
   Compiling cc v1.4.6
   Compiling rustc_version v0.4.1
    Checking subtle v2.6.1
    Checking itoa v1.0.18
    Checking ed25519 v3.0.0
    Checking hybrid-array v0.4.15
   Compiling curve25519-dalek v5.0.0
    Checking fallible-streaming-iterator v0.1.9
    Checking bitflags v2.13.2
    Checking fallible-iterator v0.3.0
    Checking smallvec v1.16.1
    Checking toml_parser v1.0.5+spec-1.0.0
    Checking crypto-common v0.2.2
    Checking block-buffer v0.12.1
   Compiling libsqlite3-sys v0.38.2
    Checking toml v0.9.9+spec-1.0.0
    Checking opensip-identity v0.1.0 (/Users/sb/code/opensip-ai/opensip/crates/identity)
    Checking digest v0.11.3
    Checking opensip-evaluator v0.1.0 (/Users/sb/code/opensip-ai/opensip/crates/evaluator)
    Checking cpufeatures v0.3.1
   Compiling syn v3.0.5
    Checking sha2 v0.11.0
    Checking opensip-lifecycle v0.1.0 (/Users/sb/code/opensip-ai/opensip/crates/lifecycle)
    Checking ed25519-dalek v3.0.0
   Compiling serde_derive v1.0.229
    Checking rusqlite v0.40.2
    Checking opensip-security v0.1.0 (/Users/sb/code/opensip-ai/opensip/crates/security)
    Checking opensip-contracts v0.1.0 (/Users/sb/code/opensip-ai/opensip/crates/contracts)
    Checking opensip-storage v0.1.0 (/Users/sb/code/opensip-ai/opensip/crates/storage)
    Checking opensip-reporting v0.1.0 (/Users/sb/code/opensip-ai/opensip/crates/reporting)
    Checking opensip-host v0.1.0 (/Users/sb/code/opensip-ai/opensip/crates/host)
    Checking opensip-cli v0.1.0 (/Users/sb/code/opensip-ai/opensip/apps/cli)
    Finished `dev` profile [unoptimized + debuginfo] target(s) in 18.92s
