   Compiling proc-macro2 v1.0.107
   Compiling quote v1.0.47
   Compiling unicode-ident v1.0.24
   Compiling serde_core v1.0.229
   Compiling zmij v1.0.23
   Compiling serde v1.0.229
   Compiling serde_json v1.0.151
   Compiling memchr v2.8.3
   Compiling schemars v0.8.22
   Compiling itoa v1.0.18
   Compiling thiserror v2.0.20
   Compiling dyn-clone v1.0.20
   Compiling semver v1.0.28
   Compiling log v0.4.34
   Compiling prettyplease v0.2.37
   Compiling heck v0.5.0
   Compiling regress v0.12.0
   Compiling syn v3.0.5
   Compiling syn v2.0.119
   Compiling serde_derive v1.0.229
   Compiling thiserror-impl v2.0.20
   Compiling serde_derive_internals v0.29.1
   Compiling schemars_derive v0.8.22
   Compiling typify-impl v0.8.0
   Compiling typify v0.8.0
   Compiling opensip-contract-generator v0.0.0 (/private/var/folders/rq/jfj79dls03s0zb6d839wcqlh0000gn/T/opensip-generator-build-5r8hpvd3/project)
    Finished `release` profile [optimized] target(s) in 7.29s
