{
  "standing": "BOUNDED COMPOSITION ONLY: synthesized universe/Plan/closure locators; no native input admission and no full retained Run replay. Mutation checks compare exact output preimages, not reminted full graphs.",
  "results": [
    {
      "id": "two-configurations-two-full-findings",
      "passed": true
    },
    {
      "id": "two-configurations-one-real-logical-fingerprint",
      "passed": true
    },
    {
      "id": "unwaived-gating-known-finding-fails",
      "passed": true
    },
    {
      "id": "exact-output-preimages-replay",
      "passed": true
    },
    {
      "id": "full-finding-severity-mutation",
      "passed": true
    },
    {
      "id": "full-finding-messageCode-mutation",
      "passed": true
    },
    {
      "id": "full-finding-evidenceRefs-mutation",
      "passed": true
    },
    {
      "id": "same-count-parameter-preimage-mutation",
      "passed": true
    },
    {
      "id": "fingerprint-waiver-covers-both-occurrences",
      "passed": true
    },
    {
      "id": "waiver-does-not-cure-membership-uncertainty",
      "passed": true
    },
    {
      "id": "known-failure-dominates-population-unknown",
      "passed": true
    },
    {
      "id": "unmatched-symbol-finding-retained-and-gates",
      "passed": true
    },
    {
      "id": "path-waiver-can-cover-unmatched-finding",
      "passed": true
    },
    {
      "id": "unknown-zero-subject-population-not-empty-pass",
      "passed": true
    },
    {
      "id": "optional-unknown-preserves-truth-non-gating",
      "passed": true
    },
    {
      "id": "required-import-unknown-gates",
      "passed": true
    },
    {
      "id": "disabled-rules-preserve-required-execution-unknown",
      "passed": true
    },
    {
      "id": "budget-preflight-explicit-indeterminate",
      "passed": true
    },
    {
      "id": "strong-kleene-known-and-false",
      "passed": true
    },
    {
      "id": "strong-kleene-known-or-true",
      "passed": true
    }
  ],
  "passed": true,
  "count": 20
}
