   Compiling proc-macro2 v1.0.107
   Compiling unicode-ident v1.0.24
   Compiling quote v1.0.47
   Compiling serde_core v1.0.229
   Compiling zmij v1.0.23
   Compiling serde v1.0.229
   Compiling serde_json v1.0.151
   Compiling libc v0.2.189
   Compiling itoa v1.0.18
   Compiling getrandom v0.4.3
   Compiling tinyvec v1.13.3
   Compiling memchr v2.8.3
   Compiling opensip-platform v0.1.0 (/private/tmp/opensip-implementation/m2-grok-native-case-review-09/review/subject/product/crates/platform)
   Compiling sha2-const-stable v0.1.0
   Compiling cfg-if v1.0.4
   Compiling unicode-normalization v0.1.24
   Compiling opensip-identity v0.1.0 (/private/tmp/opensip-implementation/m2-grok-native-case-review-09/review/subject/product/crates/identity)
   Compiling opensip-evaluator v0.1.0 (/private/tmp/opensip-implementation/m2-grok-native-case-review-09/review/subject/product/crates/evaluator)
   Compiling syn v3.0.5
   Compiling serde_derive v1.0.229
   Compiling opensip-contracts v0.1.0 (/private/tmp/opensip-implementation/m2-grok-native-case-review-09/review/subject/product/crates/contracts)
   Compiling opensip-reporting v0.1.0 (/private/tmp/opensip-implementation/m2-grok-native-case-review-09/review/subject/product/crates/reporting)
   Compiling opensip-host v0.1.0 (/private/tmp/opensip-implementation/m2-grok-native-case-review-09/review/subject/product/crates/host)
   Compiling retained-graph-harness v0.0.0 (/private/tmp/opensip-implementation/m2-grok-native-case-review-09/review/subject/harness)
    Finished `dev` profile [unoptimized + debuginfo] target(s) in 23.51s
