PASS table-version-gate-present Ok("a")
PASS ascii ok
PASS identity-digit ok
PASS eszett-not-casefold ok
PASS capital-sharp-s-to-eszett ok
PASS ffi-ligature-identity ok
PASS dotted-i-full-not-turkish ok
PASS i-plus-acute-not-lithuanian ok
PASS unassigned-15-1c89 ok
PASS unassigned-15-a7cb ok
PASS unassigned-15-10d50 ok
PASS deseret-assigned-15 ok
PASS empty ok
PASS lone-sigma-not-final ok
PASS final-sigma-word ok
PASS medial-sigma ok
PASS final-sigma-before-period ok
PASS sigma-after-digit-not-cased ok
PASS final-sigma-ypogegrammeni-overlap ok
PASS medial-sigma-then-cased-after-ignorable ok
PASS combining-acute-on-a ok
PASS final-sigma-long-ignorable-run-original-context aςͅͅͅͅͅͅͅͅͅͅͅͅͅͅͅͅͅͅͅͅͅͅͅͅͅͅͅͅͅͅͅͅͅͅͅͅͅͅͅͅͅͅͅͅͅͅͅͅͅͅ
PASS std-unicode17-does-not-supply-owner ours="Ᲊ" std="ᲊ" diverge=true
PASS rust-positive-one-frame-blob refusals=[] blobs=1
PASS rust-work0-is-limit Limit
PASS syntax-positive-one-frame-blob refusals=[] blobs=1
PASS syntax-work0-is-limit Limit
PASS typescript-positive-one-frame-blob refusals=[] blobs=1
PASS typescript-work0-is-limit Limit
PASS ts-libselection-number-is-frame-schema-not-lib-refusal Frame(Schema(Mismatch))
PASS ts-compiler-not-in-closure native.native-context-tool-not-in-closure:compiler
PASS ts-lib-not-retained-scripthost native.native-context-lib-not-retained:scripthost
PASS ts-stdlib-inventory-incomplete native.native-context-stdlib-inventory-incomplete:lib.scripthost.d.ts
PASS ts-full-case-dotted-i-not-retained native.native-context-lib-not-retained:İ
case-owner-negatives: ALL_PASS
