test_attempt_schema_enforces_outcome_law (__main__.TimingTests.test_attempt_schema_enforces_outcome_law) ... FAIL
test_clock_failure_has_no_zero_fallback (__main__.TimingTests.test_clock_failure_has_no_zero_fallback) ... ok
test_closed_duration_shape_and_exact_numbers (__main__.TimingTests.test_closed_duration_shape_and_exact_numbers) ... ok
test_current_projection_copies_exact_recorded_value (__main__.TimingTests.test_current_projection_copies_exact_recorded_value) ... ok
test_exact_owner_delta_and_pins (__main__.TimingTests.test_exact_owner_delta_and_pins) ... ERROR
test_historical_major_is_visible_and_not_rewritten (__main__.TimingTests.test_historical_major_is_visible_and_not_rewritten) ... ok
test_projection_sum_refuses_malformed_and_duplicates (__main__.TimingTests.test_projection_sum_refuses_malformed_and_duplicates) ... ok
test_recovery_and_outcome_join (__main__.TimingTests.test_recovery_and_outcome_join) ... ok
test_retry_sum_and_missing_are_distinct (__main__.TimingTests.test_retry_sum_and_missing_are_distinct) ... ok
test_unsupported_source_uses_owned_panel_state (__main__.TimingTests.test_unsupported_source_uses_owned_panel_state) ... ok
test_zero_fractional_and_exact_boundary (__main__.TimingTests.test_zero_fractional_and_exact_boundary) ... ok

======================================================================
ERROR: test_exact_owner_delta_and_pins (__main__.TimingTests.test_exact_owner_delta_and_pins)
----------------------------------------------------------------------
Traceback (most recent call last):
  File "/tmp/opensip-implementation/m1-presentation-corrections-root-controls-02/timing-schema-outcome-law/check.py", line 33, in test_exact_owner_delta_and_pins
    self.assertEqual(condition['then']['properties']['observedDuration'], {'const': {'state': 'unavailable', 'reason': 'supervisor-lost'}})
                     ~~~~~~~~~~~~~~~~~^^^^^^^^^^^^^^
KeyError: 'properties'

======================================================================
FAIL: test_attempt_schema_enforces_outcome_law (__main__.TimingTests.test_attempt_schema_enforces_outcome_law)
----------------------------------------------------------------------
Traceback (most recent call last):
  File "/tmp/opensip-implementation/m1-presentation-corrections-root-controls-02/timing-schema-outcome-law/check.py", line 125, in test_attempt_schema_enforces_outcome_law
    self.assertEqual(validator.is_valid(attempt), expected, attempt)
    ~~~~~~~~~~~~~~~~^^^^^^^^^^^^^^^^^^^^^^^^^^^^^^^^^^^^^^^^^^^^^^^^
AssertionError: True != False : {'executionId': 'exec1_11111111111111111111111111111111', 'outcome': 'abandoned', 'observedDuration': {'state': 'measured', 'milliseconds': 0}}

----------------------------------------------------------------------
Ran 11 tests in 0.054s

FAILED (failures=1, errors=1)
