{
 "P1-control-stock-loader-real-pinned-canonical": "stale-bytecode-executed",
 "P1-enforced-loader-same-forged-cache": {
  "outcome": "allowed",
  "value": {
   "FORGED": null,
   "hasCanonical": true
  }
 },
 "P1b-stock-loader-after-hook": {
  "outcome": "refused",
  "error": "RuntimeError: UNPINNED-LOAD /tmp/opensip-implementation/m1-report-projection-review-04/work/poc/prefix/Users/sb/code/opensip-ai/opensip_arch/docs/coop/design-corrections/foun"
 },
 "P2-unpinned-governed-source-copy": {
  "outcome": "refused",
  "error": "RuntimeError: UNPINNED-LOAD /tmp/opensip-implementation/m1-report-projection-review-04/work/poc/canonical_copy.py"
 },
 "P3-bytecode-only-governed-module": {
  "outcome": "refused",
  "error": "ImportError: BYTECODE-ONLY-MODULE-REFUSED /tmp/opensip-implementation/m1-report-projection-review-04/work/poc/bconly.pyc"
 },
 "P4-undeclared-governed-write": {
  "outcome": "refused",
  "error": "RuntimeError: UNDECLARED-WRITE /tmp/opensip-implementation/m1-report-projection-review-04/work/poc/undeclared.txt"
 },
 "P5a-declared-out-write": {
  "outcome": "allowed",
  "value": "written"
 },
 "P5b-declared-out-read": {
  "outcome": "refused",
  "error": "RuntimeError: DECLARED-OUT-READ /tmp/opensip-implementation/m1-report-projection-review-04/work/probes/closure_poc_declared_out.json"
 },
 "P6a-subprocess": {
  "outcome": "refused",
  "error": "RuntimeError: CHILD-PROCESS-REFUSED subprocess.Popen"
 },
 "P6b-os-system": {
  "outcome": "refused",
  "error": "RuntimeError: CHILD-PROCESS-REFUSED os.system"
 },
 "P6c-fork": {
  "outcome": "refused",
  "error": "RuntimeError: not attempted: fork would duplicate the test process"
 },
 "P7-simulated-pin-drift-at-open": {
  "outcome": "refused",
  "error": "RuntimeError: CLOSURE-PIN-DRIFT-AT-OPEN /Users/sb/code/opensip-ai/opensip_arch/docs/coop/design-corrections/foundation/canonical.py"
 },
 "P8-simulated-listing-drift-at-listing": {
  "outcome": "refused",
  "error": "RuntimeError: CLOSURE-LISTING-DRIFT-AT-LISTING /Users/sb/code/opensip-ai/opensip_arch/docs/implementation/m1/metadata-v2"
 },
 "P9-case-variant-alias-read-of-unpinned-arch-file": {
  "outcome": "allowed",
  "value": {
   "bytes": 16352,
   "aliasExists": true
  }
 },
 "P9-control-canonical-path-read-of-same-unpinned-file": {
  "outcome": "refused",
  "error": "RuntimeError: UNPINNED-LOAD /Users/sb/code/opensip-ai/opensip_arch/docs/implementation/README.md"
 },
 "P10-dotdot-path-read-of-unpinned-file": {
  "outcome": "refused",
  "error": "RuntimeError: UNPINNED-LOAD /Users/sb/code/opensip-ai/opensip_arch/docs/implementation/README.md"
 },
 "counts": {
  "rehashedOpens": 1,
  "listingRecomputes": 0,
  "verifiedSourceCompiles": 1,
  "declaredOutWrites": 1
 }
}
