{
 "passed": true,
 "subjectFiles": 17,
 "subjectManifestSha256": "c66c1e34ba8710cebc5b9a20bbdae6dd789f7b1dbc7b3a9b72e9c350b9a39a37",
 "externalPins": {
  "files": 79,
  "directoryListings": 2
 },
 "projectionSchemaSha256": "32b2bc0ef79d1c16efd0aa4ec5bc340aa732610ff5850224cc5bf54c17e27747",
 "closure": {
  "rehashedOpens": 1421,
  "listingRecomputes": 2,
  "verifiedSourceCompiles": 20,
  "declaredOutWrites": 0,
  "freshSourceLoader": true,
  "childProcesses": 0,
  "declaredOut": "/tmp/opensip-implementation/m1-report-projection-review-04/work/probes/trace-declared-out.json",
  "hostTrust": "filesystem, interpreter, reference environment and the start-time pin file are trusted; a concurrent writer between verification and consuming read is not excluded"
 },
 "bytecodeDemo": {
  "stockLoaderWithAdjacentCache": "stale-bytecode",
  "enforcedLoader": "verified-source",
  "pycachePrefixDuringRun": "/nonexistent-opensip-report-projection-pycache"
 },
 "successorCompatibility": {
  "envelope5RestoresEnvelope4": true,
  "inventorySchema5RestoresSchema4": true,
  "inventory5RestoresInventory4": true,
  "fitEphemeralFlagJoinUnchanged": true,
  "metadataCasesThroughEnvelope5": 43,
  "historicalMetadataChecker": {
   "mode": "in-process under the closure hook and fresh-source loader; no child process",
   "passed": true,
   "cases": 43,
   "schemasVerified": 28
  }
 },
 "coverageOverlay": {
  "rowsRechecked": 323,
  "rowChanges": 28,
  "rowAdditions": 1,
  "reviewIssueAdditions": 12,
  "ownedValidatorUnscoped": {
   "base": "Missing/extra module milestone prerequisite",
   "overlay": "Missing/extra module milestone prerequisite"
  },
  "scopedWorkaround": {
   "crates/reporting/src/assets.rs": "M1"
  },
  "ownedValidatorScoped": {
   "base": "valid",
   "overlay": "valid"
  },
  "reviewC2ControlWithoutFitParityFields": "Command metadata drift",
  "historicalCoverageBytesUnchanged": true
 },
 "designObligations": {
  "count": 12,
  "reportDesignBlockers": [
   "RP-DO-01",
   "RP-DO-03",
   "RP-DO-04",
   "RP-DO-05",
   "RP-DO-06",
   "RP-DO-07",
   "RP-DO-08",
   "RP-DO-09",
   "RP-DO-10",
   "RP-DO-11",
   "RP-DO-12"
  ],
  "ownerEvidence": {
   "F03-unit-membership-owned": true,
   "F05-entry-points-owned-natively": true,
   "R14-run-show-operation-exists": true,
   "R03-no-owned-duration-member": true
  }
 },
 "reviewCounterexamples": {
  "RPR3-1/G1": "J-GRAPH-COUNT",
  "RPR3-1/G1-truncated-page": "J-GRAPH-COUNT",
  "RPR3-1/G2": "J-GRAPH-COUNT",
  "RPR3-1/G3": "J-GRAPH-COUNT",
  "RPR3-2/B1": "accept",
  "RPR3-2/B1-control": "accept",
  "RPR3-2/maximal-legal": "accept",
  "RPR3-3/D1-document": "J-LEDGER-AGGREGATE",
  "RPR3-3/D2": "J-LEDGER-CANCELLATION",
  "A1/S1": "J-SLOT-RESOLUTION-CONTRADICTED",
  "A1/S1-uncontradicted": "accept",
  "A2/H1": "accept",
  "prior/Q1": "J-ENV-FIT-PAGE",
  "prior/S2": "J-GRAPH-COUNT",
  "prior/Q7b": "CODEC-DEPTH",
  "RPR3-3/D1-aggregate": "operational-failed",
  "RPR3-3/D2-aggregate": "J-LEDGER-CANCELLATION",
  "RPR3-5/C2-control": "Command metadata drift"
 },
 "deliveryGoldens": {
  "rows": 28,
  "formats": [
   "human",
   "json",
   "agent",
   "html"
  ],
  "scenarios": {
   "fit-query-refused-render-written": {
    "class": "request-rejected",
    "detail": "QUERY.VIEW_UNKNOWN",
    "exitCode": 2,
    "renderAttempts": 1,
    "delivered": true
   },
   "fit-query-refused-required-render-failed": {
    "class": "operational-failed",
    "detail": "DELIVERY.RENDERER_FAILED_AFTER_COMMIT",
    "exitCode": 4,
    "renderAttempts": 1,
    "delivered": false
   },
   "fit-query-refused-optional-render-failed": {
    "class": "request-rejected",
    "detail": "QUERY.VIEW_UNKNOWN",
    "exitCode": 2,
    "renderAttempts": 1,
    "delivered": false
   },
   "fit-query-refused-no-render-selected": {
    "class": "request-rejected",
    "detail": "QUERY.VIEW_UNKNOWN",
    "exitCode": 2,
    "renderAttempts": 0,
    "delivered": false
   },
   "fit-query-io-failed-required-render-failed-tie": {
    "class": "operational-failed",
    "detail": "evidence.purged",
    "exitCode": 4,
    "renderAttempts": 1,
    "delivered": false
   },
   "candidates-no-run-query-refused-required-render-failed": {
    "class": "operational-failed",
    "detail": "DELIVERY.REQUIRED_PROJECTION_FAILED",
    "exitCode": 4,
    "renderAttempts": 1,
    "delivered": false
   },
   "fit-signal-during-required-render-before-settle": {
    "class": "interrupted",
    "detail": null,
    "exitCode": 130,
    "renderAttempts": 1,
    "delivered": false
   }
  }
 },
 "aggregateCases": [
  [
   "fit-success",
   "success"
  ],
  [
   "fit-policy-failed-query-success",
   "policy-failed"
  ],
  [
   "review-D1-query-refused-then-required-render-failed",
   "operational-failed"
  ],
  [
   "query-refused-then-optional-render-failed",
   "request-rejected"
  ],
  [
   "operational-tie-keeps-first-detail",
   "operational-failed"
  ],
  [
   "cancel-before-settle-after-commit",
   "interrupted"
  ],
  [
   "cancel-before-settle-no-commit",
   "interrupted"
  ],
  [
   "cancel-after-settle-not-reclassified",
   "policy-failed"
  ],
  [
   "review-D2-interrupted-without-cancellation",
   "J-LEDGER-CANCELLATION"
  ],
  [
   "interrupted-termination-completed-outcome",
   "J-LEDGER-CANCELLATION"
  ],
  [
   "after-settle-with-unsettled-required-step",
   "J-LEDGER-CANCELLATION"
  ],
  [
   "after-settle-claimed-during-required-render",
   "J-LEDGER-CANCELLATION"
  ],
  [
   "before-settle-claimed-when-all-settled",
   "J-LEDGER-CANCELLATION"
  ],
  [
   "cancelled-step-signal-differs-from-carrier",
   "J-LEDGER-CANCELLATION"
  ]
 ],
 "graphPageLawControls": [
  {
   "control": "truncated-bound-last-page",
   "coverage": "truncated-bound",
   "countBasis": "lower-bound",
   "items": 3,
   "cursor": false,
   "continuation": "operation-truncated-no-continuation",
   "lawUnderTestBounds": "lawful",
   "lawUnderPublicBounds": "lower-bound without a reached produced/visited cap"
  },
  {
   "control": "lower-bound-truncated-page",
   "coverage": "truncated-page",
   "countBasis": "lower-bound",
   "items": 2,
   "cursor": true,
   "continuation": "not-embedded",
   "lawUnderTestBounds": "lawful",
   "lawUnderPublicBounds": "lower-bound without a reached produced/visited cap"
  },
  {
   "control": "exactly-at-cap-complete",
   "coverage": "complete",
   "countBasis": "exact",
   "items": 1,
   "cursor": false,
   "continuation": "complete-page-set",
   "lawUnderTestBounds": "lawful",
   "lawUnderPublicBounds": "lawful"
  }
 ],
 "byteLawScenario": {
  "deterministic": true,
  "effectiveExplorationBudget": 4194304,
  "reissuedPageSizes": [
   100,
   50,
   25,
   25,
   25,
   25,
   25,
   100,
   100,
   50,
   25,
   25,
   25,
   25,
   25,
   100
  ],
  "embeddedPagesEqualFreshOwnerAnswers": true,
  "documentAdmits": true,
  "panelsBytes": 4193608,
  "evidence": {
   "total": 2000,
   "omitted": 0,
   "omissionCause": "none"
  },
  "slots": [
   [
    "neighborhood",
    25,
    25,
    "byte-budget-reduced"
   ],
   [
    "neighborhood",
    100,
    0,
    "ladder-first"
   ],
   [
    "reach",
    25,
    25,
    "byte-budget-reduced"
   ],
   [
    "path",
    100,
    1,
    "ladder-first"
   ]
  ],
  "slotsProjection": {
   "total": 4,
   "omitted": 0,
   "omissionCause": "none"
  },
  "historyProjections": [
   {
    "total": 3000,
    "omitted": 2759,
    "omissionCause": "byte-budget",
    "rejectedByteDelta": 711
   },
   {
    "total": 3000,
    "omitted": 3000,
    "omissionCause": "byte-budget",
    "rejectedByteDelta": 710
   }
  ]
 },
 "worstCase": {
  "label": "owner-schema-valid constructions answered by the mock owner under the query contract; sizes only, not performance",
  "FindingSurface": 49889,
  "worstFindingsWithinEnvelopeCodec": 84,
  "neighborRow": 33135,
  "neighborPage100Bytes": 3314581,
  "neighborPageFitsOwnerCodec": true,
  "path64HopResponseBytes": 3223336,
  "path64HopFitsExplorationCap": true
 },
 "derivations": {
  "maxEmbeddingGain": 6,
  "subjectIndexBound": 1034,
  "documentMaxBytes": 27827964,
  "ledgerMaxBytes": 19435937,
  "stepTerminationStructuralMaxBytes": 6476835
 }
}
reportCases: 146 accepted: 25 envelopeCases: 22
