{
  "schemaVersion": 1,
  "tool": {
    "name": "check-boundary",
    "version": "0.10.0-root-candidate",
    "typescript": "6.0.3",
    "node": "v24.16.0"
  },
  "lane": {
    "package": "report",
    "packageRoot": "apps/report",
    "standing": "bound",
    "policy": "report",
    "groups": [
      {
        "name": "browser-runtime",
        "platform": "browser",
        "runtimeClasses": [
          "dependencies",
          "optionalDependencies",
          "peerDependencies"
        ]
      },
      {
        "name": "node-build-scripts",
        "platform": "node",
        "runtimeClasses": [
          "dependencies",
          "optionalDependencies",
          "peerDependencies",
          "devDependencies"
        ]
      }
    ]
  },
  "inventoryBinding": {
    "designLockSha256": "311349cc0d8daafe8fe7134277583e6ba0be2fc2c7d0153f00d7fa94be2aced1",
    "selectedInventory": {
      "path": "docs/implementation/m1/repository-file-inventory.v9.json",
      "bytes": 120724,
      "sha256": "75e5210ab15b7dae14b0c9c15838aeeb5f6c692f7cbf7fcb87f68e9385f958e2"
    },
    "inventoryStanding": "PROPOSED additive platform build guard/test responsibilities; all accepted parent rows and package policy preserved",
    "pinsVerified": [
      "parent",
      "candidate",
      "record",
      "review",
      "assent"
    ],
    "inventorySuccessorsVerified": 7,
    "acceptanceChain": "pins verified by bytes; review/assent semantics are owned by tools/verify_design.py and are not re-evaluated here",
    "inventoryRowsPresentUndeclared": [],
    "inputsWithoutInventoryRow": []
  },
  "topology": {
    "kind": "npm",
    "lockfile": "apps/report/package-lock.json",
    "lockfileSha256": "b066340168324436e4a552d2a4fa83a305500eeebfd59232125a37d6f3310837"
  },
  "passed": true,
  "refusals": [],
  "selectedToolPolicy": null,
  "trustedUsagesApplied": [],
  "edges": [],
  "stats": {
    "verifiedGeneratedFiles": 0,
    "edges": 0,
    "milliseconds": 323,
    "maxRssBytes": 342622208
  },
  "sourcePurityQualified": false,
  "dependencyClosureQualified": false,
  "limits": [
    "Static literal module requests only; no module is executed. Computed loaders are refused unless an exact trusted-usage record matches; eval/Function are refused in lane sources only.",
    "Existing generated JavaScript is recognized only when regular-file bytes equal the selected compiler emission from declared inputs. Changed, linked and unexpected outputs remain undeclared; no output-directory exemption.",
    "Build graph: TypeScript 6.0.3 resolution with the lane tsconfig (allowJs forced on, emit forced for analysis). It does not prove runtime resolvability.",
    "Node runtime graph: Node 24 non-executing resolution of TypeScript-emitted or materialized JavaScript. Load-time failures other than missing files, directory imports and node_modules type stripping are not modelled.",
    "Browser runtime graph: proposed esbuild0.28.2 explicit browser recipe; tool-owned inert bodies prevent dependency execution. Physical ownership and query/fragment suffix are separate. External plugin/config execution is not selected. Tool/bootstrap/source selection remains pending.",
    "AMD calls inside materialized dependencies of Node groups are treated as inert (no AMD loader) and are not followed.",
    "Inventory binding verifies design-lock pins only; the acceptance chain is owned by tools/verify_design.py."
  ]
}
{
  "schemaVersion": 1,
  "tool": {
    "name": "check-boundary",
    "version": "0.10.0-root-candidate",
    "typescript": "6.0.3",
    "node": "v24.16.0"
  },
  "lane": {
    "package": "typescript-provider",
    "packageRoot": "providers/typescript",
    "standing": "bound",
    "policy": "typescript-provider",
    "groups": [
      {
        "name": "node-build-scripts",
        "platform": "node",
        "runtimeClasses": [
          "dependencies",
          "optionalDependencies",
          "peerDependencies",
          "devDependencies"
        ]
      },
      {
        "name": "node-provider-runtime",
        "platform": "node",
        "runtimeClasses": [
          "dependencies",
          "optionalDependencies",
          "peerDependencies"
        ]
      }
    ]
  },
  "inventoryBinding": {
    "designLockSha256": "311349cc0d8daafe8fe7134277583e6ba0be2fc2c7d0153f00d7fa94be2aced1",
    "selectedInventory": {
      "path": "docs/implementation/m1/repository-file-inventory.v9.json",
      "bytes": 120724,
      "sha256": "75e5210ab15b7dae14b0c9c15838aeeb5f6c692f7cbf7fcb87f68e9385f958e2"
    },
    "inventoryStanding": "PROPOSED additive platform build guard/test responsibilities; all accepted parent rows and package policy preserved",
    "pinsVerified": [
      "parent",
      "candidate",
      "record",
      "review",
      "assent"
    ],
    "inventorySuccessorsVerified": 7,
    "acceptanceChain": "pins verified by bytes; review/assent semantics are owned by tools/verify_design.py and are not re-evaluated here",
    "inventoryRowsPresentUndeclared": [],
    "inputsWithoutInventoryRow": []
  },
  "topology": {
    "kind": "npm",
    "lockfile": "providers/typescript/package-lock.json",
    "lockfileSha256": "79df642a9abc7e3e4e61373751d4ba819066e3a873a56b08e590650516e920c4"
  },
  "passed": true,
  "refusals": [],
  "selectedToolPolicy": null,
  "trustedUsagesApplied": [],
  "edges": [],
  "stats": {
    "verifiedGeneratedFiles": 0,
    "edges": 0,
    "milliseconds": 88,
    "maxRssBytes": 158728192
  },
  "sourcePurityQualified": false,
  "dependencyClosureQualified": false,
  "limits": [
    "Static literal module requests only; no module is executed. Computed loaders are refused unless an exact trusted-usage record matches; eval/Function are refused in lane sources only.",
    "Existing generated JavaScript is recognized only when regular-file bytes equal the selected compiler emission from declared inputs. Changed, linked and unexpected outputs remain undeclared; no output-directory exemption.",
    "Build graph: TypeScript 6.0.3 resolution with the lane tsconfig (allowJs forced on, emit forced for analysis). It does not prove runtime resolvability.",
    "Node runtime graph: Node 24 non-executing resolution of TypeScript-emitted or materialized JavaScript. Load-time failures other than missing files, directory imports and node_modules type stripping are not modelled.",
    "Browser runtime graph: proposed esbuild0.28.2 explicit browser recipe; tool-owned inert bodies prevent dependency execution. Physical ownership and query/fragment suffix are separate. External plugin/config execution is not selected. Tool/bootstrap/source selection remains pending.",
    "AMD calls inside materialized dependencies of Node groups are treated as inert (no AMD loader) and are not followed.",
    "Inventory binding verifies design-lock pins only; the acceptance chain is owned by tools/verify_design.py."
  ]
}
{
  "schemaVersion": 1,
  "tool": {
    "name": "check-boundary",
    "version": "0.10.0-root-candidate",
    "typescript": "6.0.3",
    "node": "v24.16.0"
  },
  "lane": {
    "package": "tooling",
    "packageRoot": "tools/contracts",
    "standing": "bound",
    "policy": "tooling",
    "groups": [
      {
        "name": "node-tooling",
        "platform": "node",
        "runtimeClasses": [
          "dependencies",
          "optionalDependencies",
          "peerDependencies",
          "devDependencies"
        ]
      }
    ]
  },
  "inventoryBinding": {
    "designLockSha256": "311349cc0d8daafe8fe7134277583e6ba0be2fc2c7d0153f00d7fa94be2aced1",
    "selectedInventory": {
      "path": "docs/implementation/m1/repository-file-inventory.v9.json",
      "bytes": 120724,
      "sha256": "75e5210ab15b7dae14b0c9c15838aeeb5f6c692f7cbf7fcb87f68e9385f958e2"
    },
    "inventoryStanding": "PROPOSED additive platform build guard/test responsibilities; all accepted parent rows and package policy preserved",
    "pinsVerified": [
      "parent",
      "candidate",
      "record",
      "review",
      "assent"
    ],
    "inventorySuccessorsVerified": 7,
    "acceptanceChain": "pins verified by bytes; review/assent semantics are owned by tools/verify_design.py and are not re-evaluated here",
    "inventoryRowsPresentUndeclared": [],
    "inputsWithoutInventoryRow": []
  },
  "topology": {
    "kind": "npm",
    "lockfile": "tools/contracts/package-lock.json",
    "lockfileSha256": "6829272b59645fedb7511dfb95fbb59ebc2c16e46dad6c10a7d24578dd078f03"
  },
  "passed": true,
  "refusals": [],
  "selectedToolPolicy": {
    "pin": {
      "path": "docs/implementation/m1/generator-selection-v2/generator-loader-policy.json",
      "bytes": 4727,
      "sha256": "006fbc14b52fe3f18b4cc14b4df6cdcdcc5a2cd59790d16828ff7b08921948d9"
    },
    "acceptanceChain": "Selected member and input bytes verified; tools/verify_design.py owns approval-chain validation.",
    "unfollowedDynamicLoaders": [
      {
        "file": "tools/contracts/node_modules/typescript/lib/typescript.js",
        "line": 8405,
        "column": 28,
        "limitation": "reviewed-tool-code-outside-statically-enumerated-closure"
      }
    ]
  },
  "trustedUsagesApplied": [
    {
      "kind": "dynamic-loader",
      "file": "tools/contracts/validate-schemas.cjs",
      "sha256": "e6c8b8dc3a5815b3c695e80f045ea854134aee39418d4b7066589a40b2fbf7e0",
      "line": 13,
      "column": 15,
      "text": "require(file)",
      "reason": "Owned schema guard loads only its freshly written CommonJS transpilation of these three exact selected runtime source files. Snapshot/compiler/transformation are separately pinned and confined; this record enumerates source targets, not arbitrary filesystem module paths.",
      "targets": [
        "tools/contracts/runtime/exact-json.ts",
        "tools/contracts/runtime/patterns.ts",
        "tools/contracts/runtime/schema.ts"
      ]
    },
    {
      "kind": "dynamic-loader",
      "file": "tools/contracts/node_modules/typescript/lib/typescript.js",
      "sha256": "569177652966bd528c319171c7dd22860dbf72bde116cbc4f644f1d02bb12e39",
      "line": 8405,
      "column": 28,
      "text": "require(modulePath)",
      "reason": "Pinned trusted TypeScript compiler sys.require helper remains outside statically enumerated closure. Generator controller does not authorize repository plugins; explicit runtime confinement and source snapshot remain separately required.",
      "targets": []
    },
    {
      "kind": "optional-unresolved",
      "file": "tools/contracts/node_modules/typescript/lib/typescript.js",
      "sha256": "569177652966bd528c319171c7dd22860dbf72bde116cbc4f644f1d02bb12e39",
      "line": 8384,
      "column": 19,
      "text": "\"source-map-support\"",
      "request": "source-map-support",
      "mode": "require",
      "reason": "Pinned TypeScript compiler optional source-map support is guarded by try/catch. It is deliberately not installed in this isolated generator dependency lane; no product runtime dependency exception."
    }
  ],
  "edges": [
    {
      "graph": "build",
      "group": "node-tooling",
      "from": "tools/contracts/render-types.cjs",
      "kind": "require",
      "request": "typescript",
      "line": 3,
      "column": 20,
      "typeOnly": false,
      "typeChecked": false,
      "mode": "require",
      "resolved": "tools/contracts/node_modules/typescript/lib/typescript.d.ts"
    },
    {
      "graph": "build",
      "group": "node-tooling",
      "from": "tools/contracts/assemble-native.cjs",
      "kind": "require",
      "request": "node:fs",
      "line": 2,
      "column": 20,
      "typeOnly": false,
      "typeChecked": false,
      "core": true,
      "coreModule": "node:fs"
    },
    {
      "graph": "build",
      "group": "node-tooling",
      "from": "tools/contracts/assemble-native.cjs",
      "kind": "require",
      "request": "node:path",
      "line": 3,
      "column": 22,
      "typeOnly": false,
      "typeChecked": false,
      "core": true,
      "coreModule": "node:path"
    },
    {
      "graph": "build",
      "group": "node-tooling",
      "from": "tools/contracts/assemble-native.cjs",
      "kind": "require",
      "request": "typescript",
      "line": 6,
      "column": 20,
      "typeOnly": false,
      "typeChecked": false,
      "mode": "require",
      "resolved": "tools/contracts/node_modules/typescript/lib/typescript.d.ts"
    },
    {
      "graph": "build",
      "group": "node-tooling",
      "from": "tools/contracts/assemble-native.cjs",
      "kind": "require",
      "request": "./render-types.cjs",
      "line": 7,
      "column": 31,
      "typeOnly": false,
      "typeChecked": false,
      "mode": "require",
      "resolved": "tools/contracts/render-types.cjs"
    },
    {
      "graph": "build",
      "group": "node-tooling",
      "from": "tools/contracts/generate-ts.cjs",
      "kind": "require",
      "request": "node:fs",
      "line": 2,
      "column": 20,
      "typeOnly": false,
      "typeChecked": false,
      "core": true,
      "coreModule": "node:fs"
    },
    {
      "graph": "build",
      "group": "node-tooling",
      "from": "tools/contracts/generate-ts.cjs",
      "kind": "require",
      "request": "node:path",
      "line": 3,
      "column": 22,
      "typeOnly": false,
      "typeChecked": false,
      "core": true,
      "coreModule": "node:path"
    },
    {
      "graph": "build",
      "group": "node-tooling",
      "from": "tools/contracts/generate-ts.cjs",
      "kind": "require",
      "request": "./render-types.cjs",
      "line": 4,
      "column": 31,
      "typeOnly": false,
      "typeChecked": false,
      "mode": "require",
      "resolved": "tools/contracts/render-types.cjs"
    },
    {
      "graph": "build",
      "group": "node-tooling",
      "from": "tools/contracts/runtime/schema.ts",
      "kind": "import",
      "request": "./patterns.js",
      "line": 2,
      "column": 33,
      "typeOnly": false,
      "typeChecked": true,
      "mode": "import",
      "resolved": "tools/contracts/runtime/patterns.ts"
    },
    {
      "graph": "build",
      "group": "node-tooling",
      "from": "tools/contracts/runtime/schema.ts",
      "kind": "import",
      "request": "./exact-json.js",
      "line": 3,
      "column": 98,
      "typeOnly": false,
      "typeChecked": true,
      "mode": "import",
      "resolved": "tools/contracts/runtime/exact-json.ts"
    },
    {
      "graph": "build",
      "group": "node-tooling",
      "from": "tools/contracts/validate-schemas.cjs",
      "kind": "require",
      "request": "node:fs",
      "line": 3,
      "column": 18,
      "typeOnly": false,
      "typeChecked": false,
      "core": true,
      "coreModule": "node:fs"
    },
    {
      "graph": "build",
      "group": "node-tooling",
      "from": "tools/contracts/validate-schemas.cjs",
      "kind": "require",
      "request": "node:path",
      "line": 4,
      "column": 20,
      "typeOnly": false,
      "typeChecked": false,
      "core": true,
      "coreModule": "node:path"
    },
    {
      "graph": "build",
      "group": "node-tooling",
      "from": "tools/contracts/validate-schemas.cjs",
      "kind": "require",
      "request": "typescript",
      "line": 5,
      "column": 18,
      "typeOnly": false,
      "typeChecked": false,
      "mode": "require",
      "resolved": "tools/contracts/node_modules/typescript/lib/typescript.d.ts"
    },
    {
      "graph": "runtime",
      "group": "node-tooling",
      "from": "tools/contracts/assemble-native.cjs",
      "kind": "require",
      "request": "node:fs",
      "mode": "require",
      "line": 2,
      "column": 20,
      "text": "'node:fs'",
      "guarded": false,
      "core": true,
      "coreModule": "node:fs"
    },
    {
      "graph": "runtime",
      "group": "node-tooling",
      "from": "tools/contracts/assemble-native.cjs",
      "kind": "require",
      "request": "node:path",
      "mode": "require",
      "line": 3,
      "column": 22,
      "text": "'node:path'",
      "guarded": false,
      "core": true,
      "coreModule": "node:path"
    },
    {
      "graph": "runtime",
      "group": "node-tooling",
      "from": "tools/contracts/assemble-native.cjs",
      "kind": "require",
      "request": "typescript",
      "mode": "require",
      "line": 6,
      "column": 20,
      "text": "'typescript'",
      "guarded": false,
      "resolved": "tools/contracts/node_modules/typescript/lib/typescript.js"
    },
    {
      "graph": "runtime",
      "group": "node-tooling",
      "from": "tools/contracts/assemble-native.cjs",
      "kind": "require",
      "request": "./render-types.cjs",
      "mode": "require",
      "line": 7,
      "column": 31,
      "text": "'./render-types.cjs'",
      "guarded": false,
      "resolved": "tools/contracts/render-types.cjs"
    },
    {
      "graph": "runtime",
      "group": "node-tooling",
      "from": "tools/contracts/generate-ts.cjs",
      "kind": "require",
      "request": "node:fs",
      "mode": "require",
      "line": 2,
      "column": 20,
      "text": "'node:fs'",
      "guarded": false,
      "core": true,
      "coreModule": "node:fs"
    },
    {
      "graph": "runtime",
      "group": "node-tooling",
      "from": "tools/contracts/generate-ts.cjs",
      "kind": "require",
      "request": "node:path",
      "mode": "require",
      "line": 3,
      "column": 22,
      "text": "'node:path'",
      "guarded": false,
      "core": true,
      "coreModule": "node:path"
    },
    {
      "graph": "runtime",
      "group": "node-tooling",
      "from": "tools/contracts/generate-ts.cjs",
      "kind": "require",
      "request": "./render-types.cjs",
      "mode": "require",
      "line": 4,
      "column": 31,
      "text": "'./render-types.cjs'",
      "guarded": false,
      "resolved": "tools/contracts/render-types.cjs"
    },
    {
      "graph": "runtime",
      "group": "node-tooling",
      "from": "tools/contracts/render-types.cjs",
      "kind": "require",
      "request": "typescript",
      "mode": "require",
      "line": 3,
      "column": 20,
      "text": "'typescript'",
      "guarded": false,
      "resolved": "tools/contracts/node_modules/typescript/lib/typescript.js"
    },
    {
      "graph": "runtime",
      "group": "node-tooling",
      "from": "tools/contracts/runtime/schema.ts",
      "kind": "import",
      "request": "./patterns.js",
      "mode": "import",
      "line": 2,
      "column": 33,
      "text": "\"./patterns.js\"",
      "guarded": false,
      "emittedOutput": "tools/contracts/dist/runtime/patterns.js",
      "resolved": "tools/contracts/runtime/patterns.ts"
    },
    {
      "graph": "runtime",
      "group": "node-tooling",
      "from": "tools/contracts/runtime/schema.ts",
      "kind": "import",
      "request": "./exact-json.js",
      "mode": "import",
      "line": 3,
      "column": 87,
      "text": "\"./exact-json.js\"",
      "guarded": false,
      "emittedOutput": "tools/contracts/dist/runtime/exact-json.js",
      "resolved": "tools/contracts/runtime/exact-json.ts"
    },
    {
      "graph": "runtime",
      "group": "node-tooling",
      "from": "tools/contracts/validate-schemas.cjs",
      "kind": "trusted-dynamic-loader",
      "request": "tools/contracts/runtime/exact-json.ts",
      "line": 13,
      "column": 15,
      "resolved": "tools/contracts/runtime/exact-json.ts"
    },
    {
      "graph": "runtime",
      "group": "node-tooling",
      "from": "tools/contracts/validate-schemas.cjs",
      "kind": "trusted-dynamic-loader",
      "request": "tools/contracts/runtime/patterns.ts",
      "line": 13,
      "column": 15,
      "resolved": "tools/contracts/runtime/patterns.ts"
    },
    {
      "graph": "runtime",
      "group": "node-tooling",
      "from": "tools/contracts/validate-schemas.cjs",
      "kind": "trusted-dynamic-loader",
      "request": "tools/contracts/runtime/schema.ts",
      "line": 13,
      "column": 15,
      "resolved": "tools/contracts/runtime/schema.ts"
    },
    {
      "graph": "runtime",
      "group": "node-tooling",
      "from": "tools/contracts/validate-schemas.cjs",
      "kind": "require",
      "request": "node:fs",
      "mode": "require",
      "line": 3,
      "column": 18,
      "text": "'node:fs'",
      "guarded": false,
      "core": true,
      "coreModule": "node:fs"
    },
    {
      "graph": "runtime",
      "group": "node-tooling",
      "from": "tools/contracts/validate-schemas.cjs",
      "kind": "require",
      "request": "node:path",
      "mode": "require",
      "line": 4,
      "column": 20,
      "text": "'node:path'",
      "guarded": false,
      "core": true,
      "coreModule": "node:path"
    },
    {
      "graph": "runtime",
      "group": "node-tooling",
      "from": "tools/contracts/validate-schemas.cjs",
      "kind": "require",
      "request": "typescript",
      "mode": "require",
      "line": 5,
      "column": 18,
      "text": "'typescript'",
      "guarded": false,
      "resolved": "tools/contracts/node_modules/typescript/lib/typescript.js"
    },
    {
      "graph": "runtime",
      "group": "node-tooling",
      "from": "tools/contracts/node_modules/typescript/lib/typescript.js",
      "kind": "require",
      "request": "perf_hooks",
      "mode": "require",
      "line": 5089,
      "column": 53,
      "text": "\"perf_hooks\"",
      "guarded": true,
      "core": true,
      "coreModule": "perf_hooks"
    },
    {
      "graph": "runtime",
      "group": "node-tooling",
      "from": "tools/contracts/node_modules/typescript/lib/typescript.js",
      "kind": "require",
      "request": "fs",
      "mode": "require",
      "line": 5271,
      "column": 22,
      "text": "\"fs\"",
      "guarded": true,
      "core": true,
      "coreModule": "fs"
    },
    {
      "graph": "runtime",
      "group": "node-tooling",
      "from": "tools/contracts/node_modules/typescript/lib/typescript.js",
      "kind": "require",
      "request": "fs",
      "mode": "require",
      "line": 8273,
      "column": 25,
      "text": "\"fs\"",
      "guarded": false,
      "core": true,
      "coreModule": "fs"
    },
    {
      "graph": "runtime",
      "group": "node-tooling",
      "from": "tools/contracts/node_modules/typescript/lib/typescript.js",
      "kind": "require",
      "request": "path",
      "mode": "require",
      "line": 8274,
      "column": 27,
      "text": "\"path\"",
      "guarded": false,
      "core": true,
      "coreModule": "path"
    },
    {
      "graph": "runtime",
      "group": "node-tooling",
      "from": "tools/contracts/node_modules/typescript/lib/typescript.js",
      "kind": "require",
      "request": "os",
      "mode": "require",
      "line": 8275,
      "column": 25,
      "text": "\"os\"",
      "guarded": false,
      "core": true,
      "coreModule": "os"
    },
    {
      "graph": "runtime",
      "group": "node-tooling",
      "from": "tools/contracts/node_modules/typescript/lib/typescript.js",
      "kind": "require",
      "request": "crypto",
      "mode": "require",
      "line": 8278,
      "column": 25,
      "text": "\"crypto\"",
      "guarded": true,
      "core": true,
      "coreModule": "crypto"
    },
    {
      "graph": "runtime",
      "group": "node-tooling",
      "from": "tools/contracts/node_modules/typescript/lib/typescript.js",
      "kind": "require",
      "request": "source-map-support",
      "mode": "require",
      "line": 8384,
      "column": 19,
      "text": "\"source-map-support\"",
      "guarded": true,
      "error": "MODULE_NOT_FOUND"
    },
    {
      "graph": "runtime",
      "group": "node-tooling",
      "from": "tools/contracts/node_modules/typescript/lib/typescript.js",
      "kind": "require",
      "request": "inspector",
      "mode": "require",
      "line": 8424,
      "column": 33,
      "text": "\"inspector\"",
      "guarded": false,
      "core": true,
      "coreModule": "inspector"
    },
    {
      "graph": "runtime",
      "group": "node-tooling",
      "from": "tools/contracts/render-types.cjs",
      "kind": "require",
      "request": "typescript",
      "mode": "require",
      "line": 3,
      "column": 20,
      "text": "'typescript'",
      "guarded": false,
      "resolved": "tools/contracts/node_modules/typescript/lib/typescript.js"
    }
  ],
  "stats": {
    "verifiedGeneratedFiles": 0,
    "edges": 38,
    "milliseconds": 1089,
    "maxRssBytes": 607617024
  },
  "sourcePurityQualified": false,
  "dependencyClosureQualified": false,
  "limits": [
    "Static literal module requests only; no module is executed. Computed loaders are refused unless an exact trusted-usage record matches; eval/Function are refused in lane sources only.",
    "Existing generated JavaScript is recognized only when regular-file bytes equal the selected compiler emission from declared inputs. Changed, linked and unexpected outputs remain undeclared; no output-directory exemption.",
    "Build graph: TypeScript 6.0.3 resolution with the lane tsconfig (allowJs forced on, emit forced for analysis). It does not prove runtime resolvability.",
    "Node runtime graph: Node 24 non-executing resolution of TypeScript-emitted or materialized JavaScript. Load-time failures other than missing files, directory imports and node_modules type stripping are not modelled.",
    "Browser runtime graph: proposed esbuild0.28.2 explicit browser recipe; tool-owned inert bodies prevent dependency execution. Physical ownership and query/fragment suffix are separate. External plugin/config execution is not selected. Tool/bootstrap/source selection remains pending.",
    "AMD calls inside materialized dependencies of Node groups are treated as inert (no AMD loader) and are not followed.",
    "Inventory binding verifies design-lock pins only; the acceptance chain is owned by tools/verify_design.py."
  ]
}
{"passed": true, "lanes": [{"lane": "report", "exitCode": 0}, {"lane": "provider", "exitCode": 0}, {"lane": "generator", "exitCode": 0}], "registrySha256": "7a4f4459976a3d97d8833ab28b98063631c36c215c7fc0d9e6a02cdb9b51e516", "standing": "Selected developer boundary checks; unresolved loader limitations remain in checker output."}
