{"checks": 1334, "passed": 1310, "failed": 24}
FAIL import.mirror-verdicts-agree.wrapper.blobs-empty foundation=True () workflow=False ([] should be non-empty)
FAIL import.mirror-verdict-expected.wrapper.blobs-empty expected False, foundation=True workflow=False
FAIL import.mirror-verdicts-agree.wrapper.blobs-over-max foundation=True () workflow=False ([{'path': 'm/00000', 'sha256': '0000000000000000000000000000000000000000000000000000000000000000', 'bytes': 10}, {'path': 'm/00001', 'sha256': '00000000000000000000000000000000000000000000000000000000)
FAIL import.mirror-verdict-expected.wrapper.blobs-over-max expected False, foundation=True workflow=False
FAIL import.mirror-verdicts-agree.wrapper.blob-bytes-over-max foundation=True () workflow=False (268435457 is greater than the maximum of 268435456)
FAIL import.mirror-verdict-expected.wrapper.blob-bytes-over-max expected False, foundation=True workflow=False
FAIL import.mirror-verdicts-agree.wrapper.blob-path-dot-dot foundation=True () workflow=False ('a/../b' should not be valid under {'pattern': '(^|/)\\.\\.?(/|$)'})
FAIL import.mirror-verdict-expected.wrapper.blob-path-dot-dot expected False, foundation=True workflow=False
FAIL import.mirror-verdicts-agree.wrapper.blob-path-backslash foundation=True () workflow=False ('a\\b' does not match '^[^/\\\\\\u0000]{1,255}(/[^/\\\\\\u0000]{1,255})*(?![\\s\\S])')
FAIL import.mirror-verdict-expected.wrapper.blob-path-backslash expected False, foundation=True workflow=False
FAIL import.mirror-verdicts-agree.wrapper.blob-path-absolute foundation=True () workflow=False ('/a/b' does not match '^[^/\\\\\\u0000]{1,255}(/[^/\\\\\\u0000]{1,255})*(?![\\s\\S])')
FAIL import.mirror-verdict-expected.wrapper.blob-path-absolute expected False, foundation=True workflow=False
FAIL import.mirror-verdicts-agree.wrapper.blob-path-oversized-segment foundation=True () workflow=False ('xxxxxxxxxxxxxxxxxxxxxxxxxxxxxxxxxxxxxxxxxxxxxxxxxxxxxxxxxxxxxxxxxxxxxxxxxxxxxxxxxxxxxxxxxxxxxxxxxxxxxxxxxxxxxxxxxxxxxxxxxxxxxxxxxxxxxxxxxxxxxxxxxxxxxxxxxxxxxxxxxxxxxxxxxxxxxxxxxxxxxxxxxxxxxxxxxxxxxxx)
FAIL import.mirror-verdict-expected.wrapper.blob-path-oversized-segment expected False, foundation=True workflow=False
FAIL import.mirror-verdicts-agree.wrapper.omissions-unsorted foundation=False (array order canonical-set: strict unique order required) workflow=True ()
FAIL import.mirror-verdict-expected.wrapper.omissions-unsorted expected False, foundation=False workflow=True
FAIL import.mirror-verdicts-agree.scope.roots-unsorted foundation=False (array order canonical-set: strict unique order required) workflow=True ()
FAIL import.mirror-verdict-expected.scope.roots-unsorted expected False, foundation=False workflow=True
FAIL import.mirror-verdicts-agree.scope.prefixes-unsorted foundation=False (array order canonical-set: strict unique order required) workflow=True ()
FAIL import.mirror-verdict-expected.scope.prefixes-unsorted expected False, foundation=False workflow=True
FAIL import.mirror-verdicts-agree.scope.excluded-unsorted foundation=False (array order canonical-set: strict unique order required) workflow=True ()
FAIL import.mirror-verdict-expected.scope.excluded-unsorted expected False, foundation=False workflow=True
FAIL import.mirror-differential-is-discriminating refusing cases: 1
FAIL import.mirror-differential-total-agreement 10/21
