   Compiling proc-macro2 v1.0.107
   Compiling unicode-ident v1.0.24
   Compiling quote v1.0.47
   Compiling serde_core v1.0.229
   Compiling zmij v1.0.23
   Compiling serde_json v1.0.151
   Compiling serde v1.0.229
    Checking itoa v1.0.18
    Checking memchr v2.8.3
   Compiling libc v0.2.189
    Checking tinyvec v1.13.3
    Checking sha2-const-stable v0.1.0
   Compiling getrandom v0.4.3
   Compiling opensip-platform v0.1.0 (/private/tmp/opensip-implementation/m2-import-payloads-subject-29/product/crates/platform)
    Checking cfg-if v1.0.4
    Checking unicode-normalization v0.1.24
    Checking opensip-identity v0.1.0 (/private/tmp/opensip-implementation/m2-import-payloads-subject-29/product/crates/identity)
    Checking opensip-evaluator v0.1.0 (/private/tmp/opensip-implementation/m2-import-payloads-subject-29/product/crates/evaluator)
   Compiling syn v3.0.5
   Compiling serde_derive v1.0.229
    Checking opensip-contracts v0.1.0 (/private/tmp/opensip-implementation/m2-import-payloads-subject-29/product/crates/contracts)
    Checking opensip-reporting v0.1.0 (/private/tmp/opensip-implementation/m2-import-payloads-subject-29/product/crates/reporting)
    Checking opensip-host v0.1.0 (/private/tmp/opensip-implementation/m2-import-payloads-subject-29/product/crates/host)
    Checking opensip-cli v0.1.0 (/private/tmp/opensip-implementation/m2-import-payloads-subject-29/product/apps/cli)
    Finished `dev` profile [unoptimized + debuginfo] target(s) in 21.87s
