   Compiling proc-macro2 v1.0.107
   Compiling quote v1.0.47
   Compiling unicode-ident v1.0.24
   Compiling serde_core v1.0.229
   Compiling zmij v1.0.23
   Compiling serde_json v1.0.151
   Compiling serde v1.0.229
   Compiling itoa v1.0.18
   Compiling memchr v2.8.3
   Compiling tinyvec v1.13.3
   Compiling sha2-const-stable v0.1.0
   Compiling libc v0.2.189
   Compiling getrandom v0.4.3
   Compiling opensip-platform v0.1.0 (/private/tmp/opensip-implementation/m2-import-payloads-subject-29/product/crates/platform)
   Compiling cfg-if v1.0.4
   Compiling unicode-normalization v0.1.24
   Compiling opensip-identity v0.1.0 (/private/tmp/opensip-implementation/m2-import-payloads-subject-29/product/crates/identity)
   Compiling opensip-evaluator v0.1.0 (/private/tmp/opensip-implementation/m2-import-payloads-subject-29/product/crates/evaluator)
   Compiling syn v3.0.5
   Compiling serde_derive v1.0.229
   Compiling opensip-contracts v0.1.0 (/private/tmp/opensip-implementation/m2-import-payloads-subject-29/product/crates/contracts)
   Compiling opensip-reporting v0.1.0 (/private/tmp/opensip-implementation/m2-import-payloads-subject-29/product/crates/reporting)
   Compiling opensip-host v0.1.0 (/private/tmp/opensip-implementation/m2-import-payloads-subject-29/product/crates/host)
   Compiling opensip-cli v0.1.0 (/private/tmp/opensip-implementation/m2-import-payloads-subject-29/product/apps/cli)
    Finished `test` profile [unoptimized + debuginfo] target(s) in 22.41s
     Running unittests src/main.rs (/tmp/opensip-implementation/m2-grok-import-payloads-review-29/review/target/debug/deps/opensip-6f90e21963e5dbb5)
     Running tests/startup_tests.rs (/tmp/opensip-implementation/m2-grok-import-payloads-review-29/review/target/debug/deps/startup_tests-50c9301dfdea2b90)
     Running unittests src/lib.rs (/tmp/opensip-implementation/m2-grok-import-payloads-review-29/review/target/debug/deps/opensip_contracts-6b7ae078b5f56916)
     Running unittests src/lib.rs (/tmp/opensip-implementation/m2-grok-import-payloads-review-29/review/target/debug/deps/opensip_evaluator-e866720b77d4e208)
     Running unittests src/lib.rs (/tmp/opensip-implementation/m2-grok-import-payloads-review-29/review/target/debug/deps/opensip_host-a23271044189921d)
     Running unittests src/lib.rs (/tmp/opensip-implementation/m2-grok-import-payloads-review-29/review/target/debug/deps/opensip_identity-0eda5e47663552ea)
     Running unittests src/lib.rs (/tmp/opensip-implementation/m2-grok-import-payloads-review-29/review/target/debug/deps/opensip_platform-5affce49cfa87adf)
     Running unittests src/lib.rs (/tmp/opensip-implementation/m2-grok-import-payloads-review-29/review/target/debug/deps/opensip_reporting-e10447f85d5351fa)
     Running tests/projection_tests.rs (/tmp/opensip-implementation/m2-grok-import-payloads-review-29/review/target/debug/deps/projection_tests-d1cad90ba5b6401d)
   Doc-tests opensip_contracts
   Doc-tests opensip_evaluator
   Doc-tests opensip_host
   Doc-tests opensip_identity
   Doc-tests opensip_platform
   Doc-tests opensip_reporting
