{
  "standing": "Root exact transport and frozen owner verification. Not a consumer helper result, implementation qualification or complete charter assessment.",
  "sourceManifestSha256": "c9a6c26a82dbe24acfbba423360be54e45f11325576b172d75a005ec35d0ffb2",
  "ownerSha256": "a8d05a44038bc2108e9e979a1a524fbb9af9d85cb95e3cd794ae19013bfaaa45",
  "parserSha256": "1d8346aaa57f5214c440e48810aa399e50ae7a27d827d93d94842ecb43816f8c",
  "exportSha256": "c2bb9dfd263efc24116bb50fa5408ae8d59632ad7c97c63d4cf8d7b9da815f3b",
  "runId": "run3:9ba1238f5c2a280cca4399cc7c88e6c5a87bce66a6bd241cfc7cb163075a3474",
  "sourceFilesVerified": 12892,
  "transportAdmission": "ADMIT",
  "structuralAdmission": "REFUSE",
  "semanticAdmission": "NOT-REACHED",
  "passed": false,
  "transportNotes": [
    {
      "transportLabel": "native.cargo-config-projection.v2#f834734fc9e7c3aa30cbe5f97bb5ef9806db5c5fd346d4cb08acec67485f9eee",
      "domain": "native.cargo-config-projection.v2",
      "frameDigest": "f834734fc9e7c3aa30cbe5f97bb5ef9806db5c5fd346d4cb08acec67485f9eee",
      "standing": "Verified frame bytes; not injected into product typed object table"
    },
    {
      "transportLabel": "native.context.rust.v2#12fea1736906c5e267a72c3b04ed78f7a4b509c646a246d8ad3da59bb8161fde",
      "domain": "native.context.rust.v2",
      "frameDigest": "12fea1736906c5e267a72c3b04ed78f7a4b509c646a246d8ad3da59bb8161fde",
      "standing": "Verified frame bytes; not injected into product typed object table"
    },
    {
      "transportLabel": "native.dependency-file-manifest.v1#012177e4b09df3e19c9dc3e94ff8d05c8d23f9defc00c9e3f6ce9f15f4658648",
      "domain": "native.dependency-file-manifest.v1",
      "frameDigest": "012177e4b09df3e19c9dc3e94ff8d05c8d23f9defc00c9e3f6ce9f15f4658648",
      "standing": "Verified frame bytes; not injected into product typed object table"
    },
    {
      "transportLabel": "native.dependency-source-set.v1#c633ff5a97e35dd5ec9d46e28479f576bb812b7411ea1617c88b9294d3dca020",
      "domain": "native.dependency-source-set.v1",
      "frameDigest": "c633ff5a97e35dd5ec9d46e28479f576bb812b7411ea1617c88b9294d3dca020",
      "standing": "Verified frame bytes; not injected into product typed object table"
    },
    {
      "transportLabel": "native.semantic-universe.rust.v2#13d9faf3b84ccb040388823f836f9840ae6bf2722df1545efc72dc743043a73f",
      "domain": "native.semantic-universe.rust.v2",
      "frameDigest": "13d9faf3b84ccb040388823f836f9840ae6bf2722df1545efc72dc743043a73f",
      "standing": "Verified frame bytes; not injected into product typed object table"
    },
    {
      "transportLabel": "native.semantic-universe.rust.v2#255b361aa910af194ea01ff287aad4cb68392ddaa2dac0eb3b4322f241ba58ea",
      "domain": "native.semantic-universe.rust.v2",
      "frameDigest": "255b361aa910af194ea01ff287aad4cb68392ddaa2dac0eb3b4322f241ba58ea",
      "standing": "Verified frame bytes; not injected into product typed object table"
    },
    {
      "transportLabel": "native.semantic-universe.rust.v2#66fd8b06a294954150b02893645b537ba0ca382256f576e5071d09139dd95720",
      "domain": "native.semantic-universe.rust.v2",
      "frameDigest": "66fd8b06a294954150b02893645b537ba0ca382256f576e5071d09139dd95720",
      "standing": "Verified frame bytes; not injected into product typed object table"
    },
    {
      "transportLabel": "native.source-unit-ownership.v1#294e3e22ec781a66ca58eacf51f703f4d86b619dba575e9a17249d96ad6f818d",
      "domain": "native.source-unit-ownership.v1",
      "frameDigest": "294e3e22ec781a66ca58eacf51f703f4d86b619dba575e9a17249d96ad6f818d",
      "standing": "Verified frame bytes; not injected into product typed object table"
    },
    {
      "transportLabel": "native.source-unit-ownership.v1#44332adc206f03bcfcac4cca5522ed70e84cd57442c01027a6902ca548308ed4",
      "domain": "native.source-unit-ownership.v1",
      "frameDigest": "44332adc206f03bcfcac4cca5522ed70e84cd57442c01027a6902ca548308ed4",
      "standing": "Verified frame bytes; not injected into product typed object table"
    },
    {
      "transportLabel": "native.source-unit-ownership.v1#541d6d6701b60635d7aafbdf36e31010d4288d6fe7c2801ad3eaa406bfe1ffb9",
      "domain": "native.source-unit-ownership.v1",
      "frameDigest": "541d6d6701b60635d7aafbdf36e31010d4288d6fe7c2801ad3eaa406bfe1ffb9",
      "standing": "Verified frame bytes; not injected into product typed object table"
    },
    {
      "transportLabel": "native.unified-features.rust.v1#7e318b586568aab8ac3de62cb4687f9ebaa12dfdb5d79759914b3493ff52cf12",
      "domain": "native.unified-features.rust.v1",
      "frameDigest": "7e318b586568aab8ac3de62cb4687f9ebaa12dfdb5d79759914b3493ff52cf12",
      "standing": "Verified frame bytes; not injected into product typed object table"
    }
  ],
  "exceptionType": "AdmissionError",
  "reason": "ORDER_OR_DUPLICATE"
}
