{
  "standing": "Root exact transport and frozen owner verification. Not a consumer helper result, implementation qualification or complete charter assessment.",
  "sourceManifestSha256": "c9a6c26a82dbe24acfbba423360be54e45f11325576b172d75a005ec35d0ffb2",
  "ownerSha256": "a8d05a44038bc2108e9e979a1a524fbb9af9d85cb95e3cd794ae19013bfaaa45",
  "parserSha256": "1d8346aaa57f5214c440e48810aa399e50ae7a27d827d93d94842ecb43816f8c",
  "exportSha256": "3c88edda10f2d755824e76614b330386de16abadc6f7cbda9a6948abe3dbe353",
  "runId": "run3:61b88daaefafabd8036aa5fda703b53b46e4f5eb66181fba526c668a88365779",
  "sourceFilesVerified": 12892,
  "transportAdmission": "ADMIT",
  "structuralAdmission": "REFUSE",
  "semanticAdmission": "NOT-REACHED",
  "passed": false,
  "transportNotes": [
    {
      "transportLabel": "native.context.typescript.v2#a6b3da5477e1a0db49320cdbc47d9f7e6093d8b48be214d74bc3efb78c7dbbd9",
      "domain": "native.context.typescript.v2",
      "frameDigest": "a6b3da5477e1a0db49320cdbc47d9f7e6093d8b48be214d74bc3efb78c7dbbd9",
      "standing": "Verified frame bytes; not injected into product typed object table"
    },
    {
      "transportLabel": "native.semantic-universe.typescript.v2#88fce91d3ee8b7dd45aa6828dc8070b7f418e416eed33d3c7f10283bb8e13c09",
      "domain": "native.semantic-universe.typescript.v2",
      "frameDigest": "88fce91d3ee8b7dd45aa6828dc8070b7f418e416eed33d3c7f10283bb8e13c09",
      "standing": "Verified frame bytes; not injected into product typed object table"
    }
  ],
  "exceptionType": "AdmissionError",
  "reason": "ORDER_OR_DUPLICATE"
}
