{
  "standing": "Root exact transport and frozen owner verification. Not a consumer helper result, implementation qualification or complete charter assessment.",
  "sourceManifestSha256": "ca713db549f9337ae52a4bccc2ebbb84b136b8dc5d0545003bb3b2a24dfc95b5",
  "ownerSha256": "204e0f00bc18d46831d37b3df3adec315c84bc4551bbdf2542e84a9fc01e5e69",
  "parserSha256": "b41ac92c86b3396a893d555656d902c40b038c31cc89b00f3675603680da7b09",
  "exportSha256": "bd4d00eb99a487a03f0740497f917dcb20837d64bad87cee8bc380f8a2b32f39",
  "runId": "run3:21cdc5a21431d44bfc44c595e17bbb718c21b626b80f83893368465581bcdae8",
  "sourceFilesVerified": 12895,
  "transportAdmission": "ADMIT",
  "structuralAdmission": "ADMIT",
  "semanticAdmission": "REFUSE",
  "passed": false,
  "transportNotes": [
    {
      "transportLabel": "native.cargo-config-projection.v2#4f0f5ff8e907b390bb571f8aee8a07a074003088cc1ad45705e9d811db434ca0",
      "domain": "native.cargo-config-projection.v2",
      "frameDigest": "4f0f5ff8e907b390bb571f8aee8a07a074003088cc1ad45705e9d811db434ca0",
      "standing": "Verified frame bytes; not injected into product typed object table"
    },
    {
      "transportLabel": "native.cargo-config-projection.v2#f834734fc9e7c3aa30cbe5f97bb5ef9806db5c5fd346d4cb08acec67485f9eee",
      "domain": "native.cargo-config-projection.v2",
      "frameDigest": "f834734fc9e7c3aa30cbe5f97bb5ef9806db5c5fd346d4cb08acec67485f9eee",
      "standing": "Verified frame bytes; not injected into product typed object table"
    },
    {
      "transportLabel": "native.context.rust.v2#981c28602ff73f77e75a2dd2498e59839347ca59a628b3e1e9cd8cfba731ff64",
      "domain": "native.context.rust.v2",
      "frameDigest": "981c28602ff73f77e75a2dd2498e59839347ca59a628b3e1e9cd8cfba731ff64",
      "standing": "Verified frame bytes; not injected into product typed object table"
    },
    {
      "transportLabel": "native.dependency-file-manifest.v1#012177e4b09df3e19c9dc3e94ff8d05c8d23f9defc00c9e3f6ce9f15f4658648",
      "domain": "native.dependency-file-manifest.v1",
      "frameDigest": "012177e4b09df3e19c9dc3e94ff8d05c8d23f9defc00c9e3f6ce9f15f4658648",
      "standing": "Verified frame bytes; not injected into product typed object table"
    },
    {
      "transportLabel": "native.dependency-source-set.v1#c633ff5a97e35dd5ec9d46e28479f576bb812b7411ea1617c88b9294d3dca020",
      "domain": "native.dependency-source-set.v1",
      "frameDigest": "c633ff5a97e35dd5ec9d46e28479f576bb812b7411ea1617c88b9294d3dca020",
      "standing": "Verified frame bytes; not injected into product typed object table"
    },
    {
      "transportLabel": "native.semantic-universe.rust.v2#00d8268817c13b5d6c0a64b38d9b361de8e481d1b2283b3b4d65378563374f4d",
      "domain": "native.semantic-universe.rust.v2",
      "frameDigest": "00d8268817c13b5d6c0a64b38d9b361de8e481d1b2283b3b4d65378563374f4d",
      "standing": "Verified frame bytes; not injected into product typed object table"
    },
    {
      "transportLabel": "native.semantic-universe.rust.v2#79a251c446d124b17d3a74d56f23bb86266a712f567ec1d3adbd8fd3ec4c0eae",
      "domain": "native.semantic-universe.rust.v2",
      "frameDigest": "79a251c446d124b17d3a74d56f23bb86266a712f567ec1d3adbd8fd3ec4c0eae",
      "standing": "Verified frame bytes; not injected into product typed object table"
    },
    {
      "transportLabel": "native.semantic-universe.rust.v2#848013fed7b1f909fcc7addf70dab25c924cff34be150f81eb649d66a92c4fb9",
      "domain": "native.semantic-universe.rust.v2",
      "frameDigest": "848013fed7b1f909fcc7addf70dab25c924cff34be150f81eb649d66a92c4fb9",
      "standing": "Verified frame bytes; not injected into product typed object table"
    },
    {
      "transportLabel": "native.semantic-universe.rust.v2#f473ccdef9a5d4434df4310f9bf1cbef3e04e0f632cb0d41dcaeff61298fcbce",
      "domain": "native.semantic-universe.rust.v2",
      "frameDigest": "f473ccdef9a5d4434df4310f9bf1cbef3e04e0f632cb0d41dcaeff61298fcbce",
      "standing": "Verified frame bytes; not injected into product typed object table"
    },
    {
      "transportLabel": "native.source-unit-ownership.v1#294e3e22ec781a66ca58eacf51f703f4d86b619dba575e9a17249d96ad6f818d",
      "domain": "native.source-unit-ownership.v1",
      "frameDigest": "294e3e22ec781a66ca58eacf51f703f4d86b619dba575e9a17249d96ad6f818d",
      "standing": "Verified frame bytes; not injected into product typed object table"
    },
    {
      "transportLabel": "native.source-unit-ownership.v1#44332adc206f03bcfcac4cca5522ed70e84cd57442c01027a6902ca548308ed4",
      "domain": "native.source-unit-ownership.v1",
      "frameDigest": "44332adc206f03bcfcac4cca5522ed70e84cd57442c01027a6902ca548308ed4",
      "standing": "Verified frame bytes; not injected into product typed object table"
    },
    {
      "transportLabel": "native.source-unit-ownership.v1#4badcb00e0519f450d1b831a9afa6346b6647d45c5163c1ef49631caa33d41fb",
      "domain": "native.source-unit-ownership.v1",
      "frameDigest": "4badcb00e0519f450d1b831a9afa6346b6647d45c5163c1ef49631caa33d41fb",
      "standing": "Verified frame bytes; not injected into product typed object table"
    },
    {
      "transportLabel": "native.source-unit-ownership.v1#541d6d6701b60635d7aafbdf36e31010d4288d6fe7c2801ad3eaa406bfe1ffb9",
      "domain": "native.source-unit-ownership.v1",
      "frameDigest": "541d6d6701b60635d7aafbdf36e31010d4288d6fe7c2801ad3eaa406bfe1ffb9",
      "standing": "Verified frame bytes; not injected into product typed object table"
    },
    {
      "transportLabel": "native.unified-features.rust.v1#7e318b586568aab8ac3de62cb4687f9ebaa12dfdb5d79759914b3493ff52cf12",
      "domain": "native.unified-features.rust.v1",
      "frameDigest": "7e318b586568aab8ac3de62cb4687f9ebaa12dfdb5d79759914b3493ff52cf12",
      "standing": "Verified frame bytes; not injected into product typed object table"
    }
  ],
  "exceptionType": "AdmissionError",
  "reason": "EVALUATOR_ENUMERATION_JOIN:ENUMERATION_BINDING_EXTENT_PATHS,ENUMERATION_PLAN_KIND_MAP,ENUMERATION_BINDING_EXTENT_KINDS"
}
