0 opensip.product.dispatch-binding.1# 2 52 
1 opensip.product.fact-batch.3# 2 636 
2 opensip.product.fact-batch.3#/properties/candidates/items 2 1 
3 opensip.product.occupancy-companion.1# 2 58 
4 opensip.product.occupancy-companion.1#/$defs/LogicalPath 2 3 
5 opensip.product.provider-handshake.1# 2 4 
6 opensip.product.provider-handshake.1#/$defs/DigestHex 2 3 
7 opensip.product.provider-handshake.1#/$defs/ExpectedRustIdentityV3 2 32 
8 opensip.product.provider-handshake.1#/$defs/HelloAckV3 2 118 
9 opensip.product.provider-handshake.1#/$defs/HelloV3 2 135 
10 opensip.product.provider-handshake.1#/$defs/IdentityText 2 3 
11 opensip.product.provider-handshake.1#/$defs/IdentityVersionsV1 1 7 
12 opensip.product.provider-handshake.1#/$defs/NfcText 2 3 
13 opensip.product.provider-handshake.1#/$defs/ProtocolLimitsV3 1 35 
14 opensip.product.provider-handshake.1#/$defs/RustCapabilitiesV3 2 15 
15 opensip.product.provider-handshake.1#/$defs/RustCapabilityToken 2 3 
16 opensip.product.provider-handshake.1#/$defs/RustFactBatchV2Vector 2 141 
17 opensip.product.provider-handshake.1#/$defs/Sha256Text 2 3 
18 opensip.product.provider-handshake.1#/$defs/StageIdText 2 3 
19 opensip.product.provider-handshake.1#/$defs/TypeScriptCapabilitiesV2 2 40 
20 opensip.product.provider-handshake.1#/$defs/TypeScriptCapabilityToken 2 3 
21 opensip.product.provider-handshake.1#/$defs/TypeScriptFactBatchV1Vector 2 143 
22 opensip.product.provider-handshake.1#/$defs/TypeScriptHelloAckV2 2 118 
23 opensip.product.provider-handshake.1#/$defs/TypeScriptHelloV2 2 79 
24 opensip.product.provider-handshake.1#/$defs/TypeScriptProtocolLimitsV1 1 13 
25 opensip.product.provider-handshake.1#/$defs/Uint64 2 3 
26 opensip.product.provider-startup.1# 2 4 
27 opensip.product.provider-startup.1#/$defs/BudgetExhaustedV3 2 315 
28 opensip.product.provider-startup.1#/$defs/CoverageV3 2 93 
29 opensip.product.provider-startup.1#/$defs/DigestHex 2 3 
30 opensip.product.provider-startup.1#/$defs/ExecutionIdText 2 3 
31 opensip.product.provider-startup.1#/$defs/NativeContextVerifiedV1 2 17 
32 opensip.product.provider-startup.1#/$defs/NfcText 2 3 
33 opensip.product.provider-startup.1#/$defs/OpenUniverseV3 2 527 
34 opensip.product.provider-startup.1#/$defs/PlanId2 2 3 
35 opensip.product.provider-startup.1#/$defs/PreAnalyzeUnavailableV1 2 32 
36 opensip.product.provider-startup.1#/$defs/RustSemanticUniverseV2 2 26 
37 opensip.product.provider-startup.1#/$defs/Sha256Text 2 3 
38 opensip.product.provider-startup.1#/$defs/SnapshotId2 2 3 
39 opensip.product.provider-startup.1#/$defs/StageIdText 2 3 
40 opensip.product.provider-startup.1#/$defs/TypeScriptBudgetExhaustedV2 2 85 
41 opensip.product.provider-startup.1#/$defs/TypeScriptCoverageV2 2 90 
42 opensip.product.provider-startup.1#/$defs/TypeScriptOpenUniverseV2 2 262 
43 opensip.product.provider-startup.1#/$defs/TypeScriptSemanticUniverseV2 2 24 
44 opensip.product.provider-startup.1#/$defs/TypeScriptUnavailableV2 2 105 
45 opensip.product.provider-startup.1#/$defs/TypeScriptUniverseAcceptedV2 2 25 
46 opensip.product.provider-startup.1#/$defs/Uint64 2 3 
47 opensip.product.provider-startup.1#/$defs/UnavailableV3 2 108 
48 opensip.product.provider-startup.1#/$defs/UniverseAcceptedV3 2 66 
49 urn:opensip:product-v1:identity:v3# 2 4 
50 urn:opensip:product-v1:identity:v3#/$defs/Blob 2 20 
51 urn:opensip:product-v1:identity:v3#/$defs/Domain 2 3 
52 urn:opensip:product-v1:identity:v3#/$defs/FindingEvidenceRef 2 15 
53 urn:opensip:product-v1:identity:v3#/$defs/Hash 2 3 
54 urn:opensip:product-v1:identity:v3#/$defs/LogicalPath 2 3 
55 urn:opensip:product-v1:identity:v3#/$defs/ProjectId 2 3 
56 urn:opensip:product-v1:identity:v3#/$defs/ProofInputRef 2 15 
57 urn:opensip:product-v1:identity:v3#/$defs/Ref 2 15 
58 urn:opensip:product-v1:identity:v3#/$defs/SubjectInventoryRef 2 12 
59 urn:opensip:product-v1:identity:v3#/$defs/Text 2 3 
60 urn:opensip:product-v1:identity:v3#/$defs/U64 2 3 
61 urn:opensip:product-v1:identity:v3#/$defs/analysis-spec 2 161 
62 urn:opensip:product-v1:identity:v3#/$defs/availability 2 77 
63 urn:opensip:product-v1:identity:v3#/$defs/body-language-version 2 49 
64 urn:opensip:product-v1:identity:v3#/$defs/cache-key 2 102 
65 urn:opensip:product-v1:identity:v3#/$defs/closure 2 84 
66 urn:opensip:product-v1:identity:v3#/$defs/commit-inventory 2 63 
67 urn:opensip:product-v1:identity:v3#/$defs/commit-receipt 2 41 
68 urn:opensip:product-v1:identity:v3#/$defs/coverage 2 22 
69 urn:opensip:product-v1:identity:v3#/$defs/evaluation-deficiency 2 140 
70 urn:opensip:product-v1:identity:v3#/$defs/evaluation-seal 2 41 
71 urn:opensip:product-v1:identity:v3#/$defs/evaluation-subject 2 34 
72 urn:opensip:product-v1:identity:v3#/$defs/execution-plan 2 126 
73 urn:opensip:product-v1:identity:v3#/$defs/fact 2 124 
74 urn:opensip:product-v1:identity:v3#/$defs/finding 2 153 
75 urn:opensip:product-v1:identity:v3#/$defs/finding-fingerprint 2 77 
76 urn:opensip:product-v1:identity:v3#/$defs/finding-parameters 2 15 
77 urn:opensip:product-v1:identity:v3#/$defs/import 2 146 
78 urn:opensip:product-v1:identity:v3#/$defs/import-blob 2 8 
79 urn:opensip:product-v1:identity:v3#/$defs/import-observation-address 2 28 
80 urn:opensip:product-v1:identity:v3#/$defs/normalization-specification-map 2 89 
81 urn:opensip:product-v1:identity:v3#/$defs/owner-source-set 2 29 
82 urn:opensip:product-v1:identity:v3#/$defs/plan 2 143 
83 urn:opensip:product-v1:identity:v3#/$defs/policy-derivation 2 31 
84 urn:opensip:product-v1:identity:v3#/$defs/predicate-witness 2 444 
85 urn:opensip:product-v1:identity:v3#/$defs/program-predicate 2 32 
86 urn:opensip:product-v1:identity:v3#/$defs/proof-bundle 2 947 
87 urn:opensip:product-v1:identity:v3#/$defs/regeneration-key 2 12 
88 urn:opensip:product-v1:identity:v3#/$defs/rule-enumeration 2 10 
89 urn:opensip:product-v1:identity:v3#/$defs/rule-result 2 10 
90 urn:opensip:product-v1:identity:v3#/$defs/run 2 37 
91 urn:opensip:product-v1:identity:v3#/$defs/scope-descriptor 2 85 
92 urn:opensip:product-v1:identity:v3#/$defs/semantic-configuration 2 73 
93 urn:opensip:product-v1:identity:v3#/$defs/semantic-evidence 2 117 
94 urn:opensip:product-v1:identity:v3#/$defs/semantic-grant 2 98 
95 urn:opensip:product-v1:identity:v3#/$defs/snapshot 2 79 
96 urn:opensip:product-v1:identity:v3#/$defs/source-inventory 2 4 
97 urn:opensip:product-v1:identity:v3#/$defs/stage-spec 2 111 
98 urn:opensip:product-v1:identity:v3#/$defs/subject-scope 2 63 
99 urn:opensip:product-v1:identity:v3#/$defs/vcs-observation 2 31 
100 urn:opensip:product-v1:identity:v3#/$defs/view 2 117 
101 urn:opensip:product-v1:native:evidence-schemas:v2# 2 4 
102 urn:opensip:product-v1:native:evidence-schemas:v2#/$defs/AcquisitionV1 2 29 
103 urn:opensip:product-v1:native:evidence-schemas:v2#/$defs/AdmittedBoundaryInventoryV1 2 188 
104 urn:opensip:product-v1:native:evidence-schemas:v2#/$defs/AdmittedBoundaryInventoryV2 2 225 
105 urn:opensip:product-v1:native:evidence-schemas:v2#/$defs/AuthorizedExecutionV2 2 365 
106 urn:opensip:product-v1:native:evidence-schemas:v2#/$defs/BoundaryExcludedUnitV1 2 24 
107 urn:opensip:product-v1:native:evidence-schemas:v2#/$defs/CanonicalPath 2 3 
108 urn:opensip:product-v1:native:evidence-schemas:v2#/$defs/CanonicalRelativeDirV1 2 3 
109 urn:opensip:product-v1:native:evidence-schemas:v2#/$defs/CapabilityToken 2 3 
110 urn:opensip:product-v1:native:evidence-schemas:v2#/$defs/CargoConfigProjectionV2 2 110 
111 urn:opensip:product-v1:native:evidence-schemas:v2#/$defs/CloneCandidateGroupV2 2 134 
112 urn:opensip:product-v1:native:evidence-schemas:v2#/$defs/CloneSuppressionV1 2 54 
113 urn:opensip:product-v1:native:evidence-schemas:v2#/$defs/ClosedWorldV2 2 12 
114 urn:opensip:product-v1:native:evidence-schemas:v2#/$defs/ClosureId2 2 3 
115 urn:opensip:product-v1:native:evidence-schemas:v2#/$defs/CompletenessV1 2 73 
116 urn:opensip:product-v1:native:evidence-schemas:v2#/$defs/CoverageAdmissionV1 2 132 
117 urn:opensip:product-v1:native:evidence-schemas:v2#/$defs/CoverageBijectionFaultV1 2 7 
118 urn:opensip:product-v1:native:evidence-schemas:v2#/$defs/CoverageKeyV2 2 10 
119 urn:opensip:product-v1:native:evidence-schemas:v2#/$defs/CoverageResultV3 2 8 
120 urn:opensip:product-v1:native:evidence-schemas:v2#/$defs/CustodyExcludedUnitV1 2 7 
121 urn:opensip:product-v1:native:evidence-schemas:v2#/$defs/D9MappingRowV1 2 40 
122 urn:opensip:product-v1:native:evidence-schemas:v2#/$defs/DeficiencyV2 2 3 
123 urn:opensip:product-v1:native:evidence-schemas:v2#/$defs/DependencyFileManifestV1 2 29 
124 urn:opensip:product-v1:native:evidence-schemas:v2#/$defs/DependencyPackageSourceV1 2 70 
125 urn:opensip:product-v1:native:evidence-schemas:v2#/$defs/DependencySourceManifestV3 2 87 
126 urn:opensip:product-v1:native:evidence-schemas:v2#/$defs/DependencySourcePayloadV1 2 183 
127 urn:opensip:product-v1:native:evidence-schemas:v2#/$defs/DependencySourceSealV3 2 30 
128 urn:opensip:product-v1:native:evidence-schemas:v2#/$defs/DependencySourceSetV1 2 10 
129 urn:opensip:product-v1:native:evidence-schemas:v2#/$defs/DigestHex 2 3 
130 urn:opensip:product-v1:native:evidence-schemas:v2#/$defs/EffectV1 2 7 
131 urn:opensip:product-v1:native:evidence-schemas:v2#/$defs/EnforcementV1 2 3 
132 urn:opensip:product-v1:native:evidence-schemas:v2#/$defs/EntryPointRecognitionV1 2 13 
133 urn:opensip:product-v1:native:evidence-schemas:v2#/$defs/ExaminedUniverseV1 2 7 
134 urn:opensip:product-v1:native:evidence-schemas:v2#/$defs/ExpansionSiteV1 2 25 
135 urn:opensip:product-v1:native:evidence-schemas:v2#/$defs/FileMembershipRowV1 2 34 
136 urn:opensip:product-v1:native:evidence-schemas:v2#/$defs/FrameworkRecognitionResultV1 2 213 
137 urn:opensip:product-v1:native:evidence-schemas:v2#/$defs/FrameworkRecognitionV1 2 101 
138 urn:opensip:product-v1:native:evidence-schemas:v2#/$defs/GeneratedFileV1 2 34 
139 urn:opensip:product-v1:native:evidence-schemas:v2#/$defs/GeneratedInputBoundsV1 1 11 
140 urn:opensip:product-v1:native:evidence-schemas:v2#/$defs/HelloAckV3 2 65 
141 urn:opensip:product-v1:native:evidence-schemas:v2#/$defs/HelloV3 2 84 
142 urn:opensip:product-v1:native:evidence-schemas:v2#/$defs/HistoryAdapterInputV1 2 154 
143 urn:opensip:product-v1:native:evidence-schemas:v2#/$defs/I64NonNegative 2 3 
144 urn:opensip:product-v1:native:evidence-schemas:v2#/$defs/ImportId2 2 3 
145 urn:opensip:product-v1:native:evidence-schemas:v2#/$defs/ImportRegistryRowV1 2 32 
146 urn:opensip:product-v1:native:evidence-schemas:v2#/$defs/InertBlobV1 2 8 
147 urn:opensip:product-v1:native:evidence-schemas:v2#/$defs/InternalUnitRootV1 2 3 
148 urn:opensip:product-v1:native:evidence-schemas:v2#/$defs/LanguageFamily 2 3 
149 urn:opensip:product-v1:native:evidence-schemas:v2#/$defs/LanguageMode 2 3 
150 urn:opensip:product-v1:native:evidence-schemas:v2#/$defs/LockfileIdentityV1 2 8 
151 urn:opensip:product-v1:native:evidence-schemas:v2#/$defs/Millionths 2 3 
152 urn:opensip:product-v1:native:evidence-schemas:v2#/$defs/NativeCapabilityMatrixV2 2 431 
153 urn:opensip:product-v1:native:evidence-schemas:v2#/$defs/NativeCause 2 3 
154 urn:opensip:product-v1:native:evidence-schemas:v2#/$defs/NativeContextAdmissionV1 2 49 
155 urn:opensip:product-v1:native:evidence-schemas:v2#/$defs/NativeContextLanguageV1 2 3 
156 urn:opensip:product-v1:native:evidence-schemas:v2#/$defs/NativeContextV2 2 117 
157 urn:opensip:product-v1:native:evidence-schemas:v2#/$defs/PlatformFamily 2 3 
158 urn:opensip:product-v1:native:evidence-schemas:v2#/$defs/PreparationV3 2 71 
159 urn:opensip:product-v1:native:evidence-schemas:v2#/$defs/PreparedOutputPayloadV1 2 230 
160 urn:opensip:product-v1:native:evidence-schemas:v2#/$defs/PreparedOutputRowV3 2 14 
161 urn:opensip:product-v1:native:evidence-schemas:v2#/$defs/PreparedOutputSetV3 2 8 
162 urn:opensip:product-v1:native:evidence-schemas:v2#/$defs/ProtocolLimitsV3 1 11 
163 urn:opensip:product-v1:native:evidence-schemas:v2#/$defs/PrunedTreeV1 2 8 
164 urn:opensip:product-v1:native:evidence-schemas:v2#/$defs/PrunedTreeV2 2 14 
165 urn:opensip:product-v1:native:evidence-schemas:v2#/$defs/Relation 2 3 
166 urn:opensip:product-v1:native:evidence-schemas:v2#/$defs/ReleaseCapabilityDeclarationV1 2 45 
167 urn:opensip:product-v1:native:evidence-schemas:v2#/$defs/ReleaseCapabilityRegistryV1 2 16 
168 urn:opensip:product-v1:native:evidence-schemas:v2#/$defs/RepositoryResolutionV3 2 10 
169 urn:opensip:product-v1:native:evidence-schemas:v2#/$defs/RequirementV2 2 27 
170 urn:opensip:product-v1:native:evidence-schemas:v2#/$defs/ResolutionCompletenessState 2 3 
171 urn:opensip:product-v1:native:evidence-schemas:v2#/$defs/ResolutionCompletenessV2 2 11 
172 urn:opensip:product-v1:native:evidence-schemas:v2#/$defs/ResolvedNodeModulesLayoutV1 2 85 
173 urn:opensip:product-v1:native:evidence-schemas:v2#/$defs/Rung 2 3 
174 urn:opensip:product-v1:native:evidence-schemas:v2#/$defs/RuntimeCoverageAdapterInputV1 2 132 
175 urn:opensip:product-v1:native:evidence-schemas:v2#/$defs/RustUniverseV2ResolvedInputs 2 19 
176 urn:opensip:product-v1:native:evidence-schemas:v2#/$defs/RustflagsProjectionV1 2 8 
177 urn:opensip:product-v1:native:evidence-schemas:v2#/$defs/SemanticGrantPrincipalProjectionV1 2 17 
178 urn:opensip:product-v1:native:evidence-schemas:v2#/$defs/Sha256Text 2 3 
179 urn:opensip:product-v1:native:evidence-schemas:v2#/$defs/SnapshotId2 2 3 
180 urn:opensip:product-v1:native:evidence-schemas:v2#/$defs/SourceUnitOwnershipV1 2 184 
181 urn:opensip:product-v1:native:evidence-schemas:v2#/$defs/StageAuthorityV1 2 54 
182 urn:opensip:product-v1:native:evidence-schemas:v2#/$defs/StageTerminal 2 3 
183 urn:opensip:product-v1:native:evidence-schemas:v2#/$defs/SubjectScopeCommitmentV1 2 20 
184 urn:opensip:product-v1:native:evidence-schemas:v2#/$defs/SyntaxGrammarBundleV1 2 186 
185 urn:opensip:product-v1:native:evidence-schemas:v2#/$defs/SyntaxNativeContextV2 2 23 
186 urn:opensip:product-v1:native:evidence-schemas:v2#/$defs/SyntaxUniverseV2ResolvedInputs 2 49 
187 urn:opensip:product-v1:native:evidence-schemas:v2#/$defs/SynthesizedCompilerOptionsV1 1 12 
188 urn:opensip:product-v1:native:evidence-schemas:v2#/$defs/TestResultsAdapterInputV1 2 167 
189 urn:opensip:product-v1:native:evidence-schemas:v2#/$defs/Text 2 3 
190 urn:opensip:product-v1:native:evidence-schemas:v2#/$defs/ToolClosureV1 2 11 
191 urn:opensip:product-v1:native:evidence-schemas:v2#/$defs/ToolchainIdentityV1 2 12 
192 urn:opensip:product-v1:native:evidence-schemas:v2#/$defs/TypeDerivationV1 2 21 
193 urn:opensip:product-v1:native:evidence-schemas:v2#/$defs/TypeScriptConfigGraphV1 2 107 
194 urn:opensip:product-v1:native:evidence-schemas:v2#/$defs/TypeScriptConfigProjectionV2 2 372 
195 urn:opensip:product-v1:native:evidence-schemas:v2#/$defs/TypeScriptHonoredOptionsV1 2 23 
196 urn:opensip:product-v1:native:evidence-schemas:v2#/$defs/TypeScriptLibComponentV1 2 15 
197 urn:opensip:product-v1:native:evidence-schemas:v2#/$defs/TypeScriptLockfileIdentityV1 2 20 
198 urn:opensip:product-v1:native:evidence-schemas:v2#/$defs/TypeScriptModuleResolutionMode 2 3 
199 urn:opensip:product-v1:native:evidence-schemas:v2#/$defs/TypeScriptNativeContextV2 2 222 
200 urn:opensip:product-v1:native:evidence-schemas:v2#/$defs/TypeScriptStrippedOptionV1 2 7 
201 urn:opensip:product-v1:native:evidence-schemas:v2#/$defs/TypeScriptToolClosureV1 2 8 
202 urn:opensip:product-v1:native:evidence-schemas:v2#/$defs/TypeScriptToolchainIdentityV1 2 11 
203 urn:opensip:product-v1:native:evidence-schemas:v2#/$defs/TypeScriptUniverseV2ResolvedInputs 2 23 
204 urn:opensip:product-v1:native:evidence-schemas:v2#/$defs/Uint64 2 3 
205 urn:opensip:product-v1:native:evidence-schemas:v2#/$defs/UnavailableReasonV3 2 3 
206 urn:opensip:product-v1:native:evidence-schemas:v2#/$defs/UnifiedFeaturesV1 2 111 
207 urn:opensip:product-v1:native:evidence-schemas:v2#/$defs/UnitBoundariesV1 2 171 
208 urn:opensip:product-v1:native:evidence-schemas:v2#/$defs/UnitDiscoveryV1 2 220 
209 urn:opensip:product-v1:native:evidence-schemas:v2#/$defs/UnitDiscoveryV2 2 194 
210 urn:opensip:product-v1:native:evidence-schemas:v2#/$defs/UnitIdentityV1 2 22 
211 urn:opensip:product-v1:native:evidence-schemas:v2#/$defs/UnitMembershipV1 2 197 
212 urn:opensip:product-v1:native:evidence-schemas:v2#/$defs/UnresolvedEdgeKindV1 2 3 
213 urn:opensip:product-v1:native:evidence-schemas:v2#/$defs/UnresolvedEdgePayloadV1 2 30 
214 urn:opensip:product-v1:native:evidence-schemas:v2#/$defs/ViewEntryV3 2 15 
215 urn:opensip:product-v1:native:evidence-schemas:v2#/$defs/WorkspaceUnitV1 2 44 
216 urn:opensip:product-v1:native:evidence-schemas:v2#/$defs/WorkspaceUnitV2 2 16 
217 urn:opensip:product-v1:policy-document:2# 2 539 
218 urn:opensip:product-v1:policy-document:2#/$defs/Atom 2 24 
219 urn:opensip:product-v1:policy-document:2#/$defs/AtomCauseV1 2 10 
220 urn:opensip:product-v1:policy-document:2#/$defs/EvidenceUse 2 7 
221 urn:opensip:product-v1:policy-document:2#/$defs/FieldFilter 2 55 
222 urn:opensip:product-v1:policy-document:2#/$defs/ObservationAddressV1 2 44 
223 urn:opensip:product-v1:policy-document:2#/$defs/PolicyDocumentV2 2 9 
224 urn:opensip:product-v1:policy-document:2#/$defs/Predicate 2 29 
225 urn:opensip:product-v1:policy-document:2#/$defs/Rule 2 13 
226 urn:opensip:product-v1:policy-document:2#/$defs/RuleProgramV2 2 140 
227 urn:opensip:product-v1:policy-document:2#/$defs/Rung 2 3 
228 urn:opensip:product-v1:policy-document:2#/$defs/ScopeDocumentV1 2 70 
229 urn:opensip:product-v1:policy-document:2#/$defs/Severity 2 3 
230 urn:opensip:product-v1:policy-document:2#/$defs/Waiver 2 45 
231 urn:opensip:product-v1:policy-document:2#/$defs/WaiverResolutionV1 2 64 
232 urn:opensip:product-v1:policy-document:2#/$defs/WaiverSetV1 2 63 
233 urn:opensip:product-v1:workflows:common# 2 4 
234 urn:opensip:product-v1:workflows:common#/$defs/BaselineId 2 3 
235 urn:opensip:product-v1:workflows:common#/$defs/Blob 2 20 
236 urn:opensip:product-v1:workflows:common#/$defs/BoundedText 2 3 
237 urn:opensip:product-v1:workflows:common#/$defs/CandidateId 2 3 
238 urn:opensip:product-v1:workflows:common#/$defs/CanonicalIdentifier 2 3 
239 urn:opensip:product-v1:workflows:common#/$defs/CapabilityAvailabilityNoticeV1 2 27 
240 urn:opensip:product-v1:workflows:common#/$defs/CapabilityAvailabilityStepV1 2 74 
241 urn:opensip:product-v1:workflows:common#/$defs/CapabilityAvailabilityV1 2 68 
242 urn:opensip:product-v1:workflows:common#/$defs/ClosureId 2 3 
243 urn:opensip:product-v1:workflows:common#/$defs/ComparisonResultId 2 3 
244 urn:opensip:product-v1:workflows:common#/$defs/ContributionId 2 3 
245 urn:opensip:product-v1:workflows:common#/$defs/CoverageId 2 3 
246 urn:opensip:product-v1:workflows:common#/$defs/D9Class 2 3 
247 urn:opensip:product-v1:workflows:common#/$defs/D9Deficiency 2 3 
248 urn:opensip:product-v1:workflows:common#/$defs/D9ErrorCode 2 3 
249 urn:opensip:product-v1:workflows:common#/$defs/D9FaultCause 2 3 
250 urn:opensip:product-v1:workflows:common#/$defs/D9ReasonCode 2 3 
251 urn:opensip:product-v1:workflows:common#/$defs/D9Signal 2 3 
252 urn:opensip:product-v1:workflows:common#/$defs/DomainDetail 2 118 
253 urn:opensip:product-v1:workflows:common#/$defs/DomainDetailCode 2 3 
254 urn:opensip:product-v1:workflows:common#/$defs/Durability 2 3 
255 urn:opensip:product-v1:workflows:common#/$defs/EvidenceId 2 3 
256 urn:opensip:product-v1:workflows:common#/$defs/ExecutionId 2 3 
257 urn:opensip:product-v1:workflows:common#/$defs/ExecutionPlanId 2 3 
258 urn:opensip:product-v1:workflows:common#/$defs/Fingerprint 2 3 
259 urn:opensip:product-v1:workflows:common#/$defs/GlobPattern 2 3 
260 urn:opensip:product-v1:workflows:common#/$defs/ImportId 2 3 
261 urn:opensip:product-v1:workflows:common#/$defs/ImportedRequirementDeficiency 2 3 
262 urn:opensip:product-v1:workflows:common#/$defs/InstallationTransitionJournalRef 2 3 
263 urn:opensip:product-v1:workflows:common#/$defs/LogicalPath 2 3 
264 urn:opensip:product-v1:workflows:common#/$defs/NativeSufficiencyDeficiency 2 3 
265 urn:opensip:product-v1:workflows:common#/$defs/PinnedPurgeDisclosure 2 8 
266 urn:opensip:product-v1:workflows:common#/$defs/PlanId 2 3 
267 urn:opensip:product-v1:workflows:common#/$defs/PolicyTestResultId 2 3 
268 urn:opensip:product-v1:workflows:common#/$defs/ProjectId 2 3 
269 urn:opensip:product-v1:workflows:common#/$defs/ReceiptId 2 3 
270 urn:opensip:product-v1:workflows:common#/$defs/RepairAuthorizationRef 2 3 
271 urn:opensip:product-v1:workflows:common#/$defs/RepairJournalRef 2 3 
272 urn:opensip:product-v1:workflows:common#/$defs/RepairPlanId 2 3 
273 urn:opensip:product-v1:workflows:common#/$defs/RepairRecoveryAuthorizationRef 2 3 
274 urn:opensip:product-v1:workflows:common#/$defs/RequestId 2 3 
275 urn:opensip:product-v1:workflows:common#/$defs/RequiredCoverage 2 3 
276 urn:opensip:product-v1:workflows:common#/$defs/RunId 2 3 
277 urn:opensip:product-v1:workflows:common#/$defs/SemanticVersion 2 3 
278 urn:opensip:product-v1:workflows:common#/$defs/Sha256Hex 2 3 
279 urn:opensip:product-v1:workflows:common#/$defs/SnapshotId 2 3 
280 urn:opensip:product-v1:workflows:common#/$defs/SourceCorrespondence 2 57 
281 urn:opensip:product-v1:workflows:common#/$defs/StageOrdinal 2 3 
282 urn:opensip:product-v1:workflows:common#/$defs/StepId 2 3 
283 urn:opensip:product-v1:workflows:common#/$defs/StepTermination 2 30 
284 urn:opensip:product-v1:workflows:common#/$defs/Uint 2 3 
285 urn:opensip:product-v1:workflows:common#/$defs/Uint53 2 3 
286 urn:opensip:product-v1:workflows:common#/$defs/UserInputPath 2 3 
287 urn:opensip:product-v1:workflows:common#/$defs/UtcDate 1 2 
288 urn:opensip:product-v1:workflows:common#/$defs/UtcTimestamp 1 2 
289 urn:opensip:product-v1:workflows:common#/$defs/VcsRevision 2 8 
290 urn:opensip:product-v1:workflows:common#/$defs/Verdict 2 3 
291 urn:opensip:product-v1:workflows:evaluator3:baseline:2# 2 1004 
292 urn:opensip:product-v1:workflows:evaluator3:baseline:2#/$defs/BaselineDescriptor 2 19 
293 urn:opensip:product-v1:workflows:evaluator3:baseline:2#/$defs/BaselineEntry 2 11 
294 urn:opensip:product-v1:workflows:evaluator3:baseline:2#/$defs/Custody 2 9 
295 urn:opensip:product-v1:workflows:evaluator3:baseline:2#/$defs/DetectorClosureEntry 2 11 
296 urn:opensip:product-v1:workflows:evaluator3:baseline:2#/$defs/PivotClosureEntry 2 10 
297 urn:opensip:product-v1:workflows:evaluator3:baseline:2#/$defs/PivotClosureEntry/properties/kind 2 1 
298 urn:opensip:product-v1:workflows:evaluator3:command-envelope:3# 2 367 
299 urn:opensip:product-v1:workflows:evaluator3:command-envelope:3#/$defs/BaselineInspectionRecordV1 2 163 
300 urn:opensip:product-v1:workflows:evaluator3:command-envelope:3#/$defs/CandidateInspectionRecordV1 2 186 
301 urn:opensip:product-v1:workflows:evaluator3:command-envelope:3#/$defs/CandidateListRecordV1 2 274 
302 urn:opensip:product-v1:workflows:evaluator3:command-envelope:3#/$defs/Config2WorkspaceRootsProposalV1 2 77 
303 urn:opensip:product-v1:workflows:evaluator3:command-envelope:3#/$defs/DiscoveryRecommendationRecordV1 2 41 
304 urn:opensip:product-v1:workflows:evaluator3:command-envelope:3#/$defs/EffectivePolicyRecordV1 2 104 
305 urn:opensip:product-v1:workflows:evaluator3:command-envelope:3#/$defs/EvidenceLevelCountsV1 2 8 
306 urn:opensip:product-v1:workflows:evaluator3:command-envelope:3#/$defs/MutationReceiptProjection 2 25 
307 urn:opensip:product-v1:workflows:evaluator3:command-envelope:3#/$defs/PivotClosureAvailabilityV1 2 18 
308 urn:opensip:product-v1:workflows:evaluator3:command-envelope:3#/$defs/PolicyTestResultRecordV1 2 467 
309 urn:opensip:product-v1:workflows:evaluator3:command-envelope:3#/$defs/RepairPreviewRecordV1 2 885 
310 urn:opensip:product-v1:workflows:evaluator3:command-envelope:3#/$defs/ReviewBriefRecordV1 2 106 
311 urn:opensip:product-v1:workflows:evaluator3:command-envelope:3#/properties/querySurface 2 3 
312 urn:opensip:product-v1:workflows:evaluator3:command-envelope:4# 2 609 
313 urn:opensip:product-v1:workflows:evaluator3:command-envelope:4#/$defs/BaselineInspectionRecordV1 2 163 
314 urn:opensip:product-v1:workflows:evaluator3:command-envelope:4#/$defs/CandidateInspectionRecordV1 2 39 
315 urn:opensip:product-v1:workflows:evaluator3:command-envelope:4#/$defs/CandidateListRecordV1 2 216 
316 urn:opensip:product-v1:workflows:evaluator3:command-envelope:4#/$defs/Config2WorkspaceRootsProposalV1 2 77 
317 urn:opensip:product-v1:workflows:evaluator3:command-envelope:4#/$defs/DiscoveryRecommendationRecordV1 2 41 
318 urn:opensip:product-v1:workflows:evaluator3:command-envelope:4#/$defs/EffectivePolicyRecordV1 2 49 
319 urn:opensip:product-v1:workflows:evaluator3:command-envelope:4#/$defs/EvidenceLevelCountsV1 2 8 
320 urn:opensip:product-v1:workflows:evaluator3:command-envelope:4#/$defs/MutationReceiptProjection 2 25 
321 urn:opensip:product-v1:workflows:evaluator3:command-envelope:4#/$defs/PivotClosureAvailabilityV1 2 18 
322 urn:opensip:product-v1:workflows:evaluator3:command-envelope:4#/$defs/PolicyTestResultRecordV1 2 39 
323 urn:opensip:product-v1:workflows:evaluator3:command-envelope:4#/$defs/RepairPreviewRecordV1 2 32 
324 urn:opensip:product-v1:workflows:evaluator3:command-envelope:4#/$defs/ReviewBriefRecordV1 2 37 
325 urn:opensip:product-v1:workflows:evaluator3:command-inventory:3# 2 1230 
326 urn:opensip:product-v1:workflows:evaluator3:command-inventory:3#/$defs/AnalysisProfile 2 3 
327 urn:opensip:product-v1:workflows:evaluator3:command-inventory:3#/$defs/Command 2 64 
328 urn:opensip:product-v1:workflows:evaluator3:command-inventory:3#/$defs/CommandFlag 2 9 
329 urn:opensip:product-v1:workflows:evaluator3:command-inventory:3#/$defs/CommandName 2 3 
330 urn:opensip:product-v1:workflows:evaluator3:command-inventory:3#/$defs/Golden 2 26 
331 urn:opensip:product-v1:workflows:evaluator3:command-inventory:3#/$defs/OutputFormat 2 3 
332 urn:opensip:product-v1:workflows:evaluator3:command-inventory:3#/$defs/QueryDispatch 2 19 
333 urn:opensip:product-v1:workflows:evaluator3:command-inventory:3#/$defs/Renderer 2 10 
334 urn:opensip:product-v1:workflows:evaluator3:command-inventory:3#/$defs/RequestClass 2 3 
335 urn:opensip:product-v1:workflows:evaluator3:command-inventory:4# 2 1349 
336 urn:opensip:product-v1:workflows:evaluator3:command-inventory:4#/$defs/AnalysisProfile 2 3 
337 urn:opensip:product-v1:workflows:evaluator3:command-inventory:4#/$defs/Command 2 78 
338 urn:opensip:product-v1:workflows:evaluator3:command-inventory:4#/$defs/CommandFlag 2 9 
339 urn:opensip:product-v1:workflows:evaluator3:command-inventory:4#/$defs/CommandName 2 3 
340 urn:opensip:product-v1:workflows:evaluator3:command-inventory:4#/$defs/Golden 2 26 
341 urn:opensip:product-v1:workflows:evaluator3:command-inventory:4#/$defs/OutputFormat 2 3 
342 urn:opensip:product-v1:workflows:evaluator3:command-inventory:4#/$defs/QueryDispatch 2 19 
343 urn:opensip:product-v1:workflows:evaluator3:command-inventory:4#/$defs/Renderer 2 10 
344 urn:opensip:product-v1:workflows:evaluator3:command-inventory:4#/$defs/RequestClass 2 3 
345 urn:opensip:product-v1:workflows:evaluator3:common:3# 2 4 
346 urn:opensip:product-v1:workflows:evaluator3:common:3#/$defs/BaselineId 2 3 
347 urn:opensip:product-v1:workflows:evaluator3:common:3#/$defs/Blob 2 20 
348 urn:opensip:product-v1:workflows:evaluator3:common:3#/$defs/BoundedText 2 3 
349 urn:opensip:product-v1:workflows:evaluator3:common:3#/$defs/CandidateId 2 3 
350 urn:opensip:product-v1:workflows:evaluator3:common:3#/$defs/CanonicalIdentifier 2 3 
351 urn:opensip:product-v1:workflows:evaluator3:common:3#/$defs/CapabilityAvailabilityNoticeV1 2 27 
352 urn:opensip:product-v1:workflows:evaluator3:common:3#/$defs/CapabilityAvailabilityStepV1 2 74 
353 urn:opensip:product-v1:workflows:evaluator3:common:3#/$defs/CapabilityAvailabilityV1 2 68 
354 urn:opensip:product-v1:workflows:evaluator3:common:3#/$defs/ClosureId 2 3 
355 urn:opensip:product-v1:workflows:evaluator3:common:3#/$defs/ComparisonResultId 2 3 
356 urn:opensip:product-v1:workflows:evaluator3:common:3#/$defs/ContributionId 2 3 
357 urn:opensip:product-v1:workflows:evaluator3:common:3#/$defs/Correspondence 1 43 
358 urn:opensip:product-v1:workflows:evaluator3:common:3#/$defs/CorrespondenceCoverage 2 29 
359 urn:opensip:product-v1:workflows:evaluator3:common:3#/$defs/CoverageId 2 3 
360 urn:opensip:product-v1:workflows:evaluator3:common:3#/$defs/D9Class 2 3 
361 urn:opensip:product-v1:workflows:evaluator3:common:3#/$defs/D9Deficiency 2 3 
362 urn:opensip:product-v1:workflows:evaluator3:common:3#/$defs/D9ErrorCode 2 3 
363 urn:opensip:product-v1:workflows:evaluator3:common:3#/$defs/D9FaultCause 2 3 
364 urn:opensip:product-v1:workflows:evaluator3:common:3#/$defs/D9ReasonCode 2 3 
365 urn:opensip:product-v1:workflows:evaluator3:common:3#/$defs/D9Signal 2 3 
366 urn:opensip:product-v1:workflows:evaluator3:common:3#/$defs/DomainDetail 2 18 
367 urn:opensip:product-v1:workflows:evaluator3:common:3#/$defs/DomainDetailCode 2 3 
368 urn:opensip:product-v1:workflows:evaluator3:common:3#/$defs/Durability 2 3 
369 urn:opensip:product-v1:workflows:evaluator3:common:3#/$defs/EvidenceId 2 3 
370 urn:opensip:product-v1:workflows:evaluator3:common:3#/$defs/ExecutionId 2 3 
371 urn:opensip:product-v1:workflows:evaluator3:common:3#/$defs/ExecutionPlanId 2 3 
372 urn:opensip:product-v1:workflows:evaluator3:common:3#/$defs/FindingId 2 3 
373 urn:opensip:product-v1:workflows:evaluator3:common:3#/$defs/FindingSurface 2 89 
374 urn:opensip:product-v1:workflows:evaluator3:common:3#/$defs/Fingerprint 2 3 
375 urn:opensip:product-v1:workflows:evaluator3:common:3#/$defs/GlobPattern 2 3 
376 urn:opensip:product-v1:workflows:evaluator3:common:3#/$defs/ImportId 2 3 
377 urn:opensip:product-v1:workflows:evaluator3:common:3#/$defs/ImportedRequirementDeficiency 2 3 
378 urn:opensip:product-v1:workflows:evaluator3:common:3#/$defs/InstallationTransitionJournalRef 2 3 
379 urn:opensip:product-v1:workflows:evaluator3:common:3#/$defs/LogicalPath 2 3 
380 urn:opensip:product-v1:workflows:evaluator3:common:3#/$defs/NativeSufficiencyDeficiency 2 3 
381 urn:opensip:product-v1:workflows:evaluator3:common:3#/$defs/NullableFingerprint 2 6 
382 urn:opensip:product-v1:workflows:evaluator3:common:3#/$defs/PinnedPurgeDisclosure 2 8 
383 urn:opensip:product-v1:workflows:evaluator3:common:3#/$defs/PlanId 2 3 
384 urn:opensip:product-v1:workflows:evaluator3:common:3#/$defs/PolicyTestResultId 2 3 
385 urn:opensip:product-v1:workflows:evaluator3:common:3#/$defs/ProjectId 2 3 
386 urn:opensip:product-v1:workflows:evaluator3:common:3#/$defs/ReceiptId 2 3 
387 urn:opensip:product-v1:workflows:evaluator3:common:3#/$defs/RepairAuthorizationRef 2 3 
388 urn:opensip:product-v1:workflows:evaluator3:common:3#/$defs/RepairJournalRef 2 3 
389 urn:opensip:product-v1:workflows:evaluator3:common:3#/$defs/RepairPlanId 2 3 
390 urn:opensip:product-v1:workflows:evaluator3:common:3#/$defs/RepairRecoveryAuthorizationRef 2 3 
391 urn:opensip:product-v1:workflows:evaluator3:common:3#/$defs/RequestId 2 3 
392 urn:opensip:product-v1:workflows:evaluator3:common:3#/$defs/RequiredCoverage 2 3 
393 urn:opensip:product-v1:workflows:evaluator3:common:3#/$defs/RunId 2 3 
394 urn:opensip:product-v1:workflows:evaluator3:common:3#/$defs/SemanticVersion 2 3 
395 urn:opensip:product-v1:workflows:evaluator3:common:3#/$defs/Sha256Hex 2 3 
396 urn:opensip:product-v1:workflows:evaluator3:common:3#/$defs/SnapshotId 2 3 
397 urn:opensip:product-v1:workflows:evaluator3:common:3#/$defs/SourceCorrespondence 2 57 
398 urn:opensip:product-v1:workflows:evaluator3:common:3#/$defs/StageOrdinal 2 3 
399 urn:opensip:product-v1:workflows:evaluator3:common:3#/$defs/StepId 2 3 
400 urn:opensip:product-v1:workflows:evaluator3:common:3#/$defs/StepTermination 2 27 
401 urn:opensip:product-v1:workflows:evaluator3:common:3#/$defs/SubjectId 2 3 
402 urn:opensip:product-v1:workflows:evaluator3:common:3#/$defs/Uint 2 3 
403 urn:opensip:product-v1:workflows:evaluator3:common:3#/$defs/Uint53 2 3 
404 urn:opensip:product-v1:workflows:evaluator3:common:3#/$defs/UnmatchedOccurrence 2 12 
405 urn:opensip:product-v1:workflows:evaluator3:common:3#/$defs/UserInputPath 2 3 
406 urn:opensip:product-v1:workflows:evaluator3:common:3#/$defs/UtcDate 1 2 
407 urn:opensip:product-v1:workflows:evaluator3:common:3#/$defs/UtcTimestamp 1 2 
408 urn:opensip:product-v1:workflows:evaluator3:common:3#/$defs/VcsRevision 2 8 
409 urn:opensip:product-v1:workflows:evaluator3:common:3#/$defs/Verdict 2 3 
410 urn:opensip:product-v1:workflows:evaluator3:comparison:2# 2 847 
411 urn:opensip:product-v1:workflows:evaluator3:comparison:2#/$defs/AuditProfile 2 11 
412 urn:opensip:product-v1:workflows:evaluator3:comparison:2#/$defs/AuditProfileName 2 3 
413 urn:opensip:product-v1:workflows:evaluator3:comparison:2#/$defs/Axis 2 3 
414 urn:opensip:product-v1:workflows:evaluator3:comparison:2#/$defs/BoundImport 2 11 
415 urn:opensip:product-v1:workflows:evaluator3:comparison:2#/$defs/Classification 2 3 
416 urn:opensip:product-v1:workflows:evaluator3:comparison:2#/$defs/ComparisonDescriptor 2 37 
417 urn:opensip:product-v1:workflows:evaluator3:comparison:2#/$defs/DetectorDisposition 2 53 
418 urn:opensip:product-v1:workflows:evaluator3:comparison:2#/$defs/Entry 2 160 
419 urn:opensip:product-v1:workflows:evaluator3:comparison:2#/$defs/EvaluationContext 2 10 
420 urn:opensip:product-v1:workflows:evaluator3:comparison:2#/$defs/EvidenceAvailability 2 8 
421 urn:opensip:product-v1:workflows:evaluator3:comparison:2#/$defs/ExecutionDeficiency 2 13 
422 urn:opensip:product-v1:workflows:evaluator3:comparison:2#/$defs/IndeterminateReason 2 3 
423 urn:opensip:product-v1:workflows:evaluator3:comparison:2#/$defs/PivotPresence 2 13 
424 urn:opensip:product-v1:workflows:evaluator3:comparison:2#/$defs/RuleCoverage 2 11 
425 urn:opensip:product-v1:workflows:evaluator3:comparison:2#/$defs/RuleDeficiency 2 8 
426 urn:opensip:product-v1:workflows:evaluator3:detector-manifest:1# 2 67 
427 urn:opensip:product-v1:workflows:evaluator3:graph-query:3# 2 4 
428 urn:opensip:product-v1:workflows:evaluator3:graph-query:3#/$defs/AdvisoryOperation 2 3 
429 urn:opensip:product-v1:workflows:evaluator3:graph-query:3#/$defs/Bounds 1 13 
430 urn:opensip:product-v1:workflows:evaluator3:graph-query:3#/$defs/CountBasis 2 3 
431 urn:opensip:product-v1:workflows:evaluator3:graph-query:3#/$defs/FactId 2 3 
432 urn:opensip:product-v1:workflows:evaluator3:graph-query:3#/$defs/FactViewDigests 2 16 
433 urn:opensip:product-v1:workflows:evaluator3:graph-query:3#/$defs/GraphDirection 2 3 
434 urn:opensip:product-v1:workflows:evaluator3:graph-query:3#/$defs/GraphEndpoint 2 32 
435 urn:opensip:product-v1:workflows:evaluator3:graph-query:3#/$defs/GraphEvidenceDisclosure 2 194 
436 urn:opensip:product-v1:workflows:evaluator3:graph-query:3#/$defs/GraphNeighborRow 2 80 
437 urn:opensip:product-v1:workflows:evaluator3:graph-query:3#/$defs/GraphNeighborsParams 2 49 
438 urn:opensip:product-v1:workflows:evaluator3:graph-query:3#/$defs/GraphOperation 2 3 
439 urn:opensip:product-v1:workflows:evaluator3:graph-query:3#/$defs/GraphOperationResponseContext 2 94 
440 urn:opensip:product-v1:workflows:evaluator3:graph-query:3#/$defs/GraphPathEdge 2 70 
441 urn:opensip:product-v1:workflows:evaluator3:graph-query:3#/$defs/GraphPathParams 2 84 
442 urn:opensip:product-v1:workflows:evaluator3:graph-query:3#/$defs/GraphPathRow 2 308 
443 urn:opensip:product-v1:workflows:evaluator3:graph-query:3#/$defs/GraphQueryRequestV1 2 100 
444 urn:opensip:product-v1:workflows:evaluator3:graph-query:3#/$defs/GraphQueryResponseContext 2 12 
445 urn:opensip:product-v1:workflows:evaluator3:graph-query:3#/$defs/GraphQueryResponseV1 2 92 
446 urn:opensip:product-v1:workflows:evaluator3:graph-query:3#/$defs/GraphReachParams 2 54 
447 urn:opensip:product-v1:workflows:evaluator3:graph-query:3#/$defs/GraphReachRow 2 40 
448 urn:opensip:product-v1:workflows:evaluator3:graph-query:3#/$defs/NativeSubjectId 2 3 
449 urn:opensip:product-v1:workflows:evaluator3:graph-query:3#/$defs/Operation 2 3 
450 urn:opensip:product-v1:workflows:evaluator3:graph-query:3#/$defs/Page 2 6 
451 urn:opensip:product-v1:workflows:evaluator3:graph-query:3#/$defs/Params 1 3 
452 urn:opensip:product-v1:workflows:evaluator3:graph-query:3#/$defs/ResolvedView 2 6 
453 urn:opensip:product-v1:workflows:evaluator3:graph-query:3#/$defs/ScopeId 2 3 
454 urn:opensip:product-v1:workflows:evaluator3:graph-query:3#/$defs/StoredKind 2 3 
455 urn:opensip:product-v1:workflows:evaluator3:graph-query:3#/$defs/TraversalCoverage 2 3 
456 urn:opensip:product-v1:workflows:evaluator3:graph-query:3#/$defs/View 2 11 
457 urn:opensip:product-v1:workflows:evaluator3:graph-query:3#/$defs/ViewDigest 2 3 
458 urn:opensip:product-v1:workflows:evaluator3:invocation:3# 2 634 
459 urn:opensip:product-v1:workflows:evaluator3:invocation:3#/$defs/AnalysisParams 2 75 
460 urn:opensip:product-v1:workflows:evaluator3:invocation:3#/$defs/AnalysisResult 2 108 
461 urn:opensip:product-v1:workflows:evaluator3:invocation:3#/$defs/Attempt 2 16 
462 urn:opensip:product-v1:workflows:evaluator3:invocation:3#/$defs/BaselineInspectRequestV1 2 12 
463 urn:opensip:product-v1:workflows:evaluator3:invocation:3#/$defs/Cancellation 2 16 
464 urn:opensip:product-v1:workflows:evaluator3:invocation:3#/$defs/ComparisonParams 2 22 
465 urn:opensip:product-v1:workflows:evaluator3:invocation:3#/$defs/ComparisonStepResult 2 53 
466 urn:opensip:product-v1:workflows:evaluator3:invocation:3#/$defs/CoreTransitionIntentV1 2 55 
467 urn:opensip:product-v1:workflows:evaluator3:invocation:3#/$defs/DerivationBinding 2 25 
468 urn:opensip:product-v1:workflows:evaluator3:invocation:3#/$defs/DiscoveryRecommendRequestV1 1 5 
469 urn:opensip:product-v1:workflows:evaluator3:invocation:3#/$defs/DoctorParams 2 8 
470 urn:opensip:product-v1:workflows:evaluator3:invocation:3#/$defs/DoctorResult 2 9 
471 urn:opensip:product-v1:workflows:evaluator3:invocation:3#/$defs/ExportDeliveryParams 2 10 
472 urn:opensip:product-v1:workflows:evaluator3:invocation:3#/$defs/ExportDeliveryResult 2 10 
473 urn:opensip:product-v1:workflows:evaluator3:invocation:3#/$defs/HostQueryOperation 2 3 
474 urn:opensip:product-v1:workflows:evaluator3:invocation:3#/$defs/HostQueryParams 2 103 
475 urn:opensip:product-v1:workflows:evaluator3:invocation:3#/$defs/ImportParams 2 48 
476 urn:opensip:product-v1:workflows:evaluator3:invocation:3#/$defs/ImportResult 2 27 
477 urn:opensip:product-v1:workflows:evaluator3:invocation:3#/$defs/Mode 2 8 
478 urn:opensip:product-v1:workflows:evaluator3:invocation:3#/$defs/MutationParams 2 35 
479 urn:opensip:product-v1:workflows:evaluator3:invocation:3#/$defs/MutationReplayScopeV1 2 29 
480 urn:opensip:product-v1:workflows:evaluator3:invocation:3#/$defs/MutationResult 2 19 
481 urn:opensip:product-v1:workflows:evaluator3:invocation:3#/$defs/NativePreparationParams 2 9 
482 urn:opensip:product-v1:workflows:evaluator3:invocation:3#/$defs/NativePreparationResult 2 22 
483 urn:opensip:product-v1:workflows:evaluator3:invocation:3#/$defs/PolicyShowRequestV1 1 5 
484 urn:opensip:product-v1:workflows:evaluator3:invocation:3#/$defs/PolicyTestRequestV1 2 12 
485 urn:opensip:product-v1:workflows:evaluator3:invocation:3#/$defs/PublicQueryParams 2 74 
486 urn:opensip:product-v1:workflows:evaluator3:invocation:3#/$defs/QueryParams 2 15 
487 urn:opensip:product-v1:workflows:evaluator3:invocation:3#/$defs/QueryResult 2 21 
488 urn:opensip:product-v1:workflows:evaluator3:invocation:3#/$defs/RenderParams 2 58 
489 urn:opensip:product-v1:workflows:evaluator3:invocation:3#/$defs/RenderResult 2 28 
490 urn:opensip:product-v1:workflows:evaluator3:invocation:3#/$defs/RepairApplyParams 2 25 
491 urn:opensip:product-v1:workflows:evaluator3:invocation:3#/$defs/RepairApplyResult 2 39 
492 urn:opensip:product-v1:workflows:evaluator3:invocation:3#/$defs/RepairPreviewParams 2 69 
493 urn:opensip:product-v1:workflows:evaluator3:invocation:3#/$defs/RepairPreviewResult 2 10 
494 urn:opensip:product-v1:workflows:evaluator3:invocation:3#/$defs/RepairRecoveryIntentV1 2 28 
495 urn:opensip:product-v1:workflows:evaluator3:invocation:3#/$defs/RetentionDisclosure 2 21 
496 urn:opensip:product-v1:workflows:evaluator3:invocation:3#/$defs/ReviewBriefProduceRequestV1 2 8 
497 urn:opensip:product-v1:workflows:evaluator3:invocation:3#/$defs/StepDomainResult 2 34 
498 urn:opensip:product-v1:workflows:evaluator3:invocation:3#/$defs/StepKind 2 3 
499 urn:opensip:product-v1:workflows:evaluator3:invocation:3#/$defs/StepOutcome 2 3 
500 urn:opensip:product-v1:workflows:evaluator3:invocation:3#/$defs/StepParams 2 36 
501 urn:opensip:product-v1:workflows:evaluator3:invocation:3#/$defs/StepResult 2 175 
502 urn:opensip:product-v1:workflows:evaluator3:invocation:3#/$defs/StepSpec 2 74 
503 urn:opensip:product-v1:workflows:evaluator3:invocation:3#/$defs/TestExecutionParams 2 168 
504 urn:opensip:product-v1:workflows:evaluator3:invocation:3#/$defs/TestExecutionResult 2 29 
505 urn:opensip:product-v1:workflows:evaluator3:invocation:3#/$defs/VerificationOutcome 2 10 
506 urn:opensip:product-v1:workflows:evaluator3:invocation:3#/$defs/VerifyParams 2 17 
507 urn:opensip:product-v1:workflows:evaluator3:invocation:3#/$defs/WorkflowRef 2 12 
508 urn:opensip:product-v1:workflows:evaluator3:policy-test:2# 2 4 
509 urn:opensip:product-v1:workflows:evaluator3:policy-test:2#/$defs/PolicyTestSuiteV2 2 395 
510 urn:opensip:product-v1:workflows:evaluator3:repair:2# 2 4 
511 urn:opensip:product-v1:workflows:evaluator3:repair:2#/$defs/EvidenceRequirement 2 19 
512 urn:opensip:product-v1:workflows:evaluator3:repair:2#/$defs/FileEdit 2 21 
513 urn:opensip:product-v1:workflows:evaluator3:repair:2#/$defs/FileOutcome 2 35 
514 urn:opensip:product-v1:workflows:evaluator3:repair:2#/$defs/JournalState 2 3 
515 urn:opensip:product-v1:workflows:evaluator3:repair:2#/$defs/MutationOperation 2 3 
516 urn:opensip:product-v1:workflows:evaluator3:repair:2#/$defs/MutationReceiptV1 2 49 
517 urn:opensip:product-v1:workflows:evaluator3:repair:2#/$defs/RecipeRef 2 9 
518 urn:opensip:product-v1:workflows:evaluator3:repair:2#/$defs/RecoveryAction 2 24 
519 urn:opensip:product-v1:workflows:evaluator3:repair:2#/$defs/RepairApplyJournalV1 2 96 
520 urn:opensip:product-v1:workflows:evaluator3:repair:2#/$defs/RepairPlanDescriptor 2 23 
521 urn:opensip:product-v1:workflows:evaluator3:repair:2#/$defs/RepairPlanV1 2 7 
522 urn:opensip:product-v1:workflows:evaluator3:repair:2#/$defs/VerificationLinkV1 2 44 
523 urn:opensip:product-v1:workflows:evaluator3:review:2# 2 4 
524 urn:opensip:product-v1:workflows:evaluator3:review:2#/$defs/Candidate 2 28 
525 urn:opensip:product-v1:workflows:evaluator3:review:2#/$defs/CandidateKind 2 3 
526 urn:opensip:product-v1:workflows:evaluator3:review:2#/$defs/CandidateOccurrence 2 49 
527 urn:opensip:product-v1:workflows:evaluator3:review:2#/$defs/EvidenceLevel 2 3 
528 urn:opensip:product-v1:workflows:evaluator3:review:2#/$defs/InspectionBundle 2 12 
529 urn:opensip:product-v1:workflows:evaluator3:review:2#/$defs/ReviewBrief 2 10 
530 urn:opensip:product-v1:workflows:evaluator3:review:2#/$defs/ReviewDisposition 2 66 
531 urn:opensip:product-v1:workflows:evaluator3:review:2#/$defs/ReviewerPrincipal 2 17 
532 urn:opensip:product-v1:workflows:evaluator3:sarif-adapter:2# 1 287 
533 urn:opensip:product-v1:workflows:evaluator3:sarif-adapter:2#/$defs/Result 2 10 
534 urn:opensip:product-v1:workflows:evaluator3:sarif-adapter:2#/$defs/Run 2 8 
535 urn:opensip:product-v1:workflows:imported-evidence# 2 4 
536 urn:opensip:product-v1:workflows:imported-evidence#/$defs/BuildIdentityV1 2 17 
537 urn:opensip:product-v1:workflows:imported-evidence#/$defs/HistoryPayloadV1 2 110 
538 urn:opensip:product-v1:workflows:imported-evidence#/$defs/HistorySubject 2 8 
539 urn:opensip:product-v1:workflows:imported-evidence#/$defs/ImportKind 2 3 
540 urn:opensip:product-v1:workflows:imported-evidence#/$defs/ImportObservationV1 2 93 
541 urn:opensip:product-v1:workflows:imported-evidence#/$defs/ImportScopeDescriptor 2 85 
542 urn:opensip:product-v1:workflows:imported-evidence#/$defs/ImportWrapperV2 2 134 
543 urn:opensip:product-v1:workflows:imported-evidence#/$defs/ImportedEvidenceRecordV1 2 104 
544 urn:opensip:product-v1:workflows:imported-evidence#/$defs/PayloadBinding 2 8 
545 urn:opensip:product-v1:workflows:imported-evidence#/$defs/PayloadRegistryV1 1 40 
546 urn:opensip:product-v1:workflows:imported-evidence#/$defs/Producer 2 15 
547 urn:opensip:product-v1:workflows:imported-evidence#/$defs/RuntimePayloadV1 2 210 
548 urn:opensip:product-v1:workflows:imported-evidence#/$defs/RuntimeSubject 2 25 
549 urn:opensip:product-v1:workflows:imported-evidence#/$defs/SourceMappingV1 2 112 
550 urn:opensip:product-v1:workflows:imported-evidence#/$defs/Staleness 2 3 
551 urn:opensip:product-v1:workflows:imported-evidence#/$defs/StalenessRule 2 22 
552 urn:opensip:product-v1:workflows:imported-evidence#/$defs/TestPayloadV1 2 145 
553 urn:opensip:product-v1:workflows:metadata:1# 2 13 
554 urn:opensip:product-v1:workflows:metadata:1#/$defs/BuildMetadataV1 2 27 
555 urn:opensip:product-v1:workflows:metadata:1#/$defs/CommandName 2 3 
556 urn:opensip:product-v1:workflows:metadata:1#/$defs/HelpCommand 2 8 
557 urn:opensip:product-v1:workflows:metadata:1#/$defs/HelpMetadataV1 2 8 
558 urn:opensip:product-v1:workflows:metadata:1#/$defs/HostRelease 2 3 
559 urn:opensip:product-v1:workflows:metadata:1#/$defs/VersionMetadataV1 2 27 
560 urn:opensip:product-v1:workflows:policy-document# 2 4 
561 urn:opensip:product-v1:workflows:policy-document#/$defs/Atom 2 295 
562 urn:opensip:product-v1:workflows:policy-document#/$defs/EvidenceUse 2 7 
563 urn:opensip:product-v1:workflows:policy-document#/$defs/FieldFilter 2 40 
564 urn:opensip:product-v1:workflows:policy-document#/$defs/PolicyDocumentV1 2 253 
565 urn:opensip:product-v1:workflows:policy-document#/$defs/Predicate 2 29 
566 urn:opensip:product-v1:workflows:policy-document#/$defs/Rule 2 13 
567 urn:opensip:product-v1:workflows:policy-document#/$defs/RuleProgramV1 2 140 
568 urn:opensip:product-v1:workflows:policy-document#/$defs/Rung 2 3 
569 urn:opensip:product-v1:workflows:policy-document#/$defs/ScopeDocumentV1 2 9 
570 urn:opensip:product-v1:workflows:policy-document#/$defs/Severity 2 3 
571 urn:opensip:product-v1:workflows:policy-document#/$defs/Waiver 2 9 
572 urn:opensip:product-v1:workflows:policy-document#/$defs/WaiverResolutionV1 2 9 
573 urn:opensip:product-v1:workflows:policy-document#/$defs/WaiverSetV1 2 8 
574 urn:opensip:product-v1:workflows:policy-test# 2 4 
575 urn:opensip:product-v1:workflows:policy-test#/$defs/Case 2 8 
576 urn:opensip:product-v1:workflows:policy-test#/$defs/CaseResult 2 11 
577 urn:opensip:product-v1:workflows:policy-test#/$defs/Expectation 2 13 
578 urn:opensip:product-v1:workflows:policy-test#/$defs/FactRecordCandidate 2 11 
579 urn:opensip:product-v1:workflows:policy-test#/$defs/Override 2 8 
580 urn:opensip:product-v1:workflows:policy-test#/$defs/PolicyTestResultV1 2 20 
581 urn:opensip:product-v1:workflows:policy-test#/$defs/PolicyTestSuiteV1 2 101 
582 urn:opensip:product-v1:workflows:policy-test#/$defs/SourceFile 2 20 
583 urn:opensip:product-v1:workflows:policy-test#/$defs/Subject 2 15 
584 urn:opensip:product-v1:workflows:test-execution# 2 4 
585 urn:opensip:product-v1:workflows:test-execution#/$defs/EnforcementValue 2 3 
586 urn:opensip:product-v1:workflows:test-execution#/$defs/TestExecutionStepParams 2 30 
587 urn:opensip:product-v1:workflows:test-execution#/$defs/TestExecutionStepResult 2 12 
588 urn:opensip:product-v1:workflows:test-execution#/$defs/TestPayloadV1 2 19 
cases 1343 covered 589 uncovered 0
