test_full_allowance_dense_evidence_admits_complete_report (__main__.SharedTests.test_full_allowance_dense_evidence_admits_complete_report) ... FAIL
test_overlapping_or_impossible_reservation_refuses (__main__.SharedTests.test_overlapping_or_impossible_reservation_refuses) ... ok
test_reserved_states_count_from_the_first_parent_panel (__main__.SharedTests.test_reserved_states_count_from_the_first_parent_panel) ... 
  test_reserved_states_count_from_the_first_parent_panel (__main__.SharedTests.test_reserved_states_count_from_the_first_parent_panel) (cap=8192) ... FAIL

======================================================================
FAIL: test_full_allowance_dense_evidence_admits_complete_report (__main__.SharedTests.test_full_allowance_dense_evidence_admits_complete_report)
----------------------------------------------------------------------
Traceback (most recent call last):
  File "/private/tmp/opensip-implementation/m1-report-joint-candidate-09/check_shared_projection.py", line 51, in test_full_allowance_dense_evidence_admits_complete_report
    cap=4194304;panels,calls=self.project(cap,sources)
                             ~~~~~~~~~~~~^^^^^^^^^^^^^
  File "/private/tmp/opensip-implementation/m1-report-joint-candidate-09/check_shared_projection.py", line 27, in project
    out=self.bound.project_exploration(*args)
  File "pinned-report08-projector#joint-reservation-and-stop", line 668, in project_exploration
  File "pinned-report08-projector#joint-reservation-and-stop", line 580, in settle
AssertionError

======================================================================
FAIL: test_reserved_states_count_from_the_first_parent_panel (__main__.SharedTests.test_reserved_states_count_from_the_first_parent_panel) (cap=8192)
----------------------------------------------------------------------
Traceback (most recent call last):
  File "/private/tmp/opensip-implementation/m1-report-joint-candidate-09/check_shared_projection.py", line 33, in test_reserved_states_count_from_the_first_parent_panel
    panels,calls=self.project(cap);again,again_calls=self.project(cap)
                 ~~~~~~~~~~~~^^^^^
  File "/private/tmp/opensip-implementation/m1-report-joint-candidate-09/check_shared_projection.py", line 27, in project
    out=self.bound.project_exploration(*args)
  File "pinned-report08-projector#joint-reservation-and-stop", line 668, in project_exploration
  File "pinned-report08-projector#joint-reservation-and-stop", line 580, in settle
AssertionError

----------------------------------------------------------------------
Ran 3 tests in 0.783s

FAILED (failures=2)
