Error: Internal error: {
  "message": "API error (status 402 Payment Required): Grok Build usage balance exhausted",
  "http_status": 402,
  "promptUsage": {
    "inputTokens": 3878201,
    "outputTokens": 14962,
    "totalTokens": 3893163,
    "cachedReadTokens": 3843968,
    "cacheCreationTokens": 0,
    "reasoningTokens": 12955,
    "modelCalls": 13,
    "apiDurationMs": 319481,
    "costUsdTicks": 7072754800,
    "modelUsage": {
      "grok-4.6-build": {
        "inputTokens": 3878201,
        "outputTokens": 14962,
        "totalTokens": 3893163,
        "cachedReadTokens": 3843968,
        "cacheCreationTokens": 0,
        "reasoningTokens": 12955,
        "modelCalls": 13,
        "apiDurationMs": 319481,
        "costUsdTicks": 7072754800
      }
    },
    "numTurns": 13
  }
}
