[
  {
    "id": "C1-protocol3-no-attribution-frame",
    "boundary": "PROVIDER-RETURN-CENSUS",
    "ok": true
  },
  {
    "id": "C2-join-admits-sidecar-different-identity-from-exact-id-ephemeral",
    "boundary": "ATOM-JOIN-HELPER",
    "ok": true
  },
  {
    "id": "C2-reconcile-overwrites-ephemeral-nativeId",
    "boundary": "ATOM-JOIN-HELPER",
    "ok": true
  },
  {
    "id": "C2-atom-exists-matches-sidecar-identity-not-exact-id-file",
    "boundary": "ATOM-EVALUATION",
    "ok": true
  },
  {
    "id": "C2-absent-sidecar-exact-id-occupies-colon-path-file",
    "boundary": "ATOM-EVALUATION",
    "ok": true
  },
  {
    "id": "C3-atom-exact-id-symbol-exists-true-without-sidecar",
    "boundary": "ATOM-EVALUATION",
    "ok": true
  },
  {
    "id": "C3-query-project-fact-unprojectable-without-sidecar",
    "boundary": "QUERY-PROJECT-HELPER",
    "ok": true
  },
  {
    "id": "C3-unknown-sidecar-atom-still-first-party-via-ephemeral",
    "boundary": "ATOM-EVALUATION",
    "ok": true
  },
  {
    "id": "C3-unknown-sidecar-query-project-unprojectable",
    "boundary": "QUERY-PROJECT-HELPER",
    "ok": true
  },
  {
    "id": "C3-unknown-occupancy-known-kind-atom-match-query-unprojectable",
    "boundary": "ATOM-EVALUATION",
    "ok": true
  },
  {
    "id": "C3-owner-wrapper-imports-file-occupancy-with-v2-sidecar",
    "boundary": "QUERY-OWNER-WRAPPER",
    "ok": true
  },
  {
    "id": "C3-owner-wrapper-namespaced-payload-id-is-not-inventory-vertex",
    "boundary": "QUERY-OWNER-WRAPPER",
    "ok": true
  },
  {
    "id": "C3-collect-on-owner-facts-empty-attributions-unprojectable",
    "boundary": "QUERY-PROJECT-HELPER",
    "ok": true
  },
  {
    "id": "C3-query-contract-retains-v1-tokens",
    "boundary": "CONTRACT-PROSE",
    "ok": true
  }
]
