PASS source-pins-are-48
PASS pin-bytes:schemas/sources/dispatch-v1.schema.json
PASS pin-bytes:schemas/sources/enumeration-plan-v1.schema.json
PASS pin-bytes:schemas/sources/execution-inputs-v1.schema.json
PASS pin-bytes:schemas/sources/fact-batch-v3.schema.json
PASS pin-bytes:schemas/sources/framework-recognition-plan-v1.schema.json
PASS pin-bytes:schemas/sources/incoming-search-v1.schema.json
PASS pin-bytes:schemas/sources/occupancy-v1.schema.json
PASS pin-bytes:schemas/sources/handshake-v1.schema.json
PASS pin-bytes:schemas/sources/startup-v1.schema.json
PASS pin-bytes:schemas/sources/relation-payload-v2.schema.json
PASS pin-bytes:schemas/sources/subject-inventory-v1.schema.json
PASS pin-bytes:schemas/sources/target-attribution-v2.schema.json
PASS pin-bytes:schemas/sources/control-v3.schema.json
PASS pin-bytes:schemas/sources/evaluator-emission-plan-v1.schema.json
PASS pin-bytes:schemas/sources/identity-v3.schema.json
PASS pin-bytes:schemas/sources/import-source-context-v1.schema.json
PASS pin-bytes:schemas/sources/native-v2.schema.json
PASS pin-bytes:schemas/sources/policy-v2.schema.json
PASS pin-bytes:schemas/sources/configuration-disclosure-v1.schema.json
PASS pin-bytes:schemas/sources/explicit-history-panel-v1.schema.json
PASS pin-bytes:schemas/sources/explicit-history-v1.schema.json
PASS pin-bytes:schemas/sources/common-v1.schema.json
PASS pin-bytes:schemas/sources/baseline-v2.schema.json
PASS pin-bytes:schemas/sources/envelope-v3.schema.json
PASS pin-bytes:schemas/sources/envelope-v4.schema.json
PASS pin-bytes:schemas/sources/command-envelope-v7.schema.json
PASS pin-bytes:schemas/sources/inventory-v3.schema.json
PASS pin-bytes:schemas/sources/inventory-v4.schema.json
PASS pin-bytes:schemas/sources/command-inventory-v6.schema.json
PASS pin-bytes:schemas/sources/common-v3.schema.json
PASS pin-bytes:schemas/sources/common-v4.schema.json
PASS pin-bytes:schemas/sources/comparison-v2.schema.json
PASS pin-bytes:schemas/sources/detector-v1.schema.json
PASS pin-bytes:schemas/sources/graph-v3.schema.json
PASS pin-bytes:schemas/sources/graph-query-v4.schema.json
PASS pin-bytes:schemas/sources/invocation-v3.schema.json
PASS pin-bytes:schemas/sources/invocation-v5.schema.json
PASS pin-bytes:schemas/sources/policy-test-v2.schema.json
PASS pin-bytes:schemas/sources/repair-v2.schema.json
PASS pin-bytes:schemas/sources/report-v1.schema.json
PASS pin-bytes:schemas/sources/review-v2.schema.json
PASS pin-bytes:schemas/sources/sarif-v2.schema.json
PASS pin-bytes:schemas/sources/imported-v1.schema.json
PASS pin-bytes:schemas/sources/metadata-v1.schema.json
PASS pin-bytes:schemas/sources/policy-v1.schema.json
PASS pin-bytes:schemas/sources/policy-test-v1.schema.json
PASS pin-bytes:schemas/sources/presentation-catalog-v1.schema.json
PASS pin-bytes:schemas/sources/test-execution-v1.schema.json
PASS read-all-48-pins
PASS exactly-9-of-48-are-payload-registry-members
PASS registered-set-is-payload-rows-not-caller-chosen
PASS identity-v3-is-available-but-not-payload-member
PASS policy-v2-is-available-but-not-payload-member
PASS historical-native-same-id-is-not-current-member
PASS historical-policy-v2-same-id-is-not-current-member
PASS missing-schema-blob-is-unavailable-not-unregistered
PASS corrupt-schema-blob-is-digest-invalid-not-missing
PASS getters-are-read-only-shape-not-native-admit
PASS reuses-parse-hash-preimage
PASS wrong-set-is-unregistered-domain-not-ok
PASS wrong-universe-set-is-unregistered-domain
PASS raw-C-is-not-an-H-frame
PASS truncated-frame-is-invalid-not-unavailable
PASS declared-length-mismatch-is-frame-length
PASS missing-frame-blob-is-unavailable
PASS registry-row-names-current-document-not-historical-alias
ALL_PASS 1
