     Locking 2 packages to latest Rust 1.95.0 compatible versions
   Compiling sha2-const-stable v0.1.0
   Compiling opensip-identity v0.1.0 (/tmp/opensip-implementation/m2-grok-retained-frames-review-03/review/copy/product/crates/identity)
   Compiling private-fields v0.0.0 (/tmp/opensip-implementation/m2-grok-retained-frames-review-03/review/probes/private-fields)
error[E0616]: field `digest` of struct `FramedCandidate` is private
 --> src/main.rs:5:19
  |
5 |         let _ = c.digest;
  |                   ^^^^^^ private field
  |
help: a method `digest` also exists, call it with parentheses
  |
5 |         let _ = c.digest();
  |                         ++

error[E0616]: field `domain` of struct `FramedCandidate` is private
 --> src/main.rs:6:19
  |
6 |         let _ = c.domain;
  |                   ^^^^^^ private field
  |
help: a method `domain` also exists, call it with parentheses
  |
6 |         let _ = c.domain();
  |                         ++

error[E0616]: field `set` of struct `FramedCandidate` is private
 --> src/main.rs:7:19
  |
7 |         let _ = c.set;
  |                   ^^^ private field

error[E0616]: field `row` of struct `FramedCandidate` is private
 --> src/main.rs:8:19
  |
8 |         let _ = c.row;
  |                   ^^^ private field

error[E0616]: field `shape` of struct `FramedCandidate` is private
 --> src/main.rs:9:19
  |
9 |         let _ = c.shape;
  |                   ^^^^^ private field

For more information about this error, try `rustc --explain E0616`.
error: could not compile `private-fields` (bin "private-fields") due to 5 previous errors
