{"passed": 1592, "failed": 0, "productQualification": false}
{
  "P1_suite": {
    "sysexit": false,
    "passed": 1592,
    "failed": 0,
    "failing_ids": []
  },
  "P2_positive": {
    "raised_anything": "Refusal:REQUEST.PRECONDITION_FAILED",
    "returned_type": null,
    "helper_result_is_None": false
  },
  "P2_lossy": {
    "refused": true,
    "error_code": "REQUEST.PRECONDITION_FAILED",
    "detail": "BASELINE.SCOPE_NOT_A_SELECTED_PARAMETER",
    "detail_is_None": false,
    "would_satisfy_new_predicate": false
  },
  "P3_arithmetic": {
    "declared_schemaDigests": [
      "f20b8353a7be50d7a0c24f413df74e35d23a4e9fc2a4ecc661235655c43c51be"
    ],
    "final_schema_file_sha256": "f20b8353a7be50d7a0c24f413df74e35d23a4e9fc2a4ecc661235655c43c51be",
    "declared_equals_final_bytes": true,
    "final_in_registered_documents": true,
    "stale_b1fff_in_registered_documents": false,
    "registered_document_count": 6
  },
  "P4_mutation": {
    "as_shipped_passes": true,
    "stale_digest_fails": true,
    "empty_fails": true,
    "unregistered_junk_fails": true,
    "mixed_valid_plus_junk_fails": true
  },
  "P5_default_path": {
    "direct_raise_sites_in_default_capability_selection": 1,
    "raise_exprs": [
      "Call(Name('AdmissionError', Load()), [BinOp(Constant('native.requested-capability-duplicate-ownership-tuple:'), Add(), C"
    ],
    "calls_admit_analysis_spec": true
  }
}
PROBE_EXIT=

[exited with code 0]
