PASS literal-disabled-filename-resolved {
  kind: 'resolved',
  path: '/private/tmp/opensip-implementation/m1-grok-typescript-boundary-review-06/review/copy/work/independent-browser/literal-disabled/(disabled):target.js',
  suffix: ''
}
PASS first-fix-wrongly-ignored-literal-disabled-filename { kind: 'ignored', firstFix: true, edge: '(disabled):target.js' }
PASS browser-false-ignored-and-not-evaluated { kind: 'ignored' }
PASS node-fs-without-disable-refused {
  kind: 'refused',
  detail: 'builtin',
  errors: [ 'Could not resolve "node:fs"' ]
}
PASS query-suffix-recorded {
  kind: 'resolved',
  path: '/private/tmp/opensip-implementation/m1-grok-typescript-boundary-review-06/review/copy/work/independent-browser/query/dep.js',
  suffix: '?one'
}
PASS fragment-suffix-recorded {
  kind: 'resolved',
  path: '/private/tmp/opensip-implementation/m1-grok-typescript-boundary-review-06/review/copy/work/independent-browser/frag/dep.js',
  suffix: '#one'
}
PASS missing-target-unresolved {
  kind: 'refused',
  detail: 'unresolved',
  errors: [ 'Could not resolve "./nope.js"' ]
}
PASS symlink-uses-realpath {
  kind: 'resolved',
  path: '/private/tmp/opensip-implementation/m1-grok-typescript-boundary-review-06/review/copy/work/independent-browser/symlink/real.js',
  suffix: ''
}
PASS repository-js-not-evaluated {
  kind: 'resolved',
  path: '/private/tmp/opensip-implementation/m1-grok-typescript-boundary-review-06/review/copy/work/independent-browser/no-eval/dep.js',
  suffix: ''
}
PASS import-prefers-module-field {
  kind: 'resolved',
  path: '/private/tmp/opensip-implementation/m1-grok-typescript-boundary-review-06/review/copy/work/independent-browser/fields/esm.js',
  suffix: ''
}
PASS require-observed-main-or-module {
  req: {
    kind: 'resolved',
    path: '/private/tmp/opensip-implementation/m1-grok-typescript-boundary-review-06/review/copy/work/independent-browser/fields/esm.js',
    suffix: ''
  },
  note: 'record which field require selected'
}
FAIL exports-import-condition {
  kind: 'refused',
  detail: 'unresolved',
  errors: [ 'Could not resolve "."' ]
}
FAIL exports-require-observed {
  kind: 'refused',
  detail: 'unresolved',
  errors: [ 'Could not resolve "."' ]
}
PASS https-and-data-refused {
  https: {
    kind: 'refused',
    detail: 'external-browser-module',
    path: 'https://example.invalid/a.js'
  },
  data: { kind: 'refused', detail: 'unexpected-target-count', count: 0 }
}
PASS browser-options-recipe 
{"passed":false,"caseCount":15,"failed":["exports-import-condition","exports-require-observed"]}
