{
  "standing": "Root all19 reconstructed parent positive scenarios; synthetic domain observations with fresh mock graph queries, not product/stored-envelope migration qualification",
  "passed": true,
  "rows": [
    {
      "id": "audit-full",
      "observed": "accept",
      "passed": true
    },
    {
      "id": "audit-with-pivot",
      "observed": "accept",
      "passed": true
    },
    {
      "id": "default-run",
      "observed": "accept",
      "passed": true
    },
    {
      "id": "default-degraded",
      "observed": "accept",
      "passed": true
    },
    {
      "id": "analyze-baseline-run",
      "observed": "accept",
      "passed": true
    },
    {
      "id": "analyze-with-optional-export",
      "observed": "accept",
      "passed": true
    },
    {
      "id": "analyze-ephemeral-local-links",
      "observed": "accept",
      "passed": true
    },
    {
      "id": "fit-sealed",
      "observed": "accept",
      "passed": true
    },
    {
      "id": "fit-sealed-truncated-150",
      "observed": "accept",
      "passed": true
    },
    {
      "id": "fit-ephemeral",
      "observed": "accept",
      "passed": true
    },
    {
      "id": "fit-after-commit-query-failure",
      "observed": "accept",
      "passed": true
    },
    {
      "id": "fit-after-commit-query-refused",
      "observed": "accept",
      "passed": true
    },
    {
      "id": "fit-analysis-rejected-query-skipped",
      "observed": "accept",
      "passed": true
    },
    {
      "id": "audit-analysis-rejected-comparison-skipped",
      "observed": "accept",
      "passed": true
    },
    {
      "id": "candidates-run",
      "observed": "accept",
      "passed": true
    },
    {
      "id": "inspect-run",
      "observed": "accept",
      "passed": true
    },
    {
      "id": "review-brief-run",
      "observed": "accept",
      "passed": true
    },
    {
      "id": "review-brief-failure",
      "observed": "accept",
      "passed": true
    },
    {
      "id": "repair-preview",
      "observed": "accept",
      "passed": true
    }
  ]
}
