test_all_plannable_representative_steps_and_relations (__main__.PlanningTests.test_all_plannable_representative_steps_and_relations) ... 
  test_all_plannable_representative_steps_and_relations (__main__.PlanningTests.test_all_plannable_representative_steps_and_relations) (command='analyze', variant='primary-with-optional-export') ... ERROR
test_all_plannable_representative_steps_and_relations (__main__.PlanningTests.test_all_plannable_representative_steps_and_relations) ... FAIL
test_fit_binding_refuses_pre_analysis_concrete_request (__main__.PlanningTests.test_fit_binding_refuses_pre_analysis_concrete_request) ... ok

======================================================================
ERROR: test_all_plannable_representative_steps_and_relations (__main__.PlanningTests.test_all_plannable_representative_steps_and_relations) (command='analyze', variant='primary-with-optional-export')
----------------------------------------------------------------------
Traceback (most recent call last):
  File "/private/tmp/opensip-implementation/m1-report-joint-candidate-09/check_planning.py", line 31, in test_all_plannable_representative_steps_and_relations
    V.validate(INV,base);core.validate_dag(steps);W.admit_fit_source_plan(base,validate)
                                                  ~~~~~~~~~~~~~~~~~~~~~~~^^^^^^^^^^^^^^^
  File "/private/tmp/opensip-implementation/m1-report-joint-candidate-09/workflow5_replay.py", line 52, in admit_fit_source_plan
    validate('step-params',step['params'])
    ~~~~~~~~^^^^^^^^^^^^^^^^^^^^^^^^^^^^^^
  File "/private/tmp/opensip-implementation/m1-report-joint-candidate-09/check_planning.py", line 15, in validate
    V.validate(INV+{'step-params':'#/$defs/FitQueryFromAnalysisParams'}[kind],value)
    ~~~~~~~~~~^^^^^^^^^^^^^^^^^^^^^^^^^^^^^^^^^^^^^^^^^^^^^^^^^^^^^^^^^^^^^^^^^^^^^^
  File "/private/tmp/opensip-implementation/m1-report-joint-candidate-09/check_model_carriers.py", line 60, in validate
    def validate(ref,value):C.ExactValidator({'$ref':ref},registry=registry).validate(value)
                            ~~~~~~~~~~~~~~~~~~~~~~~~~~~~~~~~~~~~~~~~~~~~~~~~~~~~~~~~~^^^^^^^
  File "/private/tmp/opensip-implementation/metadata-reference-env/lib/python3.14/site-packages/jsonschema/validators.py", line 451, in validate
    raise error
jsonschema.exceptions.ValidationError: Additional properties are not allowed ('required', 'sink' were unexpected)

Failed validating 'additionalProperties' in schema:
    {'type': 'object',
     'additionalProperties': False,
     'required': ['kind', 'operation', 'sourceStep'],
     'properties': {'kind': {'const': 'query'},
                    'operation': {'const': 'candidate.list'},
                    'sourceStep': {'type': 'integer',
                                   'minimum': 0,
                                   'maximum': 63}}}

On instance:
    {'kind': 'export-delivery',
     'sink': 'team-dashboard',
     'sourceStep': 0,
     'required': False}

======================================================================
FAIL: test_all_plannable_representative_steps_and_relations (__main__.PlanningTests.test_all_plannable_representative_steps_and_relations)
----------------------------------------------------------------------
Traceback (most recent call last):
  File "/private/tmp/opensip-implementation/m1-report-joint-candidate-09/check_planning.py", line 33, in test_all_plannable_representative_steps_and_relations
    self.assertEqual(len(rows),12)
    ~~~~~~~~~~~~~~~~^^^^^^^^^^^^^^
AssertionError: 11 != 12

----------------------------------------------------------------------
Ran 2 tests in 0.018s

FAILED (failures=1, errors=1)
