   Compiling proc-macro2 v1.0.107
   Compiling unicode-ident v1.0.24
   Compiling quote v1.0.47
   Compiling serde_core v1.0.229
   Compiling zmij v1.0.23
   Compiling serde v1.0.229
   Compiling serde_json v1.0.151
   Compiling libc v0.2.189
   Compiling memchr v2.8.3
   Compiling getrandom v0.4.3
   Compiling itoa v1.0.18
   Compiling opensip-platform v0.1.0 (/private/tmp/opensip-implementation/m2-foundation-host-build-isolation-02/project/crates/platform)
   Compiling cfg-if v1.0.4
   Compiling sha2-const-stable v0.1.0
   Compiling opensip-identity v0.1.0 (/private/tmp/opensip-implementation/m2-foundation-host-build-isolation-02/project/crates/identity)
   Compiling syn v3.0.5
   Compiling serde_derive v1.0.229
   Compiling opensip-contracts v0.1.0 (/private/tmp/opensip-implementation/m2-foundation-host-build-isolation-02/project/crates/contracts)
   Compiling opensip-reporting v0.1.0 (/private/tmp/opensip-implementation/m2-foundation-host-build-isolation-02/project/crates/reporting)
   Compiling opensip-host v0.1.0 (/private/tmp/opensip-implementation/m2-foundation-host-build-isolation-02/project/crates/host)
   Compiling opensip-cli v0.1.0 (/private/tmp/opensip-implementation/m2-foundation-host-build-isolation-02/project/apps/cli)
    Finished `dev` profile [unoptimized + debuginfo] target(s) in 18.05s
