G5-implicit-arrow                      correct                  exit=1 unsupported-module-format
G5-named-implicit-arrow                correct                  exit=1 unsupported-module-format
G5-implicit-identifier                 correct                  exit=1 unsupported-module-format
G5-implicit-function-control           correct                  exit=1 unsupported-module-format
G5-noarray-exports-spelling            correct                  exit=1 unsupported-module-format
G5-named-explicit-exports              correct                  exit=0 
G5-named-explicit-exports-module       correct                  exit=0 
G5-unnamed-explicit-exports            correct                  exit=0 
G5-named-exports-arrow-factory         correct                  exit=0 
G5-unnamed-exports-arrow-factory       correct                  exit=0 
G5-named-module-only-array             correct                  exit=0 
G5-named-omitted-function              correct                  exit=1 unsupported-module-format
G5-explicit-require-exports            correct                  exit=1 unsupported-module-format
G5-explicit-ordinary-package           correct                  exit=1 unsupported-module-format
G5-factory-body-still-traversed        correct                  exit=1 reentry,local-name-shadow
G5-empty-array-conservative            conservative-amd-refuse  exit=1 unsupported-module-format
G5-object-form-conservative            conservative-amd-refuse  exit=1 unsupported-module-format
G5-computed-id-explicit-exports        conservative-amd-refuse  exit=1 unsupported-module-format
G5-template-id-explicit-exports        correct                  exit=0 
{
  "summary": {
    "correct": 16,
    "conservative-amd-refuse": 3
  },
  "scored": {
    "total": 16,
    "correct": 16,
    "failed": []
  }
}
