    Checking itoa v1.0.18
    Checking memchr v2.8.3
    Checking sha2-const-stable v0.1.0
    Checking serde_core v1.0.229
    Checking zmij v1.0.23
    Checking opensip-identity v0.1.0 (/Users/sb/code/opensip-ai/opensip/crates/identity)
    Checking serde_json v1.0.151
    Checking serde v1.0.229
    Checking opensip-contracts v0.1.0 (/Users/sb/code/opensip-ai/opensip/crates/contracts)
error: infallible TryFrom impl; consider implementing From instead
    --> crates/contracts/src/generated/invocation.rs:7618:1
     |
7618 | impl ::std::convert::TryFrom<&str> for Invocation5AttemptPropertiesExecutionId {
     | ^^^^^^^^^^^^^^^^^^^^^^^^^^^^^^^^^^^^^^^^^^^^^^^^^^^^^^^^^^^^^^^^^^^^^^^^^^^^^^
7619 |     type Error = <Common4ExecutionId as ::std::str::FromStr>::Err;
     |                  ------------------------------------------------ infallible error type
     |
     = help: for further information visit https://rust-lang.github.io/rust-clippy/rust-1.95.0/index.html#infallible_try_from
     = note: `-D clippy::infallible-try-from` implied by `-D warnings`
     = help: to override `-D warnings` add `#[allow(clippy::infallible_try_from)]`

error: infallible TryFrom impl; consider implementing From instead
    --> crates/contracts/src/generated/invocation.rs:7624:1
     |
7624 | impl ::std::convert::TryFrom<String> for Invocation5AttemptPropertiesExecutionId {
     | ^^^^^^^^^^^^^^^^^^^^^^^^^^^^^^^^^^^^^^^^^^^^^^^^^^^^^^^^^^^^^^^^^^^^^^^^^^^^^^^^
7625 |     type Error = <Common4ExecutionId as ::std::str::FromStr>::Err;
     |                  ------------------------------------------------ infallible error type
     |
     = help: for further information visit https://rust-lang.github.io/rust-clippy/rust-1.95.0/index.html#infallible_try_from

error: could not compile `opensip-contracts` (lib) due to 2 previous errors
warning: build failed, waiting for other jobs to finish...
error: could not compile `opensip-contracts` (lib test) due to 2 previous errors
