== encoder (13)
   {"id": "V-C-01-key-order-utf8-non-bmp", "input": {"\uffff": 2, "\ud83d\ude00": 1, "a": 0}, "canonicalBytesHex": "7b2261223a302c22efbfbf223a322c22f09f9880223a317d", "canonicalText": "{\"a\":0,\"\uffff\":2,\"\ud83d\ude00\":1}"}
   {"id": "V-C-02-escaping", "input": ["a/b", "x\ty", "\u007f", "\u2028", "q\u0001r", "\\", "\""], "canonicalText": "[\"a/b\",\"x\\ty\",\"\u007f\",\"\u2028\",\"q\\u0001r\",\"\\\\\",\"\\\"\"]"}
   {"id": "V-C-03-no-unicode-normalization", "nfcCanonical": "\"\u00e9\"", "nfdCanonical": "\"e\u0301\"", "distinct": true}
   {"id": "V-C-04-integer-boundaries", "u64max": "18446744073709551615", "i64min": "-9223372036854775808", "overflowRefused": "ADMIT.INTEGER_RANGE:18446744073709551616", "underflowRefused": "ADMIT.INTEGER_RANGE:-9223372036854775809"}
   {"id": "V-C-05-refuse-duplicate-key", "input": "{\"a\":1,\"a\":2}", "refusal": "ADMIT.DUPLICATE_KEY:a"}
   {"id": "V-C-05-refuse-float-token", "input": "{\"a\":1.0}", "refusal": "ADMIT.FLOAT_TOKEN:1.0"}
   {"id": "V-C-05-refuse-exponent-token", "input": "{\"a\":1e0}", "refusal": "ADMIT.FLOAT_TOKEN:1e0"}
   {"id": "V-C-05-refuse-negative-zero", "input": "{\"a\":-0}", "refusal": "ADMIT.NEGATIVE_ZERO:-0"}
   {"id": "V-C-05-refuse-nonfinite", "input": "{\"a\":NaN}", "refusal": "ADMIT.NONFINITE_TOKEN:NaN"}
   {"id": "V-C-05-refuse-lone-surrogate", "input": "\"\\ud800\"", "refusal": "ADMIT.NON_SCALAR_UNICODE:0xd800"}
   {"id": "V-C-06-depth", "depth32Admitted": {"admitted": true, "value": 1}, "depth33Refused": "ADMIT.DEPTH_EXCEEDED:33", "scalarRootDepth": 0}
   {"id": "V-C-07-x-opensip-order-vocabulary", "results": {"canonical-set-sorted": {"admitted": true, "value": true}, "canonical-set-unsorted": "ORDER.NOT_STRICTLY_ASCENDING: b'\"a\"'", "canonical-set-duplicate": "ORDER.NOT_STRICTLY_ASCENDING: b'\"a\"'", "canonical-order-repeats": {"admitted": true, "v
   {"id": "V-C-08-sequence-preserves-admitted-order", "input": ["z", "a", "z"], "canonicalText": "[\"z\",\"a\",\"z\"]", "admitted": {"admitted": true, "value": true}}
== identity (6)
   {"id": "V-H-01-semantic-change-moves-run", "baseRunId": "run2:e648c33a489d317d37c2ae96d9d1616a1907169e22a8069fba4d57aa1eb46d15", "changedRunId": "run2:7922e660e19a8ccddcb329386f052043a332b0a0e26eed00f3f08c7fae10e33a", "baseSnapshotId": "snapshot2:befaa6bddfdffcd9a01d8c452d4c28bf752b3273a533b15bd87c3
   {"id": "V-H-02-operational-fields-excluded", "runId": "run2:e648c33a489d317d37c2ae96d9d1616a1907169e22a8069fba4d57aa1eb46d15", "equalToBase": true, "operationalContext": {"requestId": "req1_00000000000000000000000000000000", "executionId": "exec1_11111111111111111111111111111111", "wallClock": "2026
   {"id": "V-H-03-single-field-mutation-moves-each-new-record", "results": {"program-predicate": {"baseDigest": "772194dd15679977c6345d2bd854e14d0ad1648735d036b26be706ac313480ab", "fields": {"schemaVersion": {"moved": true}, "ruleProgramDigest": {"moved": true}, "ruleId": {"moved": true}, "predicateId"
   {"id": "V-H-04-frame-is-not-a-payload-digest", "hIdentity": "e71889b3eeda043d57ab3ce67e5791d1739caae3cb400abf9180382e6cc07c32", "rawPayloadSha256": "eb5a11df2b57cddc173e4253d389d2e79e16e9e551e48f3f9bc7b68aa6090e6f", "distinct": true, "payloadOfferedAsFrameRefused": "CLOSURE.FRAME_PREFIX", "frameOffe
   {"id": "V-H-05-subject-scope-commitment-is-the-scope2-identity", "scopeId": "scope2:458a1aa36177f9700b2572275f0d1d4f2ed445c7e8c3904e16f94bcfb909369d", "commitment": "sha256:458a1aa36177f9700b2572275f0d1d4f2ed445c7e8c3904e16f94bcfb909369d", "sameDigest": true, "recomputed": "sha256:458a1aa36177f9700b
   {"id": "V-H-06-three-textual-forms-of-one-digest", "nativeSha256Text": "sha256:c77fc9a6c1d4553529c626871da49f3692ebdeb2ee6b6f02084aeb8eb4d93368", "planBareHex": "c77fc9a6c1d4553529c626871da49f3692ebdeb2ee6b6f02084aeb8eb4d93368", "closure2Prefixed": "closure2:bed319cdb8fd12ff1d51b6a8976a6a90be17b4bdd
== capabilityManifest (6)
   {"id": "V-CM-01-cve1-eight-types", "encodings": {"null": "00", "false": "01", "true": "02", "unsigned-64(0)": "030000000000000000", "unsigned-64(18446744073709551615)": "03ffffffffffffffff", "negative-signed-64(-1)": "07ffffffffffffffff", "negative-signed-64(-9223372036854775808)": "0780000000000000
   {"id": "V-CM-02-non-nfc-string-refused", "refusal": "CVE1.STRING_NOT_NFC:e\u0301"}
   {"id": "V-CM-03-float-and-duplicate-refused", "floatRefusal": "CVE1.FLOAT_FORBIDDEN", "rangeRefusal": "CVE1.INTEGER_RANGE:18446744073709551616"}
   {"id": "V-CM-04-manifest-id", "manifest": {"schemaVersion": 1, "profile": "default", "providers": [{"providerId": "provider-typescript", "language": "typescript", "providerVersionSource": "signed-release-manifest", "toolchainIdentitySource": "native-context-v2", "relations": {"declares": "syntactic"
   {"id": "V-CM-05-order-and-domain-gates", "unsortedPlatformIdsRefused": "RELEASE.CAPABILITY_MANIFEST_NOT_CANONICAL:ProviderCapability.platformIds", "unknownRelationRefused": "RELEASE.CAPABILITY_MANIFEST_DOMAIN:relation:unresolved-edge", "wrongRungRefused": "RELEASE.CAPABILITY_MANIFEST_DOMAIN:rung:dec
   {"id": "V-CM-06-profile-change-moves-id", "baseId": "a433ab1f6c807d53f26600d9afab6073a5e55848188dd6d18e98c5e697cc2b7f", "profileCoreId": "e525800640e1d0cce7830e0d5a139c079ceb855e5f49352c37ace265cf994fd2", "moved": true}
== runs (2)
   {"id": "V-RUN-TYPESCRIPT", "language": "typescript", "identities": {"projectId": "prj1-3f3f3f3f3f3f3f3f3f3f3f3f3f3f3f3f3f3f3f3f3f3f3f3f3f3f3f3f3f3f3f3f", "snapshotId": "snapshot2:befaa6bddfdffcd9a01d8c452d4c28bf752b3273a533b15bd87c3e25ed551b7c", "nativeContextId": "sha256:c77fc9a6c1d4553529c626871da
   {"id": "V-RUN-RUST", "language": "rust", "identities": {"projectId": "prj1-3f3f3f3f3f3f3f3f3f3f3f3f3f3f3f3f3f3f3f3f3f3f3f3f3f3f3f3f3f3f3f3f", "snapshotId": "snapshot2:9dee393118c0103a9f237782d4bbd41a4f9badd819931e4b542f14434fb82a77", "nativeContextId": "sha256:0da65dc408862665905df22ee73c06c6c6936e8
== refusals (32)
   {"id": "V-REF-TS-01-hidden-context-frame-not-in-plan", "language": "typescript", "outcome": "refused", "code": "CLOSURE.CONTEXT_SET_MISMATCH", "detail": "retained=2 plan=1"}
   {"id": "V-REF-RS-01-hidden-context-frame-not-in-plan", "language": "rust", "outcome": "refused", "code": "CLOSURE.CONTEXT_SET_MISMATCH", "detail": "retained=2 plan=1"}
   {"id": "V-REF-TS-02-universe-field-contradicts-context", "language": "typescript", "outcome": "refused", "code": "native.universe-context-field-mismatch", "detail": "packageModuleType"}
   {"id": "V-REF-RS-02-cfgset-drops-a-base-cfg", "language": "rust", "outcome": "refused", "code": "native.universe-context-field-mismatch", "detail": "cfgSets:drops-base-cfg"}
   {"id": "V-REF-03-altered-run-frame", "language": "typescript", "outcome": "refused", "code": "CLOSURE.IDENTITY_MISMATCH", "detail": "run"}
   {"id": "V-REF-04-missing-preimage", "language": "typescript", "outcome": "refused", "code": "HOST.IO_FAILURE", "detail": "evidence.missing:11d768daa35ba224cc26ecf769c32d43c8e20ff2fff526936df3c2ba92d10993"}
   {"id": "V-REF-05-wrong-preimage-under-a-digest", "language": "typescript", "outcome": "refused", "code": "CLOSURE.CAPABILITY_MANIFEST_ID_MISMATCH", "detail": "dbd4963ef13d033e5a87e850aafae92a4e79f333583dc93a975ec9cb8f93d2d3"}
   {"id": "V-REF-06-unregistered-h-domain", "language": "n/a", "outcome": "refused", "code": "CLOSURE.FRAME_DOMAIN_NOT_IN_SET:native.context.python.v2"}
   {"id": "V-REF-07-raw-payload-offered-as-h-identity", "language": "n/a", "outcome": "refused", "code": "CLOSURE.FRAME_PREFIX"}
   {"id": "V-REF-TS-10-stdlib-root-names-no-retained-closure", "language": "typescript", "outcome": "refused", "code": "native.native-context-closure-unretained", "detail": "typescriptStdlibMerkleRoot"}
   {"id": "V-REF-TS-11-tool-digest-outside-the-named-closure", "language": "typescript", "outcome": "refused", "code": "native.native-context-tool-not-in-closure", "detail": "compiler"}
   {"id": "V-REF-TS-12-incomplete-stdlib-inventory", "language": "typescript", "outcome": "refused", "code": "native.native-context-stdlib-inventory-incomplete", "detail": "lib.es5.d.ts"}
   {"id": "V-REF-TS-13-compiler-version-not-from-manifest", "language": "typescript", "outcome": "refused", "code": "native.native-context-compiler-version-not-from-manifest", "detail": "5.7.0"}
   {"id": "V-REF-TS-14-config-graph-path-outside-snapshot", "language": "typescript", "outcome": "refused", "code": "native.native-context-config-path-outside-snapshot", "detail": "packages/web/tsconfig.json"}
   {"id": "V-REF-TS-15-lockfile-digest-disagrees-with-inventory", "language": "typescript", "outcome": "refused", "code": "native.native-context-lockfile-outside-snapshot", "detail": "package-lock.json"}
   {"id": "V-REF-RS-10-rust-dev-llvm-wrong-kind", "language": "rust", "outcome": "refused", "code": "native.native-context-closure-kind-mismatch", "detail": "rustcDevLlvmDigest: toolchain != rust-dev-llvm"}
   {"id": "V-REF-RS-11-replaced-config-outside-snapshot", "language": "rust", "outcome": "refused", "code": "native.native-context-config-path-outside-snapshot", "detail": "sub/.cargo/config.toml"}
   {"id": "V-REF-RS-12-nested-dependency-identity-mismatch", "language": "rust", "outcome": "refused", "code": "native.nested-identity-unretained", "detail": "dependencySourceSetId"}
   {"id": "V-REF-20-rust-universe-bound-to-a-typescript-context", "language": "rust", "outcome": "refused", "code": "native.native-context-language-mismatch:admission"}
   {"id": "V-REF-21-typescript-universe-bound-without-the-retained-context", "language": "typescript", "outcome": "refused", "code": "native.universe-context-not-supplied:typescript"}
   {"id": "V-REF-22-rust-universe-bound-without-retained-inputs", "language": "rust", "outcome": "refused", "code": "native.universe-retained-inputs-not-supplied:rust"}
   {"id": "V-REF-30-provider-chosen-commitment", "language": "typescript", "outcome": "refused", "code": "native.subject-scope-commitment-mismatch:sha256:4444444444444444444444444444444444444444444444444444444444444444"}
   {"id": "V-REF-31-narrower-examined-partition", "language": "typescript", "outcome": "refused", "code": "native.examined-universe-subject-count-mismatch:0"}
   {"id": "V-REF-32-complete-with-an-unresolved-edge", "language": "typescript", "outcome": "refused", "code": "PROVIDER.PROTOCOL_VIOLATION:RC-2:complete-preconditions"}
   {"id": "V-REF-33-zero-edges-does-not-imply-complete", "language": "typescript", "outcome": "refused", "code": "PROVIDER.PROTOCOL_VIOLATION:RC-2:complete-preconditions"}
   {"id": "V-REF-34-coverage-key-universe-outside-the-host-scope", "language": "typescript", "outcome": "refused", "code": "native.coverage-key-scope-mismatch:sourceUniverse"}
   {"id": "V-REF-35-coverage-subject-scope-outside-the-view", "language": "typescript", "outcome": "refused", "code": "native.coverage-subject-scope-outside-view", "detail": "coverage2:eef33dd42196441137f5235cdf02d3ab2a0dfa0e6dbaa01a084fa935396c24f4"}
   {"id": "V-REF-40-proof-cites-the-run-it-produces", "language": "typescript", "outcome": "refused", "code": "CLOSURE.PROOF_REF_DOMAIN_FORBIDDEN", "detail": "run"}
   {"id": "V-REF-41-bare-coverage-payload-reference-as-a-root", "language": "typescript", "outcome": "refused", "code": "CLOSURE.PAYLOAD_DOMAIN_AS_AUTHORITATIVE_ROOT", "detail": "coverage-payload"}
   {"id": "V-REF-42-compiled-program-is-not-the-policy-projection", "language": "typescript", "outcome": "refused", "code": "CLOSURE.PROGRAM_NOT_POLICY_PROJECTION", "detail": ""}
   {"id": "V-CACHE-01-key-construction-is-pure", "language": "typescript", "outcome": "constructed", "cacheKey": "cache2:59e4e04f29e3486cc6211aa7a0ebb8db618df95241c50f645c1ac5db77070a14", "regenerationKey": "regen2:73fec8acb94d84ea12169d177ffda57f3531c3e3a2a3bd67ab77e32d9fe8951d", "sameRecordDifferentD
   {"id": "V-CACHE-02-hit-admission-needs-the-whole-closure", "language": "typescript", "outcome": "refused", "code": "CLOSURE.CONSUMED_CONTEXT_NOT_PLAN_SELECTED", "detail": "6666666666666666666666666666666666666666666666666666666666666666"}
== schemaValidation (48)
   {"id": "V-SCHEMA-ts-snapshot", "selector": "#/$defs/snapshot", "outcome": "valid"}
   {"id": "V-SCHEMA-ts-plan", "selector": "#/$defs/plan", "outcome": "valid"}
   {"id": "V-SCHEMA-ts-subject-scope", "selector": "#/$defs/subject-scope", "outcome": "valid"}
   {"id": "V-SCHEMA-ts-coverage", "selector": "#/$defs/coverage", "outcome": "valid"}
   {"id": "V-SCHEMA-ts-fact", "selector": "#/$defs/fact", "outcome": "valid"}
   {"id": "V-SCHEMA-ts-view", "selector": "#/$defs/view", "outcome": "valid"}
   {"id": "V-SCHEMA-ts-execution-plan", "selector": "#/$defs/execution-plan", "outcome": "valid"}
   {"id": "V-SCHEMA-ts-stage-spec", "selector": "#/$defs/stage-spec", "outcome": "valid"}
   {"id": "V-SCHEMA-ts-program-predicate", "selector": "#/$defs/program-predicate", "outcome": "valid"}
   {"id": "V-SCHEMA-ts-predicate-witness", "selector": "#/$defs/predicate-witness", "outcome": "valid"}
   {"id": "V-SCHEMA-ts-proof-bundle", "selector": "#/$defs/proof-bundle", "outcome": "valid"}
   {"id": "V-SCHEMA-ts-semantic-evidence", "selector": "#/$defs/semantic-evidence", "outcome": "valid"}
   {"id": "V-SCHEMA-ts-evaluation-seal", "selector": "#/$defs/evaluation-seal", "outcome": "valid"}
   {"id": "V-SCHEMA-ts-run", "selector": "#/$defs/run", "outcome": "valid"}
   {"id": "V-SCHEMA-ts-semantic-configuration", "selector": "#/$defs/semantic-configuration", "outcome": "valid"}
   {"id": "V-SCHEMA-ts-analysis-spec", "selector": "#/$defs/analysis-spec", "outcome": "valid"}
   {"id": "V-SCHEMA-ts-semantic-grant", "selector": "#/$defs/semantic-grant", "outcome": "valid"}
   {"id": "V-SCHEMA-ts-policy", "selector": "#/$defs/PolicyDocumentV1", "outcome": "valid"}
   {"id": "V-SCHEMA-ts-rule-program", "selector": "#/$defs/RuleProgramV1", "outcome": "valid"}
   {"id": "V-SCHEMA-rs-snapshot", "selector": "#/$defs/snapshot", "outcome": "valid"}
   {"id": "V-SCHEMA-rs-plan", "selector": "#/$defs/plan", "outcome": "valid"}
   {"id": "V-SCHEMA-rs-subject-scope", "selector": "#/$defs/subject-scope", "outcome": "valid"}
   {"id": "V-SCHEMA-rs-coverage", "selector": "#/$defs/coverage", "outcome": "valid"}
   {"id": "V-SCHEMA-rs-fact", "selector": "#/$defs/fact", "outcome": "valid"}
   {"id": "V-SCHEMA-rs-view", "selector": "#/$defs/view", "outcome": "valid"}
   {"id": "V-SCHEMA-rs-execution-plan", "selector": "#/$defs/execution-plan", "outcome": "valid"}
   {"id": "V-SCHEMA-rs-stage-spec", "selector": "#/$defs/stage-spec", "outcome": "valid"}
   {"id": "V-SCHEMA-rs-program-predicate", "selector": "#/$defs/program-predicate", "outcome": "valid"}
   {"id": "V-SCHEMA-rs-predicate-witness", "selector": "#/$defs/predicate-witness", "outcome": "valid"}
   {"id": "V-SCHEMA-rs-proof-bundle", "selector": "#/$defs/proof-bundle", "outcome": "valid"}
   {"id": "V-SCHEMA-rs-semantic-evidence", "selector": "#/$defs/semantic-evidence", "outcome": "valid"}
   {"id": "V-SCHEMA-rs-evaluation-seal", "selector": "#/$defs/evaluation-seal", "outcome": "valid"}
   {"id": "V-SCHEMA-rs-run", "selector": "#/$defs/run", "outcome": "valid"}
   {"id": "V-SCHEMA-rs-semantic-configuration", "selector": "#/$defs/semantic-configuration", "outcome": "valid"}
   {"id": "V-SCHEMA-rs-analysis-spec", "selector": "#/$defs/analysis-spec", "outcome": "valid"}
   {"id": "V-SCHEMA-rs-semantic-grant", "selector": "#/$defs/semantic-grant", "outcome": "valid"}
   {"id": "V-SCHEMA-rs-policy", "selector": "#/$defs/PolicyDocumentV1", "outcome": "valid"}
   {"id": "V-SCHEMA-rs-rule-program", "selector": "#/$defs/RuleProgramV1", "outcome": "valid"}
   {"id": "V-SCHEMA-ts-native-context", "selector": "#/$defs/TypeScriptNativeContextV2", "outcome": "valid"}
   {"id": "V-SCHEMA-ts-universe", "selector": "#/$defs/TypeScriptUniverseV2ResolvedInputs", "outcome": "valid"}
   {"id": "V-SCHEMA-rs-native-context", "selector": "#/$defs/NativeContextV2", "outcome": "valid"}
   {"id": "V-SCHEMA-rs-universe", "selector": "#/$defs/RustUniverseV2ResolvedInputs", "outcome": "valid"}
   {"id": "V-SCHEMA-rs-dependency-source-set", "selector": "#/$defs/DependencySourceSetV1", "outcome": "valid"}
   {"id": "V-SCHEMA-rs-unified-features", "selector": "#/$defs/UnifiedFeaturesV1", "outcome": "valid"}
   {"id": "V-SCHEMA-rs-cargo-projection", "selector": "#/$defs/CargoConfigProjectionV2", "outcome": "valid"}
   {"id": "V-SCHEMA-rs-dependency-file-manifest", "selector": "#/$defs/DependencyFileManifestV1", "outcome": "valid"}
   {"id": "V-SCHEMA-ts-coverage-payload", "selector": "#/$defs/CoverageResultV3", "outcome": "valid"}
   {"id": "V-SCHEMA-rs-coverage-payload", "selector": "#/$defs/CoverageResultV3", "outcome": "valid"}
== blocked (2)
   {"id": "V-BLOCKED-01-typescript-node-modules-in-read-set", "language": "typescript", "outcome": "NOT CONSTRUCTIBLE", "blocker": "TypeScriptNativeContextV2.nodeModulesLayoutDigest is defined (native 2.4) as the raw SHA-256 of the canonical `resolvedNodeModulesLayout` record, and no schema in the kit 
   {"id": "V-BLOCKED-02-independently-replayable-fact-payload-digest", "language": "both", "outcome": "NOT DETERMINABLE", "blocker": "fact2.payloadDigest is annotated canonical-record (raw SHA-256 of C(payload)) while the owning relation-payload registry declares a deterministic-CBOR canonical payload 
