$ /tmp/opensip-architecture-review-env/bin/python -I -B tools/replay_export.py
exit 0
--- stdout ---
cmp-base 0 True True
cmp-budget 0 True True
cmp-code-det2 0 True True
cmp-code-detc 0 True True
cmp-code 0 True True
cmp-empty 0 True True
cmp-evidence 0 True True
cmp-gbase 0 True True
cmp-gevidence 0 True True
cmp-gmissing 0 True True
cmp-hidden 0 True True
cmp-policy 0 True True
cmp-scope 0 True True
cmp-waiver 0 True True
rust-ambiguous 0 True True
rust-extra-unit 0 True True
rust-mixed-clones-required 0 True True
rust-mixed 0 True True
rust-partial 0 True True
rust-same-file-2021 0 True True
syntax-code 0 True True
syntax-data 0 True True
syntax-mixed-disclosed 0 True True
syntax-mixed-omitted 0 True True
ts-clones-required 0 True True
ts-fail 0 True True
ts-pass 0 True True

--- stderr ---

