$ /tmp/opensip-architecture-review-env/bin/python -I -B tools/phase4_tables.py
exit 1
--- stdout ---

--- stderr ---
Traceback (most recent call last):
  File "/private/tmp/opensip-design-corrections/consumer-b.v24-source41.v1/output/tools/phase4_tables.py", line 248, in <module>
    sys.exit(main())
             ^^^^^^
  File "/private/tmp/opensip-design-corrections/consumer-b.v24-source41.v1/output/tools/phase4_tables.py", line 236, in main
    doc = {"tables": tables(), "countClassAttemptVectors": rc_vectors(), "cellOutcomeVectors": outcome_vectors()}
                                                                                               ^^^^^^^^^^^^^^^^^
  File "/private/tmp/opensip-design-corrections/consumer-b.v24-source41.v1/output/tools/phase4_tables.py", line 229, in outcome_vectors
    o, accs, rows, f = mk("syntax", "syntax-only", avail, {"symbol": inv("symbol")}, True, views, scopes, covs)
                       ^^^^^^^^^^^^^^^^^^^^^^^^^^^^^^^^^^^^^^^^^^^^^^^^^^^^^^^^^^^^^^^^^^^^^^^^^^^^^^^^^^^^^^^^
  File "/private/tmp/opensip-design-corrections/consumer-b.v24-source41.v1/output/tools/phase4_tables.py", line 171, in mk
    o, accs, rows, _ = XI.derive_outcome(0, cell, binding, obs, ctx, faults)
                       ^^^^^^^^^^^^^^^^^^^^^^^^^^^^^^^^^^^^^^^^^^^^^^^^^^^^^
  File "/private/tmp/opensip-design-corrections/consumer-b.v24-source41.v1/output/ref/execinputs.py", line 180, in derive_outcome
    returned = attributed_views(cell, b, ctx)
               ^^^^^^^^^^^^^^^^^^^^^^^^^^^^^^
  File "/private/tmp/opensip-design-corrections/consumer-b.v24-source41.v1/output/ref/execinputs.py", line 148, in attributed_views
    if any(sid in ctx["scopes"] and ctx["scopes"][sid]["sourceUniverse"] == U and (candidate_only or ctx["scopes"][sid]["relation"] in rels)
       ^^^^^^^^^^^^^^^^^^^^^^^^^^^^^^^^^^^^^^^^^^^^^^^^^^^^^^^^^^^^^^^^^^^^^^^^^^^^^^^^^^^^^^^^^^^^^^^^^^^^^^^^^^^^^^^^^^^^^^^^^^^^^^^^^^^^^
  File "/private/tmp/opensip-design-corrections/consumer-b.v24-source41.v1/output/ref/execinputs.py", line 148, in <genexpr>
    if any(sid in ctx["scopes"] and ctx["scopes"][sid]["sourceUniverse"] == U and (candidate_only or ctx["scopes"][sid]["relation"] in rels)
                                                                                                     ~~~~~~~~~~~~~~~~~~^^^^^^^^^^^^
KeyError: 'relation'

