{"class": "success"} {"projectId": "prj1-7c1d9e4fa2b86035cd17e2f4a5b6c7d8e9f0a1b2c3d4e5f60718293a4b5c6d7e", "resolvedView": {"runId": "run3:408b3e80156aae0aec2cd3a361d578af4a0313c7aeedb0a2c950b4870ff4d45d"}, "coverage": "complete", "availability": "retained", "truncated": false, "totalItems": 1, "advisory": true}
failure base termination: {"class": "operational-failed", "domainDetail": {"code": "evidence.missing", "remedy": "restore the retained bytes from custody or re-run the analysis", "subject": "run3:3fc4517e6b027b2391789e403a4a335d46b84e4bbdfd4623a6d62d757e2b3dbf"}, "errorCode": "HOST.IO_FAILURE", "faultCause": "host-io"} ['errors', 'exitCode', 'kind', 'projectId', 'requestId', 'schemaFamily', 'schemaMajor', 'termination']
neighbors params {"relation": "calls", "minResolution": "resolved", "direction": "outgoing", "endpoint": {"universe": "cce6fac86ec0cd3c9fe338e19a6669d607f3dbc5654dbfc826c152e9feaaacc0", "kind": "symbol", "nativeSubjectId": "ts:src/index.ts#main"}} row resolution resolved
{
 "base-fit-run": "accept",
 "Q1-fit-truncated-candidate-page-envelope": "accept",
 "Q1-fit-truncated-candidate-page-report": "accept",
 "Q2a-fit-post-commit-candidate-failure-kind-run": "SCHEMA-ENV: 'remedy' is a required property",
 "Q2b-fit-post-commit-candidate-failure-kind-failure": "SCHEMA-ENV: 'remedy' is a required property",
 "Q3-evidence-byte-budget-on-small-document": "accept",
 "Q3-document-bytes": 22300,
 "Q4-graph-byte-budget-reduced-on-small-document": "accept",
 "Q5-neighbor-row-below-minResolution": "accept",
 "Q6-audit-envelope-labelled-analyze": "accept",
 "Q7a-nesting-39": "CODEC-DEPTH",
 "Q7b-nesting-200000": "CODEC-LEXICAL: Stack overflow (used 16352 kB) while decoding a JSON array from a unicode string",
 "Q8-min-endpoint-bytes": 115,
 "Q8-min-index-row-bytes": 216,
 "Q8-schema-subjectIndex-maxItems": 12006,
 "Q8-GraphPathRow-nodes-maxItems": 65,
 "Q9-root-overhead-bytes": 2339,
 "Q9-featureStates-bytes": 1208
}
