{
 "planned-response-items": 100,
 "planned-context": {
  "truncated": false,
  "totalItems": 2,
  "nextCursor": null,
  "produced": null
 },
 "projected-page-size": 50,
 "projected-items": 50,
 "projected-context": {
  "truncated": false,
  "totalItems": 2,
  "nextCursor": null,
  "produced": null
 },
 "projected-context-keys": [
  "advisory",
  "availability",
  "countBasis",
  "evidence",
  "factViewDigests",
  "producedItems",
  "projectId",
  "resolvedView",
  "totalItems",
  "traversalCoverage",
  "truncated",
  "visitedNodes"
 ],
 "projected-hostProjection": {
  "continuation": "complete-page-set",
  "pageSizeCause": "byte-budget-reduced"
 },
 "mutation-cut-items": {
  "before": 3,
  "after": 1,
  "context": {
   "truncated": false,
   "totalItems": 3
  },
  "hostProjection": {
   "continuation": "complete-page-set",
   "pageSizeCause": "ladder-first"
  },
  "admission": "accept"
 }
}
