{
  "standing": "Exact exported bytes through frozen structural owner and complete semantic replay; consumer helpers not imported.",
  "sourceSha256": "a8d05a44038bc2108e9e979a1a524fbb9af9d85cb95e3cd794ae19013bfaaa45",
  "parserSha256": "05bc6a96cd5165f2398a6b7a42202fb184e4581117dc911547a58f20bb2d857b",
  "claimsSha256": "c0b56f128cee59196116c7a01179b12e954e72cd42d50df0ece8c517ee89f8a7",
  "checks": [
    {
      "name": "author-ts",
      "path": "ts.store.json",
      "exportSha256": "64510059bdf4ee9cd61786bb386d8fc1d0800cbf9ef17e6fabec692f894db20e",
      "claimedRunId": "run3:b43717f02d3eafe7970bc1535d43d817d5fda384c839472441290788efe31cf8",
      "ownerAdmission": "ADMIT",
      "semanticAdmission": "ADMIT",
      "transportNotes": [
        {
          "identity": "0eae0dc56b13118e86db23cae1b1bef35b03f2651c4eff59e25be409a2ef98f7",
          "auxiliaryCacheField": "_digest",
          "authority": "Exact retained canonical bytes; cache bookkeeping is not a record field."
        },
        {
          "identity": "255421c22c52ffaa996a07eadea4657de1a9ef1c32aff7461dea7a20d0a503d0",
          "auxiliaryCacheField": "_digest",
          "authority": "Exact retained canonical bytes; cache bookkeeping is not a record field."
        },
        {
          "identity": "3ad6a3da727df51afa0644687b17588fbb626f9287ed703435ae5375334f3d57",
          "auxiliaryCacheField": "_digest",
          "authority": "Exact retained canonical bytes; cache bookkeeping is not a record field."
        },
        {
          "identity": "574267860f8eb3feff48cf485b2386b364d11502584bdbfcf45a719a4d7a562a",
          "auxiliaryCacheField": "_digest",
          "authority": "Exact retained canonical bytes; cache bookkeeping is not a record field."
        },
        {
          "identity": "5a736ef7c48dcaef9cd1915adcaad23fb0beec3177b75cf365365c4bffa9afcb",
          "auxiliaryCacheField": "_digest",
          "authority": "Exact retained canonical bytes; cache bookkeeping is not a record field."
        },
        {
          "identity": "61471f7996d98bca56889cccffac052aece267dad6300700b2e91876215d7898",
          "auxiliaryCacheField": "_digest",
          "authority": "Exact retained canonical bytes; cache bookkeeping is not a record field."
        },
        {
          "identity": "88be0bb7351b8dbe8accc2336488ca9312843997065c80d8a7850d70fc4ab706",
          "auxiliaryCacheField": "_digest",
          "authority": "Exact retained canonical bytes; cache bookkeeping is not a record field."
        },
        {
          "identity": "a8456a9e5e27defbbf81eb5819e3d4cdea1ac1a067722407a78010e444d8bda1",
          "auxiliaryCacheField": "_digest",
          "authority": "Exact retained canonical bytes; cache bookkeeping is not a record field."
        },
        {
          "identity": "ac94a4b65ae711fba54990b5678a4a12b54158040fcfaa99843f29e3c24e022d",
          "auxiliaryCacheField": "_digest",
          "authority": "Exact retained canonical bytes; cache bookkeeping is not a record field."
        },
        {
          "identity": "c8c3eb68ca4dd8d9a7b0f699e5dd24c87636e649bb0a716f61e1f6c01982805f",
          "auxiliaryCacheField": "_digest",
          "authority": "Exact retained canonical bytes; cache bookkeeping is not a record field."
        },
        {
          "identity": "ec3a4f9e66a572ed1089d2e7af123b3c0e2f2cc5c6d86ae609fbcbe145eb493b",
          "auxiliaryCacheField": "_digest",
          "authority": "Exact retained canonical bytes; cache bookkeeping is not a record field."
        },
        {
          "identity": "f8ea1f851d673ad01105b96a2e9a849bb1d3085adfc9a981f060d8063e6b13e0",
          "auxiliaryCacheField": "_digest",
          "authority": "Exact retained canonical bytes; cache bookkeeping is not a record field."
        }
      ],
      "passed": true
    }
  ],
  "count": 1,
  "passed": true
}
