test_absence_empty_and_unassociated_bytes_distinct (__main__.CatalogTests.test_absence_empty_and_unassociated_bytes_distinct) ... ok
test_absent_delivery_cannot_hide_committed_listing (__main__.CatalogTests.test_absent_delivery_cannot_hide_committed_listing) ... ok
test_blob_tree_and_nonregular_refusals (__main__.CatalogTests.test_blob_tree_and_nonregular_refusals) ... ok
test_declared_canonical_row_order_is_enforced_in_each_group (__main__.CatalogTests.test_declared_canonical_row_order_is_enforced_in_each_group) ... ERROR
test_declared_tag_order_is_enforced_in_each_group (__main__.CatalogTests.test_declared_tag_order_is_enforced_in_each_group) ... ERROR
test_duplicate_and_undeclared_keys (__main__.CatalogTests.test_duplicate_and_undeclared_keys) ... ok
test_exact_raw_bytes_not_canonicalized_signature (__main__.CatalogTests.test_exact_raw_bytes_not_canonicalized_signature) ... ok
test_existing_recipe_fields_only_and_no_recursive_closure_id (__main__.CatalogTests.test_existing_recipe_fields_only_and_no_recursive_closure_id) ... ok
test_hostile_controls_refuse_but_text_remains_inert (__main__.CatalogTests.test_hostile_controls_refuse_but_text_remains_inert) ... ok
test_owner_schema_and_complete_positive (__main__.CatalogTests.test_owner_schema_and_complete_positive) ... ok
test_present_invalid_does_not_downgrade (__main__.CatalogTests.test_present_invalid_does_not_downgrade) ... ok
test_profile_and_field_bounds (__main__.CatalogTests.test_profile_and_field_bounds) ... ok
test_receipt_copies_full_owner_fields_and_checks_platform (__main__.CatalogTests.test_receipt_copies_full_owner_fields_and_checks_platform) ... ok
test_release_authority_is_unique_and_run_bound (__main__.CatalogTests.test_release_authority_is_unique_and_run_bound) ... ok
test_run_selection_and_missing_descriptor_states (__main__.CatalogTests.test_run_selection_and_missing_descriptor_states) ... ok
test_selected_closure_has_no_latest_fallback (__main__.CatalogTests.test_selected_closure_has_no_latest_fallback) ... ok
test_text_is_preserved_and_output_owns_its_copy (__main__.CatalogTests.test_text_is_preserved_and_output_owns_its_copy) ... ok
test_undeclared_capability_cannot_hide_in_other_groups (__main__.CatalogTests.test_undeclared_capability_cannot_hide_in_other_groups) ... ok

======================================================================
ERROR: test_declared_canonical_row_order_is_enforced_in_each_group (__main__.CatalogTests.test_declared_canonical_row_order_is_enforced_in_each_group)
----------------------------------------------------------------------
Traceback (most recent call last):
  File "/private/tmp/opensip-implementation/m1-presentation-catalog-candidate-03/check.py", line 97, in test_declared_canonical_row_order_is_enforced_in_each_group
    catalog.admit_catalog(ctx,raw,declared,ref,schema,registry,authority)
    ~~~~~~~~~~~~~~~~~~~~~^^^^^^^^^^^^^^^^^^^^^^^^^^^^^^^^^^^^^^^^^^^^^^^^
  File "/private/tmp/opensip-implementation/m1-presentation-catalog-candidate-03/catalog.py", line 84, in admit_catalog
    reference.validate(schema, data, registry)
    ~~~~~~~~~~~~~~~~~~^^^^^^^^^^^^^^^^^^^^^^^^
  File "pinned-canonical-owner", line 148, in validate
  File "/private/tmp/opensip-implementation/metadata-reference-env/lib/python3.14/site-packages/jsonschema/validators.py", line 451, in validate
    raise error
jsonschema.exceptions.ValidationError: array order canonical-set: strict unique order required

Failed validating 'x-opensip-order' in schema['properties']['capabilities']:
    {'type': 'array',
     'maxItems': 4096,
     'items': {'$ref': '#/$defs/CapabilityDescriptionV1'},
     'x-opensip-order': 'canonical-set'}

On instance['capabilities']:
    [{'capabilityId': 'reachability',
      'description': 'Static reachability; unknown callers remain '
                     'explicit.',
      'name': 'Unused symbol',
      'tags': ['static', 'unused']},
     {'capabilityId': 'imports',
      'description': 'Static reachability; unknown callers remain '
                     'explicit.',
      'name': 'Unused symbol',
      'tags': ['static', 'unused']}]

======================================================================
ERROR: test_declared_tag_order_is_enforced_in_each_group (__main__.CatalogTests.test_declared_tag_order_is_enforced_in_each_group)
----------------------------------------------------------------------
Traceback (most recent call last):
  File "/private/tmp/opensip-implementation/m1-presentation-catalog-candidate-03/check.py", line 78, in test_declared_tag_order_is_enforced_in_each_group
    with self.assertRaisesRegex(catalog.CatalogRefusal,'CATALOG.TAG-ORDER'):admit(ctx,raw,declared)
                                                                            ~~~~~^^^^^^^^^^^^^^^^^^
  File "/private/tmp/opensip-implementation/m1-presentation-catalog-candidate-03/check.py", line 60, in admit
    return catalog.admit_catalog(ctx, raw, declared, ref, schema, registry, authority)
           ~~~~~~~~~~~~~~~~~~~~~^^^^^^^^^^^^^^^^^^^^^^^^^^^^^^^^^^^^^^^^^^^^^^^^^^^^^^
  File "/private/tmp/opensip-implementation/m1-presentation-catalog-candidate-03/catalog.py", line 84, in admit_catalog
    reference.validate(schema, data, registry)
    ~~~~~~~~~~~~~~~~~~^^^^^^^^^^^^^^^^^^^^^^^^
  File "pinned-canonical-owner", line 148, in validate
  File "/private/tmp/opensip-implementation/metadata-reference-env/lib/python3.14/site-packages/jsonschema/validators.py", line 451, in validate
    raise error
jsonschema.exceptions.ValidationError: array order utf8: strict unique order required

Failed validating 'x-opensip-order' in schema['properties']['capabilities']['items']['properties']['tags']:
    {'type': 'array',
     'maxItems': 32,
     'items': {'$ref': 'urn:opensip:product-v1:workflows:evaluator3:common:3#/$defs/CanonicalIdentifier'},
     'x-opensip-order': 'utf8',
     'uniqueItems': True}

On instance['capabilities'][0]['tags']:
    ['unused', 'static']

----------------------------------------------------------------------
Ran 18 tests in 0.033s

FAILED (errors=2)
