$ /tmp/opensip-architecture-review-env/bin/python -I -B tools/prepost_compare.py
exit 0
--- stdout ---
cmp-base ids-equal True delta {'evaluation-subject': 5} {} | pre/v1 ADMIT | post/v1 REFUSE retained-closure | pre/v2 ADMIT | post/v2 ADMIT
cmp-budget ids-equal True delta {'evaluation-subject': 7} {} | pre/v1 ADMIT | post/v1 REFUSE retained-closure | pre/v2 ADMIT | post/v2 ADMIT
cmp-code-det2 ids-equal True delta {'evaluation-subject': 4} {} | pre/v1 ADMIT | post/v1 REFUSE retained-closure | pre/v2 ADMIT | post/v2 ADMIT
cmp-code-detc ids-equal True delta {'evaluation-subject': 4} {} | pre/v1 ADMIT | post/v1 REFUSE retained-closure | pre/v2 ADMIT | post/v2 ADMIT
cmp-code ids-equal True delta {'evaluation-subject': 4} {} | pre/v1 ADMIT | post/v1 REFUSE retained-closure | pre/v2 ADMIT | post/v2 ADMIT
cmp-empty ids-equal True delta {} {} | pre/v1 ADMIT | post/v1 ADMIT None | pre/v2 ADMIT | post/v2 ADMIT
cmp-evidence ids-equal True delta {'evaluation-subject': 6} {} | pre/v1 ADMIT | post/v1 REFUSE retained-closure | pre/v2 ADMIT | post/v2 ADMIT
cmp-gbase ids-equal True delta {'evaluation-subject': 5} {} | pre/v1 ADMIT | post/v1 REFUSE retained-closure | pre/v2 ADMIT | post/v2 ADMIT
cmp-gevidence ids-equal True delta {'evaluation-subject': 6} {} | pre/v1 ADMIT | post/v1 REFUSE retained-closure | pre/v2 ADMIT | post/v2 ADMIT
cmp-gmissing ids-equal True delta {'evaluation-subject': 6} {} | pre/v1 ADMIT | post/v1 REFUSE retained-closure | pre/v2 ADMIT | post/v2 ADMIT
cmp-hidden ids-equal True delta {'evaluation-subject': 5} {} | pre/v1 ADMIT | post/v1 REFUSE retained-closure | pre/v2 ADMIT | post/v2 ADMIT
cmp-policy ids-equal True delta {'evaluation-subject': 4} {} | pre/v1 ADMIT | post/v1 REFUSE retained-closure | pre/v2 ADMIT | post/v2 ADMIT
cmp-scope ids-equal True delta {'evaluation-subject': 2} {} | pre/v1 ADMIT | post/v1 REFUSE retained-closure | pre/v2 ADMIT | post/v2 ADMIT
cmp-waiver ids-equal True delta {'evaluation-subject': 5} {} | pre/v1 ADMIT | post/v1 REFUSE retained-closure | pre/v2 ADMIT | post/v2 ADMIT
rust-ambiguous ids-equal True delta {'evaluation-subject': 7} {} | pre/v1 ADMIT | post/v1 REFUSE retained-closure | pre/v2 ADMIT | post/v2 ADMIT
rust-extra-unit ids-equal True delta {'evaluation-subject': 6} {} | pre/v1 ADMIT | post/v1 REFUSE retained-closure | pre/v2 ADMIT | post/v2 ADMIT
rust-mixed-clones-required ids-equal True delta {'evaluation-subject': 6} {} | pre/v1 ADMIT | post/v1 REFUSE retained-closure | pre/v2 ADMIT | post/v2 ADMIT
rust-mixed ids-equal True delta {'evaluation-subject': 6} {} | pre/v1 ADMIT | post/v1 REFUSE retained-closure | pre/v2 ADMIT | post/v2 ADMIT
rust-partial ids-equal True delta {'evaluation-subject': 10} {} | pre/v1 ADMIT | post/v1 REFUSE retained-closure | pre/v2 ADMIT | post/v2 ADMIT
rust-same-file-2021 ids-equal True delta {'evaluation-subject': 6} {} | pre/v1 ADMIT | post/v1 REFUSE retained-closure | pre/v2 ADMIT | post/v2 ADMIT
syntax-code ids-equal True delta {'evaluation-subject': 6} {} | pre/v1 ADMIT | post/v1 REFUSE retained-closure | pre/v2 ADMIT | post/v2 ADMIT
syntax-data ids-equal True delta {'evaluation-subject': 4} {} | pre/v1 ADMIT | post/v1 REFUSE retained-closure | pre/v2 ADMIT | post/v2 ADMIT
syntax-mixed-disclosed ids-equal True delta {'evaluation-subject': 9} {} | pre/v1 ADMIT | post/v1 REFUSE retained-closure | pre/v2 ADMIT | post/v2 ADMIT
syntax-mixed-falsecomplete ids-equal True delta {'evaluation-subject': 9} {} | pre/v1 REFUSE | post/v1 REFUSE owner-graph-admission | pre/v2 REFUSE | post/v2 REFUSE
syntax-mixed-omitted ids-equal True delta {'evaluation-subject': 9} {} | pre/v1 ADMIT | post/v1 REFUSE retained-closure | pre/v2 ADMIT | post/v2 ADMIT
ts-clones-required ids-equal True delta {'evaluation-subject': 5} {} | pre/v1 ADMIT | post/v1 REFUSE retained-closure | pre/v2 ADMIT | post/v2 ADMIT
ts-fail ids-equal True delta {'evaluation-subject': 5} {} | pre/v1 ADMIT | post/v1 REFUSE retained-closure | pre/v2 ADMIT | post/v2 ADMIT
ts-pass ids-equal True delta {'evaluation-subject': 5} {} | pre/v1 ADMIT | post/v1 REFUSE retained-closure | pre/v2 ADMIT | post/v2 ADMIT
{
 "standing": "pre/post helper-correction matrix; every cell is a fresh-process closure over exact exported bytes",
 "allPositiveIdentitiesUnchanged": true,
 "onlySubjectDescriptorsAdded": true,
 "positivesPreCodeV1BytesAdmit": 27,
 "positivesPostCodeV1BytesRefuse": 26,
 "positivesPreCodeV2BytesAdmit": 27,
 "positivesPostCodeV2BytesAdmit": 27,
 "positives": 27
}

--- stderr ---

