{
 "probeExit": 0,
 "probe": {
  "allowedScratchWrite": "ALLOWED",
  "allowedOutputWrite": "ALLOWED",
  "allowedInputRead": {
   "ALLOWED": 167904
  },
  "outsideRead:canary": "EPERM",
  "outsideRead:candidateSource": "EPERM",
  "outsideRead:snapshotUnselected": "EPERM",
  "outsideRead:nodeHomeSibling": "EPERM",
  "outsideStat:canary": "EPERM",
  "outsideStat:nodeHomeSibling": "EPERM",
  "outsideList:trial": "EPERM",
  "outsideList:snapshotParent": "EPERM",
  "outsideWrite:trialRoot": "EPERM",
  "outsideWrite:tmp": "EPERM",
  "outsideWrite:inputs": "EPERM",
  "outsideWrite:snapshot": "EPERM",
  "outsideWrite:userTmpdir": "EPERM",
  "symlinkEscapeCreate": "ALLOWED",
  "symlinkEscapeRead": "EPERM",
  "hardlinkEscape": "EPERM",
  "spawnShell": {
   "ALLOWED": "EPERM"
  },
  "execSelf": "EPERM",
  "envKeys": {
   "ALLOWED": [
    "HOME",
    "LANG",
    "LC_ALL",
    "PATH",
    "TZ",
    "__CF_USER_TEXT_ENCODING"
   ]
  },
  "openDescriptors": {
   "ALLOWED": [
    "0",
    "1",
    "10",
    "11",
    "2",
    "3",
    "4",
    "5",
    "6",
    "7",
    "8",
    "9"
   ]
  },
  "hostname": {
   "ALLOWED": "<dev-host>"
  },
  "userInfo": {
   "ALLOWED": "sb"
  },
  "cpuCount": {
   "ALLOWED": 18
  },
  "etcPasswdRead": "EPERM",
  "tmpdirList": "EPERM",
  "writeRootRename": "EPERM",
  "loopbackUdp": "EPERM",
  "loopbackTcp": "EPERM",
  "listen": "EPERM",
  "syslogUnixConnect": "EPERM"
 },
 "genRead": 101,
 "genWrite": 101,
 "genGranted": 0,
 "undeclared": 71,
 "workUnchanged": true
}
