{
  "passed": true,
  "originalSourceCheck": {
    "passed": true,
    "baseInputsVerified": 46,
    "proposedSources": 40,
    "currentSources": 14,
    "baseRefusesUnapprovedSelection": true,
    "materializedDriftRefused": true,
    "planningRowsVerified": 323,
    "staleCoverageAndMissingPrerequisiteRefused": true,
    "selectionApproved": false,
    "productModified": false,
    "semanticAdmissionOrGeneratorExecuted": false
  },
  "inheritedSourceMembersUnchanged": 136,
  "candidateMembers": 139,
  "originalOrderingDefectReproduced": true,
  "negativeControlsRefused": [
    "reverse candidates",
    "duplicate candidates",
    "missing member",
    "different member pin",
    "reverse parents",
    "unaccepted parent",
    "wrong before image",
    "duplicate override"
  ],
  "approvalFabricated": false,
  "productModified": false,
  "sourceSelected": false
}
