{
  "standing": "Root exact transport and frozen owner verification. Not a consumer helper result, implementation qualification or complete charter assessment.",
  "sourceManifestSha256": "63130994ed05b518dea163d9330153c7dca6c37c3c158e1726386450baa483c3",
  "ownerSha256": "204e0f00bc18d46831d37b3df3adec315c84bc4551bbdf2542e84a9fc01e5e69",
  "parserSha256": "46071d985e906797aaa09101e51076627d7c6dfd8c4ab34bbbca5464570ed141",
  "exportSha256": "959b4e9690b2173a7486f7c2eaed9e2794729e6cb0cc9f2c81ca7c791b7ffbff",
  "runId": "run3:0f23a723e1789e1c585fc1ef94696ae933e6ec65b220228c7ae43a703c0b7c31",
  "sourceFilesVerified": 12893,
  "transportAdmission": "ADMIT",
  "structuralAdmission": "REFUSE",
  "semanticAdmission": "NOT-REACHED",
  "passed": false,
  "transportNotes": [
    {
      "transportLabel": "native.context.syntax.v2#667ee0fadd7bfa58b93ef019c9f636a0e08624cd24d8165c33f1e60df2c0a860",
      "domain": "native.context.syntax.v2",
      "frameDigest": "667ee0fadd7bfa58b93ef019c9f636a0e08624cd24d8165c33f1e60df2c0a860",
      "standing": "Verified frame bytes; not injected into product typed object table"
    },
    {
      "transportLabel": "native.semantic-universe.syntax.v2#3db6e722bd460803e9a8b02ec54fb56c7bee60519f7cfa3060db40db2777870b",
      "domain": "native.semantic-universe.syntax.v2",
      "frameDigest": "3db6e722bd460803e9a8b02ec54fb56c7bee60519f7cfa3060db40db2777870b",
      "standing": "Verified frame bytes; not injected into product typed object table"
    }
  ],
  "exceptionType": "AdmissionError",
  "reason": "POLICY_RULE_NOT_ADMISSIBLE:policy:rule.zz-disabled:POLICY.UNKNOWN_RULE"
}
