PASS actual-retained-two-row-source-admits-and-host-joins
PASS one-row-item-cap-at-full-report-cap-fails-local-counts
PASS standalone-item-cap-1-prefix-joins-host-at-cap-1
PASS standalone-item-cap-1-panel-refused-by-combined-report-item-cap
PASS forged-rehashed-row-passes-local-admission
PASS forged-rehashed-row-fails-retained-source-join
PASS substituted-evidenceId-passes-local-admission
PASS substituted-evidenceId-fails-retained-source-join
PASS substituted-runId-fails-local-source-run
PASS ephemeral-shape-on-retained-run-fails-local
PASS lost-evidence-is-not-empty-panel
PASS unlinked-hash-valid-coverage-does-not-expand-retained-set
PASS budget-stop-skips-later-builder-after-catalog-omitted
PASS later-present-after-earlier-omission-refuses
PASS overlapping-builder-and-terminal-refuses
PASS reserved-states-exceeding-allowance-refuse
PASS owner-exceeding-remaining-allowance-refuses
PASS interrupted-composite-delivers-with-exit-130
PASS output-failure-after-interruption-is-exit-4-not-130
PASS after-commit-events-keep-output-fault-not-signal-130
PASS second-deliver-after-commit-refuses
PASS interruption-record-unmutated
PASS source-mutated-interrupted-envelope-writes-no-normal-bytes
PASS aggregate-envelope-mismatch-is-output-fault-exit-4
{"passed": true, "caseCount": 24, "failed": []}
