Traceback (most recent call last):
  File "/tmp/opensip-implementation/m1-interruption-envelope-candidate-06/check.py", line 154, in <module>
    main()
    ~~~~^^
  File "/tmp/opensip-implementation/m1-interruption-envelope-candidate-06/check.py", line 142, in main
    availability_results = availability_module.run(pinned_bytes['inputs/native_evidence_model.v2.py'], ref, registry, current,
        read(HERE / 'inputs/inventory5.json'), read(HERE / 'inputs/report-fixtures04.json'), join_module, probes_module)
  File "/private/tmp/opensip-implementation/m1-interruption-envelope-candidate-06/availability_probes.py", line 118, in run
    probe('skipped-step-cannot-retain-selection', r, e, c, 'J-AVAILABILITY-SELECTION')
    ~~~~~^^^^^^^^^^^^^^^^^^^^^^^^^^^^^^^^^^^^^^^^^^^^^^^^^^^^^^^^^^^^^^^^^^^^^^^^^^^^^
  File "/private/tmp/opensip-implementation/m1-interruption-envelope-candidate-06/availability_probes.py", line 54, in probe
    ref.validate({'$ref': 'urn:opensip:product-v1:workflows:evaluator3:invocation:3'}, record, registry)
    ~~~~~~~~~~~~^^^^^^^^^^^^^^^^^^^^^^^^^^^^^^^^^^^^^^^^^^^^^^^^^^^^^^^^^^^^^^^^^^^^^^^^^^^^^^^^^^^^^^^^
  File "/private/tmp/opensip-implementation/m1-interruption-envelope-candidate-06/inputs/canonical.py", line 148, in validate
    ExactValidator(schema, registry=registry).validate(value)
    ~~~~~~~~~~~~~~~~~~~~~~~~~~~~~~~~~~~~~~~~~~~~~~~~~~^^^^^^^
  File "/private/tmp/opensip-implementation/metadata-reference-env/lib/python3.14/site-packages/jsonschema/validators.py", line 451, in validate
    raise error
jsonschema.exceptions.ValidationError: 'skipReason' is a required property

Failed validating 'required' in schema['properties']['stepResults']['items']['allOf'][0]['then']:
    {'required': ['skipReason']}

On instance['stepResults'][0]:
    {'stepId': 0,
     'outcome': 'skipped',
     'attempts': [],
     'termination': {'class': 'request-rejected',
                     'errorCode': 'REQUEST.PRECONDITION_FAILED'}}
