{
  "standing": "Root validation of exact exported blind11 bytes through selected owner and complete semantic replay. Consumer builders/evaluator not imported. No remint, repair or expected-output substitution.",
  "sourceSha256": "f0822c2f2301d611ae7a916953042deb58672a0cb356f3f381981401b58f35c3",
  "claimsSha256": "97a8d54e6e89625a3ce2f1046487e57b2e28097f7ee2c4e98706478dedaaea22",
  "checks": [
    {
      "name": "table-mismatch",
      "path": "table-mismatch.json",
      "exportSha256": "9574b4e94d8ac7c27a14566ff37c34ed5ad122d4157327723003ecd3153a3585",
      "claimedRunId": "run3:e6dd4d3c8f2efcf2c6a1641a0793d90e3fb1b2ff42091ae7c8fc9329bebdb1c3",
      "ownerAdmission": "NOT-REACHED",
      "semanticAdmission": "NOT-REACHED",
      "passed": false,
      "exceptionType": "AssertionError",
      "reason": "Object table disagrees with retained frame"
    }
  ],
  "count": 1,
  "passed": false
}
