   Compiling typenum v1.20.1
   Compiling libc v0.2.189
   Compiling cfg-if v1.0.4
   Compiling hybrid-array v0.4.15
   Compiling crypto-common v0.2.2
   Compiling block-buffer v0.12.1
   Compiling digest v0.11.3
   Compiling cpufeatures v0.3.1
   Compiling sha2 v0.11.0
   Compiling opensip-identity v0.1.0 (/tmp/opensip-implementation/m1-canonical-subject-01/crates/identity)
   Compiling m1-canonical-probes v0.0.0 (/private/tmp/opensip-implementation/m1-canonical-root-probes-01/probes/rust)
    Finished `test` profile [unoptimized + debuginfo] target(s) in 1.33s
     Running unittests src/lib.rs (/tmp/opensip-implementation/m1-canonical-root-probes-01/target/debug/deps/m1_canonical_probes-5c81df4185119eb6)
probe-amplification integers: inputBytes=4194303 parsePeakBytes=67108864 ratio=16.0 totalPeakBytes=71303176 parse=182.999542ms encode=311.734917ms encodedBytes=4194303
probe-amplification empty-arrays: inputBytes=4194304 parsePeakBytes=67108864 ratio=16.0 totalPeakBytes=71303168 parse=60.220792ms encode=112.132ms encodedBytes=4194304
probe-amplification empty-objects: inputBytes=4194304 parsePeakBytes=67108864 ratio=16.0 totalPeakBytes=71303168 parse=59.707625ms encode=124.54ms encodedBytes=4194304
probe-amplification one-char-strings: inputBytes=4194301 parsePeakBytes=41943032 ratio=10.0 totalPeakBytes=46137336 parse=125.072542ms encode=124.126792ms encodedBytes=4194301
probe-amplification distinct-keys: inputBytes=4194298 parsePeakBytes=46824936 ratio=11.2 totalPeakBytes=51019248 parse=644.196167ms encode=208.197334ms encodedBytes=4194298
probe: two 4MiB digit-token refusals took 35.098ms
   Doc-tests m1_canonical_probes
