test_application_naming_other_source_refuses (__main__.ApprovalChainProbes.test_application_naming_other_source_refuses) ... ok
test_assent_must_be_boolean_true (__main__.ApprovalChainProbes.test_assent_must_be_boolean_true) ... ok
test_assent_of_other_review_refuses (__main__.ApprovalChainProbes.test_assent_of_other_review_refuses) ... ok
test_assent_of_other_subject_refuses (__main__.ApprovalChainProbes.test_assent_of_other_subject_refuses) ... ok
test_baseline_chain_passes (__main__.ApprovalChainProbes.test_baseline_chain_passes) ... ok
test_completion_must_approve (__main__.ApprovalChainProbes.test_completion_must_approve) ... ok
test_completion_naming_other_activation_refuses (__main__.ApprovalChainProbes.test_completion_naming_other_activation_refuses) ... ok
test_completion_naming_other_assent_refuses (__main__.ApprovalChainProbes.test_completion_naming_other_assent_refuses) ... ok
test_completion_passed_must_be_boolean_true (__main__.ApprovalChainProbes.test_completion_passed_must_be_boolean_true) ... ok
test_float_schema_version_refuses (__main__.ApprovalChainProbes.test_float_schema_version_refuses) ... ok
test_missing_or_extra_approval_refuses (__main__.ApprovalChainProbes.test_missing_or_extra_approval_refuses) ... ok
test_review_missing_issue_list_refuses (__main__.ApprovalChainProbes.test_review_missing_issue_list_refuses) ... ok
test_review_must_issue_refuses (__main__.ApprovalChainProbes.test_review_must_issue_refuses) ... ok
test_review_of_other_subject_refuses (__main__.ApprovalChainProbes.test_review_of_other_subject_refuses) ... ok
test_review_should_issue_refuses (__main__.ApprovalChainProbes.test_review_should_issue_refuses) ... ok
test_review_verdict_must_be_accept (__main__.ApprovalChainProbes.test_review_verdict_must_be_accept) ... ok
test_application_overlay_supersedes_source_row (__main__.InputSelectionProbes.test_application_overlay_supersedes_source_row) ... ok
test_duplicate_source_manifest_path_refuses (__main__.InputSelectionProbes.test_duplicate_source_manifest_path_refuses) ... ok
test_empty_inputs_refuse (__main__.InputSelectionProbes.test_empty_inputs_refuse) ... ok
test_input_extra_field_refuses (__main__.InputSelectionProbes.test_input_extra_field_refuses) ... ok
test_selected_row_with_wrong_length_refuses (__main__.InputSelectionProbes.test_selected_row_with_wrong_length_refuses) ... ok
test_unsorted_inputs_refuse (__main__.InputSelectionProbes.test_unsorted_inputs_refuse) ... ok
test_observed_approval_row_unknown_field_passes (__main__.ObservedPermissiveProbes.test_observed_approval_row_unknown_field_passes) ... ok
test_observed_approval_row_without_bytes_passes (__main__.ObservedPermissiveProbes.test_observed_approval_row_without_bytes_passes) ... ok
test_observed_completion_remaining_findings_not_checked (__main__.ObservedPermissiveProbes.test_observed_completion_remaining_findings_not_checked) ... ok
test_observed_non_object_review_raises_outside_main_catch_set (__main__.ObservedPermissiveProbes.test_observed_non_object_review_raises_outside_main_catch_set) ... ok
test_nul_byte_refuses (__main__.PathProbes.test_nul_byte_refuses) ... ok
test_observed_symlinked_parent_inside_root_is_allowed (__main__.PathProbes.test_observed_symlinked_parent_inside_root_is_allowed) ... ok
test_symlinked_parent_leaving_root_refuses (__main__.PathProbes.test_symlinked_parent_leaving_root_refuses) ... ok
test_trailing_separator_empty_and_dot_segments_refuse (__main__.PathProbes.test_trailing_separator_empty_and_dot_segments_refuse) ... ok
test_altered_input_digest_refuses (__main__.RealArchitectureProbes.test_altered_input_digest_refuses) ... ok
test_altered_source_manifest_pin_refuses (__main__.RealArchitectureProbes.test_altered_source_manifest_pin_refuses) ... ok
test_governing_sources_for_this_unit_are_pinned (__main__.RealArchitectureProbes.test_governing_sources_for_this_unit_are_pinned) ... ok
test_pinned_lock_verifies_46_inputs (__main__.RealArchitectureProbes.test_pinned_lock_verifies_46_inputs) ... ok

----------------------------------------------------------------------
Ran 34 tests in 0.250s

OK
