{
 "v2#/$defs/CanonicalPath \"a/../x\"": false,
 "common#/$defs/LogicalPath \"a/../x\"": false,
 "v3#/$defs/LogicalPath \"a/../x\"": false,
 "v2#/$defs/CanonicalPath \"a\\r/../../etc/passwd\"": false,
 "common#/$defs/LogicalPath \"a\\r/../../etc/passwd\"": false,
 "v3#/$defs/LogicalPath \"a\\r/../../etc/passwd\"": false,
 "v2#/$defs/CanonicalPath \"a\u2028/../../x\"": false,
 "common#/$defs/LogicalPath \"a\u2028/../../x\"": false,
 "v3#/$defs/LogicalPath \"a\u2028/../../x\"": false,
 "v2#/$defs/CanonicalPath \"..\\n\"": false,
 "common#/$defs/LogicalPath \"..\\n\"": false,
 "v3#/$defs/LogicalPath \"..\\n\"": false,
 "v2#/$defs/CanonicalPath \"a/..\\n\"": false,
 "common#/$defs/LogicalPath \"a/..\\n\"": false,
 "v3#/$defs/LogicalPath \"a/..\\n\"": false,
 "v2#/$defs/CanonicalPath \"ok/path\"": true,
 "common#/$defs/LogicalPath \"ok/path\"": true,
 "v3#/$defs/LogicalPath \"ok/path\"": true
}
e2e diffs []
patternProperties at urn:opensip:product-v1:workflows:evaluator3:sarif-adapter:2#/$defs/Run/properties/tool/properties/driver/properties/rules/items/properties/messageStrings ['^.+$']
