TEST FILE /private/tmp/opensip-implementation/m1-successor-review-02/probes/test_no_rebind_no_regex.py
KILLED   M01 drop parent-in-inputs :: FAILED (failures=1)
SURVIVED M02 drop candidate!=parent path :: OK
SURVIVED M03 record candidate without size :: OK
SURVIVED M04 drop record flags :: OK
SURVIVED M05 drop review verdict :: OK
SURVIVED M06 drop assessment verdict :: OK
SURVIVED M07 drop assessment findings :: OK
SURVIVED M08 drop review candidate join :: OK
SURVIVED M09 drop review parent join :: OK
SURVIVED M10 drop review record join :: OK
KILLED   M11 drop assent status :: FAILED (failures=1)
KILLED   M12 drop assent unit findings :: FAILED (failures=1)
KILLED   M13 drop root review join :: FAILED (failures=5)
KILLED   M14 drop root inventory join :: FAILED (failures=1)
KILLED   M15 drop subject digest equality :: FAILED (failures=1)
KILLED   M16 drop top-level key set equality :: FAILED (failures=1)
KILLED   M17 exempt packages from equality :: FAILED (failures=1)
KILLED   M18 drop sorted check :: FAILED (failures=1)
KILLED   M19 allow zero additions :: FAILED (failures=1)
KILLED   M20 drop inherited row equality :: FAILED (failures=1)
KILLED   M21 v1 may carry inventorySuccessor :: FAILED (errors=1)
KILLED   M22 v2 successor optional :: FAILED (failures=1)
KILLED   M23 drop closed binding keys :: FAILED (failures=1)
KILLED   M24 drop duplicate row path :: FAILED (failures=1)
KILLED   M25 drop assent substantive :: FAILED (failures=1)
SURVIVED M26 drop review findings :: OK
SURVIVED N27 review candidate join ignores size :: OK
SURVIVED N28 review parent join ignores size :: OK
SURVIVED N29 record parent join ignores size :: OK
SURVIVED N30 truthy root assent :: OK
SURVIVED N31 missing review findings tolerated :: OK
SURVIVED N32 truthy record flags :: OK
KILLED   N33 same_reference compares path only :: FAILED (failures=12)
SURVIVED N34 parent selection by path only :: OK
KILLED   N35 drop candidate/parent key-set check only for extra keys :: FAILED (failures=1)
SURVIVORS 17 ['M02 drop candidate!=parent path', 'M03 record candidate without size', 'M04 drop record flags', 'M05 drop review verdict', 'M06 drop assessment verdict', 'M07 drop assessment findings', 'M08 drop review candidate join', 'M09 drop review parent join', 'M10 drop review record join', 'M26 drop review findings', 'N27 review candidate join ignores size', 'N28 review parent join ignores size', 'N29 record parent join ignores size', 'N30 truthy root assent', 'N31 missing review findings tolerated', 'N32 truthy record flags', 'N34 parent selection by path only']
