TEST FILE /tmp/opensip-implementation/m1-successor-subject-02/tools/tests/test_design_binding.py
KILLED   M01 drop parent-in-inputs :: FAILED (failures=1)
SURVIVED M02 drop candidate!=parent path :: OK
KILLED   M03 record candidate without size :: FAILED (failures=1)
KILLED   M04 drop record flags :: FAILED (failures=1)
KILLED   M05 drop review verdict :: FAILED (failures=1)
KILLED   M06 drop assessment verdict :: FAILED (failures=1)
KILLED   M07 drop assessment findings :: FAILED (failures=1)
KILLED   M08 drop review candidate join :: FAILED (failures=1)
KILLED   M09 drop review parent join :: FAILED (failures=1)
KILLED   M10 drop review record join :: FAILED (failures=1)
KILLED   M11 drop assent status :: FAILED (failures=1)
KILLED   M12 drop assent unit findings :: FAILED (failures=1)
KILLED   M13 drop root review join :: FAILED (failures=5)
KILLED   M14 drop root inventory join :: FAILED (failures=1)
KILLED   M15 drop subject digest equality :: FAILED (failures=1)
KILLED   M16 drop top-level key set equality :: FAILED (failures=1)
KILLED   M17 exempt packages from equality :: FAILED (failures=1)
KILLED   M18 drop sorted check :: FAILED (failures=1)
KILLED   M19 allow zero additions :: FAILED (failures=1)
KILLED   M20 drop inherited row equality :: FAILED (failures=1)
KILLED   M21 v1 may carry inventorySuccessor :: FAILED (errors=1)
KILLED   M22 v2 successor optional :: FAILED (failures=1)
KILLED   M23 drop closed binding keys :: FAILED (failures=1)
KILLED   M24 drop duplicate row path :: FAILED (failures=1)
KILLED   M25 drop assent substantive :: FAILED (failures=1)
KILLED   M26 drop review findings :: FAILED (failures=1)
KILLED   N27 review candidate join ignores size :: FAILED (failures=1)
SURVIVED N28 review parent join ignores size :: OK
SURVIVED N29 record parent join ignores size :: OK
SURVIVED N30 truthy root assent :: OK
SURVIVED N31 missing review findings tolerated :: OK
SURVIVED N32 truthy record flags :: OK
KILLED   N33 same_reference compares path only :: FAILED (failures=12)
SURVIVED N34 parent selection by path only :: OK
KILLED   N35 drop candidate/parent key-set check only for extra keys :: FAILED (failures=1)
SURVIVORS 7 ['M02 drop candidate!=parent path', 'N28 review parent join ignores size', 'N29 record parent join ignores size', 'N30 truthy root assent', 'N31 missing review findings tolerated', 'N32 truthy record flags', 'N34 parent selection by path only']
