$ /tmp/opensip-architecture-review-env/bin/python -I -B tools/build_cmp.py
exit 0
--- stdout ---
{
 "regressionIdentical": true,
 "family": {
  "cmp-base": [
   0,
   0,
   "fail"
  ],
  "cmp-code": [
   0,
   0,
   "fail"
  ],
  "cmp-hidden": [
   0,
   0,
   "pass"
  ],
  "cmp-scope": [
   0,
   0,
   "fail"
  ],
  "cmp-policy": [
   0,
   0,
   "fail"
  ],
  "cmp-waiver": [
   0,
   0,
   "fail"
  ],
  "cmp-evidence": [
   0,
   0,
   "fail"
  ],
  "cmp-gbase": [
   0,
   0,
   "fail"
  ],
  "cmp-gevidence": [
   0,
   0,
   "fail"
  ],
  "cmp-gmissing": [
   0,
   0,
   "fail"
  ],
  "cmp-empty": [
   0,
   0,
   "pass"
  ],
  "cmp-code-det2": [
   0,
   0,
   "fail"
  ],
  "cmp-code-detc": [
   0,
   0,
   "fail"
  ],
  "cmp-budget": [
   0,
   0,
   "indeterminate"
  ]
 }
}

--- stderr ---

