$ /tmp/opensip-architecture-review-env/bin/python -I -B tools/prepost_s42.py
exit 0
--- stdout ---
cmp-base ids-equal False | pre/orig ADMIT | post/orig REFUSE ENUMERATION_BINDING_PROGRAM_ENTRY:0:0:default-unit-non-null | pre/cur ADMIT | post/cur ADMIT
cmp-budget ids-equal False | pre/orig ADMIT | post/orig REFUSE ENUMERATION_BINDING_PROGRAM_ENTRY:0:0:default-unit-non-null | pre/cur ADMIT | post/cur ADMIT
cmp-code-det2 ids-equal False | pre/orig ADMIT | post/orig REFUSE ENUMERATION_BINDING_PROGRAM_ENTRY:0:0:default-unit-non-null | pre/cur ADMIT | post/cur ADMIT
cmp-code-detc ids-equal False | pre/orig ADMIT | post/orig REFUSE ENUMERATION_BINDING_PROGRAM_ENTRY:0:0:default-unit-non-null | pre/cur ADMIT | post/cur ADMIT
cmp-code ids-equal False | pre/orig ADMIT | post/orig REFUSE ENUMERATION_BINDING_PROGRAM_ENTRY:0:0:default-unit-non-null | pre/cur ADMIT | post/cur ADMIT
cmp-empty ids-equal False | pre/orig ADMIT | post/orig REFUSE ENUMERATION_BINDING_PROGRAM_ENTRY:0:0:default-unit-non-null | pre/cur ADMIT | post/cur ADMIT
cmp-evidence ids-equal False | pre/orig ADMIT | post/orig REFUSE ENUMERATION_BINDING_PROGRAM_ENTRY:0:0:default-unit-non-null | pre/cur ADMIT | post/cur ADMIT
cmp-gbase ids-equal False | pre/orig ADMIT | post/orig REFUSE ENUMERATION_BINDING_PROGRAM_ENTRY:0:0:default-unit-non-null | pre/cur ADMIT | post/cur ADMIT
cmp-gevidence ids-equal False | pre/orig ADMIT | post/orig REFUSE ENUMERATION_BINDING_PROGRAM_ENTRY:0:0:default-unit-non-null | pre/cur ADMIT | post/cur ADMIT
cmp-gmissing ids-equal False | pre/orig ADMIT | post/orig REFUSE ENUMERATION_BINDING_PROGRAM_ENTRY:0:0:default-unit-non-null | pre/cur ADMIT | post/cur ADMIT
cmp-hidden ids-equal False | pre/orig ADMIT | post/orig REFUSE ENUMERATION_BINDING_PROGRAM_ENTRY:0:0:default-unit-non-null | pre/cur ADMIT | post/cur ADMIT
cmp-policy ids-equal False | pre/orig ADMIT | post/orig REFUSE ENUMERATION_BINDING_PROGRAM_ENTRY:0:0:default-unit-non-null | pre/cur ADMIT | post/cur ADMIT
cmp-scope ids-equal False | pre/orig ADMIT | post/orig REFUSE ENUMERATION_BINDING_PROGRAM_ENTRY:0:0:default-unit-non-null | pre/cur ADMIT | post/cur ADMIT
cmp-waiver ids-equal False | pre/orig ADMIT | post/orig REFUSE ENUMERATION_BINDING_PROGRAM_ENTRY:0:0:default-unit-non-null | pre/cur ADMIT | post/cur ADMIT
rust-ambiguous ids-equal False | pre/orig ADMIT | post/orig REFUSE ENUMERATION_BINDING_PROGRAM_ENTRY:0:0:default-unit-non-null | pre/cur ADMIT | post/cur ADMIT
rust-extra-unit ids-equal False | pre/orig ADMIT | post/orig REFUSE ENUMERATION_BINDING_PROGRAM_ENTRY:0:0:default-unit-non-null | pre/cur ADMIT | post/cur ADMIT
rust-mixed-clones-required ids-equal False | pre/orig ADMIT | post/orig REFUSE ENUMERATION_BINDING_PROGRAM_ENTRY:0:0:default-unit-non-null | pre/cur ADMIT | post/cur ADMIT
rust-mixed ids-equal False | pre/orig ADMIT | post/orig REFUSE ENUMERATION_BINDING_PROGRAM_ENTRY:0:0:default-unit-non-null | pre/cur ADMIT | post/cur ADMIT
rust-partial ids-equal False | pre/orig ADMIT | post/orig REFUSE ENUMERATION_BINDING_PROGRAM_ENTRY:0:0:default-unit-non-null | pre/cur ADMIT | post/cur ADMIT
rust-same-file-2021 ids-equal False | pre/orig ADMIT | post/orig REFUSE ENUMERATION_BINDING_PROGRAM_ENTRY:0:0:default-unit-non-null | pre/cur ADMIT | post/cur ADMIT
syntax-code ids-equal False | pre/orig ADMIT | post/orig ADMIT None | pre/cur ADMIT | post/cur ADMIT
syntax-data ids-equal False | pre/orig ADMIT | post/orig ADMIT None | pre/cur ADMIT | post/cur ADMIT
syntax-mixed-disclosed ids-equal False | pre/orig ADMIT | post/orig ADMIT None | pre/cur ADMIT | post/cur ADMIT
syntax-mixed-falsecomplete ids-equal False | pre/orig REFUSE | post/orig REFUSE SYNTAX_CAPABILITY_UNSUPPORTED_SCOPE:coverage2:cc5f721975378b9764ab726a74d2151b36acee7bde9da26934138b808d406ec4 | pre/cur REFUSE | post/cur REFUSE
syntax-mixed-omitted ids-equal False | pre/orig ADMIT | post/orig ADMIT None | pre/cur ADMIT | post/cur ADMIT
ts-clones-required ids-equal False | pre/orig ADMIT | post/orig REFUSE ENUMERATION_BINDING_PROGRAM_ENTRY:0:0:default-unit-non-null | pre/cur ADMIT | post/cur ADMIT
ts-fail ids-equal False | pre/orig ADMIT | post/orig REFUSE ENUMERATION_BINDING_PROGRAM_ENTRY:0:0:default-unit-non-null | pre/cur ADMIT | post/cur ADMIT
ts-pass ids-equal False | pre/orig ADMIT | post/orig REFUSE ENUMERATION_BINDING_PROGRAM_ENTRY:0:0:default-unit-non-null | pre/cur ADMIT | post/cur ADMIT
control ts-pass~default-unit-program-entry | pre ADMIT None | post REFUSE ENUMERATION_BINDING_PROGRAM_ENTRY:0:0:default-unit-non-null
control ts-pass~explicit-entry-not-graph-entry | pre ADMIT None | post REFUSE ENUMERATION_BINDING_PROGRAM_ENTRY:0:0:explicit-entry
control rust-mixed~default-unit-program-entry | pre ADMIT None | post REFUSE ENUMERATION_BINDING_PROGRAM_ENTRY:0:0:default-unit-non-null
control syntax-code~second-default-unit-binding | pre REFUSE ENUMERATION_INVENTORY_MISSING_RECORD:(0, 1, 'file') | post REFUSE cb24.ENUMERATION_DEFAULT_UNIT_CARDINALITY:0
control syntax-code~selected-view-not-on-receipt | pre REFUSE EXECUTION_INPUTS_REF_POINTER:view2:33c453633365b0069680d1859bf6b2dc75b7b37b5d552fc521cac0a1876af228 | post REFUSE EXECUTION_INPUTS_SELECTED_COVER:view-not-on-receipt:33c453633365b0069680d1859bf6b2dc75b7b37b5d552fc521cac0a1876af228
control syntax-code~unit-kind-other-family | pre REFUSE ENUMERATION_MEMBERSHIP_ORDER:unitKind-family:0 | post REFUSE ENUMERATION_MEMBERSHIP_ORDER:unitKind-family:0
control syntax-code~unit-root-external-sentinel | pre REFUSE ENUMERATION_MEMBERSHIP_UNIT_ROOT:0:rootPath | post REFUSE ENUMERATION_MEMBERSHIP_UNIT_ROOT:0:rootPath
control syntax-code~row-view-omitted | pre REFUSE EXECUTION_INPUTS_VIEW_TOTALITY:0:0 | post REFUSE EXECUTION_INPUTS_VIEW_TOTALITY:0:0
control ts-pass~unit-kind-not-mode-projection | pre REFUSE ENUMERATION_MEMBERSHIP_ORDER:unitKind:0 | post REFUSE ENUMERATION_MEMBERSHIP_ORDER:unitKind:0
{
 "standing": "pre/post matrix for the source42 helper corrections; every computed cell is a fresh-process closure over exact exported bytes; orientation for what the corrections changed, never an oracle",
 "positives": 27,
 "positiveIdentitiesUnchanged": 0,
 "positivesPreCodeOriginalBytesAdmit": 27,
 "positivesPostCodeOriginalBytesAdmit": 4,
 "positivesPreCodeCurrentBytesAdmit": 27,
 "positivesPostCodeCurrentBytesAdmit": 27,
 "controlsPreCodeAdmit": [
  "ts-pass~default-unit-program-entry",
  "ts-pass~explicit-entry-not-graph-entry",
  "rust-mixed~default-unit-program-entry"
 ],
 "controlsPostCodeRefuse": [
  "ts-pass~default-unit-program-entry",
  "ts-pass~explicit-entry-not-graph-entry",
  "rust-mixed~default-unit-program-entry",
  "syntax-code~second-default-unit-binding",
  "syntax-code~selected-view-not-on-receipt",
  "syntax-code~unit-kind-other-family",
  "syntax-code~unit-root-external-sentinel",
  "syntax-code~row-view-omitted",
  "ts-pass~unit-kind-not-mode-projection"
 ]
}

--- stderr ---

