closure: 44 packages match lock versions
✔ own relative import, generated module and deterministic UTF8 input order (290.743375ms)
✔ runtime, type-only, export, import-type, dynamic and import-equals edges cannot cross owners (642.958291ms)
✔ missing source and unresolvable imports never mean no edge (66.74325ms)
✔ computed imports and loaders refuse (420.125375ms)
✔ browser Node imports refuse while explicit report build script may use them (127.636458ms)
✔ provider build is independent of report files and permits Node (70.044ms)
✔ path aliases resolve actual owners (125.155292ms)
✔ source symlinks and cross-package TS config extends refuse (8.634084ms)
✔ triple slash path and type-reference directives are checked (137.306083ms)
✔ external dependency must be declared and resolved through package export mode (196.368334ms)
✔ materialized dependency cannot shadow another local package name (71.400542ms)
ℹ tests 11
ℹ suites 0
ℹ pass 11
ℹ fail 0
ℹ cancelled 0
ℹ skipped 0
ℹ todo 0
ℹ duration_ms 2210.032417
P00-report                             fixture:ok  depcruise-only:correct       candidate:correct       reference:correct        | 
P00-provider                           fixture:ok  depcruise-only:correct       candidate:correct       reference:correct        | 
P00-contracts                          fixture:ok  depcruise-only:correct       candidate:correct       reference:false-refusal  | manifest-missing
P01-provider-only                      fixture:ok  depcruise-only:correct       candidate:correct       reference:correct        | 
P02-report-only                        fixture:ok  depcruise-only:correct       candidate:correct       reference:correct        | 
P03-jsdoc-own                          fixture:ok  depcruise-only:correct       candidate:correct       reference:correct        | 
P04-self-reference                     fixture:ok  depcruise-only:correct       candidate:correct       reference:correct        | 
P05-literal-template-import            fixture:ok  depcruise-only:correct       candidate:correct       reference:correct        | 
P06-loader-named-members               fixture:ok  depcruise-only:correct       candidate:correct       reference:false-refusal  | unsupported-loader
N01-runtime-import                     fixture:ok  depcruise-only:correct       candidate:correct       reference:correct       lane-escape | lane-escape
N02-type-only-import                   fixture:ok  depcruise-only:correct       candidate:correct       reference:correct       lane-escape | lane-escape
N03-export-star                        fixture:ok  depcruise-only:correct       candidate:correct       reference:correct       lane-escape | lane-escape
N04-export-type                        fixture:ok  depcruise-only:correct       candidate:correct       reference:correct       lane-escape | lane-escape
N05-import-type-node                   fixture:ok  depcruise-only:correct       candidate:correct       reference:correct       lane-escape | lane-escape
N06-dynamic-import                     fixture:ok  depcruise-only:correct       candidate:correct       reference:correct       lane-escape | lane-escape
N07-import-equals                      fixture:ok  depcruise-only:correct       candidate:correct       reference:correct       lane-escape | lane-escape
N08-require                            fixture:ok  depcruise-only:correct       candidate:correct       reference:correct       lane-escape | lane-escape
N09-require-resolve                    fixture:ok  depcruise-only:correct       candidate:correct       reference:correct       lane-escape | lane-escape
N10-module-require                     fixture:ok  depcruise-only:correct       candidate:correct       reference:correct       lane-escape | lane-escape
N11-reverse-direction                  fixture:ok  depcruise-only:correct       candidate:correct       reference:correct       lane-escape | lane-escape
N12-contracts-cross                    fixture:ok  depcruise-only:correct       candidate:correct       reference:wrong-reason  lane-escape | manifest-missing
N13-paths-alias                        fixture:ok  depcruise-only:correct       candidate:correct       reference:correct       lane-escape | lane-escape
N14-workspace-name                     fixture:ok  depcruise-only:correct       candidate:correct       reference:correct       lane-escape,undeclared-external | lane-escape
N15-materialized-shadow                fixture:ok  depcruise-only:correct       candidate:correct       reference:correct       local-name-shadow | local-name-shadow
N16-undeclared-external                fixture:ok  depcruise-only:correct       candidate:correct       reference:correct       undeclared-external | undeclared-external
N17-unexported-subpath                 fixture:ok  depcruise-only:correct       candidate:correct       reference:correct       unresolved | unresolved
N18-imports-outside-package            fixture:ok  depcruise-only:correct       candidate:correct       reference:correct       unresolved | unresolved
N19-missing-module                     fixture:ok  depcruise-only:correct       candidate:correct       reference:correct       unresolved | unresolved
N20-missing-generated                  fixture:ok  depcruise-only:correct       candidate:correct       reference:correct       unresolved | unresolved
N21-undeclared-local-import            fixture:ok  depcruise-only:missed        candidate:correct       reference:correct       config-include,undeclared-local | config-include
N22-undeclared-generated-type          fixture:ok  depcruise-only:missed        candidate:correct       reference:correct       config-include,undeclared-local | config-include
N47-undeclared-local-outside-include   fixture:ok  depcruise-only:missed        candidate:correct       reference:correct       undeclared-local | undeclared-local
N23-config-include-stray               fixture:ok  depcruise-only:missed        candidate:correct       reference:correct       config-include | config-include
N24-browser-node-builtin               fixture:ok  depcruise-only:correct       candidate:correct       reference:correct       browser-node | browser-node
N25-browser-node-types-directive       fixture:ok  depcruise-only:correct       candidate:correct       reference:correct       browser-node,undeclared-external | browser-node
N26-browser-getbuiltin-literal         fixture:ok  depcruise-only:correct       candidate:correct       reference:missed        browser-node | 
N27-ambient-auto-types                 fixture:ok  depcruise-only:missed        candidate:correct       reference:missed        ambient-types | 
N28-triple-slash-path                  fixture:ok  depcruise-only:correct       candidate:correct       reference:correct       lane-escape | lane-escape
N29-jsdoc-import-tag-cross             fixture:ok  depcruise-only:correct       candidate:correct       reference:correct       lane-escape | undeclared-local
N30-jsdoc-bracket-cross                fixture:ok  depcruise-only:correct       candidate:correct       reference:correct       lane-escape | undeclared-local
N31-computed-import                    fixture:ok  depcruise-only:missed        candidate:correct       reference:correct       unsupported-loader | unsupported-loader
N32-computed-require                   fixture:ok  depcruise-only:missed        candidate:correct       reference:correct       unsupported-loader | unsupported-loader
N33-template-substitution              fixture:ok  depcruise-only:missed        candidate:correct       reference:correct       unsupported-loader | unsupported-loader
N34-require-alias                      fixture:ok  depcruise-only:missed        candidate:correct       reference:correct       unsupported-loader | unsupported-loader
N35-create-require                     fixture:ok  depcruise-only:missed        candidate:correct       reference:correct       unsupported-loader | unsupported-loader
N36-eval                               fixture:ok  depcruise-only:missed        candidate:correct       reference:correct       unsupported-loader | unsupported-loader
N37-new-function                       fixture:ok  depcruise-only:missed        candidate:correct       reference:correct       unsupported-loader | unsupported-loader
N38-computed-member-loader             fixture:ok  depcruise-only:missed        candidate:correct       reference:correct       unsupported-loader | unsupported-loader
N39-computed-getbuiltin                fixture:ok  depcruise-only:missed        candidate:correct       reference:missed        unsupported-loader | 
N40-parse-failure                      fixture:ok  depcruise-only:missed        candidate:correct       reference:correct       parse-failure | parse-failure
N41-source-symlink                     fixture:ok  depcruise-only:correct       candidate:correct       reference:correct       lane-escape,unresolved,symlink | symlink
N42-config-extends-other-lane          fixture:ok  depcruise-only:missed        candidate:correct       reference:correct       config-owner | config-owner
N43-runtime-browser-target-missing     fixture:ok  depcruise-only:correct       candidate:correct       reference:missed        unresolved | 
N44-runtime-require-target-missing     fixture:ok  depcruise-only:correct       candidate:correct       reference:missed        unresolved | 
N45-runtime-reenters-other-lane        fixture:ok  depcruise-only:correct       candidate:correct       reference:missed        reentry | 
N46-types-reenter-declared-local       fixture:ok  depcruise-only:correct       candidate:correct       reference:missed        reentry | 
R01-root-external-browser-node         fixture:ok  depcruise-only:correct       candidate:correct       reference:missed        browser-node | 
R02-root-external-unresolved           fixture:ok  depcruise-only:correct       candidate:correct       reference:missed        unresolved | 
R03-root-cjs-dynamic-import-condition  fixture:ok  depcruise-only:correct       candidate:correct       reference:wrong-reason  unresolved | manifest-missing
P07-cjs-dynamic-import-valid           fixture:ok  depcruise-only:correct       candidate:correct       reference:false-refusal  | manifest-missing
P08-cjs-mixed-same-file-valid          fixture:ok  depcruise-only:correct       candidate:correct       reference:false-refusal  | manifest-missing
N48-cjs-mixed-require-branch-missing   fixture:ok  depcruise-only:correct       candidate:correct       reference:wrong-reason  unresolved | manifest-missing
N49-cjs-mixed-import-branch-missing    fixture:ok  depcruise-only:correct       candidate:correct       reference:wrong-reason  unresolved | manifest-missing
P10-cts-static-import-uses-require     fixture:ok  depcruise-only:correct       candidate:correct       reference:correct        | 
N51-cts-static-import-require-branch-missing fixture:ok  depcruise-only:correct       candidate:correct       reference:missed        unresolved | 
N62-cts-static-and-dynamic-same-specifier fixture:ok  depcruise-only:missed        candidate:correct       reference:missed        unsupported-mixed-mode | 
P09-external-cjs-dynamic-import-valid  fixture:ok  depcruise-only:correct       candidate:correct       reference:correct        | 
N50-external-cjs-dynamic-import-branch-missing fixture:ok  depcruise-only:correct       candidate:correct       reference:missed        unresolved | 
N52-browser-external-two-hops-node     fixture:ok  depcruise-only:correct       candidate:correct       reference:missed        browser-node | 
P11-node-script-external-uses-node     fixture:ok  depcruise-only:correct       candidate:correct       reference:correct        | 
P12-browser-external-type-only-node    fixture:ok  depcruise-only:correct       candidate:correct       reference:correct        | 
P18-browser-type-only-import-of-node-package fixture:ok  depcruise-only:correct       candidate:correct       reference:correct        | 
P19-browser-type-only-import-of-types-only-package fixture:ok  depcruise-only:correct       candidate:correct       reference:correct        | 
N53-external-declaration-unresolved    fixture:ok  depcruise-only:correct       candidate:correct       reference:missed        unresolved | 
P13-accepted-unresolved-external       fixture:ok  depcruise-only:correct       candidate:correct       reference:correct        | 
N54-unaccepted-unresolved-external     fixture:ok  depcruise-only:correct       candidate:correct       reference:missed        unresolved | 
N55-stale-accepted-unresolved          fixture:ok  depcruise-only:missed        candidate:correct       reference:missed        lane-record-invalid | 
N64-external-parse-failure             fixture:ok  depcruise-only:wrong-reason  candidate:correct       reference:missed        reentry,external-parse-failure | 
P14-pnpm-in-root-layout                fixture:ok  depcruise-only:correct       candidate:correct       reference:correct        | 
N56-pnpm-external-browser-node         fixture:ok  depcruise-only:correct       candidate:correct       reference:missed        browser-node | 
N57-pnpm-external-reentry              fixture:ok  depcruise-only:correct       candidate:correct       reference:missed        reentry | 
P15-nested-own-node_modules            fixture:ok  depcruise-only:correct       candidate:correct       reference:correct        | 
N58-other-lane-nested-node_modules     fixture:ok  depcruise-only:correct       candidate:correct       reference:correct       lane-escape | lane-escape
N59-store-outside-root                 fixture:ok  depcruise-only:correct       candidate:correct       reference:wrong-reason  lane-escape,outside-root,undeclared-external | other
N60-ambiguous-js-format                fixture:ok  depcruise-only:missed        candidate:correct       reference:missed        unsupported-module-format | 
P16-node-ignores-module-field          fixture:ok  depcruise-only:correct       candidate:correct       reference:correct        | 
P17-node-legacy-main-fallback          fixture:ok  depcruise-only:correct       candidate:correct       reference:correct        | 
N63-node-main-and-index-missing-module-present fixture:ok  depcruise-only:correct       candidate:correct       reference:correct       unresolved | unresolved
{"depcruiseOnly":{"correct":68,"missed":19,"wrong-reason":1},"candidate":{"correct":88},"reference":{"correct":59,"false-refusal":4,"wrong-reason":5,"missed":20}}
✔ P00-report: positive control (343.610583ms)
✔ P00-provider: positive control (375.950333ms)
✔ P00-contracts: positive control; tools/contracts lane (244.783917ms)
✔ P01-provider-only: independent lane: report/tooling sources absent (380.832ms)
✔ P02-report-only: independent lane: provider/tooling sources absent (340.296709ms)
✔ P03-jsdoc-own: JSDoc type import of own generated binding in script (327.956ms)
✔ P04-self-reference: package self-reference through own exports (420.948042ms)
✔ P05-literal-template-import: no-substitution template literal is a literal edge (344.096458ms)
✔ P06-loader-named-members: members named require/eval are not loaders (345.737625ms)
✔ N01-runtime-import: runtime import (348.339083ms)
✔ N02-type-only-import: type-only import (duplicate schema owner) (348.742792ms)
✔ N03-export-star: export * from (344.402542ms)
✔ N04-export-type: export type from (356.958708ms)
✔ N05-import-type-node: typeof import() type (343.377583ms)
✔ N06-dynamic-import: literal dynamic import (334.648708ms)
✔ N07-import-equals: import = require (387.893667ms)
✔ N08-require: literal require (377.352834ms)
✔ N09-require-resolve: require.resolve (382.702ms)
✔ N10-module-require: module.require (381.412625ms)
✔ N11-reverse-direction: provider imports report source (388.376084ms)
✔ N12-contracts-cross: tooling script requires provider source (246.928834ms)
✔ N13-paths-alias: tsconfig paths alias crossing (352.622209ms)
✔ N14-workspace-name: workspace package name resolves to other lane (347.854208ms)
✔ N15-materialized-shadow: materialized dependency shadows local package name (349.178292ms)
✔ N16-undeclared-external: external package not declared by lane manifest (348.540834ms)
✔ N17-unexported-subpath: package exports encapsulation (342.580916ms)
✔ N18-imports-outside-package: package.json imports target outside package (351.333416ms)
✔ N19-missing-module: unresolvable relative request (352.260084ms)
✔ N20-missing-generated: generated binding absent (339.534791ms)
✔ N21-undeclared-local-import: imported own file not declared (344.238083ms)
✔ N22-undeclared-generated-type: type-only import of undeclared generated file (346.416875ms)
✔ N47-undeclared-local-outside-include: imported own file outside tsconfig include and declared inputs (345.856375ms)
✔ N23-config-include-stray: tsconfig include selects undeclared file (337.520416ms)
✔ N24-browser-node-builtin: browser source imports Node builtin (341.854875ms)
✔ N25-browser-node-types-directive: browser source requests Node ambient types (360.496875ms)
✔ N26-browser-getbuiltin-literal: browser process.getBuiltinModule literal (340.260334ms)
✔ N27-ambient-auto-types: automatic @types inclusion is an unrecorded ambient input (341.752167ms)
✔ N28-triple-slash-path: triple-slash path reference crossing (344.402416ms)
✔ N29-jsdoc-import-tag-cross: JSDoc @import crossing in script (331.458ms)
✔ N30-jsdoc-bracket-cross: JSDoc bracket import crossing in script (327.47075ms)
✔ N31-computed-import: computed dynamic import (345.750834ms)
✔ N32-computed-require: computed require (397.310791ms)
✔ N33-template-substitution: template literal with substitution (349.315334ms)
✔ N34-require-alias: require alias (385.629708ms)
✔ N35-create-require: createRequire loader (350.217041ms)
✔ N36-eval: eval code loader (340.04975ms)
✔ N37-new-function: Function constructor loader (338.316334ms)
✔ N38-computed-member-loader: computed member loader access (377.343458ms)
✔ N39-computed-getbuiltin: computed process.getBuiltinModule (396.608875ms)
✔ N40-parse-failure: syntax error must refuse, not partially extract (349.287792ms)
✔ N41-source-symlink: declared input is a symlink to another lane (348.093167ms)
✔ N42-config-extends-other-lane: tsconfig extends another lane config (336.753666ms)
✔ N43-runtime-browser-target-missing: type graph resolves but browser runtime target is absent (337.090375ms)
✔ N44-runtime-require-target-missing: CJS require condition target absent while require types exist (389.9995ms)
✔ N45-runtime-reenters-other-lane: external runtime file imports another lane (356.6665ms)
✔ N46-types-reenter-declared-local: external declarations import an already declared lane input (375.0815ms)
✔ R01-root-external-browser-node: root probe: external runtime file in browser closure imports node:fs (358.446375ms)
✔ R02-root-external-unresolved: root probe: external runtime file has an unresolvable request (360.613875ms)
✔ R03-root-cjs-dynamic-import-condition: root probe: import() in CJS uses the import condition (branch missing) (243.569917ms)
✔ P07-cjs-dynamic-import-valid: import() in CJS with a valid import branch (247.093041ms)
✔ P08-cjs-mixed-same-file-valid: require and import() of one package in one CJS file, both branches valid (257.996666ms)
✔ N48-cjs-mixed-require-branch-missing: mixed CJS file: require branch missing, import branch valid (259.843333ms)
✔ N49-cjs-mixed-import-branch-missing: mixed CJS file: import branch missing, require branch valid (255.839458ms)
✔ P10-cts-static-import-uses-require: .cts static import is emitted as require (import branch absent) (376.716875ms)
✔ N51-cts-static-import-require-branch-missing: .cts static import with require branch missing (376.670208ms)
✔ N62-cts-static-and-dynamic-same-specifier: depcruise dedups static+dynamic same specifier in CJS TS: fail closed (382.782125ms)
✔ P09-external-cjs-dynamic-import-valid: external CJS file import() with a valid import branch (393.597042ms)
✔ N50-external-cjs-dynamic-import-branch-missing: external CJS file import() whose import branch is missing (393.941458ms)
✔ N52-browser-external-two-hops-node: Node builtin two hops inside the browser runtime closure (344.245666ms)
✔ P11-node-script-external-uses-node: Node build-script branch of a shared dependency may use Node builtins (350.758875ms)
✔ P12-browser-external-type-only-node: type-only Node reference in external declarations is not runtime browser closure (343.037667ms)
✔ P18-browser-type-only-import-of-node-package: type-only import of a package whose runtime entry uses Node is erased from the browser runtime closure (348.310166ms)
✔ P19-browser-type-only-import-of-types-only-package: type-only import of a declarations-only package needs no runtime target (349.365833ms)
✔ N53-external-declaration-unresolved: external declaration request unresolvable in the type graph (343.16925ms)
✔ P13-accepted-unresolved-external: recorded optional external request is accepted, not treated as no edge (387.733959ms)
✔ N54-unaccepted-unresolved-external: same optional external request without a record (392.673166ms)
✔ N55-stale-accepted-unresolved: accepted record that matches nothing (373.894083ms)
✔ N64-external-parse-failure: syntax error in a reached external must refuse, not partially extract (355.176125ms)
✔ P14-pnpm-in-root-layout: in-root pnpm-style .pnpm store with per-package symlinks (354.925625ms)
✔ N56-pnpm-external-browser-node: pnpm layout: browser runtime external imports node:fs (349.96675ms)
✔ N57-pnpm-external-reentry: pnpm layout: external re-enters another lane (345.915708ms)
✔ P15-nested-own-node_modules: dependency materialized under the lane package node_modules (339.903875ms)
✔ N58-other-lane-nested-node_modules: import from another lane package node_modules (349.767625ms)
✔ N59-store-outside-root: dependency symlinked to a store outside the materialized root (420.165375ms)
✔ N60-ambiguous-js-format: .js without type mixing import and require: fail closed (396.222833ms)
✔ P16-node-ignores-module-field: Node require uses main even when module points nowhere (377.967792ms)
✔ P17-node-legacy-main-fallback: missing main falls back to index.js as in Node (module field ignored) (391.302792ms)
✔ N63-node-main-and-index-missing-module-present: Node require with missing main and index but present module field (387.855125ms)
✔ runtime and declaration graphs choose conditions per edge (702.998459ms)
✔ one CJS file resolves require and import() of the same package with their own conditions (491.530834ms)
✔ browser runtime closure covers externals but not Node scripts or declarations (1257.009666ms)
✔ unresolved external requests are refusals or explicit accepted records (682.517834ms)
✔ tsconfig paths without baseUrl resolve from the config directory (351.57175ms)
✔ lane declaration errors refuse before analysis (999.072ms)
✔ malformed invocations and lane records refuse cleanly with exit 2 (1303.210666ms)
✔ checkLane is single-use per process and restores cwd (363.678833ms)
✔ reports make no purity or closure qualification (360.897917ms)
ℹ tests 97
ℹ suites 0
ℹ pass 97
ℹ fail 0
ℹ cancelled 0
ℹ skipped 0
ℹ todo 0
ℹ duration_ms 37453.103458
== no-bust: 14 failing
   N45-runtime-reenters-other-lane: external runtime file imports another lane
   N46-types-reenter-declared-local: external declarations import an already declared lane input
   R01-root-external-browser-node: root probe: external runtime file in browser closure imports node:fs
   R02-root-external-unresolved: root probe: external runtime file has an unresolvable request
   N50-external-cjs-dynamic-import-branch-missing: external CJS file import() whose import branch is missing
   N52-browser-external-two-hops-node: Node builtin two hops inside the browser runtime closure
   N53-external-declaration-unresolved: external declaration request unresolvable in the type graph
   P13-accepted-unresolved-external: recorded optional external request is accepted, not treated as no edge
   N54-unaccepted-unresolved-external: same optional external request without a record
   N56-pnpm-external-browser-node: pnpm layout: browser runtime external imports node:fs
   N57-pnpm-external-reentry: pnpm layout: external re-enters another lane
   N60-ambiguous-js-format: .js without type mixing import and require: fail closed
   browser runtime closure covers externals but not Node scripts or declarations
   unresolved external requests are refusals or explicit accepted records
== unresolved-own-only: 6 failing
   R02-root-external-unresolved: root probe: external runtime file has an unresolvable request
   N50-external-cjs-dynamic-import-branch-missing: external CJS file import() whose import branch is missing
   N53-external-declaration-unresolved: external declaration request unresolvable in the type graph
   P13-accepted-unresolved-external: recorded optional external request is accepted, not treated as no edge
   N54-unaccepted-unresolved-external: same optional external request without a record
   unresolved external requests are refusals or explicit accepted records
== no-cwd: 14 failing
   P00-report: positive control
   P02-report-only: independent lane: provider/tooling sources absent
   P03-jsdoc-own: JSDoc type import of own generated binding in script
   P05-literal-template-import: no-substitution template literal is a literal edge
   P06-loader-named-members: members named require/eval are not loaders
   N13-paths-alias: tsconfig paths alias crossing
   P11-node-script-external-uses-node: Node build-script branch of a shared dependency may use Node builtins
   P12-browser-external-type-only-node: type-only Node reference in external declarations is not runtime browser closure
   P18-browser-type-only-import-of-node-package: type-only import of a package whose runtime entry uses Node is erased from the browser runtime closure
   P19-browser-type-only-import-of-types-only-package: type-only import of a declarations-only package needs no runtime target
   P14-pnpm-in-root-layout: in-root pnpm-style .pnpm store with per-package symlinks
   P15-nested-own-node_modules: dependency materialized under the lane package node_modules
   browser runtime closure covers externals but not Node scripts or declarations
   tsconfig paths without baseUrl resolve from the config directory
== no-per-edge-mode: 4 failing
   R03-root-cjs-dynamic-import-condition: root probe: import() in CJS uses the import condition (branch missing)
   N49-cjs-mixed-import-branch-missing: mixed CJS file: import branch missing, require branch valid
   N50-external-cjs-dynamic-import-branch-missing: external CJS file import() whose import branch is missing
   one CJS file resolves require and import() of the same package with their own conditions
== browser-node-roots-only: 4 failing
   R01-root-external-browser-node: root probe: external runtime file in browser closure imports node:fs
   N52-browser-external-two-hops-node: Node builtin two hops inside the browser runtime closure
   N56-pnpm-external-browser-node: pnpm layout: browser runtime external imports node:fs
   browser runtime closure covers externals but not Node scripts or declarations
== external-root-only: 1 failing
   P15-nested-own-node_modules: dependency materialized under the lane package node_modules
== no-runtime-type-filter: 1 failing
   P18-browser-type-only-import-of-node-package: type-only import of a package whose runtime entry uses Node is erased from the browser runtime closure
== no-single-use-guard: 1 failing
   checkLane is single-use per process and restores cwd
== no-stale-accepted: 1 failing
   N55-stale-accepted-unresolved: accepted record that matches nothing
== node-uses-module-field: 1 failing
   N63-node-main-and-index-missing-module-present: Node require with missing main and index but present module field
== no-loader-guard: 9 failing
   N31-computed-import: computed dynamic import
   N32-computed-require: computed require
   N33-template-substitution: template literal with substitution
   N34-require-alias: require alias
   N35-create-require: createRequire loader
   N36-eval: eval code loader
   N37-new-function: Function constructor loader
   N38-computed-member-loader: computed member loader access
   N39-computed-getbuiltin: computed process.getBuiltinModule
== no-mixed-mode: 1 failing
   N62-cts-static-and-dynamic-same-specifier: depcruise dedups static+dynamic same specifier in CJS TS: fail closed
== no-census: 1 failing
   N47-undeclared-local-outside-include: imported own file outside tsconfig include and declared inputs
== no-external-parse: 1 failing
   N64-external-parse-failure: syntax error in a reached external must refuse, not partially extract
R01-root-external-browser-node                   missed        
R02-root-external-unresolved                     missed        
R03-root-cjs-dynamic-import-condition            missed        
N49-cjs-mixed-import-branch-missing              missed        
P10-cts-static-import-uses-require               false-refusal unresolved
N62-cts-static-and-dynamic-same-specifier        missed        
N52-browser-external-two-hops-node               missed        
N53-external-declaration-unresolved              missed        
N54-unaccepted-unresolved-external               missed        
N55-stale-accepted-unresolved                    missed        
N64-external-parse-failure                       wrong-reason  reentry
N56-pnpm-external-browser-node                   missed        
P15-nested-own-node_modules                      false-refusal undeclared-local
N60-ambiguous-js-format                          missed        
N63-node-main-and-index-missing-module-present   missed        
{"correct":73,"missed":12,"false-refusal":2,"wrong-reason":1}
