Traceback (most recent call last):
  File "/tmp/opensip-design-corrections/v20-combined-source.v1/work/docs/coop/design-corrections/foundation/check-identity.py", line 7212, in <module>
    v20_closure_result('v20-stage-domains-refuse-'+name,v20_stage_graph(left,right),C.ValidationError)
                                                        ^^^^^^^^^^^^^^^^^^^^^^^^^^^
  File "/tmp/opensip-design-corrections/v20-combined-source.v1/work/docs/coop/design-corrections/foundation/check-identity.py", line 7194, in v20_stage_graph
    rekey(objects,eid,execution,run)
  File "/tmp/opensip-design-corrections/v20-combined-source.v1/work/docs/coop/design-corrections/foundation/check-identity.py", line 930, in rekey
    new=M.identifier(domain,changed);objects.pop(old);objects[new]=(domain,changed)
        ^^^^^^^^^^^^^^^^^^^^^^^^^^^^
  File "/private/tmp/opensip-design-corrections/v20-combined-source.v1/work/docs/coop/design-corrections/foundation/identity-model.py", line 160, in identifier
    C.validate(schema,value);ordered(value)
    ^^^^^^^^^^^^^^^^^^^^^^^^
  File "/private/tmp/opensip-design-corrections/v20-combined-source.v1/work/docs/coop/design-corrections/foundation/canonical.py", line 138, in validate
    ExactValidator(schema).validate(value)
  File "/tmp/opensip-architecture-review-env/lib/python3.12/site-packages/jsonschema/validators.py", line 451, in validate
    raise error
jsonschema.exceptions.ValidationError: exact enum type/value mismatch

Failed validating 'enum' in schema['properties']['stages']['items']['properties']['outputDomains']['items']:
    {'type': 'string',
     'enum': ['snapshot',
              'closure',
              'import',
              'plan',
              'subject-scope',
              'coverage',
              'view',
              'execution-plan',
              'finding-fingerprint',
              'finding',
              'proof-bundle',
              'semantic-evidence',
              'evaluation-seal',
              'run',
              'cache-key',
              'regeneration-key',
              'policy-derivation',
              'blob',
              'rule-program',
              'policy',
              'waiver',
              'coverage-payload',
              'import-payload',
              'configuration',
              'native-context',
              'analysis-spec',
              'capability-manifest',
              'schema',
              'finding-parameters',
              'fact',
              'predicate-witness',
              'fact-payload'],
     'description': 'Registered digest-domain name. This enumeration and '
                    '#/$defs/Ref/properties/domain are the same set, and '
                    'both are the registered keys of '
                    'x-opensip-digest-domains.byDomain.'}

On instance['stages'][0]['outputDomains'][0]:
    'View'
