✔ AMD implicit loader refusal and explicit local-array acceptance (3325.970292ms)
▶ author, reviewer and regression cases
  ✔ author:P00-report (0.278208ms)
  ✔ author:P00-provider (0.043ms)
  ✔ author:P00-contracts (0.0325ms)
  ✔ author:P01-provider-only (0.034667ms)
  ✔ author:P02-report-only (0.029833ms)
  ✔ author:P03-jsdoc-own (0.031291ms)
  ✔ author:P04-self-reference (0.030667ms)
  ✔ author:P05-literal-template-import (0.025416ms)
  ✔ author:P06-loader-named-members (0.043083ms)
  ✔ author:N01-runtime-import (0.053958ms)
  ✔ author:N02-type-only-import (0.04ms)
  ✔ author:N03-export-star (0.031ms)
  ✔ author:N04-export-type (0.017ms)
  ✔ author:N05-import-type-node (0.016958ms)
  ✔ author:N06-dynamic-import (0.022666ms)
  ✔ author:N07-import-equals (0.026292ms)
  ✔ author:N08-require (0.020375ms)
  ✔ author:N09-require-resolve (0.023958ms)
  ✔ author:N10-module-require (0.019833ms)
  ✔ author:N11-reverse-direction (0.039334ms)
  ✔ author:N12-contracts-cross (0.020917ms)
  ✔ author:N13-paths-alias (0.017042ms)
  ✔ author:N14-workspace-name (0.018916ms)
  ✔ author:N15-materialized-shadow (0.018125ms)
  ✔ author:N16-undeclared-external (0.021084ms)
  ✔ author:N17-unexported-subpath (0.011084ms)
  ✔ author:N18-imports-outside-package (0.012125ms)
  ✔ author:N19-missing-module (0.012166ms)
  ✔ author:N20-missing-generated (0.011916ms)
  ✔ author:N21-undeclared-local-import (0.014333ms)
  ✔ author:N22-undeclared-generated-type (0.014291ms)
  ✔ author:N47-undeclared-local-outside-include (0.0125ms)
  ✔ author:N23-config-include-stray (0.012083ms)
  ✔ author:N24-browser-node-builtin (0.012125ms)
  ✔ author:N25-browser-node-types-directive (0.011834ms)
  ✔ author:N26-browser-getbuiltin-literal (0.013416ms)
  ✔ author:N27-ambient-auto-types (0.0205ms)
  ✔ author:N28-triple-slash-path (0.018958ms)
  ✔ author:N29-jsdoc-import-tag-cross (0.021375ms)
  ✔ author:N30-jsdoc-bracket-cross (0.012042ms)
  ✔ author:N31-computed-import (0.012459ms)
  ✔ author:N32-computed-require (0.011708ms)
  ✔ author:N33-template-substitution (0.012084ms)
  ✔ author:N34-require-alias (0.013833ms)
  ✔ author:N35-create-require (0.011417ms)
  ✔ author:N36-eval (0.012042ms)
  ✔ author:N37-new-function (0.011792ms)
  ✔ author:N38-computed-member-loader (0.011375ms)
  ✔ author:N39-computed-getbuiltin (0.011417ms)
  ✔ author:N40-parse-failure (0.019166ms)
  ✔ author:N41-source-symlink (0.024667ms)
  ✔ author:N42-config-extends-other-lane (0.011875ms)
  ✔ author:N43-runtime-browser-target-missing (0.011667ms)
  ✔ author:N44-runtime-require-target-missing (0.014625ms)
  ✔ author:N45-runtime-reenters-other-lane (0.018667ms)
  ✔ author:N46-types-reenter-declared-local (0.038ms)
  ✔ author:R01-root-external-browser-node (0.019459ms)
  ✔ author:R02-root-external-unresolved (0.014083ms)
  ✔ author:R03-root-cjs-dynamic-import-condition (0.012958ms)
  ✔ author:P07-cjs-dynamic-import-valid (0.013167ms)
  ✔ author:P08-cjs-mixed-same-file-valid (0.013667ms)
  ✔ author:N48-cjs-mixed-require-branch-missing (0.023875ms)
  ✔ author:N49-cjs-mixed-import-branch-missing (0.011917ms)
  ✔ author:P10-cts-static-import-uses-require (0.011042ms)
  ✔ author:N51-cts-static-import-require-branch-missing (0.017041ms)
  ✔ author:N62-cts-static-and-dynamic-same-specifier (0.016292ms)
  ✔ author:P09-external-cjs-dynamic-import-valid (0.010416ms)
  ✔ author:N50-external-cjs-dynamic-import-branch-missing (0.014834ms)
  ✔ author:N52-browser-external-two-hops-node (0.013833ms)
  ✔ author:P11-node-script-external-uses-node (0.00975ms)
  ✔ author:P12-browser-external-type-only-node (0.013417ms)
  ✔ author:P18-browser-type-only-import-of-node-package (0.014375ms)
  ✔ author:P19-browser-type-only-import-of-types-only-package (0.010084ms)
  ✔ author:N53-external-declaration-unresolved (0.010125ms)
  ✔ author:P13-accepted-unresolved-external (0.012166ms)
  ✔ author:N54-unaccepted-unresolved-external (0.019542ms)
  ✔ author:N55-stale-accepted-unresolved (0.01ms)
  ✔ author:N64-external-parse-failure (0.010459ms)
  ✔ author:P14-pnpm-in-root-layout (0.00925ms)
  ✔ author:N56-pnpm-external-browser-node (0.011167ms)
  ✔ author:N57-pnpm-external-reentry (0.009875ms)
  ✔ author:P15-nested-own-node_modules (0.009875ms)
  ✔ author:N58-other-lane-nested-node_modules (0.011542ms)
  ✔ author:N59-store-outside-root (0.010916ms)
  ✔ author:N60-ambiguous-js-format (0.009917ms)
  ✔ author:P16-node-ignores-module-field (0.011875ms)
  ✔ author:P17-node-legacy-main-fallback (0.010708ms)
  ✔ author:N63-node-main-and-index-missing-module-present (0.009958ms)
  ✔ reviewer:RV-C00-report (0.009583ms)
  ✔ reviewer:RV-C00-provider (0.009208ms)
  ✔ reviewer:RV-C00-contracts (0.010042ms)
  ✔ reviewer:RV-P01-browser-wrong-condition-only-node (0.00925ms)
  ✔ reviewer:RV-P02-cjs-wrong-condition-only-node (0.010625ms)
  ✔ reviewer:RV-P03-jsdoc-import-types-only-package (0.009ms)
  ✔ reviewer:RV-P05-pnpm-alias-valid (0.009625ms)
  ✔ reviewer:RV-P06-node-module-sync-selected (0.008833ms)
  ✔ reviewer:RV-P07-cts-elided-static-plus-dynamic (0.011125ms)
  ✔ reviewer:RV-N01-relative-path-undeclared-external (0.010208ms)
  ✔ reviewer:RV-N02-relative-path-bypasses-exports (0.011208ms)
  ✔ reviewer:RV-N03-pnpm-alias-shadows-local-name (0.011792ms)
  ✔ reviewer:RV-N04-pnpm-store-shadows-local-name (0.011417ms)
  ✔ reviewer:RV-N05-node-module-sync-missing (0.0295ms)
  ✔ reviewer:RV-N06-esm-extensionless-relative (0.01475ms)
  ✔ reviewer:RV-N07-cjs-require-mjs-extensionless (0.013458ms)
  ✔ reviewer:RV-N08-cjs-require-ts-extensionless (0.010209ms)
  ✔ reviewer:RV-N09-esm-directory-import (0.013125ms)
  ✔ reviewer:RV-N10-elided-static-plus-dynamic-browser (0.011708ms)
  ✔ reviewer:RV-N11-worker-url-cross-lane (0.013459ms)
  ✔ reviewer:RV-N12-accepted-record-covers-other-request-kind (0.01075ms)
  ✔ reviewer:RV-N13-external-realpath-into-own-lane (0.010542ms)
  ✔ reviewer:RV-N14-type-only-workspace-name-cross (0.01175ms)
  ✔ reviewer:RV-N15-unresolved-require-resolve (0.009542ms)
  ✔ reviewer:RV-N16-cts-import-equals-plus-dynamic-import-missing (0.01025ms)
  ✔ reviewer:RV-N17-esm-external-imports-require-only (0.010708ms)
  ✔ reviewer:RV-N18-cjs-external-requires-import-only (0.010875ms)
  ✔ reviewer:RV-N19-ts-esnext-emit-in-commonjs-scope (0.011042ms)
  ✔ reviewer:RV-P08-type-only-import-runtime-unresolvable (0.011416ms)
  ✔ reviewer:RV-P09-untyped-js-esm-detection-import-condition (0.010459ms)
  ✔ reviewer:RV-P10-browser-declaration-in-commonjs-scope-uses-import (0.010291ms)
  ✔ reviewer:RV-N20-accepted-record-does-not-cover-other-external (0.23325ms)
  ✔ reviewer:RV-N21-accepted-record-cannot-silence-browser-node (0.011791ms)
  ✔ reviewer:RV-N22-external-imports-shadowing-copy (0.010459ms)
  ✔ reviewer:RV-N23-provider-runtime-imports-devdependency (0.009459ms)
  ✔ reviewer:RV-T01-lane-record-declares-browser-src-as-node (0.010875ms)
  ✔ reviewer:RV-F01-amd-request-in-declared-input (0.011791ms)
  ✔ reviewer:RV-F02-invalid-package-json-scope (0.010209ms)
  ✔ reviewer:RV-F03-external-cts-static-plus-dynamic (0.01225ms)
  ✔ reviewer:RV-F04-own-lane-symlink-input (0.01225ms)
  ✔ reviewer:RV-F05-tsconfig-project-references (0.009208ms)
  ✔ reviewer:RV-F06-tsconfig-compiler-plugins (0.00925ms)
  ✔ reviewer:RV-F07-tsconfig-typeRoots (0.009417ms)
  ✔ reviewer:RV-F08-ambient-types-undeclared (0.009375ms)
  ✔ reviewer:RV-F09-lane-platform-inconsistent (0.009292ms)
  ✔ reviewer:RV-P11-typed-untyped-js-esm-detection (0.009375ms)
  ✔ regression:A3-P01-provider-outdir-emitted-output (0.009041ms)
  ✔ regression:A3-N01-emitted-relative-output-missing (0.0095ms)
  ✔ regression:A3-P05-ts-nodenext-commonjs-scope (0.00925ms)
  ✔ regression:A3-P02-node-require-esm-mjs (0.009208ms)
  ✔ regression:A3-N02-hash-import-maps-to-external (0.01025ms)
  ✔ regression:A3-N03-browser-external-amd-define (0.010208ms)
  ✔ regression:A3-P03-node-external-umd-inert (0.009208ms)
  ✔ regression:A3-N09-computed-loader-in-external (0.009541ms)
  ✔ regression:A3-P04-trusted-loader-exact (0.00925ms)
  ✔ regression:A3-N04-trusted-loader-wrong-sha (0.011459ms)
  ✔ regression:A3-N05-trusted-loader-undeclared-target (0.013542ms)
  ✔ regression:A3-N06-optional-unresolved-unguarded (0.009792ms)
  ✔ regression:A3-X01-package-not-typescript-inventory-package (0.009125ms)
  ✔ regression:A3-X02-unbound-flag-on-bound-package (0.009416ms)
  ✔ regression:A3-X03-inventory-pin-tamper (0.009083ms)
  ✔ regression:A3-N07-pnpm-lane-without-materialization-record (0.009292ms)
  ✔ regression:A3-N08-undeclared-unreached-source (0.009ms)
  ✔ regression:A3-P06-browser-worker-url-own-output (0.008958ms)
  ✔ regression:A3-N10-browser-worker-url-missing (0.009ms)
  ✔ regression:A3-N11-npm-alias-targets-local-name (0.010084ms)
  ✔ regression:A3-N12-optional-record-wrong-mode (0.009375ms)
  ✔ regression:A3-N13-external-request-realizes-local-package-directory (0.010458ms)
  ✔ regression:A3-N14-jsx-implicit-runtime-import-unmodelled (0.009833ms)
  ✔ regression:A3-P07-provider-build-script-dev-dependency (0.008917ms)
  ✔ regression:ROOT04-N01-unbound-optional-unguarded (0.010042ms)
  ✔ regression:ROOT04-N02-unbound-optional-wrong-mode (0.009583ms)
  ✔ regression:ROOT04-P01-unbound-optional-guarded (0.009541ms)
  ✔ regression:ROOT04-N03-unbound-stale-record (0.009333ms)
  ✔ regression:ROOT04-N04-alias-identity-independent (0.009542ms)
  ✔ regression:ROOT04-N05-directory-identity-independent (0.014125ms)
✔ author, reviewer and regression cases (46180.765ms)
✔ real CLI invocations: realpath, /tmp alias and .bin symlink exit codes (5565.600708ms)
✔ browser scanner physical targets and transitive boundaries (5011.873083ms)
✔ literal disabled prefix remains a physical target (34.246666ms)
✔ Node clean and built lanes have the same source edges (594.555708ms)
✔ browser clean and built lanes have the same source edges (507.102042ms)
✔ exact byte-order-mark output is recognized (410.748208ms)
✔ Node changed generated output refuses and is neither scanned nor executed (410.573084ms)
✔ browser changed generated output refuses and is neither scanned nor executed (405.960083ms)
✔ extra output is refused even when its bytes equal a valid output (402.407958ms)
✔ symlinked output is refused despite matching target bytes (404.2745ms)
✔ partial build retains clean-source analysis without inventing a runtime-ready claim (417.413459ms)
✔ stale output after source change refuses until rebuilt (806.751084ms)
✔ exact compiled browser output still cannot admit Node builtins (411.163291ms)
▶ actual review03 counterexamples and positive controls
  ✔ RV3-C00-report (0.279166ms)
  ✔ RV3-C00-provider (0.04525ms)
  ✔ RV3-C00-contracts (0.039042ms)
  ✔ RV3-R2-browser-elided-static-plus-import (0.038583ms)
  ✔ RV3-R3a-amd-define-cross-lane-cjs (0.030458ms)
  ✔ RV3-R3b-amd-require-array-cross-lane-ts (0.033666ms)
  ✔ RV3-R4a-module-sync-require-missing (0.029ms)
  ✔ RV3-R4b-module-sync-require-selected (0.02575ms)
  ✔ RV3-R4c-module-sync-import-mode-missing (0.04325ms)
  ✔ RV3-R4d-esm-extensionless (0.051458ms)
  ✔ RV3-R4e-require-mjs-extensionless (0.043375ms)
  ✔ RV3-R4f-esm-directory-import (0.028ms)
  ✔ RV3-R5a-relative-node_modules-undeclared (0.0195ms)
  ✔ RV3-R5b-bare-dotdot-traversal-undeclared (0.018292ms)
  ✔ RV3-R5c-bare-dotdot-traversal-browser (0.370834ms)
  ✔ RV3-R6a-pnpm-alias-shadow (0.036959ms)
  ✔ RV3-R6b-versionless-scoped-alias-to-local (0.021083ms)
  ✔ ROOT04-R6d-versionless-alias-with-external-manifest (0.016583ms)
  ✔ RV3-R6c-realized-manifest-name-local (0.021708ms)
  ✔ RV3-R7a-esnext-emit-commonjs-scope (0.030792ms)
  ✔ RV3-R7b-preserve-emit-commonjs-scope (0.01575ms)
  ✔ RV3-R7c-commonjs-emit-in-module-scope (0.016666ms)
  ✔ RV3-X01-unbound-lane-inside-bound-package (0.013708ms)
  ✔ RV3-X02-caller-exempts-dependency-loader-bound-provider (0.013125ms)
  ✔ RV3-X03-caller-exempts-dependency-loader-bound-browser (0.0195ms)
  ✔ RV3-X04-tsconfig-extends-other-lane-node_modules (0.013083ms)
  ✔ RV3-X05-outdir-into-other-lane (0.021333ms)
  ✔ RV3-X06a-no-execution-node (0.013625ms)
  ✔ RV3-X06b-no-execution-browser (0.011125ms)
  ✔ RV3-X07-bound-input-without-inventory-row (0.010958ms)
  ✔ RV3-X08-type-only-paths-bypass-exports (0.010583ms)
  ✔ RV3-X09-provider-runtime-compiler-as-devdependency (0.014583ms)
  ✔ RV3-X10-browser-umd-dependency (0.011167ms)
✔ actual review03 counterexamples and positive controls (9674.266917ms)
▶ selected tool policy binding refuses altered authority and source inputs
  ✔ unselected policy (9.888125ms)
  ✔ unbound lane (6.925083ms)
  ✔ browser package (6.567167ms)
  ✔ caller exception (6.658875ms)
  ✔ changed manifest (9.453625ms)
  ✔ changed local source (8.1355ms)
  ✔ changed loader file (7.482875ms)
  ✔ changed lane input list (6.9905ms)
  ✔ undisclosed empty target (8.458833ms)
  ✔ invented guarantee (8.46775ms)
  ✔ duplicate exception site (8.696292ms)
  ✔ omitted file pin (8.675334ms)
  ✔ different usage digest (8.237625ms)
  ✔ symlink substitution (8.317667ms)
  ✔ extra policy field (8.983625ms)
  ✔ duplicate policy selection (7.1445ms)
  ✔ candidate member mismatch (8.161583ms)
✔ selected tool policy binding refuses altered authority and source inputs (145.326709ms)
✔ full checker discloses selected empty-target tool loader and refuses its stale site (19.730833ms)
✔ inventory pins follow every ordered successor, including the adopted product inventory4 shape (12.92125ms)
✔ finite trusted targets remain subject to ordinary ownership checks (11.864834ms)
ℹ tests 234
ℹ suites 0
ℹ pass 234
ℹ fail 0
ℹ cancelled 0
ℹ skipped 0
ℹ todo 0
ℹ duration_ms 75134.390917
