{
  "standing": "synthetic native-admitted TypeScript/package graphs through actual identity-model.v3.close_run; not compiler extraction qualification; execution manifest bound and fully replayed",
  "passed": true,
  "count": 18,
  "blocked": [],
  "checks": [
    {
      "case": "complete-empty-reference-execution",
      "ownerAdmission": "ADMIT",
      "close_run": "ADMIT",
      "replay": {
        "verdict": "pass",
        "findingCount": 0,
        "runId": "run3:664b75ee10d02c95af0194926e0f0e55f5a9edcd126aaed1580301a36ba7479e"
      }
    },
    {
      "case": "missing-required-inventory-execution",
      "ownerAdmission": "ADMIT",
      "close_run": "ADMIT",
      "replay": {
        "verdict": "indeterminate",
        "findingCount": 0,
        "runId": "run3:c51322c07b1459f6935d499db6e446490bb78a74c974251c200ce7663ab9054a"
      }
    },
    {
      "case": "declares-exists-source-positive",
      "ownerAdmission": "ADMIT",
      "close_run": "ADMIT",
      "replay": {
        "verdict": "fail",
        "findingCount": 2,
        "runId": "run3:1a6fb39565d352b92902f11579d7d500798f13e33cf1313407032a1a4f661a71"
      }
    },
    {
      "case": "references-exists-source-positive",
      "ownerAdmission": "ADMIT",
      "close_run": "ADMIT",
      "replay": {
        "verdict": "fail",
        "findingCount": 1,
        "runId": "run3:f7d7e398e25f52a1ae53efb79c91d593b9a3a66063c8648c4fa7aaa07c7acba5"
      }
    },
    {
      "case": "references-none-outgoing-complete",
      "ownerAdmission": "ADMIT",
      "close_run": "ADMIT",
      "replay": {
        "verdict": "fail",
        "findingCount": 1,
        "runId": "run3:81dd85c5f94cc94e9d7641258ad6046bdfa2f62882bb28234e01e349717b2b96"
      }
    },
    {
      "case": "references-exists-incoming-known-hit",
      "ownerAdmission": "ADMIT",
      "close_run": "ADMIT",
      "replay": {
        "verdict": "fail",
        "findingCount": 1,
        "runId": "run3:ae44dc1a2ea407a5d0a7bc1897a0d904f708f22a66270f1b69f6ea6f2bab54c2"
      }
    },
    {
      "case": "references-incoming-incomplete-unknown",
      "ownerAdmission": "ADMIT",
      "close_run": "ADMIT",
      "replay": {
        "verdict": "indeterminate",
        "findingCount": 0,
        "runId": "run3:c235b8e1f44927125f08f3cc1c8be07878e7af4a0aaad347c281f6ac1858048c"
      }
    },
    {
      "case": "references-no-false-cross-u",
      "ownerAdmission": "ADMIT",
      "close_run": "ADMIT",
      "replay": {
        "verdict": "fail",
        "findingCount": 1,
        "runId": "run3:62f4779adf65362728d22fdac41a1657591b7ea9f85d0fab2a4a6200e37da4fe"
      }
    },
    {
      "case": "incoming-partition-s-to-v-unknown",
      "ownerAdmission": "ADMIT",
      "close_run": "ADMIT",
      "replay": {
        "verdict": "indeterminate",
        "findingCount": 0,
        "runId": "run3:904a06e19de1092b9ec2a1b2952e8bef8a4969545cd0ce6e5ab1a375a8fecdde"
      }
    },
    {
      "case": "incoming-attestation-covers-other-partition",
      "ownerAdmission": "ADMIT",
      "close_run": "ADMIT",
      "replay": {
        "verdict": "fail",
        "findingCount": 2,
        "runId": "run3:33a9f7fcb1401ba0fd0d6f0c9647c89425e72339624f95b5ebde5fb707ea987c"
      }
    },
    {
      "case": "package-two-manifest-distinct-subject3",
      "ownerAdmission": "ADMIT",
      "close_run": "ADMIT",
      "replay": {
        "verdict": "fail",
        "findingCount": 3,
        "runId": "run3:f325321382e10ffd6ee0bc16908c790b674a3b6c991afbc4105c0ba90f80d18b",
        "distinctDupSubjects": 2,
        "dupManifests": [
          "packages/left/package.json",
          "packages/right/package.json"
        ]
      }
    },
    {
      "case": "package-manifest-path-source-join",
      "ownerAdmission": "ADMIT",
      "close_run": "ADMIT",
      "replay": {
        "verdict": "fail",
        "findingCount": 2,
        "runId": "run3:c55aad4f5d9496d7ee75abcb4d525dd06fccbccead01efcf7f0089426cac812c"
      }
    },
    {
      "case": "imports-file-first-party-exists",
      "ownerAdmission": "ADMIT",
      "close_run": "ADMIT",
      "replay": {
        "verdict": "fail",
        "findingCount": 1,
        "runId": "run3:5457e5a7a59637c44281c606812edabdff519be4c538ef61375ab06a1ff4feb8"
      }
    },
    {
      "case": "imports-file-none-false-on-mapped-target",
      "ownerAdmission": "ADMIT",
      "close_run": "ADMIT",
      "replay": {
        "verdict": "fail",
        "findingCount": 6,
        "runId": "run3:c81d9d24b42185a7a6954eccab606adbc92bf49e091d8b2a7b2a99605447e68b"
      }
    },
    {
      "case": "same-count-severity",
      "ownerAdmission": "ADMIT",
      "remintedRunId": "run3:1118a8b01bbe52f4de26ee6eaaf854ba0783175fb288c537cf75856aa9464cbb",
      "replay": "REFUSE",
      "reason": "EVALUATOR_COMPLETE_PROOF_REPLAY"
    },
    {
      "case": "same-count-message",
      "ownerAdmission": "ADMIT",
      "remintedRunId": "run3:b18c781737b92042337a00f31194f80aa812a66a615cf202b337470057360d04",
      "replay": "REFUSE",
      "reason": "EVALUATOR_COMPLETE_PROOF_REPLAY"
    },
    {
      "case": "same-count-parameter",
      "ownerAdmission": "ADMIT",
      "remintedRunId": "run3:25c557de2cb44fcab3c0f47541a395d0407616cfeaa5cef95b4694e00d7605ce",
      "replay": "REFUSE",
      "reason": "EVALUATOR_COMPLETE_PROOF_REPLAY"
    },
    {
      "case": "same-count-missing-citation",
      "ownerAdmission": "ADMIT",
      "remintedRunId": "run3:9673293150bb39e85f4d03724acdbe695723b3fec4d1b3bdedf2763a628acddf",
      "replay": "REFUSE",
      "reason": "EVALUATOR_COMPLETE_PROOF_REPLAY"
    }
  ]
}
