test_attempt_schema_enforces_outcome_law (__main__.TimingTests.test_attempt_schema_enforces_outcome_law) ... ok
test_clock_failure_has_no_zero_fallback (__main__.TimingTests.test_clock_failure_has_no_zero_fallback) ... ok
test_closed_duration_shape_and_exact_numbers (__main__.TimingTests.test_closed_duration_shape_and_exact_numbers) ... ok
test_current_projection_copies_exact_recorded_value (__main__.TimingTests.test_current_projection_copies_exact_recorded_value) ... ok
test_exact_owner_delta_and_pins (__main__.TimingTests.test_exact_owner_delta_and_pins) ... ok
test_historical_major_is_visible_and_not_rewritten (__main__.TimingTests.test_historical_major_is_visible_and_not_rewritten) ... ok
test_projection_sum_refuses_malformed_and_duplicates (__main__.TimingTests.test_projection_sum_refuses_malformed_and_duplicates) ... ERROR
test_recovery_and_outcome_join (__main__.TimingTests.test_recovery_and_outcome_join) ... ok
test_retry_sum_and_missing_are_distinct (__main__.TimingTests.test_retry_sum_and_missing_are_distinct) ... ok
test_unsupported_source_uses_owned_panel_state (__main__.TimingTests.test_unsupported_source_uses_owned_panel_state) ... ok
test_zero_fractional_and_exact_boundary (__main__.TimingTests.test_zero_fractional_and_exact_boundary) ... ok

======================================================================
ERROR: test_projection_sum_refuses_malformed_and_duplicates (__main__.TimingTests.test_projection_sum_refuses_malformed_and_duplicates)
----------------------------------------------------------------------
Traceback (most recent call last):
  File "/tmp/opensip-implementation/m1-presentation-corrections-root-controls-02/timing-unchecked-sum/check.py", line 131, in test_projection_sum_refuses_malformed_and_duplicates
    t.summarize_attempts(bad)
    ~~~~~~~~~~~~~~~~~~~~^^^^^
  File "/private/tmp/opensip-implementation/m1-presentation-corrections-root-controls-02/timing-unchecked-sum/timing.py", line 121, in summarize_attempts
    if projection['executionId'] in seen:
       ~~~~~~~~~~^^^^^^^^^^^^^^^
TypeError: 'NoneType' object is not subscriptable

----------------------------------------------------------------------
Ran 11 tests in 0.049s

FAILED (errors=1)
