{
  "standing": "candidate-only full retained-Run controls; not host/compiler qualification; near_candidate_kw is not a full Run",
  "passed": true,
  "count": 4,
  "checks": [
    {
      "case": "complete-empty-candidate-full-run",
      "runId": "run3:72d0dc17b7f7f0b8d58537f51dfa1e3e0ff79d14b8119191530886161100dd4e",
      "verdict": "pass",
      "digest": "22de2cb314ffa7aa92c07ae9ae78f61447311f0cb1d04c70ea7323266304b9b5"
    },
    {
      "case": "group-bearing-candidate-full-run",
      "runId": "run3:f99b75348fa6356b35527c9716c12fba5d24b98d447370c61251bf8afb4c0627",
      "verdict": "pass",
      "groupAuthority": "candidate-only"
    },
    {
      "case": "missing-required-candidate-indeterminate",
      "verdict": "indeterminate",
      "causes": [
        "provider-unavailable"
      ]
    },
    {
      "case": "forbidden-fact-authority-group",
      "ownerAdmission": "ADMIT",
      "semanticAdmission": "REFUSE",
      "reason": "EVALUATOR_EXECUTION_INPUTS_JOIN:EXECUTION_INPUTS_CANDIDATE_GROUP"
    }
  ],
  "nativeMode": "clones-near @ syntax-only SUPPORTED-DESIGN over the public file fixture syntax universe"
}
