PASS public-activation-refuses-unaccepted-closure exit=1 stderr=Traceback (most recent call last):
  File "/tmp/opensip-implementation/m1-root-generator04-reproduction/copy/tools/generate_contracts.py", line 128, in <module>
    result = generate(args)
  File "/tmp/opensip-implementation/m
PASS public-refusal-creates-no-workdir /tmp/opensip-implementation/m1-root-generator04-reproduction/results/activation-refusal-workdir
PASS public-refusal-before-pipeline-snapshot Traceback (most recent call last):
  File "/tmp/opensip-implementation/m1-root-generator04-reproduction/copy/tools/generate_contracts.py", line 128, in <module>
    result = generate(args)
  File "/tm
PASS public-refusal-is-closure-gate-not-preflight Traceback (most recent call last):
  File "/tmp/opensip-implementation/m1-root-generator04-reproduction/copy/tools/generate_contracts.py", line 128, in <module>
    result = generate(args)
  File "/tmp/opensip-implementation/m1-root-generat
PASS provision-wrong-archive-pin ValueError: wheel archive bytes differ
PASS provision-changed-archive ValueError: wheel archive bytes differ
PASS provision-missing-archive FileNotFoundError: [Errno 2] No such file or directory: '/tmp/opensip-implementation/m1-root-generator04-reproduction/results/provision-controls/missing-archive/wheels/attrs-26.1.0-py3-none-any.whl'
PASS provision-linked-archive OSError: [Errno 62] Too many levels of symbolic links: '/tmp/opensip-implementation/m1-root-generator04-reproduction/results/provision-controls/linked-archive/wheels/attrs-26.1.0-py3-none-any.whl'
PASS provision-duplicate-cross-wheel ValueError: duplicate cross-wheel member
PASS provision-escaping-member ValueError: escaping or noncanonical wheel member
PASS provision-symlink-member ValueError: nonregular or oversized wheel member
PASS provision-duplicate-member ValueError: wheel member set or byte budget invalid
PASS provision-wrong-runtime-pin ValueError: materialized runtime snapshot differs from lock
PASS provision-two-offline-materializations-identical {'wheels': 5, 'runtimeFiles': 128}
PASS provision-128-files-match-lock-and-freeze-snapshot 
PASS provision-no-installer-requested-record 
PASS provision-existing-destination-refused fresh provisioning destination required
PASS format-rust-prettyplease-exact-argc fn main() {
    let x = 1;
}

PASS format-rust-wrong-argc-refuses 
PASS normal-generation-exact-argc-refuses-one-arg 
PASS build-receipt-executable-matches-generator {'sha256': '18d6a0a89927ebb8383f09e6a442aab714b51a38a822cc38d219db5bc893a992', 'bytes': 7202304}
PASS build-receipt-dependency-count-25 25
PASS cargo-toml-no-new-format-crate 
{"caseCount": 23, "failedCount": 0, "failed": []}
