[
  {
    "case": "candidate-A (canonicalizable, IS a selected row)",
    "raised": "Refusal",
    "errorCode": "CONFIG.INVALID",
    "detail": "CONFIG.INVALID"
  },
  {
    "case": "non-candidate (canonicalizable, admitted shape)",
    "raised": "Refusal",
    "errorCode": "CONFIG.INVALID",
    "detail": "CONFIG.INVALID"
  },
  {
    "case": "NON-CANONICALIZABLE float member",
    "raised": "AdmissionError",
    "message": "EXACT_JSON_TYPE_REQUIRED"
  },
  {
    "case": "NON-CANONICALIZABLE negative zero",
    "raised": "AdmissionError",
    "message": "EXACT_JSON_TYPE_REQUIRED"
  },
  {
    "case": "NON-CANONICALIZABLE non-string key",
    "raised": "AdmissionError",
    "message": "STRING_KEY_REQUIRED"
  }
]

DISTINCT ANSWERS FOR ONE AMBIGUOUS SPEC: 3
CLAIM "every caller of an ambiguous spec is told the same one thing" HOLDS: False
