$ /tmp/opensip-architecture-review-env/bin/python -I -B tools/from_scratch.py
exit 1
--- stdout ---
cmp-base designed-negative REFUSE ['SCHEMA_REFUSED:execution-inputs:None[{\'path\': \'/nativeCoverageAccounts/0/targetUniverse\', \'message\': "\'330e421418bebb35aef91d9888f1515d8c8f9816dcd33b1130f08b93a62a95e7\' is not of type \'null\'", \'keyword\': \'type\'}][]'] None
cmp-code-det2 designed-negative REFUSE ['SCHEMA_REFUSED:execution-inputs:None[{\'path\': \'/nativeCoverageAccounts/0/targetUniverse\', \'message\': "\'330e421418bebb35aef91d9888f1515d8c8f9816dcd33b1130f08b93a62a95e7\' is not of type \'null\'", \'keyword\': \'type\'}][]'] None
cmp-code-detc designed-negative REFUSE ['SCHEMA_REFUSED:execution-inputs:None[{\'path\': \'/nativeCoverageAccounts/0/targetUniverse\', \'message\': "\'330e421418bebb35aef91d9888f1515d8c8f9816dcd33b1130f08b93a62a95e7\' is not of type \'null\'", \'keyword\': \'type\'}][]'] None
cmp-code designed-negative REFUSE ['SCHEMA_REFUSED:execution-inputs:None[{\'path\': \'/nativeCoverageAccounts/0/targetUniverse\', \'message\': "\'330e421418bebb35aef91d9888f1515d8c8f9816dcd33b1130f08b93a62a95e7\' is not of type \'null\'", \'keyword\': \'type\'}][]'] None
cmp-empty designed-negative REFUSE ['SCHEMA_REFUSED:execution-inputs:None[{\'path\': \'/nativeCoverageAccounts/0/targetUniverse\', \'message\': "\'330e421418bebb35aef91d9888f1515d8c8f9816dcd33b1130f08b93a62a95e7\' is not of type \'null\'", \'keyword\': \'type\'}][]'] None
cmp-evidence designed-negative REFUSE ['SCHEMA_REFUSED:execution-inputs:None[{\'path\': \'/nativeCoverageAccounts/0/targetUniverse\', \'message\': "\'330e421418bebb35aef91d9888f1515d8c8f9816dcd33b1130f08b93a62a95e7\' is not of type \'null\'", \'keyword\': \'type\'}][]'] None
cmp-gbase designed-negative REFUSE ['SCHEMA_REFUSED:execution-inputs:None[{\'path\': \'/nativeCoverageAccounts/0/targetUniverse\', \'message\': "\'330e421418bebb35aef91d9888f1515d8c8f9816dcd33b1130f08b93a62a95e7\' is not of type \'null\'", \'keyword\': \'type\'}][]'] None
cmp-gevidence designed-negative REFUSE ['SCHEMA_REFUSED:execution-inputs:None[{\'path\': \'/nativeCoverageAccounts/0/targetUniverse\', \'message\': "\'330e421418bebb35aef91d9888f1515d8c8f9816dcd33b1130f08b93a62a95e7\' is not of type \'null\'", \'keyword\': \'type\'}][]'] None
cmp-gmissing designed-negative REFUSE ['SCHEMA_REFUSED:execution-inputs:None[{\'path\': \'/nativeCoverageAccounts/0/targetUniverse\', \'message\': "\'330e421418bebb35aef91d9888f1515d8c8f9816dcd33b1130f08b93a62a95e7\' is not of type \'null\'", \'keyword\': \'type\'}][]'] None
cmp-hidden designed-negative REFUSE ['SCHEMA_REFUSED:execution-inputs:None[{\'path\': \'/nativeCoverageAccounts/0/targetUniverse\', \'message\': "\'330e421418bebb35aef91d9888f1515d8c8f9816dcd33b1130f08b93a62a95e7\' is not of type \'null\'", \'keyword\': \'type\'}][]'] None
cmp-policy designed-negative REFUSE ['SCHEMA_REFUSED:execution-inputs:None[{\'path\': \'/nativeCoverageAccounts/0/targetUniverse\', \'message\': "\'330e421418bebb35aef91d9888f1515d8c8f9816dcd33b1130f08b93a62a95e7\' is not of type \'null\'", \'keyword\': \'type\'}][]'] None
cmp-scope designed-negative REFUSE ['SCHEMA_REFUSED:execution-inputs:None[{\'path\': \'/nativeCoverageAccounts/0/targetUniverse\', \'message\': "\'330e421418bebb35aef91d9888f1515d8c8f9816dcd33b1130f08b93a62a95e7\' is not of type \'null\'", \'keyword\': \'type\'}][]'] None
cmp-waiver designed-negative REFUSE ['SCHEMA_REFUSED:execution-inputs:None[{\'path\': \'/nativeCoverageAccounts/0/targetUniverse\', \'message\': "\'330e421418bebb35aef91d9888f1515d8c8f9816dcd33b1130f08b93a62a95e7\' is not of type \'null\'", \'keyword\': \'type\'}][]'] None
rust-ambiguous designed-negative REFUSE ['SCHEMA_REFUSED:execution-inputs:None[{\'path\': \'/nativeCoverageAccounts/0/targetUniverse\', \'message\': "\'dd381dcaeac34f75c3592f0eca008af54fc77e3e2f8d7829fa9c6fef0bafcaf5\' is not of type \'null\'", \'keyword\': \'type\'}][]'] None
rust-extra-unit designed-negative REFUSE ['SCHEMA_REFUSED:execution-inputs:None[{\'path\': \'/nativeCoverageAccounts/0/targetUniverse\', \'message\': "\'ffa11d12365781cc0fb3f79c732ed794165e869ccb36ac54d6987b4ab9e97705\' is not of type \'null\'", \'keyword\': \'type\'}][]'] None
rust-mixed-clones-required designed-negative REFUSE ['SCHEMA_REFUSED:execution-inputs:None[{\'path\': \'/nativeCoverageAccounts/0/targetUniverse\', \'message\': "\'27db8e2464f69e270e0b530f881b5320a892a3739a796b1e51e1ebc6878bffe7\' is not of type \'null\'", \'keyword\': \'type\'}][]'] None
rust-mixed designed-negative REFUSE ['SCHEMA_REFUSED:execution-inputs:None[{\'path\': \'/nativeCoverageAccounts/0/targetUniverse\', \'message\': "\'27db8e2464f69e270e0b530f881b5320a892a3739a796b1e51e1ebc6878bffe7\' is not of type \'null\'", \'keyword\': \'type\'}][]'] None
rust-partial designed-negative REFUSE ['SCHEMA_REFUSED:execution-inputs:None[{\'path\': \'/nativeCoverageAccounts/0/targetUniverse\', \'message\': "\'d8e133bb9db032c84131af62351b47bb9d0b1b38570a2ce2c8dc39b8ef528b06\' is not of type \'null\'", \'keyword\': \'type\'}][]'] None
rust-same-file-2021 designed-negative REFUSE ['SCHEMA_REFUSED:execution-inputs:None[{\'path\': \'/nativeCoverageAccounts/0/targetUniverse\', \'message\': "\'3a7ff8a2879de939596e9c4b4fc318e0e82eff8b6a1ce53449e22720aff0484e\' is not of type \'null\'", \'keyword\': \'type\'}][]'] None
syntax-code designed-negative REFUSE ['SCHEMA_REFUSED:execution-inputs:None[{\'path\': \'/nativeCoverageAccounts/0/targetUniverse\', \'message\': "\'3f77deef55dd2820b458fef36f8d2a84965e43e2c5fbce5e0c0e417215b7326f\' is not of type \'null\'", \'keyword\': \'type\'}][]'] None
syntax-data designed-negative REFUSE ['SCHEMA_REFUSED:execution-inputs:None[{\'path\': \'/nativeCoverageAccounts/0/targetUniverse\', \'message\': "\'3f77deef55dd2820b458fef36f8d2a84965e43e2c5fbce5e0c0e417215b7326f\' is not of type \'null\'", \'keyword\': \'type\'}][]'] None
syntax-mixed-disclosed designed-negative REFUSE ['SCHEMA_REFUSED:execution-inputs:None[{\'path\': \'/nativeCoverageAccounts/0/targetUniverse\', \'message\': "\'3f77deef55dd2820b458fef36f8d2a84965e43e2c5fbce5e0c0e417215b7326f\' is not of type \'null\'", \'keyword\': \'type\'}][]'] None
syntax-mixed-falsecomplete designed-negative REFUSE ['SCHEMA_REFUSED:execution-inputs:None[{\'path\': \'/nativeCoverageAccounts/0/targetUniverse\', \'message\': "\'3f77deef55dd2820b458fef36f8d2a84965e43e2c5fbce5e0c0e417215b7326f\' is not of type \'null\'", \'keyword\': \'type\'}][]'] None
syntax-mixed-omitted designed-negative REFUSE ['SCHEMA_REFUSED:execution-inputs:None[{\'path\': \'/nativeCoverageAccounts/0/targetUniverse\', \'message\': "\'3f77deef55dd2820b458fef36f8d2a84965e43e2c5fbce5e0c0e417215b7326f\' is not of type \'null\'", \'keyword\': \'type\'}][]'] None
ts-clones-required designed-negative REFUSE ['SCHEMA_REFUSED:execution-inputs:None[{\'path\': \'/nativeCoverageAccounts/0/targetUniverse\', \'message\': "\'330e421418bebb35aef91d9888f1515d8c8f9816dcd33b1130f08b93a62a95e7\' is not of type \'null\'", \'keyword\': \'type\'}][]'] None
ts-fail designed-negative REFUSE ['SCHEMA_REFUSED:execution-inputs:None[{\'path\': \'/nativeCoverageAccounts/0/targetUniverse\', \'message\': "\'330e421418bebb35aef91d9888f1515d8c8f9816dcd33b1130f08b93a62a95e7\' is not of type \'null\'", \'keyword\': \'type\'}][]'] None
ts-pass designed-negative REFUSE ['SCHEMA_REFUSED:execution-inputs:None[{\'path\': \'/nativeCoverageAccounts/0/targetUniverse\', \'message\': "\'330e421418bebb35aef91d9888f1515d8c8f9816dcd33b1130f08b93a62a95e7\' is not of type \'null\'", \'keyword\': \'type\'}][]'] None

--- stderr ---

