[
 {
  "path": "docs/coop/design-corrections/foundation/check-identity.py",
  "fault": "sha256 mismatch",
  "expected": "3a9563fe90b1beb58d65534b43a0ba90807493c349270a4eb4ea3dfd54191031",
  "actual": "cf6af6a89a873701b2510346ea52960af9932338cecc01c33f3bd273bb2ad18a"
 },
 {
  "path": "docs/coop/design-corrections/foundation/identity-model.py",
  "fault": "sha256 mismatch",
  "expected": "998b6be8a7ae2d32209ad912615413475a7270c292e5281426977cd9ef3d9aad",
  "actual": "815c0614d9eb0db7cd0379299011524c069cefe411defce2debb595f867ff912"
 },
 {
  "path": "docs/coop/design-corrections/foundation/relation-payload-schemas.v2.json",
  "fault": "sha256 mismatch",
  "expected": "aa058f414dbbef991d66496554d82233dfb35a5a03163f08bb840db2c201d5ab",
  "actual": "1192e70ee56629f6ba6391f1068302761d85f943431a7b5d9fc9dea57f320210"
 },
 {
  "path": "docs/coop/design-corrections/native/native-evidence.schemas.v2.json",
  "fault": "sha256 mismatch",
  "expected": "064a1cef6ba8edaee3aef0499d6b0998a7c49c29c5a6bc057ac53fff6e35e49d",
  "actual": "b827ec90be9d5e8d0e9f5ceff88493d08893febe1b827a5f68bcf853cae1c28b"
 },
 {
  "path": "docs/coop/design-corrections/native/native_evidence_model.v2.py",
  "fault": "sha256 mismatch",
  "expected": "63442990fcc9b3b05c1ce232ae57eb06ed1be17f5e326207b7766c4148bc8312",
  "actual": "05ba4f3e070f88b9a97bf54a45492070fefc89a47797dfda6b3ebb0963fcfecd"
 },
 {
  "path": "docs/v2/contracts/product-v1/identity-and-evidence.md",
  "fault": "sha256 mismatch",
  "expected": "40c1df53e3484eb5b231b9709d88dacc709a45d989b5a29d14bbbf3f8d100742",
  "actual": "5b82564debd6870464226b6389cfaeea734c3e5769900281f42a1eebe318fdda"
 },
 {
  "path": "docs/v2/contracts/product-v1/native-evidence.md",
  "fault": "sha256 mismatch",
  "expected": "d880d8d7d741f07d8ffb29c03b09f1976db0215122c14fc3827c898328325a61",
  "actual": "ae51aabcee1025f27f08c22563e32f3e287f967e16e6a78a0df297fa38675b56"
 }
]
