$ /tmp/opensip-architecture-review-env/bin/python -I -B tools/from_scratch.py
exit 1
--- stdout ---
cmp-base claimed-positive ADMIT None []
cmp-budget claimed-positive REFUSE {'fault': 'RETAINED_CLOSURE.RETENTION.PREIMAGE_MISSING:$run.planId.waiverDigest.waivers[0].target.fingerprint:typed-prefix:finding-fingerprint', 'stage': 'retained-closure'} None
cmp-code-det2 claimed-positive ADMIT None []
cmp-code-detc claimed-positive ADMIT None []
cmp-code claimed-positive ADMIT None []
cmp-empty claimed-positive REFUSE {'fault': 'RETAINED_CLOSURE.RETENTION.PREIMAGE_MISSING:$run.planId.waiverDigest.waivers[0].target.fingerprint:typed-prefix:finding-fingerprint', 'stage': 'retained-closure'} None
cmp-evidence claimed-positive ADMIT None []
cmp-gbase claimed-positive ADMIT None []
cmp-gevidence claimed-positive ADMIT None []
cmp-gmissing claimed-positive ADMIT None []
cmp-hidden claimed-positive ADMIT None []
cmp-policy claimed-positive ADMIT None []
cmp-scope claimed-positive ADMIT None []
cmp-waiver claimed-positive ADMIT None []
rust-ambiguous claimed-positive ADMIT None []
rust-extra-unit claimed-positive ADMIT None []
rust-mixed-clones-required claimed-positive ADMIT None []
rust-mixed claimed-positive ADMIT None []
rust-partial claimed-positive ADMIT None []
rust-same-file-2021 claimed-positive ADMIT None []
syntax-code claimed-positive ADMIT None []
syntax-data claimed-positive ADMIT None []
syntax-mixed-disclosed claimed-positive ADMIT None []
syntax-mixed-falsecomplete designed-negative REFUSE {'fault': 'SYNTAX_CAPABILITY_UNSUPPORTED_SCOPE:coverage2:cc5f721975378b9764ab726a74d2151b36acee7bde9da26934138b808d406ec4', 'stage': 'owner-graph-admission'} None
syntax-mixed-omitted claimed-positive ADMIT None []
ts-clones-required claimed-positive ADMIT None []
ts-fail claimed-positive ADMIT None []
ts-pass claimed-positive ADMIT None []

--- stderr ---

