$ /tmp/opensip-architecture-review-env/bin/python -I -B tools/retention_negatives.py
exit 1
--- stdout ---
typed-prefix-output-subject-missing post REFUSE retained-closure RETAINED_CLOSURE.RETENTION.PREIMAGE_MISSING:$run.evaluationSealId.proofBundleId.predicateProofs[1].subjectId:t | pre ADMIT None | pass True
typed-prefix-output-finding-missing post REFUSE retained-closure RETAINED_CLOSURE.RETENTION.PREIMAGE_MISSING:$run.evidenceId.findingIds[0]:typed-prefix:finding | pre REFUSE SEMANTIC_REPLAY_OUTPUT_OBJECT_MISSING:finding3:5d9173d68477a | pass True
typed-prefix-output-fingerprint-missing post REFUSE retained-closure RETAINED_CLOSURE.RETENTION.PREIMAGE_MISSING:$run.evidenceId.findingIds[0].fingerprint:typed-prefix:finding-fin | pre REFUSE SEMANTIC_REPLAY_OUTPUT_OBJECT_MISSING:finding-key2:ab176eed3 | pass True
typed-prefix-domain-mismatch post REFUSE retained-closure RETAINED_CLOSURE.IDENTITY.FRAME_DOMAIN_NOT_ALLOWED:$run.evidenceId.findingIds[0]:evaluation-subject not in ['f | pre REFUSE SEMANTIC_REPLAY_PROOF_MISMATCH:$.findingIds[0] | pass True
typed-prefix-record-refused post REFUSE retained-closure RETAINED_CLOSURE.SCHEMA.FRAME_RECORD_REFUSED:$run.evidenceId.findingIds[0]:finding:None[{'path': '/', 'message | pre REFUSE SEMANTIC_REPLAY_PROOF_MISMATCH:$.findingIds[0] | pass True
typed-prefix-raw-record-not-frame post REFUSE retained-closure RETAINED_CLOSURE.LEXICAL.FRAME_PREFIX:$run.evaluationSealId.proofBundleId.predicateProofs[0].subjectId:typed-p | pre REFUSE SEMANTIC_REPLAY_PROOF_MISMATCH:$.predicateProofs[0].subjectI | pass True
typed-prefix-historical-major post REFUSE owner-graph-admission SCHEMA_REFUSED:proof-bundle:None[{'path': '/findingIds/0', 'message': "'finding2:5d9173d68477a060fbf63d987cfa0 | pre REFUSE SCHEMA_REFUSED:proof-bundle:None[{'path': '/findingIds/0', ' | pass True
typed-prefix-input-scope-missing post REFUSE owner-graph-admission EVIDENCE_UNAVAILABLE:scope2:009eff3dbc60ed9a4ceec812ed7896f1546c87c36acafc2b6311d49af6afa5cf | pre REFUSE EVIDENCE_UNAVAILABLE:scope2:009eff3dbc60ed9a4ceec812ed7896f1 | pass True
h-identity-domain-set post REFUSE retained-closure RETAINED_CLOSURE.IDENTITY.FRAME_DOMAIN_NOT_ALLOWED:$run.evaluationSealId.proofBundleId.predicateProofs[0].subj | pre REFUSE SEMANTIC_REPLAY_PROOF_MISMATCH:$.predicateProofs[0].subjectI | pass True
h-identity-preimage-frame-nested post REFUSE owner-graph-admission EVIDENCE_UNAVAILABLE:0c2023e637fa5037258879657aebb4e535310c1ff94e923d1c22f26083c0429c | pre REFUSE EVIDENCE_UNAVAILABLE:0c2023e637fa5037258879657aebb4e535310c1 | pass True
canonical-record-preimage-missing post REFUSE retained-closure RETAINED_CLOSURE.RETENTION.PREIMAGE_MISSING:$run.evidenceId.findingIds[0].parameterDigest:canonical-record/pre | pre REFUSE SEMANTIC_REPLAY_OUTPUT_PREIMAGE_MISSING:4bac516bfd9507a5d33a | pass True
canonical-record-not-canonical post REFUSE owner-graph-admission DIGEST_PREIMAGE_NOT_CANONICAL:$.predicateProofs[0].witnessDigest:RECORD_NOT_CANONICAL:proof3:30ed38d896a8e8f8a | pre REFUSE DIGEST_PREIMAGE_NOT_CANONICAL:$.predicateProofs[0].witnessDi | pass True
canonical-record-selector-refused post REFUSE owner-graph-admission DIGEST_RECORD_REFUSED:$.predicateProofs[0].witnessDigest:foundation/identity-schemas.v3.json#/$defs/predicate- | pre REFUSE DIGEST_RECORD_REFUSED:$.predicateProofs[0].witnessDigest:fou | pass True
canonical-record-payload-class-join post REFUSE owner-graph-admission SCHEMA_REFUSED:execution-inputs:None[][{'path': '$.selectedRefs', 'order': 'canonical-set', 'violation': 'ORDE | pre REFUSE SCHEMA_REFUSED:execution-inputs:None[][{'path': '$.selectedR | pass True
canonical-record-fragment post REFUSE owner-graph-admission DIGEST_FRAGMENT_MISMATCH:$.nodeDigest<-$.programPredicateDigest<-$.predicateProofs[0].witnessDigest:proof3:b27 | pre REFUSE DIGEST_FRAGMENT_MISMATCH:$.nodeDigest<-$.programPredicateDig | pass True
raw-artifact-preimage-missing post REFUSE owner-graph-admission EVIDENCE_UNAVAILABLE:closure-tree:rules/pack.json | pre REFUSE EVIDENCE_UNAVAILABLE:closure-tree:rules/pack.json | pass True
raw-artifact-length post REFUSE owner-graph-admission BLOB_LENGTH:rules/pack.json | pre REFUSE BLOB_LENGTH:rules/pack.json | pass True
raw-artifact-registered-schema-document post REFUSE owner-graph-admission SCHEMA_DOCUMENT_UNREGISTERED:view2:7bb636b8174f202ede323eeed547557768f77c847f685dce7effa6fece2a44e4 | pre REFUSE SCHEMA_DOCUMENT_UNREGISTERED:view2:7bb636b8174f202ede323eeed | pass True
raw-artifact-closure-tree-member post REFUSE owner-graph-admission SCHEMA_REFUSED:analysis-spec:None[][{'path': '$.parameters', 'order': 'canonical-set', 'violation': 'ORDER_OR_ | pre REFUSE SCHEMA_REFUSED:analysis-spec:None[][{'path': '$.parameters', | pass True
capability-manifest-id-derived post REFUSE owner-graph-admission RUN_JOIN:run.capabilityManifestId | pre REFUSE RUN_JOIN:run.capabilityManifestId | pass True
by-domain post REFUSE retained-closure RETAINED_CLOSURE.IDENTITY.FRAME_DOMAIN_NOT_ALLOWED:$run.evidenceId.findingIds[2].evidenceRefs[0].digest:covera | pre REFUSE SEMANTIC_REPLAY_PROOF_MISMATCH:$.findingIds[0] | pass True
snapshot-path-inventoried post REFUSE owner-graph-admission SCHEMA_REFUSED:execution-inputs:None[][{'path': '$.selectedRefs', 'order': 'canonical-set', 'violation': 'ORDE | pre REFUSE SCHEMA_REFUSED:execution-inputs:None[][{'path': '$.selectedR | pass True
framed-body-identity-retained post REFUSE owner-graph-admission EVIDENCE_UNAVAILABLE:body-identity-frame:fact2:07defa2cda5aef444ebf8969621e5a8d6ef9e476f80d2aeb94773f169bc11fd | pre REFUSE EVIDENCE_UNAVAILABLE:body-identity-frame:fact2:07defa2cda5ae | pass True
registry-nested-record-blob-join post REFUSE owner-graph-admission EVIDENCE_UNAVAILABLE:source:node_modules/left-pad/package.json | pre REFUSE EVIDENCE_UNAVAILABLE:source:node_modules/left-pad/package.js | pass True
registry-snapshot-join-path-and-digest post REFUSE owner-graph-admission SCHEMA_REFUSED:analysis-spec:None[][{'path': '$.parameters', 'order': 'canonical-set', 'violation': 'ORDER_OR_ | pre REFUSE SCHEMA_REFUSED:analysis-spec:None[][{'path': '$.parameters', | pass True
registry-closure-join-kind post REFUSE owner-graph-admission SCHEMA_REFUSED:analysis-spec:None[][{'path': '$.parameters', 'order': 'canonical-set', 'violation': 'ORDER_OR_ | pre REFUSE SCHEMA_REFUSED:analysis-spec:None[][{'path': '$.parameters', | pass True
registry-context-agreement NOT CONSTRUCTED ValueError: no admissible UnifiedFeaturesV1 variant constructible
closure-membership-direct post REFUSE retained-closure RETAINED_CLOSURE.JOIN.CLOSURE_MEMBERSHIP_DIRECT:$run.evidenceId.findingIds[0].ruleClosure:finding.ruleClosure | pre REFUSE SEMANTIC_REPLAY_PROOF_MISMATCH:$.findingIds[0] | pass True
closure-kinds post REFUSE retained-closure RETAINED_CLOSURE.JOIN.CLOSURE_KIND_MISMATCH:$run.evidenceId.findingIds[0].ruleClosure:finding.ruleClosure:eval | pre REFUSE SEMANTIC_REPLAY_PROOF_MISMATCH:$.findingIds[0] | pass True
closure-membership-equal-to-direct post REFUSE owner-graph-admission SCHEMA_REFUSED:execution-inputs:None[][{'path': '$.selectedRefs', 'order': 'canonical-set', 'violation': 'ORDE | pre REFUSE SCHEMA_REFUSED:execution-inputs:None[][{'path': '$.selectedR | pass True
reachable-set-unreachable-output post ADMIT None None | pre ADMIT None | pass True
reachable-set-unrecomputed-output post REFUSE semantic-replay SEMANTIC_REPLAY_PROOF_MISMATCH:$.findingIds[len 3!=4] | pre REFUSE SEMANTIC_REPLAY_PROOF_MISMATCH:$.findingIds[len 3!=4] | pass True
{
 "allPass": false,
 "constructed": 31,
 "notConstructed": [
  "registry-context-agreement"
 ],
 "censusPairsNotReachedByConstructedPositives": [
  "by-domain/preimage",
  "canonical-record/owner-retained",
  "raw-artifact/owner-retained",
  "snapshot-path/not-joined"
 ]
}

--- stderr ---

