{
  "runId": "run3:4af491e7199ec451ef4159a0e9d2b16e7be3ef5288e1e9a8b0e6347532bbff02",
  "plan": {
    "schemaVersion": 2,
    "snapshotId": "snapshot2:89800af44530e6e84785ada71a1d109d948e9e3b3221659697bcc78719a44784",
    "capabilityManifestId": "0915fce03db1e24e23ffb2d82b61556134110fd5e33306a980d26f2f077aa31a",
    "capabilityManifestBytesDigest": "50e8e32ad7a4295c7955184ab11f1310850c7b1195796bc144be6ec40d00150a",
    "semanticClosures": [
      "closure2:503e1f3ab5e3fe59269dbe774ac50ad0c8a543b4e213371dac3f620c3240f899",
      "closure2:90cbc2dfb8cee6e861a4eb9e4e66b8cf0becfb0bc8f1c9aaa4bb076468961147",
      "closure2:9ff3ad37b5fb2567e87ee843e201fa44f0ead92355b8a4dc1d3009c1289cdb59"
    ],
    "analysisSpecDigest": "05514e4e53af9f239434da0667059a70f2206ae590f92a06672f9a198984595f",
    "resolvedConfigDigest": "0db8c05debbbb071b0371d9a21dc668436054676d9ab931b814fae6c95616f5f",
    "nativeContextDigests": [
      "d91e9cb39f65b08f583de5371a8ff18fe928f71e28c7bb00e41469412db99cbb"
    ],
    "importIds": [],
    "policyDigest": "035784a3ffa557a5f080a5a49e8e9066ac7a4692d0f1472a921e483d4f6f3d02",
    "waiverDigest": "a48dcf50d1cc111e0a5f6dafb1f1e5ac97070fc3795d615a653d2501db8be779",
    "scopeDigest": "3c17680c3ba54ddd6a1bc6978f636f6c3f1a7b67f1510c1773f51536a58e3d6b",
    "budget": {
      "unit": "work-units",
      "limit": 10000
    },
    "semanticGrantDigest": "9831c014407b95bb1af92e93c65939939b0e1813c3b9af82cd08ce14913c5eca"
  },
  "configurationBlob": true,
  "blobType": "bytes"
}
