{
  "standing": "synthetic admitted native inputs; bounded complete-output replay and explicitly scoped closure-role controls; no real extraction qualification",
  "passed": true,
  "count": 65,
  "checks": [
    {
      "case": "complete-file-positive",
      "ownerAdmission": "ADMIT",
      "replay": {
        "result": "ADMIT",
        "runId": "run3:1df5ce2644a7df6ea0d88d6c9b840df983b9cc91c07f3ca014abee34e96773ce",
        "proofBundleId": "proof3:1c329f0a394cd2ce426a70362dc682cc65d7bb1d1c667ddc8a3c18cc048de4e8",
        "findingCount": 3,
        "predicateCount": 3,
        "verdict": "fail",
        "workUnits": 23
      }
    },
    {
      "case": "same-count-severity",
      "ownerAdmission": "ADMIT",
      "remintedRunId": "run3:2a470116c97f7229ed99594c190506d61af800380e97b7547e1b2a9156230062",
      "replay": "REFUSE",
      "reason": "EVALUATOR_COMPLETE_PROOF_REPLAY"
    },
    {
      "case": "same-count-message",
      "ownerAdmission": "ADMIT",
      "remintedRunId": "run3:2a5e179c49039e5916cfd4b3f37f1f293533fac005dbd1f12e50dfc670c54261",
      "replay": "REFUSE",
      "reason": "EVALUATOR_COMPLETE_PROOF_REPLAY"
    },
    {
      "case": "same-count-parameter",
      "ownerAdmission": "ADMIT",
      "remintedRunId": "run3:9134775622ebdcd515790af5fa2a837c78a425e17132ab7e81748f019ffa3626",
      "replay": "REFUSE",
      "reason": "EVALUATOR_COMPLETE_PROOF_REPLAY"
    },
    {
      "case": "same-count-missing-citation",
      "ownerAdmission": "ADMIT",
      "remintedRunId": "run3:e5c019393045599e2198bbc6945c46865ef0c9452c24e32b27101aedf31c4fb1",
      "replay": "REFUSE",
      "reason": "EVALUATOR_COMPLETE_PROOF_REPLAY"
    },
    {
      "case": "same-count-invented-waiver",
      "ownerAdmission": "ADMIT",
      "remintedRunId": "run3:a4220f78b1a074c1d95f65ebfa4fe1326653f08f543cf5a5cb3bbade0ab7bcf9",
      "replay": "REFUSE",
      "reason": "EVALUATOR_COMPLETE_PROOF_REPLAY"
    },
    {
      "case": "same-count-omitted-enumeration-subject",
      "ownerAdmission": "ADMIT",
      "remintedRunId": "run3:691ed8cfe85aaf907f402b3be5cd9d17b47283c98e1f94dfbbf53c688a965311",
      "replay": "REFUSE",
      "reason": "EVALUATOR_COMPLETE_PROOF_REPLAY"
    },
    {
      "case": "explicit-empty-required-native-work",
      "ownerAdmission": "ADMIT",
      "replay": {
        "result": "ADMIT",
        "runId": "run3:1df5ce2644a7df6ea0d88d6c9b840df983b9cc91c07f3ca014abee34e96773ce",
        "proofBundleId": "proof3:1c329f0a394cd2ce426a70362dc682cc65d7bb1d1c667ddc8a3c18cc048de4e8",
        "findingCount": 3,
        "predicateCount": 3,
        "verdict": "fail",
        "workUnits": 23
      }
    },
    {
      "case": "two-universes-six-full-findings",
      "ownerAdmission": "ADMIT",
      "replay": {
        "result": "ADMIT",
        "runId": "run3:bb3f0c9ceab7e2509cc8e99abb6886d55b55830ddef28a27739c38b7b3fae512",
        "proofBundleId": "proof3:19dbc660405c2dfba3bf8b60d1f63caff3e7fc1968725efffbc04fbf2d8e12a4",
        "findingCount": 6,
        "predicateCount": 6,
        "verdict": "fail",
        "workUnits": 76,
        "distinctSubjects": 6,
        "distinctFingerprints": 3
      }
    },
    {
      "case": "file-none",
      "ownerAdmission": "ADMIT",
      "replay": {
        "result": "ADMIT",
        "runId": "run3:c2c68116b24d999464ac7cc93c5f858a9921b989e2afd9b72e8fb992d66cc80e",
        "proofBundleId": "proof3:7f336a61c14df64332e42efa0c35842f7015e73d850fe70fc2c966d4228b2f51",
        "findingCount": 0,
        "predicateCount": 3,
        "verdict": "pass",
        "workUnits": 23
      }
    },
    {
      "case": "file-count-at-most-zero",
      "ownerAdmission": "ADMIT",
      "replay": {
        "result": "ADMIT",
        "runId": "run3:91d106cb7a739e0247316fd6537abec12e36b2a0cbb6a4e92a137a986501a43d",
        "proofBundleId": "proof3:b086c0f69a38414cc47b087fde209ddff53ce47ba63eb2b72bb6f8e37002db7c",
        "findingCount": 0,
        "predicateCount": 3,
        "verdict": "pass",
        "workUnits": 23
      }
    },
    {
      "case": "file-all-covered",
      "ownerAdmission": "ADMIT",
      "replay": {
        "result": "ADMIT",
        "runId": "run3:dc92b699bdd663599aedf751f0663b325fd97b396af828f4772badb78f9cdb2a",
        "proofBundleId": "proof3:44fc64a7b640aa3ab440d1cc491a6097bfd6cba72fcb3ffb6f474f72b420c7c7",
        "findingCount": 3,
        "predicateCount": 3,
        "verdict": "fail",
        "workUnits": 23
      }
    },
    {
      "case": "nongating-live-findings",
      "ownerAdmission": "ADMIT",
      "replay": {
        "result": "ADMIT",
        "runId": "run3:2fb4cd95d447c36b15b028aa5e8c924363b0f387fff3623120ba5eeea711f5a8",
        "proofBundleId": "proof3:84931a8a2aaf8dfa422da1faffa6c6375d14f789281552fb6c1ba72d172121cd",
        "findingCount": 3,
        "predicateCount": 3,
        "verdict": "pass",
        "workUnits": 23
      }
    },
    {
      "case": "disabled-rule",
      "ownerAdmission": "ADMIT",
      "replay": {
        "result": "ADMIT",
        "runId": "run3:e4b30a935b8e77decdb048ed717ab272dc1cbe81ba86f09415575dbed75f60eb",
        "proofBundleId": "proof3:91e2dc0e5c5e67b4905484249fd6256dc6a5f361301f8150fb8f2c72589ea469",
        "findingCount": 0,
        "predicateCount": 0,
        "verdict": "pass",
        "workUnits": 5
      }
    },
    {
      "case": "budget-exhausted",
      "ownerAdmission": "ADMIT",
      "replay": {
        "result": "ADMIT",
        "runId": "run3:96f4a5a6c00cc9fb783c4a4201306ff29cc875f5c4bcfc306b0d25f4640c8281",
        "proofBundleId": "proof3:8f7ede33cabb0d129ea9ebe3c0f45143038426b84d68083e27c345421ca1341d",
        "findingCount": 0,
        "predicateCount": 0,
        "verdict": "indeterminate",
        "workUnits": 23
      }
    },
    {
      "case": "selected-scope-document",
      "ownerAdmission": "ADMIT",
      "replay": {
        "result": "ADMIT",
        "runId": "run3:0f3c690353e6e2bdf744adad5499c3d1176d48c61dd7ebb0a6f79e921da218a0",
        "proofBundleId": "proof3:a5a3735680f3b0b7ca070a566a4103c089887ebadff6d62fe9c1dfdbd3748437",
        "findingCount": 1,
        "predicateCount": 1,
        "verdict": "fail",
        "workUnits": 11
      }
    },
    {
      "case": "complete-empty-path-selection",
      "ownerAdmission": "ADMIT",
      "replay": {
        "result": "ADMIT",
        "runId": "run3:c3515299640f34c532cd6a919bae21ebb866d81b1cdf9fb224f2a779f8165861",
        "proofBundleId": "proof3:91572b93e9b68fe7047e85e7916409987099ee4002ffa8bbce711793dc26a5eb",
        "findingCount": 0,
        "predicateCount": 0,
        "verdict": "pass",
        "workUnits": 5
      }
    },
    {
      "case": "filter-whole-segment-glob",
      "ownerAdmission": "ADMIT",
      "replay": {
        "result": "ADMIT",
        "runId": "run3:79b1d2f8fd1a45534886bf7f2f6db9e93ced29ea00fde454d79fde8b28a4767a",
        "proofBundleId": "proof3:49d536abd139020f79882795e2b2a2de7fb2c012d4a1c8b1195aff0a6f1d6305",
        "findingCount": 1,
        "predicateCount": 3,
        "verdict": "fail",
        "workUnits": 23
      }
    },
    {
      "case": "runtime-known-hit",
      "ownerAdmission": "ADMIT",
      "replay": {
        "result": "ADMIT",
        "runId": "run3:bb92c71ff769e1f79936e59256eaa115ab6c8602ae14c1b2e44801f413e5c47c",
        "proofBundleId": "proof3:1831414f2b5aa7e1420d28c7c76e5361285819ab3dc9b42e6da2561556d77884",
        "findingCount": 1,
        "predicateCount": 3,
        "verdict": "fail",
        "workUnits": 26
      }
    },
    {
      "case": "runtime-missing-subject-negative",
      "ownerAdmission": "ADMIT",
      "replay": {
        "result": "ADMIT",
        "runId": "run3:1cf0643ca064bab98e46b33d03108929285d81763e965e1e9bb5ed55a227e140",
        "proofBundleId": "proof3:54968d71745a3a30e9aefa346f452c937fed642412ea686fadd8c81eb2d4ef3f",
        "findingCount": 0,
        "predicateCount": 3,
        "verdict": "indeterminate",
        "workUnits": 26
      }
    },
    {
      "case": "runtime-partial-known-hit",
      "ownerAdmission": "ADMIT",
      "replay": {
        "result": "ADMIT",
        "runId": "run3:d56129f2e4ee8f7023f5a09e722123e599633e7e595a2a0cb380f80c781d9060",
        "proofBundleId": "proof3:e3b7ad9f803627c42cd6acc39d6c630ff0918b6f6b03561b4ee94346e55c5aa7",
        "findingCount": 1,
        "predicateCount": 3,
        "verdict": "fail",
        "workUnits": 26
      }
    },
    {
      "case": "runtime-partial-all-covered",
      "ownerAdmission": "ADMIT",
      "replay": {
        "result": "ADMIT",
        "runId": "run3:5b6fa300718ee0b7968961a532dd860cc5093a7e15e2291c82d1b61d71244118",
        "proofBundleId": "proof3:ec783f3a878021ed105e41ecdb8badf8f52198a22969d746330aade1f46c05bd",
        "findingCount": 0,
        "predicateCount": 3,
        "verdict": "indeterminate",
        "workUnits": 26
      }
    },
    {
      "case": "runtime-optional-unknown",
      "ownerAdmission": "ADMIT",
      "replay": {
        "result": "ADMIT",
        "runId": "run3:647560ba770f5d418230bf7c1c9dba486cfbf20de004efe144478f521030a86b",
        "proofBundleId": "proof3:1597ed4a520240da8f46f4d3d8513cd93cad04010545fe8b53c86ca4aaf3ec79",
        "findingCount": 0,
        "predicateCount": 3,
        "verdict": "pass",
        "workUnits": 26
      }
    },
    {
      "case": "history-complete-zero",
      "ownerAdmission": "ADMIT",
      "replay": {
        "result": "ADMIT",
        "runId": "run3:7fdd3ff5e0f5854083d1696f1b0aa043018f2e58a4f7847ed9680e417b5d6935",
        "proofBundleId": "proof3:85e6ee10d02d3eabdc6b6cbd53d130f40e7e2875368e7dca1883310891fd5467",
        "findingCount": 3,
        "predicateCount": 3,
        "verdict": "fail",
        "workUnits": 23
      }
    },
    {
      "case": "history-listed-zero",
      "ownerAdmission": "ADMIT",
      "replay": {
        "result": "ADMIT",
        "runId": "run3:c0f28ed9f584dd45a143fef4320450f64174dc4d1bd0904459bac1a9e5b02da7",
        "proofBundleId": "proof3:1e43ae82423b6e79d77f942eec87151574880a2ca733449de738d74a05e45d59",
        "findingCount": 0,
        "predicateCount": 3,
        "verdict": "indeterminate",
        "workUnits": 23
      }
    },
    {
      "case": "history-partial-zero",
      "ownerAdmission": "ADMIT",
      "replay": {
        "result": "ADMIT",
        "runId": "run3:e20e6aea7b0798e7465dad201dc561c0d0eafa1676ecb9979306b15591dde918",
        "proofBundleId": "proof3:84baa0c65efe0c268a1ae17d5407814992e115a3e04dcdbb5881ff8c26d99b6b",
        "findingCount": 0,
        "predicateCount": 3,
        "verdict": "indeterminate",
        "workUnits": 23
      }
    },
    {
      "case": "boolean-false-keeps-required-partial-diagnostics",
      "ownerAdmission": "ADMIT",
      "replay": {
        "result": "ADMIT",
        "runId": "run3:0eb3bac41f8f33451fecf654969c3b0d50b0bd2fa557a4fcb44321937bce193f",
        "proofBundleId": "proof3:2534b27cb300ba6bf7204817cbcd00dfc383d174d0faa90b94fd0ceb42f6bb50",
        "findingCount": 0,
        "predicateCount": 9,
        "verdict": "pass",
        "workUnits": 44
      }
    },
    {
      "case": "boolean-true-dominates-required-partial-diagnostics",
      "ownerAdmission": "ADMIT",
      "replay": {
        "result": "ADMIT",
        "runId": "run3:d2a3b0245bf13591ea81961ac3dd1619376ebc8076219fbb11a3e141774234a2",
        "proofBundleId": "proof3:e9bcf0d1acccb431a1d8dc773cbeefc2676b978765c0a81ed54bfffcd35cae0b",
        "findingCount": 3,
        "predicateCount": 9,
        "verdict": "fail",
        "workUnits": 44
      }
    },
    {
      "case": "test-row-exact-location",
      "ownerAdmission": "ADMIT",
      "replay": {
        "result": "ADMIT",
        "runId": "run3:7d0a64fbd519b6ac8abe8ef31cdb7f6c080fc577892277e6bc1be49b5966c6ae",
        "proofBundleId": "proof3:e109435a355ea3230340c7a6779b678a391bf07616b1c20b0d683253d6250840",
        "findingCount": 1,
        "predicateCount": 3,
        "verdict": "fail",
        "workUnits": 29
      }
    },
    {
      "case": "test-process-coarse-scope",
      "ownerAdmission": "ADMIT",
      "replay": {
        "result": "ADMIT",
        "runId": "run3:bb2bbc851953efb79e21df6be35dfcce7ed29e2326f73c40fd488a495dced649",
        "proofBundleId": "proof3:3345cd2beb77841f172da5809b63fb318dcc373b83bb23cb4bb4124cae13430b",
        "findingCount": 3,
        "predicateCount": 3,
        "verdict": "fail",
        "workUnits": 29
      }
    },
    {
      "case": "test-partial-no-false-all-covered",
      "ownerAdmission": "ADMIT",
      "replay": {
        "result": "ADMIT",
        "runId": "run3:22fe2058bac9236e508d4fcbd5ddea54eca6aef0450e0c85ca1cadc817da2c4e",
        "proofBundleId": "proof3:963d66e406348ca0614172f10283ca4cd70b95d44acf855826bd94dd8fd03dce",
        "findingCount": 0,
        "predicateCount": 3,
        "verdict": "indeterminate",
        "workUnits": 29
      }
    },
    {
      "case": "symbol-with-detector-projection",
      "ownerAdmission": "ADMIT",
      "replay": {
        "result": "ADMIT",
        "runId": "run3:bd7cea6d756ba4e12a2510b64d967a440ee452ab359ee4a4f09235a27f9e8bd2",
        "proofBundleId": "proof3:ad892e1d9cd90ef778dae8d6bf9aa17c8fa21866d9f122828fdd898d58a84118",
        "findingCount": 1,
        "predicateCount": 1,
        "verdict": "fail",
        "workUnits": 17
      },
      "unmatchedFindings": 0
    },
    {
      "case": "symbol-without-detector-projection",
      "ownerAdmission": "ADMIT",
      "replay": {
        "result": "ADMIT",
        "runId": "run3:d077d488f7c6c7151a9aae6d109b9b5a8f015517394df920fffe12a660c03e2b",
        "proofBundleId": "proof3:a7ac6bfa537dbe4a7670f0a435ed551dc4d71e6d6e3405afdcd5ad1a1d71b34d",
        "findingCount": 1,
        "predicateCount": 1,
        "verdict": "fail",
        "workUnits": 17
      },
      "unmatchedFindings": 1
    },
    {
      "case": "symbol-signature-collision",
      "ownerAdmission": "ADMIT",
      "replay": {
        "result": "ADMIT",
        "runId": "run3:9bcce8aa2872dbfe87b32804eadeaec9b869c0b9f63a0686e4008c378797b1cb",
        "proofBundleId": "proof3:ff9d4a787c8b489764dfacecfec792af468bca176d853efe327fab4f4b7d533a",
        "findingCount": 2,
        "predicateCount": 2,
        "verdict": "fail",
        "workUnits": 30
      },
      "unmatchedFindings": 2
    },
    {
      "case": "symbol-distinct-overload-signatures",
      "ownerAdmission": "ADMIT",
      "replay": {
        "result": "ADMIT",
        "runId": "run3:0b72f238ea625809733a3a84ad65540e3083aaa084b172b6d571d6be2913c11a",
        "proofBundleId": "proof3:bbc48d9e9f212760a8f3f942af4e6bba7d3af12e00c37c1c769b4d32f8914cfc",
        "findingCount": 2,
        "predicateCount": 2,
        "verdict": "fail",
        "workUnits": 30
      },
      "unmatchedFindings": 0
    },
    {
      "case": "export-membership-unknown",
      "ownerAdmission": "ADMIT",
      "replay": {
        "result": "ADMIT",
        "runId": "run3:2d9fa9de63fe790ca0a810deaf1a92c9b132b6377556d348aa99c6a28aa52311",
        "proofBundleId": "proof3:542cc79c7038c983f01b4c6a893d3cd3b415c949990d90045f88c27869bd6876",
        "findingCount": 0,
        "predicateCount": 0,
        "verdict": "indeterminate",
        "workUnits": 7
      },
      "unmatchedFindings": 0
    },
    {
      "case": "partial-symbol-known-finding",
      "ownerAdmission": "ADMIT",
      "replay": {
        "result": "ADMIT",
        "runId": "run3:65145bed3cbaee1431351ebb0646ca310aeff5714dceb1de9f91552cb534d299",
        "proofBundleId": "proof3:4706b85c739e2ffeb6a43ccfb5e5478f80e499e09ca50a9508c222b45420e99d",
        "findingCount": 1,
        "predicateCount": 1,
        "verdict": "fail",
        "workUnits": 17
      },
      "unmatchedFindings": 1
    },
    {
      "case": "disabled-required-symbol-partial",
      "ownerAdmission": "ADMIT",
      "replay": {
        "result": "ADMIT",
        "runId": "run3:7edc21bafc703dae6b4ed15a2dbcf747c58aaf31d90423e1e34e096efd607326",
        "proofBundleId": "proof3:11facfcb6a996426ec3f19109bab86d47dd62f4c23f93becf375aea130892ce5",
        "findingCount": 0,
        "predicateCount": 0,
        "verdict": "indeterminate",
        "workUnits": 7
      },
      "unmatchedFindings": 0
    },
    {
      "case": "closure-kinds-import-full-replay-positive",
      "boundary": "complete Run replay",
      "result": {
        "result": "ADMIT",
        "runId": "run3:aed904a50d834544ca31a251322ff076c1d92fc29f635925ab39eba2aa1b24ad",
        "proofBundleId": "proof3:31611f4656a4a087dfaa8a7db0d867ec7a0316a6b2176a49c3cb3ec4b86a784d",
        "findingCount": 3,
        "predicateCount": 3,
        "verdict": "fail",
        "workUnits": 23
      }
    },
    {
      "case": "import-adapter-retained-through-import-not-direct-selected",
      "boundary": "complete Run replay",
      "result": "ADMIT"
    },
    {
      "case": "retained-record-role-subject-scope.enumeratorClosure",
      "boundary": "retained owning-record admission, not whole Run",
      "result": "REFUSE",
      "detail": "ENUMERATOR_CLOSURE_KIND"
    },
    {
      "case": "retained-record-role-view.producerClosure",
      "boundary": "retained owning-record admission, not whole Run",
      "result": "REFUSE",
      "detail": "CLOSURE_FIELD_KIND:view.producerClosure:provider"
    },
    {
      "case": "retained-record-role-fact.producerClosure",
      "boundary": "retained owning-record admission, not whole Run",
      "result": "REFUSE",
      "detail": "CLOSURE_FIELD_KIND:fact.producerClosure:provider"
    },
    {
      "case": "retained-record-role-finding.ruleClosure",
      "boundary": "retained owning-record admission, not whole Run",
      "result": "REFUSE",
      "detail": "CLOSURE_FIELD_KIND:finding.ruleClosure:detector"
    },
    {
      "case": "retained-record-role-evaluation-seal.evaluatorClosure",
      "boundary": "retained owning-record admission, not whole Run",
      "result": "REFUSE",
      "detail": "CLOSURE_FIELD_KIND:evaluation-seal.evaluatorClosure:evaluator"
    },
    {
      "case": "retained-record-role-proof-bundle.evaluatorClosure",
      "boundary": "retained owning-record admission, not whole Run",
      "result": "REFUSE",
      "detail": "CLOSURE_FIELD_KIND:proof-bundle.evaluatorClosure:evaluator"
    },
    {
      "case": "retained-record-role-import.producerClosure",
      "boundary": "retained owning-record admission, not whole Run",
      "result": "REFUSE",
      "detail": "CLOSURE_FIELD_KIND:import.producerClosure:provider"
    },
    {
      "case": "retained-record-role-import.adapterClosure",
      "boundary": "retained owning-record admission, not whole Run",
      "result": "REFUSE",
      "detail": "CLOSURE_FIELD_KIND:import.adapterClosure:adapter"
    },
    {
      "case": "stage-spec-role-retry-0",
      "boundary": "retained canonical-record admission, not whole Run",
      "result": "REFUSE",
      "detail": "CLOSURE_FIELD_KIND:stage-spec.producerClosure:provider"
    },
    {
      "case": "stage-spec-role-retry-1",
      "boundary": "retained canonical-record admission, not whole Run",
      "result": "REFUSE",
      "detail": "CLOSURE_FIELD_KIND:stage-spec.producerClosure:provider"
    },
    {
      "case": "cache-key-provider-positive",
      "boundary": "strong Run plus key admission",
      "result": "ADMIT"
    },
    {
      "case": "cache-key-wrong-kind",
      "boundary": "strong Run plus key admission",
      "result": "REFUSE",
      "detail": "CLOSURE_FIELD_KIND:cache-key.producerClosure:provider"
    },
    {
      "case": "regeneration-key-provider-positive",
      "boundary": "strong Run plus key admission",
      "result": "ADMIT"
    },
    {
      "case": "regeneration-key-wrong-kind",
      "boundary": "strong Run plus key admission",
      "result": "REFUSE",
      "detail": "CLOSURE_FIELD_KIND:cache-key.producerClosure:provider"
    },
    {
      "case": "whole-import-graph-wrong-producerClosure",
      "boundary": "fully reminted graph structural admission; semantic replay not reached",
      "result": "REFUSE",
      "detail": "CLOSURE_FIELD_KIND:import.producerClosure:provider"
    },
    {
      "case": "whole-import-graph-wrong-adapterClosure",
      "boundary": "fully reminted graph structural admission; semantic replay not reached",
      "result": "REFUSE",
      "detail": "CLOSURE_FIELD_KIND:import.adapterClosure:adapter"
    },
    {
      "case": "native-closure-kind-positive-typescript",
      "boundary": "native context admission; not complete Run or extraction qualification",
      "result": "ADMIT"
    },
    {
      "case": "native-closure-kind-positive-rust",
      "boundary": "native context admission; not complete Run or extraction qualification",
      "result": "ADMIT"
    },
    {
      "case": "native-closure-kind-positive-syntax",
      "boundary": "native context admission; not complete Run or extraction qualification",
      "result": "ADMIT"
    },
    {
      "case": "native-retained-closure-role-TypeScriptToolClosureV1.closureId",
      "boundary": "native context admission with reminted closure identity; not whole Run",
      "result": "REFUSE",
      "detail": "native.native-context-closure-kind-mismatch:toolClosure.closureId"
    },
    {
      "case": "native-retained-closure-role-ToolClosureV1.closureId",
      "boundary": "native context admission with reminted closure identity; not whole Run",
      "result": "REFUSE",
      "detail": "native.native-context-closure-kind-mismatch:toolClosure.closureId"
    },
    {
      "case": "native-retained-closure-role-toolchain.typescriptStdlibMerkleRoot",
      "boundary": "native context admission with reminted closure identity; not whole Run",
      "result": "REFUSE",
      "detail": "native.native-context-closure-kind-mismatch:toolchain.typescriptStdlibMerkleRoot"
    },
    {
      "case": "native-retained-closure-role-toolchain.rustcDevLlvmDigest",
      "boundary": "native context admission with reminted closure identity; not whole Run",
      "result": "REFUSE",
      "detail": "native.native-context-closure-kind-mismatch:toolchain.rustcDevLlvmDigest"
    },
    {
      "case": "native-retained-closure-role-SyntaxGrammarBundleV1.closureId",
      "boundary": "native context admission with reminted closure identity; not whole Run",
      "result": "REFUSE",
      "detail": "native.native-context-closure-kind-mismatch:grammarBundle.closureId"
    },
    {
      "case": "published-closure-field-partition",
      "boundary": "registry audit; execution boundary stated per control",
      "locallyExercisedFields": [
        "cache-key.producerClosure",
        "evaluation-seal.evaluatorClosure",
        "fact.producerClosure",
        "finding.ruleClosure",
        "import.adapterClosure",
        "import.producerClosure",
        "proof-bundle.evaluatorClosure",
        "stage-spec.producerClosure",
        "subject-scope.enumeratorClosure",
        "view.producerClosure"
      ],
      "nativeOwnerFields": [
        "SyntaxGrammarBundleV1.closureId",
        "ToolClosureV1.closureId",
        "TypeScriptToolClosureV1.closureId",
        "toolchain.rustcDevLlvmDigest",
        "toolchain.typescriptStdlibMerkleRoot"
      ],
      "nativeFieldsStanding": "All five native field kind negatives executed through owning admit_native_context above."
    }
  ]
}
