{
  "standing": "synthetic native-admitted Run and complete replay; no runtime qualification",
  "passed": true,
  "count": 6,
  "checks": [
    {
      "case": "actual-admitted-run-policy-derivation",
      "result": "ADMIT",
      "policyDerivationId": "policy-derivation3:b3c700bad6b2504ae58304d6172980c140401db4091dd8d119e7bd9f33c2c400"
    },
    {
      "case": "reminted-verdict",
      "result": "REFUSE",
      "reason": "EVALUATOR_POLICY_DERIVATION_REPLAY"
    },
    {
      "case": "reminted-policyDigest",
      "result": "REFUSE",
      "reason": "EVALUATOR_POLICY_DERIVATION_REPLAY"
    },
    {
      "case": "reminted-waiverDigest",
      "result": "REFUSE",
      "reason": "EVALUATOR_POLICY_DERIVATION_REPLAY"
    },
    {
      "case": "changed-policy-own-admitted-plan",
      "result": "ADMIT",
      "policyDerivationId": "policy-derivation3:217c69f53b7fc0803815c5ff2eeab49ea1c892237ca7806d31a82904c78aaf05"
    },
    {
      "case": "other-admitted-plan-cannot-replace-policy",
      "result": "REFUSE",
      "reason": "EVALUATOR_POLICY_DERIVATION_REPLAY"
    }
  ]
}
