PASS pattern-dialect-standing-still-says-selected-final-owner
PASS admission-rules-do-not-contain-selected-final-owner
PASS owner-pattern-evaluation-uses-proposed-correction-and-promotion-condition
PASS rf2-wording-check-misses-pattern-dialect-standing
PASS contract-claims-check-covers-carrier-rules
PASS selftest-declares-149-controls
PASS control-present:r5_sender_slot_digest_unchecked
PASS control-present:r5_cancel_python_equality
PASS control-present:rf1_echo_ignores_sent_state
PASS control-present:rf1_chunk_content_unchecked
PASS control-present:a2_partial_stale_set_selected
PASS control-present:a2_failed_row_readable
PASS control-present:rf2_selected_owner_wording_restored
PASS control-present:rf2_root_mutants_attributed
PASS synthetic-canonical-transcript-accepted
FAIL same-length-openuniverse-executionid-refused-payload-digest-before-sent
FAIL substituted-openuniverse-then-planned-echo-still-payload-digest
FAIL cancel-analysisordinal-false-for-zero-refused-typed-bytes
PASS cbor-false-is-not-zero
PASS cancel-analysisordinal-float-zero-refuses-before-or-at-echo
FAIL sequence-boolean-zero-refused
FAIL early-chunk-corruption-sent-last-chunk-refused-chunk-content
FAIL last-chunk-corruption-refused-before-that-frame-sent
PASS prepared-read-ok-row
PASS prepared-read-ok-after-failed
PASS prepared-read-failed-row-refused
PASS prepared-read-unknown-ordinal-refused
PASS encoded-digest-matches-sha256-of-full-encode
PASS chunk-digest-excludes-bytes-and-matches-encode-without-bytes
PASS root-check-01-failures-preserved
FAIL author06-quota-harness-preserved
PASS root-receipt-claims-596-and-149-and-selftest-isolation
# then crashed before writing independent-probes.json
