{
  "standing": "candidate-only full retained-Run controls; not host/compiler qualification; near_candidate_kw is not a full Run",
  "passed": true,
  "count": 4,
  "checks": [
    {
      "case": "complete-empty-candidate-full-run",
      "runId": "run3:bea2aa11ffe7160e62bb51a44019bbe71f3943cf41777a7aa9d7ae7bca0e906d",
      "verdict": "pass",
      "digest": "820ed010e49a6365489b7dfb98921145e57498d9225ae25c0f062f67306c29ff"
    },
    {
      "case": "group-bearing-candidate-full-run",
      "runId": "run3:32ed52eb937a4cfe57ef84bacaaaa852d490a0c0021a2c6fe0feae68ca4de0a8",
      "verdict": "pass",
      "groupAuthority": "candidate-only"
    },
    {
      "case": "missing-required-candidate-indeterminate",
      "verdict": "indeterminate",
      "causes": [
        "provider-unavailable"
      ]
    },
    {
      "case": "forbidden-fact-authority-group",
      "ownerAdmission": "ADMIT",
      "semanticAdmission": "REFUSE",
      "reason": "EVALUATOR_EXECUTION_INPUTS_JOIN:EXECUTION_INPUTS_CANDIDATE_GROUP"
    }
  ],
  "nativeMode": "clones-near @ syntax-only SUPPORTED-DESIGN over the public file fixture syntax universe"
}
