{
  "standing": "execution-inputs join checks; owner-graph from evaluator_graph_fixture.v3.py plus execution_inputs_fixture.v3.py; not a Run; does not overwrite grok-execution-inputs.v1/v2/v3/v4/v5; does not relabel check-replay.v3.py.",
  "hostTcbHonesty": "sealed replay trusts host-captured stage-return inventory; cannot certify malicious host omissions",
  "causeRetention": "derivedAccounts[].coverageRecords retain each Coverage deficiency+nativeCause+inputRef together; requiredCellDeficiencies is canonical-record unique",
  "cases": [
    {
      "case": "owner-graph-file-positive",
      "result": "ADMIT",
      "refusals": [],
      "deficiencyCauses": [],
      "deficiencyRelations": [],
      "deficiencyPairs": [],
      "deficiencyInputRefs": [],
      "derivedOutcomeStates": [
        "complete"
      ],
      "derivedAccountStates": [
        "complete",
        "complete",
        "inapplicable"
      ],
      "derivedOutcomeDeficiencies": [
        [
          null,
          null
        ]
      ],
      "derivedSources": [
        []
      ],
      "coverageRecordPairs": [
        [
          [
            null,
            null,
            "be55916fda3e03ae3718daded5fe3e7d237bcd44bdb68ce4f63e923e3b882465"
          ]
        ],
        [
          [
            null,
            null,
            "bd512b0416e4151b0e12bef006a2d69367991a457713dc1606c69374de0d91b3"
          ]
        ],
        []
      ],
      "rowComplete": true
    },
    {
      "case": "owner-graph-file-missing-required-package",
      "result": "ADMIT",
      "refusals": [],
      "deficiencyCauses": [
        "native-work-incomplete"
      ],
      "deficiencyRelations": [
        "package"
      ],
      "deficiencyPairs": [
        [
          "provider-unavailable",
          null
        ]
      ],
      "deficiencyInputRefs": [
        []
      ],
      "derivedOutcomeStates": [
        "partial"
      ],
      "derivedAccountStates": [
        "complete",
        "incomplete",
        "inapplicable"
      ],
      "derivedOutcomeDeficiencies": [
        [
          "provider-unavailable",
          null
        ]
      ],
      "derivedSources": [
        [
          [
            "account",
            "provider-unavailable",
            null
          ]
        ]
      ],
      "coverageRecordPairs": [
        [
          [
            null,
            null,
            "be55916fda3e03ae3718daded5fe3e7d237bcd44bdb68ce4f63e923e3b882465"
          ]
        ],
        [],
        []
      ],
      "rowComplete": false
    },
    {
      "case": "owner-graph-two-universes",
      "result": "ADMIT",
      "refusals": [],
      "deficiencyCauses": [],
      "deficiencyRelations": [],
      "deficiencyPairs": [],
      "deficiencyInputRefs": [],
      "derivedOutcomeStates": [
        "complete",
        "complete"
      ],
      "derivedAccountStates": [
        "complete",
        "complete",
        "inapplicable",
        "complete",
        "complete",
        "inapplicable"
      ],
      "derivedOutcomeDeficiencies": [
        [
          null,
          null
        ],
        [
          null,
          null
        ]
      ],
      "derivedSources": [
        [],
        []
      ],
      "coverageRecordPairs": [
        [
          [
            null,
            null,
            "be55916fda3e03ae3718daded5fe3e7d237bcd44bdb68ce4f63e923e3b882465"
          ]
        ],
        [
          [
            null,
            null,
            "bd512b0416e4151b0e12bef006a2d69367991a457713dc1606c69374de0d91b3"
          ]
        ],
        [],
        [
          [
            null,
            null,
            "91c2fb695857b86b52d1474b9c38816da0f77f7a0bf8bfe88a8eea923406145e"
          ]
        ],
        [
          [
            null,
            null,
            "ce5c0d9ee6f7c4f506ef507edb0abca8d1712bf915735f9a3b5d461f01e88e31"
          ]
        ],
        []
      ],
      "rowComplete": false
    },
    {
      "case": "required-package-complete-empty-coverage",
      "result": "ADMIT",
      "refusals": [],
      "deficiencyCauses": [],
      "deficiencyRelations": [],
      "deficiencyPairs": [],
      "deficiencyInputRefs": [],
      "derivedOutcomeStates": [
        "complete"
      ],
      "derivedAccountStates": [
        "complete",
        "complete",
        "inapplicable"
      ],
      "derivedOutcomeDeficiencies": [
        [
          null,
          null
        ]
      ],
      "derivedSources": [
        []
      ],
      "coverageRecordPairs": [
        [
          [
            null,
            null,
            "be55916fda3e03ae3718daded5fe3e7d237bcd44bdb68ce4f63e923e3b882465"
          ]
        ],
        [
          [
            null,
            null,
            "bd512b0416e4151b0e12bef006a2d69367991a457713dc1606c69374de0d91b3"
          ]
        ],
        []
      ],
      "rowComplete": true
    },
    {
      "case": "mixed-coverage-all-partitions-named",
      "result": "ADMIT",
      "refusals": [],
      "deficiencyCauses": [
        "native-work-incomplete",
        "native-work-incomplete"
      ],
      "deficiencyRelations": [
        "file",
        "file"
      ],
      "deficiencyPairs": [
        [
          "budget-exhausted",
          null
        ],
        [
          "budget-exhausted",
          null
        ]
      ],
      "deficiencyInputRefs": [
        [
          {
            "domain": "coverage",
            "digest": "a54129568b12aec5104678077885ccd233a49fecd700cd449143ad289c96c2f4"
          }
        ],
        [
          {
            "domain": "coverage",
            "digest": "be55916fda3e03ae3718daded5fe3e7d237bcd44bdb68ce4f63e923e3b882465"
          }
        ]
      ],
      "derivedOutcomeStates": [
        "partial"
      ],
      "derivedAccountStates": [
        "incomplete",
        "complete",
        "inapplicable"
      ],
      "derivedOutcomeDeficiencies": [
        [
          "budget-exhausted",
          null
        ]
      ],
      "derivedSources": [
        [
          [
            "coverage",
            "budget-exhausted",
            null
          ]
        ]
      ],
      "coverageRecordPairs": [
        [
          [
            "budget-exhausted",
            null,
            "a54129568b12aec5104678077885ccd233a49fecd700cd449143ad289c96c2f4"
          ],
          [
            null,
            null,
            "be55916fda3e03ae3718daded5fe3e7d237bcd44bdb68ce4f63e923e3b882465"
          ]
        ],
        [
          [
            null,
            null,
            "bd512b0416e4151b0e12bef006a2d69367991a457713dc1606c69374de0d91b3"
          ]
        ],
        []
      ],
      "rowComplete": false
    },
    {
      "case": "omitted-returned-partition-not-subset",
      "result": "REFUSE",
      "refusals": [
        "EXECUTION_INPUTS_COVERAGE_DERIVE"
      ],
      "deficiencyCauses": [
        "native-work-incomplete",
        "native-work-incomplete"
      ],
      "deficiencyRelations": [
        "file",
        "file"
      ],
      "deficiencyPairs": [
        [
          "budget-exhausted",
          null
        ],
        [
          "budget-exhausted",
          null
        ]
      ],
      "deficiencyInputRefs": [
        [
          {
            "domain": "coverage",
            "digest": "a54129568b12aec5104678077885ccd233a49fecd700cd449143ad289c96c2f4"
          }
        ],
        [
          {
            "domain": "coverage",
            "digest": "be55916fda3e03ae3718daded5fe3e7d237bcd44bdb68ce4f63e923e3b882465"
          }
        ]
      ],
      "derivedOutcomeStates": [
        "partial"
      ],
      "derivedAccountStates": [
        "incomplete",
        "complete",
        "inapplicable"
      ],
      "derivedOutcomeDeficiencies": [
        [
          "budget-exhausted",
          null
        ]
      ],
      "derivedSources": [
        [
          [
            "coverage",
            "budget-exhausted",
            null
          ]
        ]
      ],
      "coverageRecordPairs": [
        [
          [
            "budget-exhausted",
            null,
            "a54129568b12aec5104678077885ccd233a49fecd700cd449143ad289c96c2f4"
          ],
          [
            null,
            null,
            "be55916fda3e03ae3718daded5fe3e7d237bcd44bdb68ce4f63e923e3b882465"
          ]
        ],
        [
          [
            null,
            null,
            "bd512b0416e4151b0e12bef006a2d69367991a457713dc1606c69374de0d91b3"
          ]
        ],
        []
      ],
      "rowComplete": false
    },
    {
      "case": "omitted-owner-view",
      "result": "REFUSE",
      "refusals": [
        "EXECUTION_INPUTS_SELECTED_COVER"
      ],
      "deficiencyCauses": [],
      "deficiencyRelations": [],
      "deficiencyPairs": [],
      "deficiencyInputRefs": [],
      "derivedOutcomeStates": [
        "complete"
      ],
      "derivedAccountStates": [
        "complete",
        "complete",
        "inapplicable"
      ],
      "derivedOutcomeDeficiencies": [
        [
          null,
          null
        ]
      ],
      "derivedSources": [
        []
      ],
      "coverageRecordPairs": [
        [
          [
            null,
            null,
            "be55916fda3e03ae3718daded5fe3e7d237bcd44bdb68ce4f63e923e3b882465"
          ]
        ],
        [
          [
            null,
            null,
            "bd512b0416e4151b0e12bef006a2d69367991a457713dc1606c69374de0d91b3"
          ]
        ],
        []
      ],
      "rowComplete": true
    },
    {
      "case": "receipt-view-omitted-from-selected-and-outcomes",
      "result": "REFUSE",
      "refusals": [
        "EXECUTION_INPUTS_VIEW_TOTALITY",
        "EXECUTION_INPUTS_SELECTED_COVER"
      ],
      "deficiencyCauses": [],
      "deficiencyRelations": [],
      "deficiencyPairs": [],
      "deficiencyInputRefs": [],
      "derivedOutcomeStates": [
        "complete"
      ],
      "derivedAccountStates": [
        "complete",
        "complete",
        "inapplicable"
      ],
      "derivedOutcomeDeficiencies": [
        [
          null,
          null
        ]
      ],
      "derivedSources": [
        []
      ],
      "coverageRecordPairs": [
        [
          [
            null,
            null,
            "be55916fda3e03ae3718daded5fe3e7d237bcd44bdb68ce4f63e923e3b882465"
          ]
        ],
        [
          [
            null,
            null,
            "bd512b0416e4151b0e12bef006a2d69367991a457713dc1606c69374de0d91b3"
          ]
        ],
        []
      ],
      "rowComplete": true
    },
    {
      "case": "self-asserted-complete-with-incomplete-package",
      "result": "REFUSE",
      "refusals": [
        "EXECUTION_INPUTS_OUTCOME_DERIVE"
      ],
      "deficiencyCauses": [
        "native-work-incomplete"
      ],
      "deficiencyRelations": [
        "package"
      ],
      "deficiencyPairs": [
        [
          "provider-unavailable",
          null
        ]
      ],
      "deficiencyInputRefs": [
        []
      ],
      "derivedOutcomeStates": [
        "partial"
      ],
      "derivedAccountStates": [
        "complete",
        "incomplete",
        "inapplicable"
      ],
      "derivedOutcomeDeficiencies": [
        [
          "provider-unavailable",
          null
        ]
      ],
      "derivedSources": [
        [
          [
            "account",
            "provider-unavailable",
            null
          ]
        ]
      ],
      "coverageRecordPairs": [
        [
          [
            null,
            null,
            "be55916fda3e03ae3718daded5fe3e7d237bcd44bdb68ce4f63e923e3b882465"
          ]
        ],
        [],
        []
      ],
      "rowComplete": false
    },
    {
      "case": "unavailable-selected-u-omits-stage-and-views",
      "result": "REFUSE",
      "refusals": [
        "EXECUTION_INPUTS_VIEW_TOTALITY",
        "EXECUTION_INPUTS_OUTCOME_DERIVE",
        "EXECUTION_INPUTS_CAUSE_CARRIER",
        "EXECUTION_INPUTS_STAGE_ORDINAL"
      ],
      "deficiencyCauses": [],
      "deficiencyRelations": [],
      "deficiencyPairs": [],
      "deficiencyInputRefs": [],
      "derivedOutcomeStates": [
        "complete"
      ],
      "derivedAccountStates": [
        "complete",
        "complete",
        "inapplicable"
      ],
      "derivedOutcomeDeficiencies": [
        [
          null,
          null
        ]
      ],
      "derivedSources": [
        []
      ],
      "coverageRecordPairs": [
        [
          [
            null,
            null,
            "be55916fda3e03ae3718daded5fe3e7d237bcd44bdb68ce4f63e923e3b882465"
          ]
        ],
        [
          [
            null,
            null,
            "bd512b0416e4151b0e12bef006a2d69367991a457713dc1606c69374de0d91b3"
          ]
        ],
        []
      ],
      "rowComplete": true
    },
    {
      "case": "missing-inventory-pointer",
      "result": "REFUSE",
      "refusals": [
        "EXECUTION_INPUTS_REF_POINTER"
      ],
      "deficiencyCauses": [],
      "deficiencyRelations": [],
      "deficiencyPairs": [],
      "deficiencyInputRefs": [],
      "derivedOutcomeStates": [
        "complete"
      ],
      "derivedAccountStates": [
        "complete",
        "complete",
        "inapplicable"
      ],
      "derivedOutcomeDeficiencies": [
        [
          null,
          null
        ]
      ],
      "derivedSources": [
        []
      ],
      "coverageRecordPairs": [
        [
          [
            null,
            null,
            "be55916fda3e03ae3718daded5fe3e7d237bcd44bdb68ce4f63e923e3b882465"
          ]
        ],
        [
          [
            null,
            null,
            "bd512b0416e4151b0e12bef006a2d69367991a457713dc1606c69374de0d91b3"
          ]
        ],
        []
      ],
      "rowComplete": true
    },
    {
      "case": "lost-inventory-bytes",
      "result": "REFUSE",
      "refusals": [
        "EXECUTION_INPUTS_REF_LOST_BYTES"
      ],
      "deficiencyCauses": [],
      "deficiencyRelations": [],
      "deficiencyPairs": [],
      "deficiencyInputRefs": [],
      "derivedOutcomeStates": [
        "complete"
      ],
      "derivedAccountStates": [
        "complete",
        "complete",
        "inapplicable"
      ],
      "derivedOutcomeDeficiencies": [
        [
          null,
          null
        ]
      ],
      "derivedSources": [
        []
      ],
      "coverageRecordPairs": [
        [
          [
            null,
            null,
            "be55916fda3e03ae3718daded5fe3e7d237bcd44bdb68ce4f63e923e3b882465"
          ]
        ],
        [
          [
            null,
            null,
            "bd512b0416e4151b0e12bef006a2d69367991a457713dc1606c69374de0d91b3"
          ]
        ],
        []
      ],
      "rowComplete": true
    },
    {
      "case": "supplied-object-mismatch-not-pointer",
      "result": "REFUSE",
      "refusals": [
        "EXECUTION_INPUTS_REF_MISMATCH",
        "EXECUTION_INPUTS_INVENTORY_KIND"
      ],
      "deficiencyCauses": [],
      "deficiencyRelations": [],
      "deficiencyPairs": [],
      "deficiencyInputRefs": [],
      "derivedOutcomeStates": [
        "complete"
      ],
      "derivedAccountStates": [
        "complete",
        "complete",
        "inapplicable"
      ],
      "derivedOutcomeDeficiencies": [
        [
          null,
          null
        ]
      ],
      "derivedSources": [
        []
      ],
      "coverageRecordPairs": [
        [
          [
            null,
            null,
            "be55916fda3e03ae3718daded5fe3e7d237bcd44bdb68ce4f63e923e3b882465"
          ]
        ],
        [
          [
            null,
            null,
            "bd512b0416e4151b0e12bef006a2d69367991a457713dc1606c69374de0d91b3"
          ]
        ],
        []
      ],
      "rowComplete": true
    },
    {
      "case": "invalid-blob-hash",
      "result": "REFUSE",
      "refusals": [
        "EXECUTION_INPUTS_REF_INVALID_BYTES"
      ],
      "deficiencyCauses": [],
      "deficiencyRelations": [],
      "deficiencyPairs": [],
      "deficiencyInputRefs": [],
      "derivedOutcomeStates": [
        "complete"
      ],
      "derivedAccountStates": [
        "complete",
        "complete",
        "inapplicable"
      ],
      "derivedOutcomeDeficiencies": [
        [
          null,
          null
        ]
      ],
      "derivedSources": [
        []
      ],
      "coverageRecordPairs": [
        [
          [
            null,
            null,
            "be55916fda3e03ae3718daded5fe3e7d237bcd44bdb68ce4f63e923e3b882465"
          ]
        ],
        [
          [
            null,
            null,
            "bd512b0416e4151b0e12bef006a2d69367991a457713dc1606c69374de0d91b3"
          ]
        ],
        []
      ],
      "rowComplete": true
    },
    {
      "case": "duplicate-inventory-same-kind",
      "result": "REFUSE",
      "refusals": [
        "EXECUTION_INPUTS_SCHEMA"
      ],
      "deficiencyCauses": [],
      "deficiencyRelations": [],
      "deficiencyPairs": [],
      "deficiencyInputRefs": [],
      "derivedOutcomeStates": [],
      "derivedAccountStates": [],
      "derivedOutcomeDeficiencies": [],
      "derivedSources": [],
      "coverageRecordPairs": [],
      "rowComplete": false
    },
    {
      "case": "wrong-view-producer-vs-stage",
      "result": "REFUSE",
      "refusals": [
        "EXECUTION_INPUTS_REF_MISMATCH",
        "EXECUTION_INPUTS_VIEW_TOTALITY",
        "EXECUTION_INPUTS_COVERAGE_DERIVE",
        "EXECUTION_INPUTS_OUTCOME_DERIVE",
        "EXECUTION_INPUTS_SELECTED_COVER"
      ],
      "deficiencyCauses": [
        "native-work-incomplete"
      ],
      "deficiencyRelations": [
        "file"
      ],
      "deficiencyPairs": [
        [
          "provider-unavailable",
          null
        ]
      ],
      "deficiencyInputRefs": [
        [
          {
            "domain": "coverage",
            "digest": "be55916fda3e03ae3718daded5fe3e7d237bcd44bdb68ce4f63e923e3b882465"
          }
        ]
      ],
      "derivedOutcomeStates": [
        "partial"
      ],
      "derivedAccountStates": [
        "incomplete",
        "complete",
        "inapplicable"
      ],
      "derivedOutcomeDeficiencies": [
        [
          "provider-unavailable",
          null
        ]
      ],
      "derivedSources": [
        [
          [
            "account",
            "provider-unavailable",
            null
          ]
        ]
      ],
      "coverageRecordPairs": [
        [
          [
            null,
            null,
            "be55916fda3e03ae3718daded5fe3e7d237bcd44bdb68ce4f63e923e3b882465"
          ]
        ],
        [
          [
            null,
            null,
            "bd512b0416e4151b0e12bef006a2d69367991a457713dc1606c69374de0d91b3"
          ]
        ],
        []
      ],
      "rowComplete": false
    },
    {
      "case": "store-pointers-required",
      "result": "REFUSE",
      "refusals": [
        "EXECUTION_INPUTS_STORE_REQUIRED"
      ],
      "deficiencyCauses": [],
      "deficiencyRelations": [],
      "deficiencyPairs": [],
      "deficiencyInputRefs": [],
      "derivedOutcomeStates": [],
      "derivedAccountStates": [],
      "derivedOutcomeDeficiencies": [],
      "derivedSources": [],
      "coverageRecordPairs": [],
      "rowComplete": false
    },
    {
      "case": "vcs-none-not-applicable-alone",
      "result": "REFUSE",
      "refusals": [
        "EXECUTION_INPUTS_VCS_APPLICABILITY",
        "EXECUTION_INPUTS_COVERAGE_DERIVE"
      ],
      "deficiencyCauses": [],
      "deficiencyRelations": [],
      "deficiencyPairs": [],
      "deficiencyInputRefs": [],
      "derivedOutcomeStates": [
        "complete"
      ],
      "derivedAccountStates": [
        "complete",
        "complete",
        "inapplicable"
      ],
      "derivedOutcomeDeficiencies": [
        [
          null,
          null
        ]
      ],
      "derivedSources": [
        []
      ],
      "coverageRecordPairs": [
        [
          [
            null,
            null,
            "be55916fda3e03ae3718daded5fe3e7d237bcd44bdb68ce4f63e923e3b882465"
          ]
        ],
        [
          [
            null,
            null,
            "bd512b0416e4151b0e12bef006a2d69367991a457713dc1606c69374de0d91b3"
          ]
        ],
        []
      ],
      "rowComplete": true
    },
    {
      "case": "views-map-extra-merge",
      "result": "REFUSE",
      "refusals": [
        "EXECUTION_INPUTS_REF_MISMATCH"
      ],
      "deficiencyCauses": [],
      "deficiencyRelations": [],
      "deficiencyPairs": [],
      "deficiencyInputRefs": [],
      "derivedOutcomeStates": [
        "complete"
      ],
      "derivedAccountStates": [
        "complete",
        "complete",
        "inapplicable"
      ],
      "derivedOutcomeDeficiencies": [
        [
          null,
          null
        ]
      ],
      "derivedSources": [
        []
      ],
      "coverageRecordPairs": [
        [
          [
            null,
            null,
            "be55916fda3e03ae3718daded5fe3e7d237bcd44bdb68ce4f63e923e3b882465"
          ]
        ],
        [
          [
            null,
            null,
            "bd512b0416e4151b0e12bef006a2d69367991a457713dc1606c69374de0d91b3"
          ]
        ],
        []
      ],
      "rowComplete": true
    },
    {
      "case": "evaluator-closure-missing-from-map",
      "result": "REFUSE",
      "refusals": [
        "EXECUTION_INPUTS_EVALUATOR_CLOSURE"
      ],
      "deficiencyCauses": [],
      "deficiencyRelations": [],
      "deficiencyPairs": [],
      "deficiencyInputRefs": [],
      "derivedOutcomeStates": [
        "complete"
      ],
      "derivedAccountStates": [
        "complete",
        "complete",
        "inapplicable"
      ],
      "derivedOutcomeDeficiencies": [
        [
          null,
          null
        ]
      ],
      "derivedSources": [
        []
      ],
      "coverageRecordPairs": [
        [
          [
            null,
            null,
            "be55916fda3e03ae3718daded5fe3e7d237bcd44bdb68ce4f63e923e3b882465"
          ]
        ],
        [
          [
            null,
            null,
            "bd512b0416e4151b0e12bef006a2d69367991a457713dc1606c69374de0d91b3"
          ]
        ],
        []
      ],
      "rowComplete": true
    },
    {
      "case": "coverage-payload-bytes-absent",
      "result": "REFUSE",
      "refusals": [
        "EXECUTION_INPUTS_EVIDENCE_UNAVAILABLE",
        "EXECUTION_INPUTS_COVERAGE_DERIVE",
        "EXECUTION_INPUTS_OUTCOME_DERIVE"
      ],
      "deficiencyCauses": [
        "native-work-incomplete"
      ],
      "deficiencyRelations": [
        "file"
      ],
      "deficiencyPairs": [
        [
          "provider-unavailable",
          null
        ]
      ],
      "deficiencyInputRefs": [
        [
          {
            "domain": "coverage",
            "digest": "be55916fda3e03ae3718daded5fe3e7d237bcd44bdb68ce4f63e923e3b882465"
          }
        ]
      ],
      "derivedOutcomeStates": [
        "partial"
      ],
      "derivedAccountStates": [
        "incomplete",
        "complete",
        "inapplicable"
      ],
      "derivedOutcomeDeficiencies": [
        [
          "provider-unavailable",
          null
        ]
      ],
      "derivedSources": [
        [
          [
            "account",
            "provider-unavailable",
            null
          ]
        ]
      ],
      "coverageRecordPairs": [
        [],
        [
          [
            null,
            null,
            "bd512b0416e4151b0e12bef006a2d69367991a457713dc1606c69374de0d91b3"
          ]
        ],
        []
      ],
      "rowComplete": false
    },
    {
      "case": "unsupported-typed-matrix-cause",
      "result": "ADMIT",
      "refusals": [],
      "deficiencyCauses": [
        "unsupported-typed"
      ],
      "deficiencyRelations": [
        "references"
      ],
      "deficiencyPairs": [
        [
          "language-tier-unsupported",
          "capability-missing"
        ]
      ],
      "deficiencyInputRefs": [
        []
      ],
      "derivedOutcomeStates": [
        "complete"
      ],
      "derivedAccountStates": [
        "unsupported"
      ],
      "derivedOutcomeDeficiencies": [
        [
          null,
          null
        ]
      ],
      "derivedSources": [
        []
      ],
      "coverageRecordPairs": [
        []
      ],
      "rowComplete": true
    },
    {
      "case": "required-candidate-group-bytes-join",
      "result": "ADMIT",
      "refusals": [],
      "deficiencyCauses": [],
      "deficiencyRelations": [],
      "deficiencyPairs": [],
      "deficiencyInputRefs": [],
      "derivedOutcomeStates": [
        "complete"
      ],
      "derivedAccountStates": [],
      "derivedOutcomeDeficiencies": [
        [
          null,
          null
        ]
      ],
      "derivedSources": [
        []
      ],
      "coverageRecordPairs": [],
      "rowComplete": true
    },
    {
      "case": "extra-candidate-ref-no-outcome",
      "result": "REFUSE",
      "refusals": [
        "EXECUTION_INPUTS_CANDIDATE_REQUIRED",
        "EXECUTION_INPUTS_REF_INVALID_BYTES"
      ],
      "deficiencyCauses": [],
      "deficiencyRelations": [],
      "deficiencyPairs": [],
      "deficiencyInputRefs": [],
      "derivedOutcomeStates": [
        "complete"
      ],
      "derivedAccountStates": [],
      "derivedOutcomeDeficiencies": [
        [
          null,
          null
        ]
      ],
      "derivedSources": [
        []
      ],
      "coverageRecordPairs": [],
      "rowComplete": true
    },
    {
      "case": "groups-map-bypasses-blob",
      "result": "REFUSE",
      "refusals": [
        "EXECUTION_INPUTS_REF_MISMATCH"
      ],
      "deficiencyCauses": [],
      "deficiencyRelations": [],
      "deficiencyPairs": [],
      "deficiencyInputRefs": [],
      "derivedOutcomeStates": [
        "complete"
      ],
      "derivedAccountStates": [],
      "derivedOutcomeDeficiencies": [
        [
          null,
          null
        ]
      ],
      "derivedSources": [
        []
      ],
      "coverageRecordPairs": [],
      "rowComplete": true
    },
    {
      "case": "clone-member-opaque-id-no-custody",
      "result": "REFUSE",
      "refusals": [
        "EXECUTION_INPUTS_CANDIDATE_GROUP"
      ],
      "deficiencyCauses": [],
      "deficiencyRelations": [],
      "deficiencyPairs": [],
      "deficiencyInputRefs": [],
      "derivedOutcomeStates": [
        "complete"
      ],
      "derivedAccountStates": [],
      "derivedOutcomeDeficiencies": [
        [
          null,
          null
        ]
      ],
      "derivedSources": [
        []
      ],
      "coverageRecordPairs": [],
      "rowComplete": true
    },
    {
      "case": "complete-candidate-empty-examined-not-plan-extent",
      "result": "REFUSE",
      "refusals": [
        "EXECUTION_INPUTS_CANDIDATE_BIND"
      ],
      "deficiencyCauses": [],
      "deficiencyRelations": [],
      "deficiencyPairs": [],
      "deficiencyInputRefs": [],
      "derivedOutcomeStates": [
        "complete"
      ],
      "derivedAccountStates": [],
      "derivedOutcomeDeficiencies": [
        [
          null,
          null
        ]
      ],
      "derivedSources": [
        []
      ],
      "coverageRecordPairs": [],
      "rowComplete": true
    },
    {
      "case": "candidate-wrong-universe-source-body",
      "result": "REFUSE",
      "refusals": [
        "EXECUTION_INPUTS_CANDIDATE_SOURCE"
      ],
      "deficiencyCauses": [],
      "deficiencyRelations": [],
      "deficiencyPairs": [],
      "deficiencyInputRefs": [],
      "derivedOutcomeStates": [
        "complete"
      ],
      "derivedAccountStates": [],
      "derivedOutcomeDeficiencies": [
        [
          null,
          null
        ]
      ],
      "derivedSources": [
        []
      ],
      "coverageRecordPairs": [],
      "rowComplete": true
    },
    {
      "case": "complete-empty-candidate-with-plan-extent",
      "result": "ADMIT",
      "refusals": [],
      "deficiencyCauses": [],
      "deficiencyRelations": [],
      "deficiencyPairs": [],
      "deficiencyInputRefs": [],
      "derivedOutcomeStates": [
        "complete"
      ],
      "derivedAccountStates": [],
      "derivedOutcomeDeficiencies": [
        [
          null,
          null
        ]
      ],
      "derivedSources": [
        []
      ],
      "coverageRecordPairs": [],
      "rowComplete": true
    },
    {
      "case": "complete-empty-candidate-without-plan-extent",
      "result": "REFUSE",
      "refusals": [
        "EXECUTION_INPUTS_CANDIDATE_BIND"
      ],
      "deficiencyCauses": [],
      "deficiencyRelations": [],
      "deficiencyPairs": [],
      "deficiencyInputRefs": [],
      "derivedOutcomeStates": [
        "complete"
      ],
      "derivedAccountStates": [],
      "derivedOutcomeDeficiencies": [
        [
          null,
          null
        ]
      ],
      "derivedSources": [
        []
      ],
      "coverageRecordPairs": [],
      "rowComplete": true
    },
    {
      "case": "candidate-examined-union-not-this-program-extent",
      "result": "REFUSE",
      "refusals": [
        "EXECUTION_INPUTS_CANDIDATE_REQUIRED",
        "EXECUTION_INPUTS_CANDIDATE_BIND",
        "EXECUTION_INPUTS_OUTCOME_DERIVE"
      ],
      "deficiencyCauses": [
        "required-cell-unsatisfied"
      ],
      "deficiencyRelations": [
        null
      ],
      "deficiencyPairs": [
        [
          "provider-unavailable",
          null
        ]
      ],
      "deficiencyInputRefs": [
        []
      ],
      "derivedOutcomeStates": [
        "complete",
        "unavailable"
      ],
      "derivedAccountStates": [],
      "derivedOutcomeDeficiencies": [
        [
          null,
          null
        ],
        [
          "provider-unavailable",
          null
        ]
      ],
      "derivedSources": [
        [],
        [
          [
            "candidate",
            "provider-unavailable",
            null
          ]
        ]
      ],
      "coverageRecordPairs": [],
      "rowComplete": false
    },
    {
      "case": "candidate-unavailable-envelope-schema",
      "result": "ADMIT",
      "refusals": [],
      "deficiencyCauses": [],
      "deficiencyRelations": [],
      "deficiencyPairs": [],
      "deficiencyInputRefs": [],
      "derivedOutcomeStates": [],
      "derivedAccountStates": [],
      "derivedOutcomeDeficiencies": [],
      "derivedSources": [],
      "coverageRecordPairs": [],
      "rowComplete": false
    },
    {
      "case": "schema-rejects-candidate-autofix",
      "result": "REFUSE",
      "refusals": [
        "EXECUTION_INPUTS_SCHEMA"
      ],
      "deficiencyCauses": [],
      "deficiencyRelations": [],
      "deficiencyPairs": [],
      "deficiencyInputRefs": [],
      "derivedOutcomeStates": [],
      "derivedAccountStates": [],
      "derivedOutcomeDeficiencies": [],
      "derivedSources": [],
      "coverageRecordPairs": [],
      "rowComplete": false
    },
    {
      "case": "clone-candidate-group-v2-schema",
      "result": "ADMIT",
      "refusals": [],
      "deficiencyCauses": [],
      "deficiencyRelations": [],
      "deficiencyPairs": [],
      "deficiencyInputRefs": [],
      "derivedOutcomeStates": [],
      "derivedAccountStates": [],
      "derivedOutcomeDeficiencies": [],
      "derivedSources": [],
      "coverageRecordPairs": [],
      "rowComplete": false
    },
    {
      "case": "schema-rejects-verdict-field",
      "result": "REFUSE",
      "refusals": [
        "EXECUTION_INPUTS_SCHEMA"
      ],
      "deficiencyCauses": [],
      "deficiencyRelations": [],
      "deficiencyPairs": [],
      "deficiencyInputRefs": [],
      "derivedOutcomeStates": [],
      "derivedAccountStates": [],
      "derivedOutcomeDeficiencies": [],
      "derivedSources": [],
      "coverageRecordPairs": [],
      "rowComplete": false
    },
    {
      "case": "partial-inventory-known-rows",
      "result": "ADMIT",
      "refusals": [],
      "deficiencyCauses": [
        "required-cell-unsatisfied"
      ],
      "deficiencyRelations": [
        null
      ],
      "deficiencyPairs": [
        [
          "budget-exhausted",
          null
        ]
      ],
      "deficiencyInputRefs": [
        [
          {
            "domain": "subject-inventory",
            "digest": "86d12f6f06f710d364edcf21e4a941f8e3ddd12be50c33ea9141cde9b7269d50"
          }
        ]
      ],
      "derivedOutcomeStates": [
        "complete",
        "partial"
      ],
      "derivedAccountStates": [
        "complete",
        "complete",
        "inapplicable",
        "complete",
        "complete",
        "complete"
      ],
      "derivedOutcomeDeficiencies": [
        [
          null,
          null
        ],
        [
          "budget-exhausted",
          null
        ]
      ],
      "derivedSources": [
        [],
        [
          [
            "inventory",
            "budget-exhausted",
            null
          ]
        ]
      ],
      "coverageRecordPairs": [
        [
          [
            null,
            null,
            "90f2d6ebeddbd9a60057584b5de1b16ad6e6a033e1ecffe731f8b355a99ae680"
          ]
        ],
        [
          [
            null,
            null,
            "b3cc33fdc72d8db34da9d32fb9d9823e05489c5794dc48fda5bb1cadee2b8c15"
          ]
        ],
        [],
        [
          [
            null,
            null,
            "d681d75243e7f5ec5dfd200fdee9a6a76f57bef99a02faa57ed4abd78c6d665b"
          ]
        ],
        [
          [
            null,
            null,
            "c2b1436a02cfe2cf38f35ec4dec5fde8c62c9b9789b55fa5c77a8a85d6dba020"
          ]
        ],
        [
          [
            null,
            null,
            "f9a1c785a20dd0d4b9db1e3a30d8f6894be3821772bfe032aa9be89322ae174c"
          ]
        ]
      ],
      "rowComplete": false
    },
    {
      "case": "partial-inventory-budget-not-replaced-by-provider-unavailable",
      "result": "REFUSE",
      "refusals": [
        "EXECUTION_INPUTS_OUTCOME_DERIVE"
      ],
      "deficiencyCauses": [
        "required-cell-unsatisfied"
      ],
      "deficiencyRelations": [
        null
      ],
      "deficiencyPairs": [
        [
          "budget-exhausted",
          null
        ]
      ],
      "deficiencyInputRefs": [
        [
          {
            "domain": "subject-inventory",
            "digest": "86d12f6f06f710d364edcf21e4a941f8e3ddd12be50c33ea9141cde9b7269d50"
          }
        ]
      ],
      "derivedOutcomeStates": [
        "complete",
        "partial"
      ],
      "derivedAccountStates": [
        "complete",
        "complete",
        "inapplicable",
        "complete",
        "complete",
        "complete"
      ],
      "derivedOutcomeDeficiencies": [
        [
          null,
          null
        ],
        [
          "budget-exhausted",
          null
        ]
      ],
      "derivedSources": [
        [],
        [
          [
            "inventory",
            "budget-exhausted",
            null
          ]
        ]
      ],
      "coverageRecordPairs": [
        [
          [
            null,
            null,
            "90f2d6ebeddbd9a60057584b5de1b16ad6e6a033e1ecffe731f8b355a99ae680"
          ]
        ],
        [
          [
            null,
            null,
            "b3cc33fdc72d8db34da9d32fb9d9823e05489c5794dc48fda5bb1cadee2b8c15"
          ]
        ],
        [],
        [
          [
            null,
            null,
            "d681d75243e7f5ec5dfd200fdee9a6a76f57bef99a02faa57ed4abd78c6d665b"
          ]
        ],
        [
          [
            null,
            null,
            "c2b1436a02cfe2cf38f35ec4dec5fde8c62c9b9789b55fa5c77a8a85d6dba020"
          ]
        ],
        [
          [
            null,
            null,
            "f9a1c785a20dd0d4b9db1e3a30d8f6894be3821772bfe032aa9be89322ae174c"
          ]
        ]
      ],
      "rowComplete": false
    },
    {
      "case": "expected-source-census-uncovered-is-incomplete",
      "result": "ADMIT",
      "refusals": [],
      "deficiencyCauses": [
        "native-work-incomplete",
        "native-work-incomplete"
      ],
      "deficiencyRelations": [
        "file",
        "package"
      ],
      "deficiencyPairs": [
        [
          "provider-unavailable",
          null
        ],
        [
          "provider-unavailable",
          null
        ]
      ],
      "deficiencyInputRefs": [
        [
          {
            "domain": "coverage",
            "digest": "b044ada3437f68f25ee6bd6920155b9896c91ad1599cb82450bcb1a8cd288966"
          }
        ],
        []
      ],
      "derivedOutcomeStates": [
        "partial"
      ],
      "derivedAccountStates": [
        "incomplete",
        "incomplete",
        "inapplicable"
      ],
      "derivedOutcomeDeficiencies": [
        [
          "provider-unavailable",
          null
        ]
      ],
      "derivedSources": [
        [
          [
            "account",
            "provider-unavailable",
            null
          ],
          [
            "account",
            "provider-unavailable",
            null
          ]
        ]
      ],
      "coverageRecordPairs": [
        [
          [
            null,
            null,
            "b044ada3437f68f25ee6bd6920155b9896c91ad1599cb82450bcb1a8cd288966"
          ]
        ],
        [],
        []
      ],
      "rowComplete": false
    },
    {
      "case": "rc3-complete-extraction-keeps-native-resolution",
      "result": "ADMIT",
      "refusals": [],
      "deficiencyCauses": [],
      "deficiencyRelations": [],
      "deficiencyPairs": [],
      "deficiencyInputRefs": [],
      "derivedOutcomeStates": [
        "complete"
      ],
      "derivedAccountStates": [
        "complete",
        "incomplete"
      ],
      "derivedOutcomeDeficiencies": [
        [
          null,
          null
        ]
      ],
      "derivedSources": [
        []
      ],
      "coverageRecordPairs": [
        [
          [
            null,
            null,
            "aaaaaaaaaaaaaaaaaaaaaaaaaaaaaaaaaaaaaaaaaaaaaaaaaaaaaaaaaaaaaaaa"
          ]
        ],
        [
          [
            "budget-exhausted",
            null,
            "aaaaaaaaaaaaaaaaaaaaaaaaaaaaaaaaaaaaaaaaaaaaaaaaaaaaaaaaaaaaaaaa"
          ],
          [
            "input-closure-incomplete",
            "lockfile-missing",
            "bbbbbbbbbbbbbbbbbbbbbbbbbbbbbbbbbbbbbbbbbbbbbbbbbbbbbbbbbbbbbbbb"
          ]
        ]
      ],
      "rowComplete": true
    },
    {
      "case": "two-partial-inventories-distinct-canonical-records",
      "result": "ADMIT",
      "refusals": [],
      "deficiencyCauses": [
        "required-cell-unsatisfied",
        "required-cell-unsatisfied"
      ],
      "deficiencyRelations": [
        null,
        null
      ],
      "deficiencyPairs": [
        [
          "input-closure-incomplete",
          "lockfile-missing"
        ],
        [
          "budget-exhausted",
          null
        ]
      ],
      "deficiencyInputRefs": [
        [
          {
            "domain": "subject-inventory",
            "digest": "a2603cdd27277e922cca7c1acc9b89656a15181650556ec53260315128707b06"
          }
        ],
        [
          {
            "domain": "subject-inventory",
            "digest": "de564dcc9b3ee0602f873b4cf7a8a0a72c1a7b5d0b74625f45077ba6a014bd66"
          }
        ]
      ],
      "derivedOutcomeStates": [
        "partial"
      ],
      "derivedAccountStates": [
        "complete",
        "complete",
        "inapplicable"
      ],
      "derivedOutcomeDeficiencies": [
        [
          "input-closure-incomplete",
          "lockfile-missing"
        ]
      ],
      "derivedSources": [
        [
          [
            "inventory",
            "input-closure-incomplete",
            "lockfile-missing"
          ],
          [
            "inventory",
            "budget-exhausted",
            null
          ]
        ]
      ],
      "coverageRecordPairs": [
        [
          [
            null,
            null,
            "be55916fda3e03ae3718daded5fe3e7d237bcd44bdb68ce4f63e923e3b882465"
          ]
        ],
        [
          [
            null,
            null,
            "bd512b0416e4151b0e12bef006a2d69367991a457713dc1606c69374de0d91b3"
          ]
        ],
        []
      ],
      "rowComplete": false
    },
    {
      "case": "unavailable-binding-budget-keeps-inventory-causes",
      "result": "ADMIT",
      "refusals": [],
      "deficiencyCauses": [
        "required-cell-unsatisfied",
        "required-cell-unsatisfied",
        "required-cell-unsatisfied",
        "required-cell-unsatisfied",
        "required-cell-unsatisfied"
      ],
      "deficiencyRelations": [
        "declares",
        "literal",
        "control-flow",
        null,
        null
      ],
      "deficiencyPairs": [
        [
          "input-closure-incomplete",
          "lockfile-missing"
        ],
        [
          "input-closure-incomplete",
          "lockfile-missing"
        ],
        [
          "input-closure-incomplete",
          "lockfile-missing"
        ],
        [
          "input-closure-incomplete",
          "lockfile-missing"
        ],
        [
          "budget-exhausted",
          null
        ]
      ],
      "deficiencyInputRefs": [
        [],
        [],
        [],
        [],
        [
          {
            "domain": "subject-inventory",
            "digest": "86d12f6f06f710d364edcf21e4a941f8e3ddd12be50c33ea9141cde9b7269d50"
          }
        ]
      ],
      "derivedOutcomeStates": [
        "complete",
        "unavailable"
      ],
      "derivedAccountStates": [
        "complete",
        "complete",
        "inapplicable",
        "unavailable",
        "unavailable",
        "unavailable"
      ],
      "derivedOutcomeDeficiencies": [
        [
          null,
          null
        ],
        [
          "input-closure-incomplete",
          "lockfile-missing"
        ]
      ],
      "derivedSources": [
        [],
        [
          [
            "binding",
            "input-closure-incomplete",
            "lockfile-missing"
          ],
          [
            "inventory",
            "budget-exhausted",
            null
          ]
        ]
      ],
      "coverageRecordPairs": [
        [
          [
            null,
            null,
            "90f2d6ebeddbd9a60057584b5de1b16ad6e6a033e1ecffe731f8b355a99ae680"
          ]
        ],
        [
          [
            null,
            null,
            "b3cc33fdc72d8db34da9d32fb9d9823e05489c5794dc48fda5bb1cadee2b8c15"
          ]
        ],
        [],
        [],
        [],
        []
      ],
      "rowComplete": false
    },
    {
      "case": "unavailable-binding-cause-not-replaced-by-provider-unavailable",
      "result": "REFUSE",
      "refusals": [
        "EXECUTION_INPUTS_OUTCOME_DERIVE"
      ],
      "deficiencyCauses": [
        "required-cell-unsatisfied",
        "required-cell-unsatisfied",
        "required-cell-unsatisfied",
        "required-cell-unsatisfied",
        "required-cell-unsatisfied"
      ],
      "deficiencyRelations": [
        "declares",
        "literal",
        "control-flow",
        null,
        null
      ],
      "deficiencyPairs": [
        [
          "input-closure-incomplete",
          "lockfile-missing"
        ],
        [
          "input-closure-incomplete",
          "lockfile-missing"
        ],
        [
          "input-closure-incomplete",
          "lockfile-missing"
        ],
        [
          "input-closure-incomplete",
          "lockfile-missing"
        ],
        [
          "budget-exhausted",
          null
        ]
      ],
      "deficiencyInputRefs": [
        [],
        [],
        [],
        [],
        [
          {
            "domain": "subject-inventory",
            "digest": "86d12f6f06f710d364edcf21e4a941f8e3ddd12be50c33ea9141cde9b7269d50"
          }
        ]
      ],
      "derivedOutcomeStates": [
        "complete",
        "unavailable"
      ],
      "derivedAccountStates": [
        "complete",
        "complete",
        "inapplicable",
        "unavailable",
        "unavailable",
        "unavailable"
      ],
      "derivedOutcomeDeficiencies": [
        [
          null,
          null
        ],
        [
          "input-closure-incomplete",
          "lockfile-missing"
        ]
      ],
      "derivedSources": [
        [],
        [
          [
            "binding",
            "input-closure-incomplete",
            "lockfile-missing"
          ],
          [
            "inventory",
            "budget-exhausted",
            null
          ]
        ]
      ],
      "coverageRecordPairs": [
        [
          [
            null,
            null,
            "90f2d6ebeddbd9a60057584b5de1b16ad6e6a033e1ecffe731f8b355a99ae680"
          ]
        ],
        [
          [
            null,
            null,
            "b3cc33fdc72d8db34da9d32fb9d9823e05489c5794dc48fda5bb1cadee2b8c15"
          ]
        ],
        [],
        [],
        [],
        []
      ],
      "rowComplete": false
    },
    {
      "case": "helper-attach-graph-fixture",
      "result": "ADMIT",
      "refusals": [],
      "deficiencyCauses": [],
      "deficiencyRelations": [],
      "deficiencyPairs": [],
      "deficiencyInputRefs": [],
      "derivedOutcomeStates": [
        "complete"
      ],
      "derivedAccountStates": [
        "complete",
        "complete",
        "inapplicable"
      ],
      "derivedOutcomeDeficiencies": [
        [
          null,
          null
        ]
      ],
      "derivedSources": [
        []
      ],
      "coverageRecordPairs": [
        [
          [
            null,
            null,
            "be55916fda3e03ae3718daded5fe3e7d237bcd44bdb68ce4f63e923e3b882465"
          ]
        ],
        [
          [
            null,
            null,
            "bd512b0416e4151b0e12bef006a2d69367991a457713dc1606c69374de0d91b3"
          ]
        ],
        []
      ],
      "rowComplete": true
    },
    {
      "case": "helper-attach-digest-stable-after-outputs",
      "result": "ADMIT",
      "refusals": [],
      "deficiencyCauses": [],
      "deficiencyRelations": [],
      "deficiencyPairs": [],
      "deficiencyInputRefs": [],
      "derivedOutcomeStates": [
        "complete"
      ],
      "derivedAccountStates": [],
      "derivedOutcomeDeficiencies": [
        [
          null,
          null
        ]
      ],
      "derivedSources": [
        []
      ],
      "coverageRecordPairs": [],
      "rowComplete": true
    },
    {
      "case": "helper-no-policy-schema-roots",
      "result": "ADMIT",
      "refusals": [],
      "deficiencyCauses": [],
      "deficiencyRelations": [],
      "deficiencyPairs": [],
      "deficiencyInputRefs": [],
      "derivedOutcomeStates": [
        "complete"
      ],
      "derivedAccountStates": [
        "complete",
        "complete",
        "inapplicable"
      ],
      "derivedOutcomeDeficiencies": [
        [
          null,
          null
        ]
      ],
      "derivedSources": [
        []
      ],
      "coverageRecordPairs": [
        [
          [
            null,
            null,
            "be55916fda3e03ae3718daded5fe3e7d237bcd44bdb68ce4f63e923e3b882465"
          ]
        ],
        [
          [
            null,
            null,
            "bd512b0416e4151b0e12bef006a2d69367991a457713dc1606c69374de0d91b3"
          ]
        ],
        []
      ],
      "rowComplete": true
    },
    {
      "case": "helper-attach-three-views-full-required-package",
      "result": "ADMIT",
      "refusals": [],
      "deficiencyCauses": [],
      "deficiencyRelations": [],
      "deficiencyPairs": [],
      "deficiencyInputRefs": [],
      "derivedOutcomeStates": [
        "complete",
        "complete"
      ],
      "derivedAccountStates": [
        "complete",
        "complete",
        "inapplicable",
        "complete",
        "complete",
        "inapplicable"
      ],
      "derivedOutcomeDeficiencies": [
        [
          null,
          null
        ],
        [
          null,
          null
        ]
      ],
      "derivedSources": [
        [],
        []
      ],
      "coverageRecordPairs": [
        [
          [
            null,
            null,
            "be55916fda3e03ae3718daded5fe3e7d237bcd44bdb68ce4f63e923e3b882465"
          ]
        ],
        [
          [
            null,
            null,
            "bd512b0416e4151b0e12bef006a2d69367991a457713dc1606c69374de0d91b3"
          ]
        ],
        [],
        [
          [
            null,
            null,
            "91c2fb695857b86b52d1474b9c38816da0f77f7a0bf8bfe88a8eea923406145e"
          ]
        ],
        [
          [
            null,
            null,
            "ce5c0d9ee6f7c4f506ef507edb0abca8d1712bf915735f9a3b5d461f01e88e31"
          ]
        ],
        []
      ],
      "rowComplete": false
    },
    {
      "case": "helper-attach-semantic-fixture",
      "result": "ADMIT",
      "refusals": [],
      "deficiencyCauses": [],
      "deficiencyRelations": [],
      "deficiencyPairs": [],
      "deficiencyInputRefs": [],
      "derivedOutcomeStates": [
        "complete",
        "complete",
        "complete"
      ],
      "derivedAccountStates": [
        "complete",
        "complete",
        "inapplicable",
        "complete",
        "complete"
      ],
      "derivedOutcomeDeficiencies": [
        [
          null,
          null
        ],
        [
          null,
          null
        ],
        [
          null,
          null
        ]
      ],
      "derivedSources": [
        [],
        [],
        []
      ],
      "coverageRecordPairs": [
        [
          [
            null,
            null,
            "25661a021eb78cfac95ae7b3bec0d7b573122fb6f00c0b17041a3b1d98b90a0d"
          ]
        ],
        [
          [
            null,
            null,
            "82e00d923036ccd3fa5ce1df68c656dcbbaac397d5088ad713c74470e555eea9"
          ]
        ],
        [],
        [
          [
            null,
            null,
            "09c309fd49d5c2f09a79f1178652d831bcf6852f00cb052c2053d0cdef26b87d"
          ],
          [
            null,
            null,
            "2e4c7cfe50c4a31297b137c24b1fb38044323a32e3ecf989e6b1fa1b3b14bf81"
          ]
        ],
        [
          [
            null,
            null,
            "73af2c52f9a1fdc85739549b903fde4aad91c2401e5e9f6d980f049b2b1a2bfb"
          ]
        ]
      ],
      "rowComplete": false
    },
    {
      "case": "ambient-blob-does-not-change-digest",
      "result": "ADMIT",
      "refusals": [],
      "deficiencyCauses": [],
      "deficiencyRelations": [],
      "deficiencyPairs": [],
      "deficiencyInputRefs": [],
      "derivedOutcomeStates": [
        "complete"
      ],
      "derivedAccountStates": [],
      "derivedOutcomeDeficiencies": [
        [
          null,
          null
        ]
      ],
      "derivedSources": [
        []
      ],
      "coverageRecordPairs": [],
      "rowComplete": true
    },
    {
      "case": "ambient-object-does-not-change-digest",
      "result": "ADMIT",
      "refusals": [],
      "deficiencyCauses": [],
      "deficiencyRelations": [],
      "deficiencyPairs": [],
      "deficiencyInputRefs": [],
      "derivedOutcomeStates": [
        "complete"
      ],
      "derivedAccountStates": [],
      "derivedOutcomeDeficiencies": [
        [
          null,
          null
        ]
      ],
      "derivedSources": [
        []
      ],
      "coverageRecordPairs": [],
      "rowComplete": true
    },
    {
      "case": "selected-refs-change-changes-digest",
      "result": "ADMIT",
      "refusals": [],
      "deficiencyCauses": [],
      "deficiencyRelations": [],
      "deficiencyPairs": [],
      "deficiencyInputRefs": [],
      "derivedOutcomeStates": [
        "complete"
      ],
      "derivedAccountStates": [],
      "derivedOutcomeDeficiencies": [
        [
          null,
          null
        ]
      ],
      "derivedSources": [
        []
      ],
      "coverageRecordPairs": [],
      "rowComplete": true
    },
    {
      "case": "operational-receipt-may-vary-without-run-identity",
      "result": "ADMIT",
      "refusals": [],
      "deficiencyCauses": [],
      "deficiencyRelations": [],
      "deficiencyPairs": [],
      "deficiencyInputRefs": [],
      "derivedOutcomeStates": [
        "complete"
      ],
      "derivedAccountStates": [],
      "derivedOutcomeDeficiencies": [
        [
          null,
          null
        ]
      ],
      "derivedSources": [
        []
      ],
      "coverageRecordPairs": [],
      "rowComplete": true
    },
    {
      "case": "host-derived-target-sidecar-not-stage-output",
      "result": "ADMIT",
      "refusals": [],
      "deficiencyCauses": [],
      "deficiencyRelations": [],
      "deficiencyPairs": [],
      "deficiencyInputRefs": [],
      "derivedOutcomeStates": [
        "complete"
      ],
      "derivedAccountStates": [
        "complete",
        "complete",
        "inapplicable"
      ],
      "derivedOutcomeDeficiencies": [
        [
          null,
          null
        ]
      ],
      "derivedSources": [
        []
      ],
      "coverageRecordPairs": [
        [
          [
            null,
            null,
            "be55916fda3e03ae3718daded5fe3e7d237bcd44bdb68ce4f63e923e3b882465"
          ]
        ],
        [
          [
            null,
            null,
            "bd512b0416e4151b0e12bef006a2d69367991a457713dc1606c69374de0d91b3"
          ]
        ],
        []
      ],
      "rowComplete": true
    }
  ],
  "expected": {
    "owner-graph-file-positive": "ADMIT",
    "owner-graph-file-missing-required-package": "ADMIT",
    "owner-graph-two-universes": "ADMIT",
    "required-package-complete-empty-coverage": "ADMIT",
    "mixed-coverage-all-partitions-named": "ADMIT",
    "omitted-returned-partition-not-subset": "REFUSE",
    "omitted-owner-view": "REFUSE",
    "receipt-view-omitted-from-selected-and-outcomes": "REFUSE",
    "self-asserted-complete-with-incomplete-package": "REFUSE",
    "unavailable-selected-u-omits-stage-and-views": "REFUSE",
    "missing-inventory-pointer": "REFUSE",
    "lost-inventory-bytes": "REFUSE",
    "supplied-object-mismatch-not-pointer": "REFUSE",
    "invalid-blob-hash": "REFUSE",
    "duplicate-inventory-same-kind": "REFUSE",
    "wrong-view-producer-vs-stage": "REFUSE",
    "store-pointers-required": "REFUSE",
    "vcs-none-not-applicable-alone": "REFUSE",
    "views-map-extra-merge": "REFUSE",
    "evaluator-closure-missing-from-map": "REFUSE",
    "coverage-payload-bytes-absent": "REFUSE",
    "unsupported-typed-matrix-cause": "ADMIT",
    "required-candidate-group-bytes-join": "ADMIT",
    "extra-candidate-ref-no-outcome": "REFUSE",
    "groups-map-bypasses-blob": "REFUSE",
    "clone-member-opaque-id-no-custody": "REFUSE",
    "complete-candidate-empty-examined-not-plan-extent": "REFUSE",
    "candidate-wrong-universe-source-body": "REFUSE",
    "complete-empty-candidate-with-plan-extent": "ADMIT",
    "complete-empty-candidate-without-plan-extent": "REFUSE",
    "candidate-examined-union-not-this-program-extent": "REFUSE",
    "partial-inventory-budget-not-replaced-by-provider-unavailable": "REFUSE",
    "expected-source-census-uncovered-is-incomplete": "ADMIT",
    "host-derived-target-sidecar-not-stage-output": "ADMIT",
    "candidate-unavailable-envelope-schema": "ADMIT",
    "schema-rejects-candidate-autofix": "REFUSE",
    "clone-candidate-group-v2-schema": "ADMIT",
    "schema-rejects-verdict-field": "REFUSE",
    "partial-inventory-known-rows": "ADMIT",
    "rc3-complete-extraction-keeps-native-resolution": "ADMIT",
    "two-partial-inventories-distinct-canonical-records": "ADMIT",
    "unavailable-binding-budget-keeps-inventory-causes": "ADMIT",
    "unavailable-binding-cause-not-replaced-by-provider-unavailable": "REFUSE",
    "helper-attach-graph-fixture": "ADMIT",
    "helper-attach-digest-stable-after-outputs": "ADMIT",
    "helper-no-policy-schema-roots": "ADMIT",
    "helper-attach-three-views-full-required-package": "ADMIT",
    "helper-attach-semantic-fixture": "ADMIT",
    "ambient-blob-does-not-change-digest": "ADMIT",
    "ambient-object-does-not-change-digest": "ADMIT",
    "selected-refs-change-changes-digest": "ADMIT",
    "operational-receipt-may-vary-without-run-identity": "ADMIT"
  },
  "mismatches": [],
  "oracles": [],
  "ownedHashes": [
    {
      "path": "/private/tmp/opensip-design-corrections/target-proof-successor.v1/docs/coop/design-corrections/foundation/execution-inputs.schema.v1.json",
      "bytes": 25562,
      "sha256": "1ce9e7a38110f5de86166b0274fe19cc228b85be5c13aac9d2f24cc7f373baf2"
    },
    {
      "path": "/private/tmp/opensip-design-corrections/target-proof-successor.v1/docs/coop/design-corrections/foundation/execution-inputs-contract.v1.md",
      "bytes": 16996,
      "sha256": "4a155e1565fe31c62917b2a4e7b6943a44a82fa550dc165050a6852cb22c46b6"
    },
    {
      "path": "/private/tmp/opensip-design-corrections/target-proof-successor.v1/docs/coop/design-corrections/foundation/execution_inputs_model.v1.py",
      "bytes": 71178,
      "sha256": "bdd22a5027ad152c6d221171466f061997f83e79d0033c0d2c159429e09cc5e3"
    },
    {
      "path": "/private/tmp/opensip-design-corrections/target-proof-successor.v1/docs/coop/design-corrections/foundation/check-execution-inputs.v1.py",
      "bytes": 61213,
      "sha256": "cedae4090f14f18dcdba7dc87ca7c707c2319dcc7f13cff2fca57d8f8c280ce4"
    },
    {
      "path": "/private/tmp/opensip-design-corrections/target-proof-successor.v1/docs/coop/design-corrections/foundation/execution_inputs_fixture.v3.py",
      "bytes": 22545,
      "sha256": "a4fb3c047abe597f800e57522b073a42efe5aee3d87cea92651567d2e96fff46"
    }
  ],
  "internalFaults": [
    "EXECUTION_INPUTS_SCHEMA",
    "EXECUTION_INPUTS_STORE_REQUIRED",
    "EXECUTION_INPUTS_PLAN_JOIN",
    "EXECUTION_INPUTS_EXECUTION_PLAN_JOIN",
    "EXECUTION_INPUTS_ENUMERATION_DIGEST",
    "EXECUTION_INPUTS_EVALUATOR_CLOSURE",
    "EXECUTION_INPUTS_CELL_TOTALITY",
    "EXECUTION_INPUTS_INVENTORY_KIND",
    "EXECUTION_INPUTS_VIEW_TOTALITY",
    "EXECUTION_INPUTS_REF_POINTER",
    "EXECUTION_INPUTS_REF_LOST_BYTES",
    "EXECUTION_INPUTS_REF_INVALID_BYTES",
    "EXECUTION_INPUTS_REF_MISMATCH",
    "EXECUTION_INPUTS_EVIDENCE_UNAVAILABLE",
    "EXECUTION_INPUTS_STAGE_PRODUCER",
    "EXECUTION_INPUTS_STAGE_ORDINAL",
    "EXECUTION_INPUTS_RECEIPT_TOTALITY",
    "EXECUTION_INPUTS_COVERAGE_DERIVE",
    "EXECUTION_INPUTS_NATIVE_COVERAGE_TOTALITY",
    "EXECUTION_INPUTS_OUTCOME_DERIVE",
    "EXECUTION_INPUTS_CANDIDATE_REQUIRED",
    "EXECUTION_INPUTS_CANDIDATE_GROUP",
    "EXECUTION_INPUTS_CANDIDATE_BIND",
    "EXECUTION_INPUTS_OUTPUT_BACKLINK",
    "EXECUTION_INPUTS_VCS_APPLICABILITY",
    "EXECUTION_INPUTS_ORDER",
    "EXECUTION_INPUTS_SELECTED_COVER",
    "EXECUTION_INPUTS_CAUSE_CARRIER",
    "EXECUTION_INPUTS_CAUSE_ENUM_DRIFT",
    "EXECUTION_INPUTS_KIND_MAP",
    "EXECUTION_INPUTS_ENUMERATOR",
    "EXECUTION_INPUTS_HOST_DERIVED",
    "EXECUTION_INPUTS_CANDIDATE_SOURCE",
    "EXECUTION_INPUTS_TARGET_ATTRIBUTION_JOIN"
  ],
  "neededRootInputs": [
    "identity Domain/Ref/byDomain already names execution-inputs and candidate-producer-result as canonical-record blob preimages; admit/helper stay blob-compatible if root registration is present or still landing \u2014 do not require an H prefix",
    "proof.executionInputsDigest must equal raw SHA-256 of C(ExecutionInputsV1) and evaluationInputRefs must equal selectedRefs + {domain:execution-inputs,digest} (the hashed selectedRefs must not include the execution-inputs ref)",
    "execution-plan stage outputDomains: add subject-inventory / candidate-producer-result only on stages that produce them; current owner fixture is view-only",
    "target-attribution / incoming-search remain host-derived selectedRefs via hostCapture.hostDerivedRefs until a producing stage names those domains",
    "execution_input_account: STOP iterating hostCapture.retainedObjectKeys/retainedBlobDigests (removed from the semantic record). Pass store_pointers=promised_pointers(...)['store_pointers'] derived from selectedRefs plus owner references; do not hash or require the ambient store census"
  ],
  "ownerPositiveDeficiencies": [],
  "ownerPositiveRelations": [],
  "ownerPositiveDerivedStates": [
    "complete"
  ]
}
