PASS s1-unaccepted-proposal-standing
PASS s2-optional-row-no-requiredForEvaluatorMajors
PASS s4-33-semantic-ops
PASS s3-specified-not-executed-query-model
PASS f1-syntax-only-without-parameter-admitted
PASS f1-compiler-without-parameter-refuses
PASS f1-compiler-with-one-parameter-admitted
PASS f1-compiler-with-two-parameters-refuses
PASS f1-custody-no-parameter-not-plan-bound
PASS f1-custody-purged-unavailable
PASS f3-default-test-glob-matches-button-test
PASS f3-default-test-glob-misses-it-ts
PASS f3-rooted-glob-does-not-cross-package
PASS f4-cargo-includes-member-app-and-core-and-workspace-root
PASS f4-cargo-state-all-when-roots-resolved
PASS f4-effective-entries-include-cargo-target-provenance
PASS f2-cross-universe-helper-static-path-from-test-origin
PASS f2-no-no-static-path-within-bound-state
PASS f3-jest-configured-helper-not-found-incomplete
PASS f3-origin-sets-never-complete
PASS f3-test-selection-configured-limitation
PASS f8-mixed-cell-count-8-and-three-count-units
PASS f9-importer-anchor-owners-disagree-bucket-present
PASS f6-absence-not-supported-under-limitations
PASS f6-1000-byte-budget-omits-panel
PASS parent07-manifest-pin
PASS s4-parent-sha-matches-parent07-schema
PASS f5-patch-applies-projection-priority-coupling-last
PASS f5-reapply-this-patch-refused
PASS f7-removed-featureids-absent-from-patched-enum
{"passed": true, "caseCount": 30, "failed": []}
