$ /tmp/opensip-architecture-review-env/bin/python -I -B vectors/phase3_payload_vectors.py
exit 0
--- stdout ---
{
 "vectors": 71,
 "groups": {
  "selection": {
   "valid": 5,
   "invalid": 7,
   "explanatory": 1,
   "matched": 13
  },
  "bytes": {
   "valid": 0,
   "invalid": 9,
   "explanatory": 0,
   "matched": 9
  },
  "correlation": {
   "valid": 3,
   "invalid": 20,
   "explanatory": 0,
   "matched": 23
  },
  "companions": {
   "valid": 3,
   "invalid": 23,
   "explanatory": 0,
   "matched": 26
  }
 },
 "decoder": 29,
 "encoder": 10,
 "keysExercised": [
  "FACT_RELATION_PAYLOAD_INVALID",
  "PROVIDER_RETURN_ANALYSIS_ORDINAL",
  "PROVIDER_RETURN_BATCH_INDEX",
  "PROVIDER_RETURN_CANDIDATE_STREAM",
  "PROVIDER_RETURN_DISPATCH",
  "PROVIDER_RETURN_PAYLOAD_CBOR",
  "PROVIDER_RETURN_PLAN_MISMATCH",
  "PROVIDER_RETURN_SCHEMA",
  "PROVIDER_RETURN_STAGE_ID",
  "PROVIDER_RETURN_STAGE_PRODUCER",
  "PROVIDER_RETURN_STAGE_SPEC",
  "PROVIDER_RETURN_UNIVERSE_MISMATCH",
  "PROVIDER_RETURN_UNKNOWN_CANDIDATE",
  "PROVIDER_RETURN_UNNEGOTIATED_V3",
  "TARGET_ATTRIBUTION_FIELD_NOT_ON_RUNG",
  "TARGET_ATTRIBUTION_NATIVE_ID_MISMATCH",
  "cb24.DISPATCH_BINDING_SCHEMA",
  "cb24.DISPATCH_REQUEST_MISMATCH",
  "cb24.FACT_BATCH_V2_SCHEMA"
 ],
 "hc51": {
  "correctedSchemaAdmitted": 40,
  "unchangedKitRefusedOrderAnnotationUnknown": 40
 },
 "failures": []
}

--- stderr ---

