$ /tmp/opensip-architecture-review-env/bin/python -I -B tools/provenance_s43.py
exit 1
--- stdout ---
{
 "changedMembersAllProse": true,
 "changedMemberConsumers": {
  "docs/coop/design-corrections/workflows/query-projection-contract.v3.md": [
   "tools/checkpoint_p9.py",
   "tools/hc_source39.py",
   "tools/hc_source43.py",
   "tools/phase9_graph_query.py",
   "vectors/phase0_custody.py"
  ]
 },
 "kitProseReaders": [
  "tools/final_custody.py",
  "vectors/phase0_custody.py"
 ],
 "kitLoaderJsonOnly": true,
 "helperChangedAfterRebindUnexpectedly": [],
 "storesComparedToSource42v3": 104,
 "storeByteDifferences": [],
 "reusePreconditionsHold": false
}

--- stderr ---

