$ /tmp/opensip-architecture-review-env/bin/python -I -B /private/tmp/opensip-design-corrections/consumer-b.v24-source44.v1/output/tools/determinism_probe_s44.py after
exit 0
--- stdout ---
{
 "standing": "second source44 execution compared with the first and with the source43 copy",
 "hashed": 347,
 "differsBetweenTwoSource44Executions": {
  "count": 89,
  "first": [
   "negatives/by-domain.pre-s42.replay.json",
   "negatives/canonical-record-fragment.pre-s42.replay.json",
   "negatives/canonical-record-not-canonical.pre-s42.replay.json",
   "negatives/canonical-record-payload-class-join.pre-s42.replay.json",
   "negatives/canonical-record-preimage-missing.pre-s42.replay.json",
   "negatives/canonical-record-selector-refused.pre-s42.replay.json",
   "negatives/capability-manifest-id-derived.pre-s42.replay.json",
   "negatives/closure-kinds.pre-s42.replay.json",
   "negatives/closure-membership-direct.pre-s42.replay.json",
   "negatives/closure-membership-equal-to-direct.pre-s42.replay.json",
   "negatives/framed-body-identity-retained.pre-s42.replay.json",
   "negatives/h-identity-domain-set.pre-s42.replay.json"
  ]
 },
 "stableInSource44ButDiffersFromSource43": {
  "count": 7,
  "first": [
   "runs/final-custody.json",
   "vectors/payload_fixtures.py",
   "vectors/phase0-custody.json",
   "vectors/phase0_custody.py",
   "vectors/phase3_payload_vectors.py",
   "vectors/phase3_traces.py",
   "vectors/reference-census.json"
  ]
 },
 "identicalToSource43": 251
}

--- stderr ---

