$ /tmp/opensip-architecture-review-env/bin/python -I -B /private/tmp/opensip-design-corrections/consumer-b.v24-source44.v1/output/tools/provenance_s44.py
exit 0
--- stdout ---
{
 "memberReaders": {
  "docs/coop/design-corrections/foundation/execution-inputs-contract.v1.md": [],
  "docs/coop/design-corrections/foundation/provider-target-attribution-return.schema.v2.json": [
   "ref/factbatch.py"
  ],
  "docs/coop/design-corrections/native/fact-batch.schema.v3.json": [
   "ref/factbatch.py",
   "vectors/phase3_payload_vectors.py"
  ],
  "docs/coop/design-corrections/native/occupancy-companion.schema.v1.json": [
   "ref/factbatch.py"
  ],
  "docs/coop/design-corrections/native/protocol3-transitions.v1.json": [
   "ref/protocol3.py"
  ],
  "docs/v2/contracts/product-v1/native-evidence.md": [
   "ref/provider_wire.py"
  ],
  "docs/coop/design-corrections/native/provider-handshake.schemas.v1.json": [
   "ref/factbatch.py",
   "ref/provider_wire.py",
   "vectors/payload_fixtures.py"
  ],
  "docs/coop/design-corrections/native/provider-startup.schemas.v1.json": [
   "ref/provider_wire.py"
  ],
  "docs/coop/design-corrections/native/typescript-protocol2-order.v1.json": [
   "ref/protocol_ts2.py"
  ]
 },
 "nonPhase3Readers": {
  "docs/coop/design-corrections/foundation/execution-inputs-contract.v1.md": [],
  "docs/coop/design-corrections/foundation/provider-target-attribution-return.schema.v2.json": [],
  "docs/coop/design-corrections/native/fact-batch.schema.v3.json": [],
  "docs/coop/design-corrections/native/occupancy-companion.schema.v1.json": [],
  "docs/coop/design-corrections/native/protocol3-transitions.v1.json": [],
  "docs/v2/contracts/product-v1/native-evidence.md": [],
  "docs/coop/design-corrections/native/provider-handshake.schemas.v1.json": [],
  "docs/coop/design-corrections/native/provider-startup.schemas.v1.json": [],
  "docs/coop/design-corrections/native/typescript-protocol2-order.v1.json": []
 },
 "genericKitReaders": {
  "ref/schemas.py": "loads every kit JSON document into the validation registry; results depend only on the selectors resolved",
  "tools/final_custody.py": "custody of every member; re-executed fresh",
  "tools/reference_census.py": "walks every kit JSON document; re-executed fresh in source44",
  "tools/smoke_schemas.py": "development probe (prints document count); not a measurement",
  "vectors/phase0_custody.py": "custody of every member; re-executed fresh",
  "vectors/phase3_payload_vectors.py": "HC-51 token census over every kit document; re-executed fresh (phase 3)",
  "vectors/phase3_startup_vectors.py": "pin-document presence check over every kit document; re-executed fresh (phase 3)"
 },
 "changedIdsReferencedByUnchangedKitDocuments": [],
 "helperChangedAfterRebindUnexpectedly": [],
 "storesComparedToSource43": 104,
 "storeByteDifferences": [],
 "retainedResultsChangedSinceSource43Copy": [
  "negatives/by-domain.pre-s42.replay.json",
  "negatives/canonical-record-fragment.pre-s42.replay.json",
  "negatives/canonical-record-not-canonical.pre-s42.replay.json",
  "negatives/canonical-record-payload-class-join.pre-s42.replay.json",
  "negatives/canonical-record-preimage-missing.pre-s42.replay.json",
  "negatives/canonical-record-selector-refused.pre-s42.replay.json",
  "negatives/capability-manifest-id-derived.pre-s42.replay.json",
  "negatives/closure-kinds.pre-s42.replay.json",
  "negatives/closure-membership-direct.pre-s42.replay.json",
  "negatives/closure-membership-equal-to-direct.pre-s42.replay.json",
  "negatives/framed-body-identity-retained.pre-s42.replay.json",
  "negatives/h-identity-domain-set.pre-s42.replay.json",
  "negatives/h-identity-preimage-frame-nested.pre-s42.replay.json",
  "negatives/raw-artifact-closure-tree-member.pre-s42.replay.json",
  "negatives/raw-artifact-length.pre-s42.replay.json",
  "negatives/raw-artifact-preimage-missing.pre-s42.replay.json",
  "negatives/raw-artifact-registered-schema-document.pre-s42.replay.json",
  "negatives/reachable-set-unreachable-output.pre-s42.replay.json",
  "negatives/reachable-set-unrecomputed-output.pre-s42.replay.json",
  "negatives/registry-closure-join-kind.pre-s42.replay.json",
  "negatives/registry-context-agreement.pre-s42.replay.json",
  "negatives/registry-nested-record-blob-join.pre-s42.replay.json",
  "negatives/registry-snapshot-join-path-and-digest.pre-s42.replay.json",
  "negatives/snapshot-path-inventoried.pre-s42.replay.json",
  "negatives/typed-prefix-domain-mismatch.pre-s42.replay.json",
  "negatives/typed-prefix-historical-major.pre-s42.replay.json",
  "negatives/typed-prefix-input-scope-missing.pre-s42.replay.json",
  "negatives/typed-prefix-output-finding-missing.pre-s42.replay.json",
  "negatives/typed-prefix-output-fingerprint-missing.pre-s42.replay.json",
  "negatives/typed-prefix-output-subject-missing.pre-s42.replay.json",
  "negatives/typed-prefix-raw-record-not-frame.pre-s42.replay.json",
  "negatives/typed-prefix-record-refused.pre-s42.replay.json",
  "runs/cmp-base.replay-export.json",
  "runs/cmp-base.replay.fromscratch.json",
  "runs/cmp-budget.replay-export.json",
  "runs/cmp-budget.replay.fromscratch.json",
  "runs/cmp-code-det2.replay-export.json",
  "runs/cmp-code-det2.replay.fromscratch.json",
  "runs/cmp-code-detc.replay-export.json",
  "runs/cmp-code-detc.replay.fromscratch.json",
  "runs/cmp-code.replay-export.json",
  "runs/cmp-code.replay.fromscratch.json",
  "runs/cmp-empty.replay-export.json",
  "runs/cmp-empty.replay.fromscratch.json",
  "runs/cmp-evidence.replay-export.json",
  "runs/cmp-evidence.replay.fromscratch.json",
  "runs/cmp-gbase.replay-export.json",
  "runs/cmp-gbase.replay.fromscratch.json",
  "runs/cmp-gevidence.replay-export.json",
  "runs/cmp-gevidence.replay.fromscratch.json",
  "runs/cmp-gmissing.replay-export.json",
  "runs/cmp-gmissing.replay.fromscratch.json",
  "runs/cmp-hidden.replay-export.json",
  "runs/cmp-hidden.replay.fromscratch.json",
  "runs/cmp-policy.replay-export.json",
  "runs/cmp-policy.replay.fromscratch.json",
  "runs/cmp-scope.replay-export.json",
  "runs/cmp-scope.replay.fromscratch.json",
  "runs/cmp-waiver.replay-export.json",
  "runs/cmp-waiver.replay.fromscratch.json",
  "runs/final-custody.json",
  "runs/from-scratch.summary.json",
  "runs/replay-export.summary.json",
  "runs/rust-ambiguous.replay-export.json",
  "runs/rust-ambiguous.replay.fromscratch.json",
  "runs/rust-extra-unit.replay-export.json",
  "runs/rust-extra-unit.replay.fromscratch.json",
  "runs/rust-mixed-clones-required.replay-export.json",
  "runs/rust-mixed-clones-required.replay.fromscratch.json",
  "runs/rust-mixed.replay-export.json",
  "runs/rust-mixed.replay.fromscratch.json",
  "runs/rust-partial.replay-export.json",
  "runs/rust-partial.replay.fromscratch.json",
  "runs/rust-same-file-2021.replay-export.json",
  "runs/rust-same-file-2021.replay.fromscratch.json",
  "runs/syntax-code.replay-export.json",
  "runs/syntax-code.replay.fromscratch.json",
  "runs/syntax-data.replay-export.json",
  "runs/syntax-data.replay.fromscratch.json",
  "runs/syntax-mixed-disclosed.replay-export.json",
  "runs/syntax-mixed-disclosed.replay.fromscratch.json",
  "runs/syntax-mixed-falsecomplete.replay.fromscratch.json",
  "runs/syntax-mixed-omitted.replay-export.json",
  "runs/syntax-mixed-omitted.replay.fromscratch.json",
  "runs/ts-clones-required.replay-export.json",
  "runs/ts-clones-required.replay.fromscratch.json",
  "runs/ts-fail.replay-export.json",
  "runs/ts-fail.replay.fromscratch.json",
  "runs/ts-pass.replay-export.json",
  "runs/ts-pass.replay.fromscratch.json",
  "traces/cancel.json",
  "traces/complete.json",
  "traces/controls.json",
  "traces/fault.json",
  "traces/payload-vectors.json",
  "traces/terminal.json",
  "traces/unavailable.json",
  "vectors/payload_fixtures.py",
  "vectors/phase0-custody.json",
  "vectors/phase0_custody.py",
  "vectors/phase3_payload_vectors.py",
  "vectors/phase3_traces.py",
  "vectors/reference-census.json"
 ],
 "reusePreconditionsHold": true
}

--- stderr ---

