$ /tmp/opensip-architecture-review-env/bin/python -I -B tools/probe_s44_records2.py
exit 0
--- stdout ---
== ts-pass run.planId plan2:8d217cba7fda0ee56b245ab322537a9b7a1a753052f33c6e8eb670aa11b84cb5 plan.snapshotId snapshot2:67420773ef037857376002a10b630684888a2d9611ea805ee81e93dcfcf63f33 ctx ['c7d69ae3299908cac56b37d36f1d3db867a91437e83f9324f6d223820c2648cf']
native-context:typescript domain native.context.typescript.v2 H==key True
  keys ['configProjection', 'languageMode', 'lockfileIdentity', 'moduleResolutionMode', 'nodeModulesLayoutDigest', 'packageModuleType', 'schemaVersion', 'toolClosure', 'toolchain']
   languageMode ts-tsconfig
native-universe:typescript domain native.semantic-universe.typescript.v2 H==key True
  keys ['allowJs', 'checkJs', 'configOrigin', 'executionCapableResolution', 'jsAdmittedToProgram', 'jsDiagnosticsEnabled', 'jsRootFiles', 'languageMode', 'lockfileKind', 'nativeContextId', 'nodeModulesInReadSet', 'packageModuleType', 'programRootFiles', 'resolutionCompletenessImplied', 'schemaVersion', 'synthesizedOptions', 'synthesizerVersion', 'tsconfigGraphHash']
   nativeContextId sha256:c7d69ae3299908cac56b37d36f1d3db867a91437e83f9324f6d223820c2648cf
   languageMode ts-tsconfig
coverage-payload:calls {"relation": "calls", "resolution": "resolved-callee", "sourceUniverse": "0b62f4e857a581ff564819968dbd431a40c677da43b413ea2374c242376ef9bc", "subjectScopeCommitment": "sha256:bd4c791b071c5bf910dff5937eee50afc8dde3d3d450956b2b5e89dca993ff14", "targetUniverse": "0b62f4e857a581ff564819968dbd431a40c677da43b413ea2374c242376ef9bc"} entry.keys ['closedWorld', 'confidenceMillionths', 'coverage', 'deficiency', 'derivationKinds', 'examinedUniverse', 'nativeCause', 'relation', 'resolution', 'resolutionCompleteness'] coverage complete rc {'attempted': True, 'examinedExhaustive': True, 'stageTerminal': 'complete', 'state': 'complete', 'unresolvedEdgeClasses': [], 'unresolvedEdgeCount': 0}
coverage-payload:clones {"relation": "clones", "resolution": "normalized-body-hash", "sourceUniverse": "0b62f4e857a581ff564819968dbd431a40c677da43b413ea2374c242376ef9bc", "subjectScopeCommitment": "sha256:b4c32141e9978bbc39ff8bd3e58dc1ad4bf9ec2499b7bc3ff5d2a17426782694", "targetUniverse": "0b62f4e857a581ff564819968dbd431a40c677da43b413ea2374c242376ef9bc"} entry.keys ['closedWorld', 'confidenceMillionths', 'coverage', 'deficiency', 'derivationKinds', 'examinedUniverse', 'nativeCause', 'relation', 'resolution', 'resolutionCompleteness'] coverage complete rc {'attempted': False, 'examinedExhaustive': True, 'stageTerminal': 'complete', 'state': 'not-applicable', 'unresolvedEdgeClasses': [], 'unresolvedEdgeCount': 0}
== rust-mixed run.planId plan2:637a857f16c8cbdc2e1eac1fdafbd7d0537bcc5737f08995191c5cb4aa0a3b13 plan.snapshotId snapshot2:a32c8e4c97730e288d794f682747c274f7b8ce0276a45a123a8cb29f6e3e6791 ctx ['89bb724d27e7a067ea7c4f9e2eb8a386cfddfc8d085a5f86f6513704dfd5a5cb']
native-context:rust domain native.context.rust.v2 H==key True
  keys ['baseCfg', 'configProjection', 'dependencySourceSetId', 'hostTriple', 'preparedOutputSetId', 'resolverVersion', 'schemaVersion', 'targetTriple', 'toolClosure', 'toolchain', 'unifiedFeaturesId']
   dependencySourceSetId sha256:0c2023e637fa5037258879657aebb4e535310c1ff94e923d1c22f26083c0429c
   preparedOutputSetId None
native-universe:rust domain native.semantic-universe.rust.v2 H==key True
  keys ['cfgSets', 'configProjectionSha256', 'crateRootPaths', 'dependencySourceSetId', 'edition', 'executionCapableResolution', 'lockfileIdentity', 'nativeContextId', 'preparedOutputSetId', 'preparedResolution', 'rustflags', 'schemaVersion', 'sourceUnitOwnershipId', 'unifiedFeaturesId']
   nativeContextId sha256:89bb724d27e7a067ea7c4f9e2eb8a386cfddfc8d085a5f86f6513704dfd5a5cb
   dependencySourceSetId sha256:0c2023e637fa5037258879657aebb4e535310c1ff94e923d1c22f26083c0429c
   preparedOutputSetId None
   preparedResolution none
   sourceUnitOwnershipId sha256:b5c43f714e090f0fe7530ab90c05a8ea1bf457f174187edf74d3a76a5d3fd67a
coverage-payload:calls {"relation": "calls", "resolution": "resolved-callee", "sourceUniverse": "258ea16d2b939988ab3ffc17f3cd0adedbef839b8e0cd8cb4cdd9774fea796bc", "subjectScopeCommitment": "sha256:b725717a62b53562c297f2733426c91da7d66520b2851d876bca8dc46fbe4e0c", "targetUniverse": "258ea16d2b939988ab3ffc17f3cd0adedbef839b8e0cd8cb4cdd9774fea796bc"} entry.keys ['closedWorld', 'confidenceMillionths', 'coverage', 'deficiency', 'derivationKinds', 'examinedUniverse', 'nativeCause', 'relation', 'resolution', 'resolutionCompleteness'] coverage complete rc {'attempted': True, 'examinedExhaustive': True, 'stageTerminal': 'complete', 'state': 'complete', 'unresolvedEdgeClasses': [], 'unresolvedEdgeCount': 0}
coverage-payload:clones {"relation": "clones", "resolution": "normalized-body-hash", "sourceUniverse": "258ea16d2b939988ab3ffc17f3cd0adedbef839b8e0cd8cb4cdd9774fea796bc", "subjectScopeCommitment": "sha256:716e86115ffc8743c04f36a8e02745f167445d1f1124b526660a221bde833fbc", "targetUniverse": "258ea16d2b939988ab3ffc17f3cd0adedbef839b8e0cd8cb4cdd9774fea796bc"} entry.keys ['closedWorld', 'confidenceMillionths', 'coverage', 'deficiency', 'derivationKinds', 'examinedUniverse', 'nativeCause', 'relation', 'resolution', 'resolutionCompleteness'] coverage complete rc {'attempted': False, 'examinedExhaustive': True, 'stageTerminal': 'complete', 'state': 'not-applicable', 'unresolvedEdgeClasses': [], 'unresolvedEdgeCount': 0}
parse_frame signature: Exact frame admission (identity-and-evidence section 3, closing digest law).

--- stderr ---

