$ /tmp/opensip-architecture-review-env/bin/python -I -B tools/probe_s44_records.py
exit 0
--- stdout ---
== ts-pass runId run3:54a0a7cfba1b7061160c481e51cde4a54bae9c0a50a57e63475d4b4a35a9d2fa
labels [('analysis-spec', 1), ('body-frame', 3), ('build-identity', 1), ('capability-manifest-bytes', 1), ('closure', 7), ('closure-manifest', 7), ('closure-tree', 14), ('configuration', 1), ('coverage', 9), ('coverage-payload', 9), ('emission-plan', 1), ('enumeration-plan', 1), ('evaluator-output', 20), ('execution-inputs', 1), ('execution-plan', 1), ('fact', 27), ('fact-payload', 27), ('import', 1), ('import-artifact', 1), ('import-observation', 1), ('import-payload', 1), ('import-scope', 1), ('native-context', 1), ('native-universe', 1), ('node-modules-layout', 1), ('output', 18), ('plan', 1), ('policy', 1), ('schema', 7), ('scope', 9), ('scope-descriptor', 1), ('scope-document', 1), ('semantic-grant', 1), ('snapshot', 1), ('source', 8), ('source-correspondence', 1), ('source-inventory', 1), ('stage-spec', 1), ('subject-inventory', 7), ('tsconfig-graph', 1), ('unit-membership', 1), ('vcs-observation', 1), ('view', 1), ('waivers', 1)]
domains [('closure', 7), ('coverage', 9), ('evaluation-seal', 1), ('evaluation-subject', 7), ('execution-plan', 1), ('fact', 27), ('finding', 3), ('finding-fingerprint', 3), ('import', 1), ('plan', 1), ('policy-derivation', 1), ('proof-bundle', 1), ('run', 1), ('semantic-evidence', 1), ('snapshot', 1), ('subject-scope', 9), ('view', 1)]
plan keys ['analysisSpecDigest', 'budget', 'capabilityManifestBytesDigest', 'capabilityManifestId', 'importIds', 'nativeContextDigests', 'policyDigest', 'resolvedConfigDigest', 'schemaVersion', 'scopeDigest', 'semanticClosures', 'semanticGrantDigest', 'snapshotId', 'waiverDigest']
nativeContextDigests ['c7d69ae3299908cac56b37d36f1d3db867a91437e83f9324f6d223820c2648cf'] snapshotId snapshot2:67420773ef037857376002a10b630684888a2d9611ea805ee81e93dcfcf63f33
frame/other scope:literal 009eff3dbc60 AdmissionError
record coverage-payload:declares 029ccd48126b keys ['entry', 'key', 'schemaVersion']
record coverage-payload:calls 07c4e66b2865 keys ['entry', 'key', 'schemaVersion']
frame/other native-universe:typescript 0b62f4e857a5 AdmissionError
frame/other coverage:reachability 0dcdfdbe5a77 AdmissionError
frame/other coverage:clones 0fda72d496e5 AdmissionError
record coverage-payload:control-flow 1b5ee4ecd174 keys ['entry', 'key', 'schemaVersion']
frame/other coverage:literal 1f387ff90238 AdmissionError
frame/other coverage:calls 33f9149671c8 AdmissionError
record scope-document 5186a5c722c7 keys ['exclude', 'include', 'schemaFamily', 'schemaMajor']
record coverage-payload:package 5300fa89dba1 keys ['entry', 'key', 'schemaVersion']
frame/other scope:package 5a66e08e6206 AdmissionError
frame/other coverage:declares 7204ba608a66 AdmissionError
frame/other scope:control-flow 73e71edfca35 AdmissionError
frame/other scope:declares 81d6feb24242 AdmissionError
frame/other coverage:file 83e86f7ef184 AdmissionError
frame/other scope:reachability 863f7970b349 AdmissionError
record coverage-payload:reachability 96fc933b6fa7 keys ['entry', 'key', 'schemaVersion']
record scope-descriptor 97127bb2f9d6 keys ['excludedPathPrefixes', 'pathPrefixes', 'schemaVersion', 'workspaceRoots']
record closure-manifest:cb24-coverage-producer 9e35e98fbedd keys ['component', 'files', 'kind']
record coverage-payload:file ac0598491096 keys ['entry', 'key', 'schemaVersion']
record import-scope b386d5ff79a7 keys ['excludedPathPrefixes', 'pathPrefixes', 'schemaVersion', 'workspaceRoots']
frame/other scope:clones b4c32141e997 AdmissionError
record coverage-payload:literal b9149775b17e keys ['entry', 'key', 'schemaVersion']
frame/other scope:calls bd4c791b071c AdmissionError
frame/other scope:file c516ee49074b AdmissionError
frame/other closure:cb24-coverage-producer c5b5886dedb1 AdmissionError
frame/other native-context:typescript c7d69ae32999 AdmissionError
frame/other closure-tree:cb24-coverage-producer:bin/istanbul c9b94b941f8f AdmissionError
frame/other coverage:control-flow d2c08641bd9f AdmissionError
frame/other coverage:package e45eb391fbf0 AdmissionError
frame/other scope:imports ec4f11e0e319 AdmissionError
frame/other coverage:imports f0b148f6896e AdmissionError
record coverage-payload:clones f2006f935bd3 keys ['entry', 'key', 'schemaVersion']
record coverage-payload:imports f221d50c1c95 keys ['entry', 'key', 'schemaVersion']
== rust-mixed runId run3:0552d2c2279cdf940d5826f8f58bf64d78f63a3014838583b47eec2605aa1db7
labels [('analysis-spec', 1), ('body-frame', 4), ('capability-manifest-bytes', 1), ('cargo-config-projection', 1), ('cargo-config-projection-file', 1), ('closure', 5), ('closure-manifest', 5), ('closure-tree', 11), ('configuration', 1), ('coverage', 7), ('coverage-payload', 7), ('dependency-source-set', 1), ('emission-plan', 1), ('enumeration-plan', 1), ('evaluator-output', 19), ('execution-inputs', 1), ('execution-plan', 1), ('fact', 22), ('fact-payload', 22), ('native-context', 1), ('native-universe', 1), ('output', 29), ('plan', 1), ('policy', 1), ('schema', 5), ('scope', 7), ('scope-descriptor', 1), ('semantic-grant', 1), ('snapshot', 1), ('source', 8), ('source-inventory', 1), ('source-unit-ownership', 1), ('stage-spec', 1), ('subject-inventory', 5), ('sysroot-manifest', 1), ('unified-features', 1), ('unit-membership', 1), ('vcs-observation', 1), ('view', 1), ('waivers', 1)]
domains [('closure', 5), ('coverage', 7), ('evaluation-seal', 1), ('evaluation-subject', 12), ('execution-plan', 1), ('fact', 22), ('finding', 6), ('finding-fingerprint', 6), ('plan', 1), ('policy-derivation', 1), ('proof-bundle', 1), ('run', 1), ('semantic-evidence', 1), ('snapshot', 1), ('subject-scope', 7), ('view', 1)]
plan keys ['analysisSpecDigest', 'budget', 'capabilityManifestBytesDigest', 'capabilityManifestId', 'importIds', 'nativeContextDigests', 'policyDigest', 'resolvedConfigDigest', 'schemaVersion', 'scopeDigest', 'semanticClosures', 'semanticGrantDigest', 'snapshotId', 'waiverDigest']
nativeContextDigests ['89bb724d27e7a067ea7c4f9e2eb8a386cfddfc8d085a5f86f6513704dfd5a5cb'] snapshotId snapshot2:a32c8e4c97730e288d794f682747c274f7b8ce0276a45a123a8cb29f6e3e6791
frame/other coverage:control-flow 135ee62ed9e8 AdmissionError
record coverage-payload:literal 1910768d1dbd keys ['entry', 'key', 'schemaVersion']
record coverage-payload:control-flow 1e1d939a551b keys ['entry', 'key', 'schemaVersion']
frame/other native-universe:rust 258ea16d2b93 AdmissionError
frame/other scope:package 2adcd4af7be7 AdmissionError
frame/other coverage:calls 48de82ae5ef9 AdmissionError
record coverage-payload:calls 54bd8e27b1ee keys ['entry', 'key', 'schemaVersion']
frame/other scope:clones 716e86115ffc AdmissionError
frame/other scope:control-flow 825f1e00a6fd AdmissionError
frame/other native-context:rust 89bb724d27e7 AdmissionError
record coverage-payload:package 8c0f28e11e0c keys ['entry', 'key', 'schemaVersion']
frame/other coverage:declares 8cece779c519 AdmissionError
record coverage-payload:clones 9437d3b32789 keys ['entry', 'key', 'schemaVersion']
frame/other scope:literal 96af442d69bc AdmissionError
frame/other scope:declares ab4e5ec4083b AdmissionError
frame/other coverage:literal b592260a7f53 AdmissionError
frame/other scope:calls b725717a62b5 AdmissionError
frame/other coverage:package b82df4541034 AdmissionError
frame/other coverage:clones bea070a7ce00 AdmissionError
frame/other coverage:file c71fc38848b1 AdmissionError
frame/other scope:file cf754d07f0a6 AdmissionError
record coverage-payload:file d7c104149a1d keys ['entry', 'key', 'schemaVersion']
record scope-descriptor e51e147a8950 keys ['excludedPathPrefixes', 'pathPrefixes', 'schemaVersion', 'workspaceRoots']
record coverage-payload:declares fa63aa33ab0c keys ['entry', 'key', 'schemaVersion']

--- stderr ---

