$ /tmp/opensip-architecture-review-env/bin/python -I -B /private/tmp/opensip-design-corrections/consumer-b.v24-source45.v1/output/tools/run_unchanged_s44.py phase3_payload_vectors
exit 0
--- stdout ---
[run_unchanged_s44] helper logic equals source44 final (root mapped back): True []
[run_unchanged_s44] status.dump('traces/payload-vectors.json') -> preserved/s45-original/traces/payload-vectors.json
{
 "vectors": 78,
 "groups": {
  "selection": {
   "valid": 6,
   "invalid": 13,
   "explanatory": 1,
   "matched": 20
  },
  "bytes": {
   "valid": 0,
   "invalid": 9,
   "explanatory": 0,
   "matched": 9
  },
  "correlation": {
   "valid": 3,
   "invalid": 20,
   "explanatory": 0,
   "matched": 23
  },
  "companions": {
   "valid": 3,
   "invalid": 23,
   "explanatory": 0,
   "matched": 26
  }
 },
 "decoder": 29,
 "encoder": 10,
 "keysExercised": [
  "FACT_RELATION_PAYLOAD_INVALID",
  "PROVIDER_RETURN_ANALYSIS_ORDINAL",
  "PROVIDER_RETURN_BATCH_INDEX",
  "PROVIDER_RETURN_CANDIDATE_STREAM",
  "PROVIDER_RETURN_DISPATCH",
  "PROVIDER_RETURN_PAYLOAD_CBOR",
  "PROVIDER_RETURN_PLAN_MISMATCH",
  "PROVIDER_RETURN_SCHEMA",
  "PROVIDER_RETURN_STAGE_ID",
  "PROVIDER_RETURN_STAGE_PRODUCER",
  "PROVIDER_RETURN_STAGE_SPEC",
  "PROVIDER_RETURN_UNIVERSE_MISMATCH",
  "PROVIDER_RETURN_UNKNOWN_CANDIDATE",
  "PROVIDER_RETURN_UNNEGOTIATED_V3",
  "TARGET_ATTRIBUTION_FIELD_NOT_ON_RUNG",
  "TARGET_ATTRIBUTION_NATIVE_ID_MISMATCH",
  "cb24.DISPATCH_BINDING_SCHEMA",
  "cb24.DISPATCH_REQUEST_MISMATCH",
  "cb24.FACT_BATCH_V1_BATCH_COMMITMENT",
  "cb24.FACT_BATCH_V1_SCHEMA",
  "cb24.FACT_BATCH_V2_SCHEMA"
 ],
 "hc51": {
  "correctedSchemaAdmitted": 40,
  "unchangedKitRefusedOrderAnnotationUnknown": 40
 },
 "failures": []
}
[run_unchanged_s44] phase3_payload_vectors exit 0

--- stderr ---

