$ /tmp/opensip-architecture-review-env/bin/python -I -B /private/tmp/opensip-design-corrections/consumer-b.v24-source45.v1/output/vectors/phase3_traces.py
exit 0
--- stdout ---
{
 "failures": [],
 "controls": {
  "machines": {
   "ts": {
    "table": "typescript-protocol2-order.v1.json",
    "ruleCount": 23,
    "pairwiseDisjointOverlaps": [],
    "rulesExercisedByWireTraces": [
     "FAULT-absorb",
     "T2-01",
     "T2-02",
     "T2-03",
     "T2-04",
     "T2-05",
     "T2-06",
     "T2-07",
     "T2-08",
     "T2-09",
     "T2-10",
     "T2-11",
     "T2-12",
     "T2-13",
     "T2-14",
     "T2-15",
     "T2-16",
     "T2-17",
     "T2-18",
     "T2-19",
     "T2-20",
     "T2-21",
     "T2-22",
     "T2-23",
     "payload:Cancelled-refused(cb24.CANCELLED_OBSERVED_PHASE)",
     "payload:Coverage-refused(cb24.COVERAGE_KEY_CORRESPONDENCE)",
     "payload:FactBatch-refused(PROVIDER_RETURN_CANDIDATE_STREAM)",
     "payload:FactBatch-refused(PROVIDER_RETURN_STAGE_ID)",
     "payload:FactBatch-refused(cb24.FACT_BATCH_V1_BATCH_COMMITMENT)",
     "payload:FactBatch-refused(cb24.FACT_BATCH_V1_SCHEMA)",
     "payload:HelloAck-refused(cb24.HELLOACK_TOKEN_ECHO)",
     "payload:OpenUniverse-refused(cb24.OPEN_UNIVERSE_UNIVERSE_KEY)",
     "payload:Unavailable-refused(cb24.UNAVAILABLE_PHASE)"
    ],
    "rulesExercisedByAbstractTests": [
     "T2-01",
     "T2-02",
     "T2-03",
     "T2-04",
     "T2-05",
     "T2-06",
     "T2-07",
     "T2-08",
     "T2-23"
    ],
    "rowsNotExercised": [],
    "rowsOnlyInAbstractTests": []
   },
   "rust": {
    "table": "protocol3-transitions.v1.json",
    "ruleCount": 34,
    "pairwiseDisjointOverlaps": [],
    "rulesExercisedByWireTraces": [
     "FAULT-absorb",
     "P3-01",
     "P3-02",
     "P3-03",
     "P3-04",
     "P3-05",
     "P3-06",
     "P3-07",
     "P3-08",
     "P3-11",
     "P3-12",
     "P3-13",
     "P3-14",
     "P3-15",
     "P3-16",
     "P3-17",
     "P3-18",
     "P3-19",
     "P3-20",
     "P3-21",
     "P3-22",
     "P3-23",
     "P3-24",
     "P3-25",
     "P3-26",
     "P3-27",
     "P3-28",
     "P3-29",
     "P3-30",
     "P3-31",
     "P3-32",
     "P3-33",
     "P3-34",
     "payload:FactBatch-refused(PROVIDER_RETURN_PAYLOAD_CBOR)",
     "payload:FactBatch-refused(PROVIDER_RETURN_SCHEMA)",
     "payload:FactBatch-refused(PROVIDER_RETURN_UNNEGOTIATED_V3)",
     "payload:HelloAck-refused(cb24.HELLOACK_SCHEMA)",
     "payload:OpenUniverse-refused(cb24.OPEN_UNIVERSE_SCHEMA)",
     "post-terminal-frame"
    ],
    "rulesExercisedByAbstractTests": [
     "P3-01",
     "P3-02",
     "P3-03",
     "P3-04",
     "P3-05",
     "P3-06",
     "P3-07",
     "P3-09",
     "P3-10",
     "P3-16",
     "P3-17",
     "P3-18",
     "P3-19",
     "P3-20",
     "P3-34"
    ],
    "rowsNotExercised": [],
    "rowsOnlyInAbstractTests": [
     "P3-09",
     "P3-10"
    ]
   }
  },
  "factBatchPayloads": {
   "total": 33,
   "validated": 31,
   "admittedBySelectedPayload": {
    "FactBatchV3": 21,
    "FactBatchV1": 2,
    "FactBatchV2": 1
   },
   "refused": [
    "PROVIDER_RETURN_CANDIDATE_STREAM",
    "PROVIDER_RETURN_PAYLOAD_CBOR",
    "PROVIDER_RETURN_SCHEMA",
    "PROVIDER_RETURN_STAGE_ID",
    "PROVIDER_RETURN_UNNEGOTIATED_V3",
    "cb24.FACT_BATCH_V1_BATCH_COMMITMENT",
    "cb24.FACT_BATCH_V1_SCHEMA"
   ],
   "notValidatedBeforePayload": 2,
   "standaloneVectors": [
    "traces/payload-vectors.json",
    "traces/startup-vectors.json"
   ]
  },
  "payloadAdmissions": {
   "framesAdmitted": {
    "Hello": 43,
    "HelloAck": 41,
    "OpenUniverse": 39,
    "UniverseAccepted": 39,
    "NativeContextVerified": 32,
    "Analyze": 29,
    "FactBatch": 26,
    "Coverage": 12,
    "Unavailable": 5,
    "BudgetExhausted": 3,
    "Cancelled": 5,
    "CoverageV3": 7
   },
   "refusals": [
    [
     "Cancelled",
     "cb24.CANCELLED_OBSERVED_PHASE",
     "provider-return"
    ],
    [
     "Coverage",
     "cb24.COVERAGE_KEY_CORRESPONDENCE",
     "provider-return"
    ],
    [
     "FactBatch",
     "PROVIDER_RETURN_CANDIDATE_STREAM",
     "provider-return"
    ],
    [
     "FactBatch",
     "PROVIDER_RETURN_PAYLOAD_CBOR",
     "provider-return"
    ],
    [
     "FactBatch",
     "PROVIDER_RETURN_SCHEMA",
     "provider-return"
    ],
    [
     "FactBatch",
     "PROVIDER_RETURN_STAGE_ID",
     "provider-return"
    ],
    [
     "FactBatch",
     "PROVIDER_RETURN_UNNEGOTIATED_V3",
     "provider-return"
    ],
    [
     "FactBatch",
     "cb24.FACT_BATCH_V1_BATCH_COMMITMENT",
     "provider-return"
    ],
    [
     "FactBatch",
     "cb24.FACT_BATCH_V1_SCHEMA",
     "provider-return"
    ],
    [
     "HelloAck",
     "cb24.HELLOACK_SCHEMA",
     "provider-return"
    ],
    [
     "HelloAck",
     "cb24.HELLOACK_TOKEN_ECHO",
     "provider-return"
    ],
    [
     "OpenUniverse",
     "cb24.OPEN_UNIVERSE_SCHEMA",
     "host-internal"
    ],
    [
     "OpenUniverse",
     "cb24.OPEN_UNIVERSE_UNIVERSE_KEY",
     "host-internal"
    ],
    [
     "Unavailable",
     "cb24.UNAVAILABLE_PHASE",
     "provider-return"
    ],
    [
     "Unavailable",
     "cb24.UNAVAILABLE_PHASE",
     "provider-return"
    ]
   ]
  },
  "assertionFailures": []
 }
}

--- stderr ---

