$ /tmp/opensip-architecture-review-env/bin/python -I -B /private/tmp/opensip-design-corrections/consumer-b.v24-source45.v1/output/tools/result_diffs_s45.py
exit 0
--- stdout ---
{
 "base": "preserved/s44-final/results-manifest.json",
 "comparedFiles": 546,
 "identicalFiles": 446,
 "differingFiles": 100,
 "classCounts": {
  "process-id-bearing": 89,
  "expected-content": 4,
  "runtime-path-only": 4,
  "helper-source-edited-in-source45": 3
 },
 "unexpected": [],
 "claimedPositiveRunIdsCompared": 27,
 "runIdDifferences": {},
 "fromScratchEveryResultMatchesRetainedReplay": true,
 "processIdNondeterminismEvidence": "selfcheck/s44-determinism-after.json (source44 measurement, reused)",
 "result": "PASS"
}

--- stderr ---

