$ /tmp/opensip-architecture-review-env/bin/python -I -B /private/tmp/opensip-design-corrections/consumer-b.v24-source45.v1/output/tools/result_diffs_s45.py
exit 1
--- stdout ---
{
 "base": "preserved/s44-final/results-manifest.json",
 "comparedFiles": 546,
 "identicalFiles": 447,
 "differingFiles": 99,
 "classCounts": {
  "process-id-bearing": 89,
  "expected-content": 3,
  "unexpected": 4,
  "helper-source-edited-in-source45": 3
 },
 "unexpected": [
  "vectors/payload_fixtures.py",
  "vectors/phase1_canonical.py",
  "vectors/phase2_capmanifest.py",
  "vectors/phase3_payload_vectors.py"
 ],
 "claimedPositiveRunIdsCompared": 27,
 "runIdDifferences": {},
 "fromScratchEveryResultMatchesRetainedReplay": true,
 "processIdNondeterminismEvidence": "selfcheck/s44-determinism-after.json (source44 measurement, reused)",
 "result": "FAIL"
}

--- stderr ---

