$ /tmp/opensip-architecture-review-env/bin/python -I -B /private/tmp/opensip-design-corrections/consumer-b.v24-source45.v1/output/tools/provenance_s45.py
exit 0
--- stdout ---
{
 "memberReaders": {
  "docs/coop/design-corrections/foundation/provider-target-attribution-return.schema.v2.json": [
   "ref/factbatch.py"
  ],
  "docs/coop/design-corrections/native/provider-startup.schemas.v1.json": [
   "ref/provider_wire.py",
   "vectors/phase3_startup_vectors.py"
  ],
  "docs/v2/contracts/product-v1/native-evidence.md": [
   "ref/provider_wire.py"
  ]
 },
 "nonPhase3Readers": {
  "docs/coop/design-corrections/foundation/provider-target-attribution-return.schema.v2.json": [],
  "docs/coop/design-corrections/native/provider-startup.schemas.v1.json": [],
  "docs/v2/contracts/product-v1/native-evidence.md": []
 },
 "genericKitReaders": {
  "ref/schemas.py": "loads every kit JSON document into the validation registry; results depend only on the selectors resolved",
  "tools/final_custody.py": "custody of every member; re-executed fresh",
  "tools/reference_census.py": "walks every kit JSON document; re-executed fresh in source45",
  "tools/smoke_schemas.py": "development probe (prints document count); not a measurement",
  "vectors/phase0_custody.py": "custody of every member; re-executed fresh",
  "vectors/phase3_payload_vectors.py": "HC-51 token census over every kit document; re-executed fresh (phase 3)",
  "vectors/phase3_startup_vectors.py": "pin-document presence check over every kit document; re-executed fresh (phase 3)"
 },
 "changedIdsReferencedByUnchangedKitDocuments": [],
 "helperChangedAfterRebindUnexpectedly": [],
 "storesComparedToSource44": 104,
 "storeByteDifferences": [],
 "reusePreconditionsHold": true
}

--- stderr ---

