$ /tmp/opensip-architecture-review-env/bin/python -I -B /private/tmp/opensip-design-corrections/consumer-b.v24-source45.v1/output/vectors/phase3_startup_vectors.py
exit 0
--- stdout ---
{
 "vectors": 116,
 "groups": {
  "handshake": {
   "valid": 4,
   "invalid": 30,
   "explanatory": 0,
   "matched": 34
  },
  "open-universe": {
   "valid": 3,
   "invalid": 17,
   "explanatory": 0,
   "matched": 20
  },
  "universe-accepted": {
   "valid": 2,
   "invalid": 5,
   "explanatory": 0,
   "matched": 7
  },
  "native-context-verified": {
   "valid": 2,
   "invalid": 4,
   "explanatory": 0,
   "matched": 6
  },
  "unavailable": {
   "valid": 4,
   "invalid": 16,
   "explanatory": 0,
   "matched": 20
  },
  "coverage": {
   "valid": 3,
   "invalid": 8,
   "explanatory": 0,
   "matched": 11
  },
  "budget-exhausted": {
   "valid": 2,
   "invalid": 6,
   "explanatory": 0,
   "matched": 8
  },
  "cancelled": {
   "valid": 2,
   "invalid": 6,
   "explanatory": 2,
   "matched": 10
  }
 },
 "faultKeysExercised": [
  "cb24.BUDGET_PHASE",
  "cb24.BUDGET_SCHEMA",
  "cb24.BUDGET_TRIGGER_STAGE",
  "cb24.CANCELLED_CORRELATION",
  "cb24.CANCELLED_OBSERVED_PHASE",
  "cb24.CANCELLED_SCHEMA",
  "cb24.COVERAGE_ANALYSIS_ORDINAL",
  "cb24.COVERAGE_KEY_CORRESPONDENCE",
  "cb24.COVERAGE_SCHEMA",
  "cb24.COVERAGE_STAGE_ID",
  "cb24.HELLOACK_DESCRIPTOR_DIGEST_ECHO",
  "cb24.HELLOACK_DESCRIPTOR_FIELD",
  "cb24.HELLOACK_IDENTITY_ECHO",
  "cb24.HELLOACK_IDENTITY_VERSIONS_ECHO",
  "cb24.HELLOACK_SCHEMA",
  "cb24.HELLOACK_TOKEN_ECHO",
  "cb24.HELLO_CONTRACT_DIGEST",
  "cb24.HELLO_DESCRIPTOR_DIGEST",
  "cb24.HELLO_EXPECTED_IDENTITY",
  "cb24.HELLO_HOST_BUILD_ID",
  "cb24.HELLO_LIMITS",
  "cb24.HELLO_NOT_ADMITTED",
  "cb24.HELLO_SCHEMA",
  "cb24.HELLO_TOKENS_NOT_SIGNED_ROW",
  "cb24.NATIVE_CONTEXT_VERIFIED_JOIN",
  "cb24.NATIVE_CONTEXT_VERIFIED_SCHEMA",
  "cb24.OPEN_UNIVERSE_EXECUTION_ID",
  "cb24.OPEN_UNIVERSE_HANDSHAKE_JOIN",
  "cb24.OPEN_UNIVERSE_NATIVE_CONTEXT_NOT_PLAN",
  "cb24.OPEN_UNIVERSE_PLAN_ID",
  "cb24.OPEN_UNIVERSE_REPOSITORY_RESOLUTION",
  "cb24.OPEN_UNIVERSE_SCHEMA",
  "cb24.OPEN_UNIVERSE_SNAPSHOT_ID",
  "cb24.OPEN_UNIVERSE_UNIVERSE_KEY",
  "cb24.TERMINAL_COVERAGE",
  "cb24.UNAVAILABLE_AFFECTED_STAGES",
  "cb24.UNAVAILABLE_CONTEXTS_EQUAL",
  "cb24.UNAVAILABLE_CORRELATION",
  "cb24.UNAVAILABLE_PHASE",
  "cb24.UNAVAILABLE_SCHEMA",
  "cb24.UNIVERSE_ACCEPTED_BEFORE_OPEN",
  "cb24.UNIVERSE_ACCEPTED_ECHO",
  "cb24.UNIVERSE_ACCEPTED_SCHEMA"
 ],
 "conversionResolutionMeasured": {
  "ts": true,
  "rust": true
 },
 "failures": []
}

--- stderr ---

