{
 "control": "check_report_asset_binding",
 "structuralFailures": [],
 "vectors": {
  "count": 17,
  "passed": 17,
  "failed": []
 },
 "optionalFailureProperty": {
  "optionalRows": [
   {
    "underlyingRequiredClass": "success",
    "aggregateBefore": "success",
    "exitBefore": 0,
    "aggregateAfterOptionalAssetFailure": "success",
    "exitAfter": 0,
    "unchanged": true,
    "nonzeroStayedNonzero": true
   },
   {
    "underlyingRequiredClass": "indeterminate",
    "aggregateBefore": "indeterminate",
    "exitBefore": 3,
    "aggregateAfterOptionalAssetFailure": "indeterminate",
    "exitAfter": 3,
    "unchanged": true,
    "nonzeroStayedNonzero": true
   },
   {
    "underlyingRequiredClass": "policy-failed",
    "aggregateBefore": "policy-failed",
    "exitBefore": 1,
    "aggregateAfterOptionalAssetFailure": "policy-failed",
    "exitAfter": 1,
    "unchanged": true,
    "nonzeroStayedNonzero": true
   },
   {
    "underlyingRequiredClass": "operational-failed",
    "aggregateBefore": "operational-failed",
    "exitBefore": 4,
    "aggregateAfterOptionalAssetFailure": "operational-failed",
    "exitAfter": 4,
    "unchanged": true,
    "nonzeroStayedNonzero": true
   }
  ],
  "v1WordingWouldHaveResetTheseToZero": [
   "indeterminate",
   "policy-failed",
   "operational-failed"
  ],
  "requiredFaultStillDominates": {
   "before": "policy-failed",
   "exitBefore": 1,
   "after": "operational-failed",
   "exitAfter": 4
  }
 },
 "status": "PASS",
 "limits": "Models manifest admission and the pin check only. Establishes no browser behaviour, no release build, no signing and no qualification."
}
