{
  "schemaVersion": 1,
  "tool": {
    "name": "check-boundary",
    "version": "0.10.0-root-candidate",
    "typescript": "6.0.3",
    "node": "v24.16.0"
  },
  "lane": {
    "package": "typescript-provider",
    "packageRoot": "providers/typescript",
    "standing": "bound",
    "policy": "typescript-provider",
    "groups": [
      {
        "name": "node-build-scripts",
        "platform": "node",
        "runtimeClasses": [
          "dependencies",
          "optionalDependencies",
          "peerDependencies",
          "devDependencies"
        ]
      },
      {
        "name": "node-provider-runtime",
        "platform": "node",
        "runtimeClasses": [
          "dependencies",
          "optionalDependencies",
          "peerDependencies"
        ]
      }
    ]
  },
  "inventoryBinding": {
    "designLockSha256": "2d96b8c22caf6f6c5b6fb15182e1237b61ee05ffd41d7e0794149620e77f4c77",
    "selectedInventory": {
      "path": "docs/implementation/m1/repository-file-inventory.v6.json",
      "bytes": 118433,
      "sha256": "52e75edc8a30aa304d2f3e42f541a5ece1c00d9e1f21435651ac29776d0b81c1"
    },
    "inventoryStanding": "Proposed one-path additive generator TypeScript configuration; preserves all323inherited rows and20package definitions/policy.",
    "pinsVerified": [
      "parent",
      "candidate",
      "record",
      "review",
      "assent"
    ],
    "inventorySuccessorsVerified": 4,
    "acceptanceChain": "pins verified by bytes; review/assent semantics are owned by tools/verify_design.py and are not re-evaluated here",
    "inventoryRowsPresentUndeclared": [],
    "inputsWithoutInventoryRow": []
  },
  "topology": {
    "kind": "npm",
    "lockfile": "providers/typescript/package-lock.json",
    "lockfileSha256": "79df642a9abc7e3e4e61373751d4ba819066e3a873a56b08e590650516e920c4"
  },
  "passed": true,
  "refusals": [],
  "selectedToolPolicy": null,
  "trustedUsagesApplied": [],
  "edges": [],
  "stats": {
    "verifiedGeneratedFiles": 1,
    "edges": 0,
    "milliseconds": 101,
    "maxRssBytes": 158793728
  },
  "sourcePurityQualified": false,
  "dependencyClosureQualified": false,
  "limits": [
    "Static literal module requests only; no module is executed. Computed loaders are refused unless an exact trusted-usage record matches; eval/Function are refused in lane sources only.",
    "Existing generated JavaScript is recognized only when regular-file bytes equal the selected compiler emission from declared inputs. Changed, linked and unexpected outputs remain undeclared; no output-directory exemption.",
    "Build graph: TypeScript 6.0.3 resolution with the lane tsconfig (allowJs forced on, emit forced for analysis). It does not prove runtime resolvability.",
    "Node runtime graph: Node 24 non-executing resolution of TypeScript-emitted or materialized JavaScript. Load-time failures other than missing files, directory imports and node_modules type stripping are not modelled.",
    "Browser runtime graph: proposed esbuild0.28.2 explicit browser recipe; tool-owned inert bodies prevent dependency execution. Physical ownership and query/fragment suffix are separate. External plugin/config execution is not selected. Tool/bootstrap/source selection remains pending.",
    "AMD calls inside materialized dependencies of Node groups are treated as inert (no AMD loader) and are not followed.",
    "Inventory binding verifies design-lock pins only; the acceptance chain is owned by tools/verify_design.py."
  ]
}
