PASS baseline real v2: expect=ACCEPT got=ACCEPT :: {'passed': True, 'inputsVerified': 46, 'applicationManifestSha256': 'dab6e00fc3ccf82f015941bc767a10b18be9e6ca5f1c8598fa1fe9a4d05743f7', 'productQualification': 
PASS v1 lock carrying inventorySuccessor: expect=REFUSE got=REFUSE :: unsupported design lock
PASS v2 lock without inventorySuccessor: expect=REFUSE got=REFUSE :: unsupported design lock
PASS schemaVersion=2.0: expect=REFUSE got=REFUSE :: unsupported design lock
PASS schemaVersion='2': expect=REFUSE got=REFUSE :: unsupported design lock
PASS schemaVersion=3: expect=REFUSE got=REFUSE :: unsupported design lock
PASS schemaVersion=True: expect=REFUSE got=REFUSE :: unsupported design lock
PASS schemaVersion=None: expect=REFUSE got=REFUSE :: unsupported design lock
PASS inventorySuccessor=None: expect=REFUSE got=REFUSE :: inventory successor requires five closed pin bindings
PASS inventorySuccessor=[]: expect=REFUSE got=REFUSE :: inventory successor requires five closed pin bindings
PASS inventorySuccessor='x': expect=REFUSE got=REFUSE :: inventory successor requires five closed pin bindings
PASS inventorySuccessor={}: expect=REFUSE got=REFUSE :: inventory successor requires five closed pin bindings
PASS successor pin extra field: expect=REFUSE got=REFUSE :: pin must contain exactly path, sha256 and bytes
PASS successor pin uppercase sha: expect=REFUSE got=REFUSE :: pin must contain a lowercase SHA-256
PASS successor pin bytes True: expect=REFUSE got=REFUSE :: pin byte length must be a nonnegative integer
PASS successor pin bytes float: expect=REFUSE got=REFUSE :: pin byte length must be a nonnegative integer
PASS successor pin traversal: expect=REFUSE got=REFUSE :: noncanonical path: docs/../docs/implementation/m1/reviews/canonical-03/review.json
PASS successor pin missing file: expect=REFUSE got=REFUSE :: missing or escaping regular file: docs/implementation/m1/reviews/canonical-99/review.json
PASS select superseded unaccepted inventory v2 (honest repin): expect=REFUSE got=REFUSE :: successor candidate names a different subject
PASS select superseded record v1 (honest repin): expect=REFUSE got=REFUSE :: successor parent names a different subject
PASS select older canonical-02 review (honest repin): expect=REFUSE got=REFUSE :: independent inventory acceptance missing or findings remain
PASS swap record and review pins: expect=REFUSE got=REFUSE :: successor parent must be an object
PASS candidate path equals parent (parent as candidate): expect=REFUSE got=REFUSE :: inventory successor must preserve its parent artifact
PASS parent = different selected input: expect=REFUSE got=REFUSE :: successor parent names a different subject
PASS parent removed from inputs: expect=REFUSE got=REFUSE :: inventory parent is not a selected base input
PASS parent pin key order permuted (same values): expect=ACCEPT got=ACCEPT :: {'passed': True, 'inputsVerified': 46, 'applicationManifestSha256': 'dab6e00fc3ccf82f015941bc767a10b18be9e6ca5f1c8598fa1fe9a4d05743f7', 'productQualification': 
PASS assent pin -> review file (role confusion): expect=REFUSE got=REFUSE :: root inventory assent missing or findings remain
PASS scratch baseline (reserialized, rebound): expect=ACCEPT got=ACCEPT :: {'parent': 'docs/v2/architecture/repository-file-inventory.v1.json', 'selected': 'docs/implementation/m1/repository-file-inventory.v3.json', 'sha256': '63027fb6
UNEXPECTED inherited row generated false->0 (JSON type change): expect=REFUSE got=ACCEPT :: {'parent': 'docs/v2/architecture/repository-file-inventory.v1.json', 'selected': 'docs/implementation/m1/repository-file-inventory.v3.json', 'sha256': '4f32db79
UNEXPECTED inherited row generated false->0.0: expect=REFUSE got=ACCEPT :: {'parent': 'docs/v2/architecture/repository-file-inventory.v1.json', 'selected': 'docs/implementation/m1/repository-file-inventory.v3.json', 'sha256': 'be370a9b
PASS inherited row field reorder only: expect=ACCEPT got=ACCEPT :: {'parent': 'docs/v2/architecture/repository-file-inventory.v1.json', 'selected': 'docs/implementation/m1/repository-file-inventory.v3.json', 'sha256': 'c5800f29
PASS inherited row description edited: expect=REFUSE got=REFUSE :: inventory successor changed or removed an inherited row
PASS inherited row extra key: expect=REFUSE got=REFUSE :: inventory successor changed or removed an inherited row
PASS package dependency added: expect=REFUSE got=REFUSE :: additive inventory successor changed package or inventory policy
PASS pendingDecisions changed: expect=REFUSE got=REFUSE :: additive inventory successor changed package or inventory policy
PASS added row with undeclared package: expect=ACCEPT got=ACCEPT :: {'parent': 'docs/v2/architecture/repository-file-inventory.v1.json', 'selected': 'docs/implementation/m1/repository-file-inventory.v3.json', 'sha256': 'cce2dab4
PASS added row with noncanonical path ../escape: expect=ACCEPT got=ACCEPT :: {'parent': 'docs/v2/architecture/repository-file-inventory.v1.json', 'selected': 'docs/implementation/m1/repository-file-inventory.v3.json', 'sha256': 'cd67bbf1
PASS added row missing required row fields: expect=ACCEPT got=ACCEPT :: {'parent': 'docs/v2/architecture/repository-file-inventory.v1.json', 'selected': 'docs/implementation/m1/repository-file-inventory.v3.json', 'sha256': 'c5ee064f
PASS candidate rows unsorted: expect=REFUSE got=REFUSE :: inventory successor must contain sorted unique additions
PASS candidate removes inherited row, adds one: expect=REFUSE got=REFUSE :: inventory successor must contain sorted unique additions
PASS candidate identical rows (no addition): expect=REFUSE got=REFUSE :: inventory successor must contain sorted unique additions
PASS candidate top-level extra key: expect=REFUSE got=REFUSE :: additive inventory successor changed package or inventory policy
PASS candidate standing non-string: expect=ACCEPT got=ACCEPT :: {'parent': 'docs/v2/architecture/repository-file-inventory.v1.json', 'selected': 'docs/implementation/m1/repository-file-inventory.v3.json', 'sha256': '221fa599
UNEXPECTED candidate schemaVersion 1->True: expect=REFUSE got=ACCEPT :: {'parent': 'docs/v2/architecture/repository-file-inventory.v1.json', 'selected': 'docs/implementation/m1/repository-file-inventory.v3.json', 'sha256': '8f1dd9dc
PASS record parentArtifactBytesUnchanged "true": expect=REFUSE got=REFUSE :: successor must preserve parent bytes and inherited rows
PASS record independentAcceptancePending true (historical, ignored): expect=ACCEPT got=ACCEPT :: {'parent': 'docs/v2/architecture/repository-file-inventory.v1.json', 'selected': 'docs/implementation/m1/repository-file-inventory.v3.json', 'sha256': '63027fb6
PASS review verdict ACCEPT (not -UNIT): expect=REFUSE got=REFUSE :: independent inventory acceptance missing or findings remain
PASS review requiredFindings missing: expect=REFUSE got=REFUSE :: independent inventory acceptance missing or findings remain
PASS review assessment verdict CHANGES-REQUIRED: expect=REFUSE got=REFUSE :: independent inventory acceptance missing or findings remain
PASS review assessment bytes wrong: expect=REFUSE got=REFUSE :: review candidate names a different subject
UNEXPECTED review assessment bytes float-equal: expect=REFUSE got=ACCEPT :: {'parent': 'docs/v2/architecture/repository-file-inventory.v1.json', 'selected': 'docs/implementation/m1/repository-file-inventory.v3.json', 'sha256': '63027fb6
PASS review assessment parent path different: expect=REFUSE got=REFUSE :: review parent names a different subject
PASS review subject digest changed: expect=REFUSE got=REFUSE :: root and independent review subjects differ
PASS review subject digest missing both sides: expect=REFUSE got=REFUSE :: root and independent review subjects differ
PASS assent status ACCEPTED: expect=REFUSE got=REFUSE :: root inventory assent missing or findings remain
PASS assent requiredUnitFindings missing: expect=REFUSE got=REFUSE :: root inventory assent missing or findings remain
PASS assent rootSubstantiveAssent 1: expect=REFUSE got=REFUSE :: root inventory assent missing or findings remain
PASS assent acceptedInventory path differs: expect=REFUSE got=REFUSE :: root inventory names a different subject
PASS assent actualClaudeReview missing: expect=REFUSE got=REFUSE :: root review must be an object

TOTAL 59 probes; unexpected 4
UNEXPECTED (False, 'inherited row generated false->0 (JSON type change)', 'REFUSE', 'ACCEPT', "{'parent': 'docs/v2/architecture/repository-file-inventory.v1.json', 'selected': 'docs/implementation/m1/repository-file-inventory.v3.json', 'sha256': '4f32db79")
UNEXPECTED (False, 'inherited row generated false->0.0', 'REFUSE', 'ACCEPT', "{'parent': 'docs/v2/architecture/repository-file-inventory.v1.json', 'selected': 'docs/implementation/m1/repository-file-inventory.v3.json', 'sha256': 'be370a9b")
UNEXPECTED (False, 'candidate schemaVersion 1->True', 'REFUSE', 'ACCEPT', "{'parent': 'docs/v2/architecture/repository-file-inventory.v1.json', 'selected': 'docs/implementation/m1/repository-file-inventory.v3.json', 'sha256': '8f1dd9dc")
UNEXPECTED (False, 'review assessment bytes float-equal', 'REFUSE', 'ACCEPT', "{'parent': 'docs/v2/architecture/repository-file-inventory.v1.json', 'selected': 'docs/implementation/m1/repository-file-inventory.v3.json', 'sha256': '63027fb6")
