SURVIVED M01 drop parent-in-inputs :: OK
SURVIVED M02 drop candidate!=parent path :: OK
SURVIVED M03 record candidate without size :: OK
SURVIVED M04 drop record flags :: OK
SURVIVED M05 drop review verdict :: OK
SURVIVED M06 drop assessment verdict :: OK
SURVIVED M07 drop assessment findings :: OK
SURVIVED M08 drop review candidate join :: OK
SURVIVED M09 drop review parent join :: OK
SURVIVED M10 drop review record join :: OK
SURVIVED M11 drop assent status :: OK
KILLED   M12 drop assent unit findings :: FAILED (failures=1)
KILLED   M13 drop root review join :: FAILED (failures=5)
KILLED   M14 drop root inventory join :: FAILED (failures=1)
KILLED   M15 drop subject digest equality :: FAILED (failures=1)
KILLED   M16 drop top-level key set equality :: FAILED (failures=1)
KILLED   M17 exempt packages from equality :: FAILED (failures=1)
KILLED   M18 drop sorted check :: FAILED (failures=1)
SURVIVED M19 allow zero additions :: OK
KILLED   M20 drop inherited row equality :: FAILED (failures=1)
KILLED   M21 v1 may carry inventorySuccessor :: FAILED (errors=1)
KILLED   M22 v2 successor optional :: FAILED (failures=1)
SURVIVED M23 drop closed binding keys :: OK
KILLED   M24 drop duplicate row path :: FAILED (failures=1)
KILLED   M25 drop assent substantive :: FAILED (failures=1)
SURVIVED M26 drop review findings :: OK
SURVIVORS 14 ['M01 drop parent-in-inputs', 'M02 drop candidate!=parent path', 'M03 record candidate without size', 'M04 drop record flags', 'M05 drop review verdict', 'M06 drop assessment verdict', 'M07 drop assessment findings', 'M08 drop review candidate join', 'M09 drop review parent join', 'M10 drop review record join', 'M11 drop assent status', 'M19 allow zero additions', 'M23 drop closed binding keys', 'M26 drop review findings']
