{
  "standing": "Root exact transport and frozen owner verification. Not a consumer helper result, implementation qualification or complete charter assessment.",
  "sourceManifestSha256": "103ff649f0232748ebcb7dba54c5e61b1a02c08dfc1820343eff768585033fb8",
  "ownerSha256": "204e0f00bc18d46831d37b3df3adec315c84bc4551bbdf2542e84a9fc01e5e69",
  "parserSha256": "5a038450e3b182f11074ff514d541c7fc99402c5623f2691ffb2c6287fc9bd0c",
  "exportSha256": "6a9cbf4fc88ded78995b634310ed4eb4c4fcde1aafa4b64634e7394c939eb4e4",
  "runId": "run3:5435d936940e1742a35c09fa33a395b2a3c47596d4ec3cb842d1648dafac4da3",
  "sourceFilesVerified": 12893,
  "transportAdmission": "ADMIT",
  "structuralAdmission": "REFUSE",
  "semanticAdmission": "NOT-REACHED",
  "passed": false,
  "transportNotes": [
    {
      "transportLabel": "native.context.syntax.v2#4f350c0b63ae93a06a85c55f4da3c0b5623c9dbc7c2d7ffe6e1d26491a1c3a94",
      "domain": "native.context.syntax.v2",
      "frameDigest": "4f350c0b63ae93a06a85c55f4da3c0b5623c9dbc7c2d7ffe6e1d26491a1c3a94",
      "standing": "Verified frame bytes; not injected into product typed object table"
    },
    {
      "transportLabel": "native.semantic-universe.syntax.v2#24313157ca5153e3bb59b5be65e0af64dd345fff0e9a5d1b7c4231d93e823e3c",
      "domain": "native.semantic-universe.syntax.v2",
      "frameDigest": "24313157ca5153e3bb59b5be65e0af64dd345fff0e9a5d1b7c4231d93e823e3c",
      "standing": "Verified frame bytes; not injected into product typed object table"
    }
  ],
  "exceptionType": "AdmissionError",
  "reason": "POLICY_RULE_NOT_ADMISSIBLE:policy:rule.zz-disabled:POLICY.UNKNOWN_RULE"
}
