{
  "standing": "Root exact transport and frozen owner verification. Not a consumer helper result, implementation qualification or complete charter assessment.",
  "sourceManifestSha256": "103ff649f0232748ebcb7dba54c5e61b1a02c08dfc1820343eff768585033fb8",
  "ownerSha256": "204e0f00bc18d46831d37b3df3adec315c84bc4551bbdf2542e84a9fc01e5e69",
  "parserSha256": "5a038450e3b182f11074ff514d541c7fc99402c5623f2691ffb2c6287fc9bd0c",
  "exportSha256": "439e8bdcd2444adaf0780467d0b12e1018013077eccdfc63c78c3e4ea6fe05df",
  "runId": "run3:538f3f587a59eaa0ec1133f2a435f7e2c1b648c856f0f6b252fc07b8e8fb36c3",
  "sourceFilesVerified": 12893,
  "transportAdmission": "ADMIT",
  "structuralAdmission": "REFUSE",
  "semanticAdmission": "NOT-REACHED",
  "passed": false,
  "transportNotes": [
    {
      "transportLabel": "native.context.typescript.v2#93be5c023765d4630319e8f39ad44e1e9ebe1b802bb95db6e7d71d445a331164",
      "domain": "native.context.typescript.v2",
      "frameDigest": "93be5c023765d4630319e8f39ad44e1e9ebe1b802bb95db6e7d71d445a331164",
      "standing": "Verified frame bytes; not injected into product typed object table"
    },
    {
      "transportLabel": "native.semantic-universe.typescript.v2#de6899e474005d33d1a366c67625ceb6f47f86677b6b2e7664a97bdde87f5786",
      "domain": "native.semantic-universe.typescript.v2",
      "frameDigest": "de6899e474005d33d1a366c67625ceb6f47f86677b6b2e7664a97bdde87f5786",
      "standing": "Verified frame bytes; not injected into product typed object table"
    }
  ],
  "exceptionType": "AdmissionError",
  "reason": "NATIVE_UNIVERSE_BINDING:native.config-graph-kind-contradicts-path:tsconfig.base.json"
}
