$ /tmp/opensip-architecture-review-env/bin/python -I -B tools/replay_all.py
exit 0
--- stdout ---
cmp-base ADMIT None
cmp-budget ADMIT None
cmp-code-det2 ADMIT None
cmp-code-detc ADMIT None
cmp-code ADMIT None
cmp-empty ADMIT None
cmp-evidence ADMIT None
cmp-gbase ADMIT None
cmp-gevidence ADMIT None
cmp-gmissing ADMIT None
cmp-hidden ADMIT None
cmp-policy ADMIT None
cmp-scope ADMIT None
cmp-waiver ADMIT None
rust-ambiguous ADMIT None
rust-ambiguous~ambiguous-fact-present REFUSE BODY_LANGUAGE_OWNER_AMBIGUOUS:fact2:d5a39fcee963992f99a2529281607ac73f8a754309854c0d8280ee332b6b1963
rust-extra-unit ADMIT None
rust-mixed-clones-required ADMIT None
rust-mixed ADMIT None
rust-mixed~compiler-version-not-from-manifest REFUSE native.native-context-compiler-version-not-from-manifest
rust-mixed~config-projection-mismatch REFUSE native.universe-context-field-mismatch:configProjectionSha256
rust-mixed~edition-crate-missing REFUSE cb24.ownership-crate-not-in-edition-map:b
rust-mixed~stdlib-component-not-in-llvm REFUSE native.native-context-stdlib-tree-mismatch:liballoc.rlib
rust-mixed~unit-id-not-derived REFUSE cb24.sourceUnitOwnership.unitId-not-derived:sha256:ffffffffffffffffffffffffffffffffffffffffffffffffffffffffffffffff
rust-partial ADMIT None
rust-partial~partial-fact-present REFUSE BODY_LANGUAGE_OWNER_UNENUMERATED:fact2:dad1b55bc82ccf22ac901ec4c72add5e63d73bffe90468f38a1559fd4ecbc9e4
rust-same-file-2021 ADMIT None
syntax-code ADMIT None
syntax-code~budget-exhausted ADMIT None
syntax-code~clone-level-spec-not-in-grammar REFUSE BODY_NORMALIZATION_SPECIFICATION_NOT_IN_CLOSURE:fact2:1ad4521ea3622f4981477b45ea52f5fcdcbc629e293019f7a7f773bf585262c4
syntax-code~explicit-endpoint-source ADMIT None
syntax-code~grammar-version-not-from-manifest REFUSE native.syntax-grammar-version-not-from-manifest
syntax-code~hidden-selected-coverage REFUSE EXECUTION_INPUTS_SELECTED_COVER
syntax-code~inventory-file-row-dropped REFUSE ENUMERATION_INVENTORY_FILE_TOTALITY
syntax-code~l0-span-mismatch REFUSE CLONE_L0_PAYLOAD_NOT_ANCHOR_SPAN:fact2:99f0af5135e03934752c385afc5744d37bfda1dacd14af9b05ee83672e2d69fe
syntax-code~membership-reordered REFUSE ENUMERATION_MEMBERSHIP_ORDER:rows
syntax-code~partition-overlap REFUSE SUBJECT_SCOPE_PARTITION_OVERLAP:declares@syntactic:sym:src/a.ts#add:view2:3a217539711f377c2af0c2b52f2d5a3fa92518119c8b0d6a9b6a43c9242ea01b
syntax-code~raw-context-record-as-h REFUSE cb24.native-frame-invalid:2356bab69513393d4f939d6055c9a4dbd8a3fc6823928b5365726441443b30b2:FRAME_PREFIX
syntax-code~row-view-omitted ADMIT None
syntax-code~stage-output-schema-relation-doc REFUSE STAGE_OUTPUT_SCHEMA_REGISTRATION_MISMATCH:0
syntax-code~unit-kind-other-family REFUSE ENUMERATION_MEMBERSHIP_ORDER:unitKind-family:0
syntax-code~unit-root-external-sentinel REFUSE ENUMERATION_MEMBERSHIP_UNIT_ROOT:0:rootPath
syntax-code~view-producer-not-selected REFUSE VIEW_PRODUCER_CLOSURE_NOT_SELECTED:view2:07efbdc7dd10507c878120c8325e8c16e77dd34c35165c4a2700ea6bfc88d786
syntax-data ADMIT None
syntax-mixed-disclosed ADMIT None
syntax-mixed-falsecomplete REFUSE SYNTAX_CAPABILITY_UNSUPPORTED_SCOPE:coverage2:cc5f721975378b9764ab726a74d2151b36acee7bde9da26934138b808d406ec4
syntax-mixed-omitted ADMIT None
ts-clones-required ADMIT None
ts-fail ADMIT None
ts-pass ADMIT None
ts-pass~compiler-version-not-from-manifest REFUSE native.native-context-compiler-version-not-from-manifest
ts-pass~config-graph-path-outside-snapshot REFUSE cb24.snapshot-join:configGraphPaths:tsconfig.extra.json
ts-pass~config-node-kind-wrong REFUSE native.config-graph-kind-contradicts-path:tsconfig.base.json
ts-pass~hidden-import REFUSE EXECUTION_INPUTS_SELECTED_COVER
ts-pass~import-kind-payload-mismatch REFUSE IMPORT.KIND_PAYLOAD_MISMATCH:import2:968da2aa93a4ab77d130d75e279ffd08f2a09419417c121ef752647756530f9c
ts-pass~import-not-in-grant REFUSE SEMANTIC_GRANT_READ_IMPORT_JOIN
ts-pass~import-stale-snapshot REFUSE IMPORT.STALE_FOR_PLAN:snapshot-differs:import2:62e6e1f2d8df7688a85081b0b962598f6da6b988f5cd56a2d92db9c23603b62c
ts-pass~import-window-mismatch REFUSE ATOM_IMPORT_OBSERVATION_PAYLOAD_JOIN:window:import2:ac81d55fdf4b16e96bdec9ed2e4bb050a66b07f99c2c1c48da13cc904e23c129
ts-pass~layout-entry-missing-bytes REFUSE EVIDENCE_UNAVAILABLE:nodeModulesLayout:node_modules/left-pad
ts-pass~lockfile-digest-mismatch REFUSE cb24.snapshot-join:lockfileIdentity:package-lock.json
ts-pass~pruned-read-nested-node-modules REFUSE SNAPSHOT_PRUNED_TREE_NOT_A_READ:node_modules/left-pad/node_modules/evil/index.js
ts-pass~pruned-read-vcs-tree REFUSE SNAPSHOT_PRUNED_TREE_NOT_A_READ:node_modules/left-pad/.git/config
ts-pass~scope-document-duplicate REFUSE ANALYSIS_SPEC_PARAMETER_SELECTION_AMBIGUOUS:workflows/schemas/policy-document.schema.json#/$defs/ScopeDocumentV1
ts-pass~stdlib-inventory-incomplete REFUSE native.native-context-stdlib-inventory-incomplete:lib.dom.d.ts
ts-pass~unit-kind-not-mode-projection REFUSE ENUMERATION_MEMBERSHIP_ORDER:unitKind:0
ts-pass~universe-contradicts-context REFUSE native.universe-context-field-mismatch:allowJs
replays 66 without-result []

--- stderr ---

