$ /tmp/opensip-architecture-review-env/bin/python -I -B tools/phase8_envelopes.py
exit 1
--- stdout ---

--- stderr ---
Traceback (most recent call last):
  File "/private/tmp/opensip-design-corrections/consumer-b.v24-source41.v1/output/tools/phase8_envelopes.py", line 737, in <module>
    sys.exit(main())
             ^^^^^^
  File "/private/tmp/opensip-design-corrections/consumer-b.v24-source41.v1/output/tools/phase8_envelopes.py", line 728, in main
    cases = host_captured_vs_candidate()
            ^^^^^^^^^^^^^^^^^^^^^^^^^^^^
  File "/private/tmp/opensip-design-corrections/consumer-b.v24-source41.v1/output/tools/phase8_envelopes.py", line 544, in host_captured_vs_candidate
    o_calls, accs, rows, _ = XI.derive_outcome(ci_calls, cells[ci_calls], cells[ci_calls]["programBindings"][0], obs, ctx, faults)
                             ^^^^^^^^^^^^^^^^^^^^^^^^^^^^^^^^^^^^^^^^^^^^^^^^^^^^^^^^^^^^^^^^^^^^^^^^^^^^^^^^^^^^^^^^^^^^^^^^^^^^^
  File "/private/tmp/opensip-design-corrections/consumer-b.v24-source41.v1/output/ref/execinputs.py", line 170, in derive_outcome
    returned = attributed_views(cell, b, ctx)
               ^^^^^^^^^^^^^^^^^^^^^^^^^^^^^^
  File "/private/tmp/opensip-design-corrections/consumer-b.v24-source41.v1/output/ref/execinputs.py", line 134, in attributed_views
    for vid in ctx["candidate_views"]:
               ~~~^^^^^^^^^^^^^^^^^^^
KeyError: 'candidate_views'

