$ /tmp/opensip-architecture-review-env/bin/python -I -B tools/prepost_s41.py
exit 0
--- stdout ---
cmp-base ids-equal True | pre/orig ADMIT | post/orig ADMIT None | pre/cur ADMIT | post/cur ADMIT
cmp-budget ids-equal True | pre/orig ADMIT | post/orig ADMIT None | pre/cur ADMIT | post/cur ADMIT
cmp-code-det2 ids-equal True | pre/orig ADMIT | post/orig ADMIT None | pre/cur ADMIT | post/cur ADMIT
cmp-code-detc ids-equal True | pre/orig ADMIT | post/orig ADMIT None | pre/cur ADMIT | post/cur ADMIT
cmp-code ids-equal True | pre/orig ADMIT | post/orig ADMIT None | pre/cur ADMIT | post/cur ADMIT
cmp-empty ids-equal True | pre/orig ADMIT | post/orig ADMIT None | pre/cur ADMIT | post/cur ADMIT
cmp-evidence ids-equal True | pre/orig ADMIT | post/orig ADMIT None | pre/cur ADMIT | post/cur ADMIT
cmp-gbase ids-equal True | pre/orig ADMIT | post/orig ADMIT None | pre/cur ADMIT | post/cur ADMIT
cmp-gevidence ids-equal True | pre/orig ADMIT | post/orig ADMIT None | pre/cur ADMIT | post/cur ADMIT
cmp-gmissing ids-equal True | pre/orig ADMIT | post/orig ADMIT None | pre/cur ADMIT | post/cur ADMIT
cmp-hidden ids-equal True | pre/orig ADMIT | post/orig ADMIT None | pre/cur ADMIT | post/cur ADMIT
cmp-policy ids-equal True | pre/orig ADMIT | post/orig ADMIT None | pre/cur ADMIT | post/cur ADMIT
cmp-scope ids-equal True | pre/orig ADMIT | post/orig ADMIT None | pre/cur ADMIT | post/cur ADMIT
cmp-waiver ids-equal True | pre/orig ADMIT | post/orig ADMIT None | pre/cur ADMIT | post/cur ADMIT
rust-ambiguous ids-equal True | pre/orig ADMIT | post/orig ADMIT None | pre/cur ADMIT | post/cur ADMIT
rust-extra-unit ids-equal True | pre/orig ADMIT | post/orig ADMIT None | pre/cur ADMIT | post/cur ADMIT
rust-mixed-clones-required ids-equal True | pre/orig ADMIT | post/orig ADMIT None | pre/cur ADMIT | post/cur ADMIT
rust-mixed ids-equal True | pre/orig ADMIT | post/orig ADMIT None | pre/cur ADMIT | post/cur ADMIT
rust-partial ids-equal True | pre/orig ADMIT | post/orig ADMIT None | pre/cur ADMIT | post/cur ADMIT
rust-same-file-2021 ids-equal True | pre/orig ADMIT | post/orig ADMIT None | pre/cur ADMIT | post/cur ADMIT
syntax-code ids-equal False | pre/orig ADMIT | post/orig REFUSE EXECUTION_INPUTS_VIEW_TOTALITY:1:0 | pre/cur ADMIT | post/cur ADMIT
syntax-data ids-equal False | pre/orig ADMIT | post/orig REFUSE EXECUTION_INPUTS_VIEW_TOTALITY:1:0 | pre/cur ADMIT | post/cur ADMIT
syntax-mixed-disclosed ids-equal False | pre/orig ADMIT | post/orig REFUSE EXECUTION_INPUTS_VIEW_TOTALITY:1:0 | pre/cur ADMIT | post/cur ADMIT
syntax-mixed-falsecomplete ids-equal False | pre/orig REFUSE | post/orig REFUSE SYNTAX_CAPABILITY_UNSUPPORTED_SCOPE:coverage2:cc5f721975378b9764ab726a74d2151b36acee7bde9da26934138b808d406ec4 | pre/cur REFUSE | post/cur REFUSE
syntax-mixed-omitted ids-equal False | pre/orig ADMIT | post/orig REFUSE EXECUTION_INPUTS_VIEW_TOTALITY:1:0 | pre/cur ADMIT | post/cur ADMIT
ts-clones-required ids-equal True | pre/orig ADMIT | post/orig ADMIT None | pre/cur ADMIT | post/cur ADMIT
ts-fail ids-equal True | pre/orig ADMIT | post/orig ADMIT None | pre/cur ADMIT | post/cur ADMIT
ts-pass ids-equal True | pre/orig ADMIT | post/orig ADMIT None | pre/cur ADMIT | post/cur ADMIT
control syntax-code~unit-kind-other-family | pre ADMIT None | post REFUSE ENUMERATION_MEMBERSHIP_ORDER:unitKind-family:0
control syntax-code~unit-root-external-sentinel | pre REFUSE SCHEMA_REFUSED:unit-membership:None[{'path': '/units/0/rootPath', 'message': "'.' does not match '^(?:|(?!\\\\.\\\\.?(?:/|(?![\\\\s\\\\S])))[^\\\\u0000\\\\\\\\/]+(/(?!\\\\.\\\\.?(?:/|(?![\\\\s\\\\S])))[^\\\\u0000\\\\\\\\/]+)*)(?![\\\\s\\\\S])'", 'keyword': 'pattern'}][] | post REFUSE ENUMERATION_MEMBERSHIP_UNIT_ROOT:0:rootPath
control syntax-code~row-view-omitted | pre REFUSE EXECUTION_INPUTS_OUTCOME_DERIVE | post REFUSE EXECUTION_INPUTS_VIEW_TOTALITY:0:0
control ts-pass~unit-kind-not-mode-projection | pre ADMIT None | post REFUSE ENUMERATION_MEMBERSHIP_ORDER:unitKind:0
{
 "standing": "pre/post matrix for the source41 helper corrections; every computed cell is a fresh-process closure over exact exported bytes; orientation for what the corrections changed, never an oracle",
 "positives": 27,
 "positiveIdentitiesUnchanged": 23,
 "positivesPreCodeOriginalBytesAdmit": 27,
 "positivesPostCodeOriginalBytesAdmit": 23,
 "positivesPreCodeCurrentBytesAdmit": 27,
 "positivesPostCodeCurrentBytesAdmit": 27,
 "controlsPreCodeAdmit": [
  "syntax-code~unit-kind-other-family",
  "ts-pass~unit-kind-not-mode-projection"
 ],
 "controlsPostCodeRefuse": [
  "syntax-code~unit-kind-other-family",
  "syntax-code~unit-root-external-sentinel",
  "syntax-code~row-view-omitted",
  "ts-pass~unit-kind-not-mode-projection"
 ]
}

--- stderr ---

