   Compiling itoa v1.0.18
   Compiling memchr v2.8.3
   Compiling serde_core v1.0.229
   Compiling zmij v1.0.23
   Compiling serde_json v1.0.151
   Compiling serde v1.0.229
   Compiling opensip-named-contracts-trial v0.0.0 (/tmp/opensip-implementation/m1-eight-output-trial-01/compile-rust)
warning: comparison is useless due to type limits
    --> /tmp/opensip-implementation/m1-eight-output-trial-01/output-a/crates/contracts/src/generated/identity.rs:3026:12
     |
3026 |         if value.chars().count() < 0usize {
     |            ^^^^^^^^^^^^^^^^^^^^^^^^^^^^^^
     |
     = note: `#[warn(unused_comparisons)]` on by default

warning: `opensip-named-contracts-trial` (lib) generated 1 warning
    Finished `dev` profile [unoptimized + debuginfo] target(s) in 11.88s
     Running `/tmp/opensip-implementation/m1-eight-output-trial-01/compile-rust/target/debug/opensip-named-contracts-trial`

thread 'main' (88153108) panicked at src/main.rs:11:3:
assertion `left == right` failed: case "parser-refusal-no-invented-detail"
  left: Object {"diagnostics": Array [String("Unknown option. See opensip help.")], "exitCode": Number(2), "kind": String("failure"), "requestId": String("req1_aaaaaaaaaaaaaaaaaaaaaaaaaaaaaaaa"), "schemaFamily": String("opensip.product.envelope"), "schemaMajor": Number(4), "termination": Object {"class": String("request-rejected"), "errorCode": String("REQUEST.UNKNOWN_OPTION")}}
 right: Object {"diagnostics": Array [String("Unknown option. See opensip help.")], "errors": Array [], "exitCode": Number(2), "kind": String("failure"), "requestId": String("req1_aaaaaaaaaaaaaaaaaaaaaaaaaaaaaaaa"), "schemaFamily": String("opensip.product.envelope"), "schemaMajor": Number(4), "termination": Object {"class": String("request-rejected"), "errorCode": String("REQUEST.UNKNOWN_OPTION")}}
note: run with `RUST_BACKTRACE=1` environment variable to display a backtrace
