{
  stack: 'MissingPointerError: Missing $ref pointer "#/definitions/T00053". Token "T00053" does not exist.\n' +
    '    at Pointer.resolve (/private/tmp/opensip-implementation/m1-generator-trial-01/ts/node_modules/.pnpm/@apidevtools+json-schema-ref-parser@11.9.3/node_modules/@apidevtools/json-schema-ref-parser/dist/lib/pointer.js:129:23)\n' +
    '    at $Ref.resolve (/private/tmp/opensip-implementation/m1-generator-trial-01/ts/node_modules/.pnpm/@apidevtools+json-schema-ref-parser@11.9.3/node_modules/@apidevtools/json-schema-ref-parser/dist/lib/ref.js:111:38)\n' +
    '    at $Refs._resolve (/private/tmp/opensip-implementation/m1-generator-trial-01/ts/node_modules/.pnpm/@apidevtools+json-schema-ref-parser@11.9.3/node_modules/@apidevtools/json-schema-ref-parser/dist/lib/refs.js:168:21)\n' +
    '    at dereference$Ref (/private/tmp/opensip-implementation/m1-generator-trial-01/ts/node_modules/.pnpm/@apidevtools+json-schema-ref-parser@11.9.3/node_modules/@apidevtools/json-schema-ref-parser/dist/lib/dereference.js:191:27)\n' +
    '    at crawl (/private/tmp/opensip-implementation/m1-generator-trial-01/ts/node_modules/.pnpm/@apidevtools+json-schema-ref-parser@11.9.3/node_modules/@apidevtools/json-schema-ref-parser/dist/lib/dereference.js:105:40)\n' +
    '    at crawl (/private/tmp/opensip-implementation/m1-generator-trial-01/ts/node_modules/.pnpm/@apidevtools+json-schema-ref-parser@11.9.3/node_modules/@apidevtools/json-schema-ref-parser/dist/lib/dereference.js:136:44)\n' +
    '    at crawl (/private/tmp/opensip-implementation/m1-generator-trial-01/ts/node_modules/.pnpm/@apidevtools+json-schema-ref-parser@11.9.3/node_modules/@apidevtools/json-schema-ref-parser/dist/lib/dereference.js:136:44)\n' +
    '    at crawl (/private/tmp/opensip-implementation/m1-generator-trial-01/ts/node_modules/.pnpm/@apidevtools+json-schema-ref-parser@11.9.3/node_modules/@apidevtools/json-schema-ref-parser/dist/lib/dereference.js:136:44)\n' +
    '    at crawl (/private/tmp/opensip-implementation/m1-generator-trial-01/ts/node_modules/.pnpm/@apidevtools+json-schema-ref-parser@11.9.3/node_modules/@apidevtools/json-schema-ref-parser/dist/lib/dereference.js:136:44)\n' +
    '    at dereference (/private/tmp/opensip-implementation/m1-generator-trial-01/ts/node_modules/.pnpm/@apidevtools+json-schema-ref-parser@11.9.3/node_modules/@apidevtools/json-schema-ref-parser/dist/lib/dereference.js:55:26)',
  code: 'EMISSINGPOINTER',
  name: 'MissingPointerError',
  message: 'Missing $ref pointer "#/definitions/T00053". Token "T00053" does not exist.',
  source: '/Users/sb/code/opensip-ai/opensip_arch/',
  path: null,
  toJSON: [Function: toJSON],
  targetToken: 'T00053',
  targetRef: '#/definitions/T00053',
  targetFound: '#/definitions',
  parentPath: '#/definitions/Identity3Root/x-opensip-digest-domains/scope/schemaSelectors',
  footprint: 'null+/Users/sb/code/opensip-ai/opensip_arch/+EMISSINGPOINTER+Missing $ref pointer "#/definitions/T00053". Token "T00053" does not exist.',
  toString: [Function: toString]
}
