   Compiling proc-macro2 v1.0.107
   Compiling unicode-ident v1.0.24
   Compiling quote v1.0.47
   Compiling serde_core v1.0.229
   Compiling zmij v1.0.23
   Compiling serde v1.0.229
   Compiling serde_json v1.0.151
   Compiling libc v0.2.189
    Checking itoa v1.0.18
    Checking memchr v2.8.3
   Compiling getrandom v0.4.3
    Checking cfg-if v1.0.4
   Compiling opensip-platform v0.1.0 (/tmp/opensip-implementation/m2-grok-admission-runtime-selection-v1-review/review/copy/product/crates/platform)
    Checking sha2-const-stable v0.1.0
    Checking opensip-identity v0.1.0 (/tmp/opensip-implementation/m2-grok-admission-runtime-selection-v1-review/review/copy/product/crates/identity)
   Compiling syn v3.0.5
   Compiling serde_derive v1.0.229
    Checking opensip-contracts v0.1.0 (/tmp/opensip-implementation/m2-grok-admission-runtime-selection-v1-review/review/copy/product/crates/contracts)
    Checking opensip-reporting v0.1.0 (/tmp/opensip-implementation/m2-grok-admission-runtime-selection-v1-review/review/copy/product/crates/reporting)
    Checking opensip-host v0.1.0 (/tmp/opensip-implementation/m2-grok-admission-runtime-selection-v1-review/review/copy/product/crates/host)
    Checking admission-runtime-consumer v0.0.0 (/tmp/opensip-implementation/m2-grok-admission-runtime-selection-v1-review/review/copy/consumer)
error[E0432]: unresolved import `opensip_identity::Program`
 --> src/main.rs:1:5
  |
1 | use opensip_identity::Program; fn main(){}
  |     ^^^^^^^^^^^^^^^^^^^^^^^^^ no `Program` in the root

For more information about this error, try `rustc --explain E0432`.
error: could not compile `admission-runtime-consumer` (bin "admission-runtime-consumer") due to 1 previous error
