    Checking admission-runtime-consumer v0.0.0 (/tmp/opensip-implementation/m2-grok-admission-runtime-selection-v1-review/review/copy/consumer)
warning: unreachable expression
 --> src/main.rs:1:104
  |
1 | ... let _ = IdentityCandidate{ domain: todo!(), shape: todo!(), identifier: String::new() }; }
  |                                        -------         ^^^^^^^ unreachable expression
  |                                        |
  |                                        any code following this expression is unreachable
  |
  = note: `#[warn(unreachable_code)]` (part of `#[warn(unused)]`) on by default

error[E0451]: fields `domain`, `shape` and `identifier` of struct `IdentityCandidate` are private
 --> src/main.rs:1:80
  |
1 | ... main(){ let _ = IdentityCandidate{ domain: todo!(), shape: todo!(), identifier: String::new() }; }
  |                                        ^^^^^^           ^^^^^           ^^^^^^^^^^ private field
  |                                        |                |
  |                                        |                private field
  |                                        private field

For more information about this error, try `rustc --explain E0451`.
warning: `admission-runtime-consumer` (bin "admission-runtime-consumer") generated 1 warning
error: could not compile `admission-runtime-consumer` (bin "admission-runtime-consumer") due to 1 previous error; 1 warning emitted
