   Compiling proc-macro2 v1.0.107
   Compiling unicode-ident v1.0.24
   Compiling quote v1.0.47
   Compiling serde_core v1.0.229
   Compiling zmij v1.0.23
   Compiling serde v1.0.229
   Compiling libc v0.2.189
   Compiling serde_json v1.0.151
   Compiling getrandom v0.4.3
   Compiling itoa v1.0.18
   Compiling memchr v2.8.3
   Compiling cfg-if v1.0.4
   Compiling syn v3.0.5
   Compiling opensip-platform v0.1.0 (/private/tmp/opensip-implementation/m1-grok-cli-metadata-review-03/review/mutants/drop-detail-labels/crates/platform)
   Compiling serde_derive v1.0.229
   Compiling opensip-contracts v0.1.0 (/private/tmp/opensip-implementation/m1-grok-cli-metadata-review-03/review/mutants/drop-detail-labels/crates/contracts)
   Compiling opensip-reporting v0.1.0 (/private/tmp/opensip-implementation/m1-grok-cli-metadata-review-03/review/mutants/drop-detail-labels/crates/reporting)
   Compiling opensip-host v0.1.0 (/private/tmp/opensip-implementation/m1-grok-cli-metadata-review-03/review/mutants/drop-detail-labels/crates/host)
   Compiling opensip-cli v0.1.0 (/private/tmp/opensip-implementation/m1-grok-cli-metadata-review-03/review/mutants/drop-detail-labels/apps/cli)
    Finished `test` profile [unoptimized + debuginfo] target(s) in 19.41s
     Running tests/startup_tests.rs (/tmp/opensip-implementation/m1-grok-cli-metadata-review-03/review/results/mutant-target/debug/deps/startup_tests-9df1f8937d1bf17e)
error: test failed, to rerun pass `-p opensip-cli --test startup_tests`
