     Locking 21 packages to latest Rust 1.95.0 compatible versions
   Compiling proc-macro2 v1.0.107
   Compiling quote v1.0.47
   Compiling unicode-ident v1.0.24
   Compiling serde_core v1.0.229
   Compiling zmij v1.0.23
   Compiling serde v1.0.229
   Compiling libc v0.2.189
   Compiling serde_json v1.0.151
   Compiling getrandom v0.4.3
   Compiling memchr v2.8.3
   Compiling itoa v1.0.18
   Compiling opensip-platform v0.1.0 (/tmp/opensip-implementation/m2-grok-retained-records-review-04/review/copy/product/crates/platform)
   Compiling cfg-if v1.0.4
   Compiling sha2-const-stable v0.1.0
   Compiling opensip-identity v0.1.0 (/tmp/opensip-implementation/m2-grok-retained-records-review-04/review/copy/product/crates/identity)
   Compiling syn v3.0.5
   Compiling serde_derive v1.0.229
   Compiling opensip-contracts v0.1.0 (/tmp/opensip-implementation/m2-grok-retained-records-review-04/review/copy/product/crates/contracts)
   Compiling opensip-reporting v0.1.0 (/tmp/opensip-implementation/m2-grok-retained-records-review-04/review/copy/product/crates/reporting)
   Compiling opensip-host v0.1.0 (/tmp/opensip-implementation/m2-grok-retained-records-review-04/review/copy/product/crates/host)
   Compiling records-negatives v0.0.0 (/tmp/opensip-implementation/m2-grok-retained-records-review-04/review/probes/records-negatives)
warning: unused variable: `unit`
  --> src/main.rs:89:9
   |
89 |     let unit = parse_json(
   |         ^^^^ help: if this is intentional, prefix it with an underscore: `_unit`
   |
   = note: `#[warn(unused_variables)]` (part of `#[warn(unused)]`) on by default

warning: `records-negatives` (bin "records-negatives") generated 1 warning (run `cargo fix --bin "records-negatives" -p records-negatives` to apply 1 suggestion)
    Finished `dev` profile [unoptimized + debuginfo] target(s) in 20.56s
     Running `/tmp/opensip-implementation/m2-grok-retained-records-review-04/review/neg-target/debug/records-negatives`
