{
 "repinned": 23,
 "entries": [
  {
   "manifest": "docs/coop/design-corrections/foundation/source-pins.v1.json",
   "path": "docs/coop/design-corrections/foundation/check-identity.py",
   "was": "3a9563fe90b1beb58d65534b43a0ba90807493c349270a4eb4ea3dfd54191031",
   "now": "8c9a4485398c876cb8f6ea00334957cc1da09d2d81246c5b66eddc7ad3dad9af"
  },
  {
   "manifest": "docs/coop/design-corrections/foundation/source-pins.v1.json",
   "path": "docs/coop/design-corrections/foundation/identity-model.py",
   "was": "998b6be8a7ae2d32209ad912615413475a7270c292e5281426977cd9ef3d9aad",
   "now": "4c51375e02c12fb539ddbaa18ea61ebaefe48234e7c8c9df47e841c8436f8877"
  },
  {
   "manifest": "docs/coop/design-corrections/foundation/source-pins.v1.json",
   "path": "docs/coop/design-corrections/foundation/identity-schemas.v2.json",
   "was": "5900c29f4ccffda36fbce539c77306e1869cc84b60f29287931e7dda475bb3d8",
   "now": "f127fb117c3f3526fa6fad62a63e203a75e510fc7950f8e3dfd5b736d614e287"
  },
  {
   "manifest": "docs/coop/design-corrections/foundation/source-pins.v1.json",
   "path": "docs/coop/design-corrections/foundation/relation-payload-schemas.v2.json",
   "was": "aa058f414dbbef991d66496554d82233dfb35a5a03163f08bb840db2c201d5ab",
   "now": "d018fb432d7bee1337b09444f2f59947f61bf1f6a1d1740ac04d55ca8e7b4996"
  },
  {
   "manifest": "docs/coop/design-corrections/foundation/source-pins.v1.json",
   "path": "docs/coop/design-corrections/native/check_native_evidence.v2.py",
   "was": "0a3ed9a00ce2c6be13d6de92623e36d6799b798c83ea505ca2ae2b130118d35f",
   "now": "eefa5ea20046670c0424e72da97a6ad22d12749871bc37428730bdc283b720d0"
  },
  {
   "manifest": "docs/coop/design-corrections/foundation/source-pins.v1.json",
   "path": "docs/coop/design-corrections/native/native-capability-matrix.v2.json",
   "was": "d1b44a78619719dd662803d3d1a26c292ca5188cf5852ecc9d9e437fcbe70c4b",
   "now": "cc252f36279b32de69b5c1673197be8184fbc151ec009a47cab658a88b759728"
  },
  {
   "manifest": "docs/coop/design-corrections/foundation/source-pins.v1.json",
   "path": "docs/coop/design-corrections/native/native-cases.v2.json",
   "was": "e1ef7aacfcaeb24f0f9ae09531aeb5b8725c748b0369a9cb978b37ab9703ff34",
   "now": "0a7ca403f874fc8fa56ab4477e0a98bc6fd70a05e00d5497a8169d248fcb8b05"
  },
  {
   "manifest": "docs/coop/design-corrections/foundation/source-pins.v1.json",
   "path": "docs/coop/design-corrections/native/native-evidence.schemas.v2.json",
   "was": "064a1cef6ba8edaee3aef0499d6b0998a7c49c29c5a6bc057ac53fff6e35e49d",
   "now": "277a36086e9f764cd70795701da3022711fd81aa56c37f5356a778578468693d"
  },
  {
   "manifest": "docs/coop/design-corrections/foundation/source-pins.v1.json",
   "path": "docs/coop/design-corrections/native/native_evidence_model.v2.py",
   "was": "63442990fcc9b3b05c1ce232ae57eb06ed1be17f5e326207b7766c4148bc8312",
   "now": "40f345721fe33f71217d80e2b09ff167a446789eebabb8651d9fc56a7baed416"
  },
  {
   "manifest": "docs/coop/design-corrections/foundation/source-pins.v1.json",
   "path": "docs/v2/contracts/product-v1/admission-and-qualification.md",
   "was": "be8c98313b77e5ac4798beb77623f229ab705c15299e6576e921f93537748f66",
   "now": "b9b6c1f7d07f71949ceceaf356165d62d3bce29573c77c54fa1cfdf99da98853"
  },
  {
   "manifest": "docs/coop/design-corrections/foundation/source-pins.v1.json",
   "path": "docs/v2/contracts/product-v1/identity-and-evidence.md",
   "was": "40c1df53e3484eb5b231b9709d88dacc709a45d989b5a29d14bbbf3f8d100742",
   "now": "22381eef26f652cefeb0a94bf66a1e9add3f417693a9f40b36db1e90f66e5b09"
  },
  {
   "manifest": "docs/coop/design-corrections/native/source-pins.v2.json",
   "path": "docs/coop/design-corrections/foundation/check-identity.py",
   "was": "3a9563fe90b1beb58d65534b43a0ba90807493c349270a4eb4ea3dfd54191031",
   "now": "8c9a4485398c876cb8f6ea00334957cc1da09d2d81246c5b66eddc7ad3dad9af"
  },
  {
   "manifest": "docs/coop/design-corrections/native/source-pins.v2.json",
   "path": "docs/coop/design-corrections/foundation/identity-model.py",
   "was": "998b6be8a7ae2d32209ad912615413475a7270c292e5281426977cd9ef3d9aad",
   "now": "4c51375e02c12fb539ddbaa18ea61ebaefe48234e7c8c9df47e841c8436f8877"
  },
  {
   "manifest": "docs/coop/design-corrections/native/source-pins.v2.json",
   "path": "docs/coop/design-corrections/foundation/identity-schemas.v2.json",
   "was": "5900c29f4ccffda36fbce539c77306e1869cc84b60f29287931e7dda475bb3d8",
   "now": "f127fb117c3f3526fa6fad62a63e203a75e510fc7950f8e3dfd5b736d614e287"
  },
  {
   "manifest": "docs/coop/design-corrections/native/source-pins.v2.json",
   "path": "docs/coop/design-corrections/foundation/relation-payload-schemas.v2.json",
   "was": "aa058f414dbbef991d66496554d82233dfb35a5a03163f08bb840db2c201d5ab",
   "now": "d018fb432d7bee1337b09444f2f59947f61bf1f6a1d1740ac04d55ca8e7b4996"
  },
  {
   "manifest": "docs/coop/design-corrections/native/source-pins.v2.json",
   "path": "docs/coop/design-corrections/native/check_native_evidence.v2.py",
   "was": "0a3ed9a00ce2c6be13d6de92623e36d6799b798c83ea505ca2ae2b130118d35f",
   "now": "eefa5ea20046670c0424e72da97a6ad22d12749871bc37428730bdc283b720d0"
  },
  {
   "manifest": "docs/coop/design-corrections/native/source-pins.v2.json",
   "path": "docs/coop/design-corrections/native/native-capability-matrix.v2.json",
   "was": "d1b44a78619719dd662803d3d1a26c292ca5188cf5852ecc9d9e437fcbe70c4b",
   "now": "cc252f36279b32de69b5c1673197be8184fbc151ec009a47cab658a88b759728"
  },
  {
   "manifest": "docs/coop/design-corrections/native/source-pins.v2.json",
   "path": "docs/coop/design-corrections/native/native-cases.v2.json",
   "was": "e1ef7aacfcaeb24f0f9ae09531aeb5b8725c748b0369a9cb978b37ab9703ff34",
   "now": "0a7ca403f874fc8fa56ab4477e0a98bc6fd70a05e00d5497a8169d248fcb8b05"
  },
  {
   "manifest": "docs/coop/design-corrections/native/source-pins.v2.json",
   "path": "docs/coop/design-corrections/native/native-evidence.schemas.v2.json",
   "was": "064a1cef6ba8edaee3aef0499d6b0998a7c49c29c5a6bc057ac53fff6e35e49d",
   "now": "277a36086e9f764cd70795701da3022711fd81aa56c37f5356a778578468693d"
  },
  {
   "manifest": "docs/coop/design-corrections/native/source-pins.v2.json",
   "path": "docs/coop/design-corrections/native/native_evidence_model.v2.py",
   "was": "63442990fcc9b3b05c1ce232ae57eb06ed1be17f5e326207b7766c4148bc8312",
   "now": "40f345721fe33f71217d80e2b09ff167a446789eebabb8651d9fc56a7baed416"
  },
  {
   "manifest": "docs/coop/design-corrections/native/source-pins.v2.json",
   "path": "docs/v2/contracts/product-v1/identity-and-evidence.md",
   "was": "40c1df53e3484eb5b231b9709d88dacc709a45d989b5a29d14bbbf3f8d100742",
   "now": "22381eef26f652cefeb0a94bf66a1e9add3f417693a9f40b36db1e90f66e5b09"
  },
  {
   "manifest": "docs/coop/design-corrections/native/source-pins.v2.json",
   "path": "docs/v2/contracts/product-v1/native-evidence.md",
   "was": "d880d8d7d741f07d8ffb29c03b09f1976db0215122c14fc3827c898328325a61",
   "now": "0b6e67852198b32ca8e54ca3eeb46740e4f12a9dd49dc463bad5c6eead55fbe8"
  },
  {
   "manifest": "docs/coop/design-corrections/native/source-pins.v2.json",
   "path": "docs/v2/contracts/product-v1/security-and-lifecycle.md",
   "was": "8e1870d8330213e8993f4319bc53b1cec606dea000a172052ab88064fb09144a",
   "now": "7c95766ae3c2af475ca53259dff81e2009d49fb34175d2f305a144a5f2a7defe"
  }
 ]
}
