$ /tmp/opensip-architecture-review-env/bin/python -I -B vectors/phase3_traces.py
exit 0
--- stdout ---
{
 "failures": [],
 "controls": {
  "pairwiseDisjointOverlaps": [],
  "preCompleteDerivation": true,
  "ruleCount": 34,
  "rulesExercised": [
   "FAULT-absorb",
   "P3-01",
   "P3-02",
   "P3-03",
   "P3-04",
   "P3-05",
   "P3-06",
   "P3-07",
   "P3-08",
   "P3-09",
   "P3-10",
   "P3-11",
   "P3-12",
   "P3-13",
   "P3-14",
   "P3-15",
   "P3-16",
   "P3-17",
   "P3-18",
   "P3-19",
   "P3-20",
   "P3-21",
   "P3-22",
   "P3-23",
   "P3-24",
   "P3-25",
   "P3-26",
   "P3-27",
   "P3-28",
   "P3-29",
   "P3-30",
   "P3-31",
   "P3-32",
   "P3-33",
   "P3-34",
   "payload:hello-ack-echo-mismatch(s9.1-step2)",
   "post-terminal-frame"
  ],
  "rowsNotExercised": []
 }
}

--- stderr ---

