$ /tmp/opensip-architecture-review-env/bin/python -I -B tools/finalize_review.py
exit 0
--- stdout ---
{
 "verdict": "CHANGES_REQUIRED",
 "basis": {
  "newMustIssues": 0,
  "newShouldIssues": 0,
  "unexecutedAcceptBlocking": [
   "R-DELIVER-MD-JSON",
   "R-VERDICT-ENUM",
   "R-MUST-SHOULD-ADVISORY",
   "R-NO-ACCEPT-IF-INCOMPLETE",
   "R-NO-QUALIFICATION-CLAIM"
  ],
  "failed": [],
  "claimedCompletePositivesAllAdmittedReplayedExported": true,
  "claimedCompletePositivesRetainedClosureAdmittedAndReachableSetEqual": true,
  "retentionNegativesAllPass": true,
  "finalCustody": "PASS",
  "closureControlsRefusedByCorrectedCode": true,
  "ownSource41ExportDefectCorrected": "HC-47"
 },
 "checkpointUnexecuted": [],
 "checkpointFailed": [],
 "counts": {
  "requirements (R-*)": 123,
  "standingRules (S-*)": 8,
  "futureQualification (F-*)": 3,
  "executed": 126,
  "unexecuted": 5,
  "failed": 0,
  "claimedCompletePositives": 27
 }
}

--- stderr ---

