guardSitesInV18=10  guardSitesInV17=0
  V18 guard line=171   'refusal' in exp
  V18 guard line=384   'refusal' in case['expect']
  V18 guard line=407   'refusal' in case['expect']
  V18 guard line=1112  'refusal' in case['expect']
  V18 guard line=1158  'recoverRefusal' in exp
  V18 guard line=1171  'refusal' in exp
  V18 guard line=1203  'refusal' in exp
  V18 guard line=1226  'refusal' in exp
  V18 guard line=1320  'refusal' in case['expect']
  V18 guard line=1360  'refusal' in exp
rolledBack(V18) == parse(V17) : True
rolledBack(V18) == rolledBack(V17): True
guardKeys: ['recoverRefusal', 'refusal']

--- unguarded defaulting-comparison sweep over V18 ---
unguardedDefaultingComparisonsRemaining=10
  {"line": 171, "key": "refusal", "expr": "exp.get('refusal') == r.detail", "handlerVar": "r"}
  {"line": 384, "key": "refusal", "expr": "case['expect'].get('refusal') == x.detail", "handlerVar": "x"}
  {"line": 407, "key": "refusal", "expr": "exc.detail == case['expect'].get('refusal')", "handlerVar": "exc"}
  {"line": 1112, "key": "refusal", "expr": "case['expect'].get('refusal') == r.detail", "handlerVar": "r"}
  {"line": 1171, "key": "refusal", "expr": "exp.get('refusal') == r.detail", "handlerVar": "r"}
  {"line": 1226, "key": "refusal", "expr": "exp.get('refusal') == r.detail", "handlerVar": "r"}
  {"line": 1320, "key": "refusal", "expr": "case['expect'].get('refusal') == r.detail", "handlerVar": "r"}
  {"line": 1158, "key": "recoverRefusal", "expr": "exp.get('recoverRefusal') == r.detail", "handlerVar": "r"}
  {"line": 1203, "key": "refusal", "expr": "exp.get('refusal') == r.detail", "handlerVar": "r"}
  {"line": 1360, "key": "refusal", "expr": "exp.get('refusal') == r.detail", "handlerVar": "r"}

totalExceptHandlersInV18Checker=23
handlersReferencingDetail=17
  line=267   var=exc  except M.Refusal as exc:
  line=282   var=r    except M.Refusal as r:
  line=287   var=r    except M.Refusal as r:
  line=549   var=exc  except M.Refusal as exc:
  line=170   var=r    except M.Refusal as r:
  line=239   var=exc  except M.Refusal as exc:
  line=383   var=x    except M.Refusal as x:
  line=406   var=exc  except M.Refusal as exc:
  line=555   var=exc  except M.Refusal as exc:
  line=613   var=exc  except M.Refusal as exc:
  line=1111  var=r    except M.Refusal as r:
  line=1170  var=r    except M.Refusal as r:
  line=1225  var=r    except M.Refusal as r:
  line=1319  var=r    except M.Refusal as r:
  line=1157  var=r    except M.Refusal as r:
  line=1202  var=r    except M.Refusal as r:
  line=1359  var=r    except M.Refusal as r:
