=== V18 (candidate) ===
handlers=23
  line 267   var=exc  NO expected-refusal comparison | check('baseline.adopt-refuses-an-unselected-scope-document', exc.detail == 'BASE
  line 282   var=r    NO expected-refusal comparison | check('baseline.tamper-detected', r.detail == 'IMPORT.ARTIFACT_CORRUPT')
  line 287   var=r    NO expected-refusal comparison | check('baseline.ephemeral-cannot-adopt', r.detail == 'BASELINE.SOURCE_EPHEMERAL'
  line 549   var=exc  NO expected-refusal comparison | check('policy.cross-relation-rung-refuses', exc.error_code == 'CONFIG.INVALID', 
  line 50    var=e    NO expected-refusal comparison | return (False, str(e).splitlines()[0][:200])
  line 171   var=r    GUARDED              key=refusal         exp.get('refusal') == r.detail
  line 239   var=exc  NO expected-refusal comparison | return exc.detail
  line 384   var=x    GUARDED              key=refusal         case['expect'].get('refusal') == x.detail
  line 384   var=x    SAFE(raises)         key=errorCode       case['expect']['errorCode'] == x.error_code
  line 407   var=exc  GUARDED              key=refusal         exc.detail == case['expect'].get('refusal')
  line 555   var=exc  NO expected-refusal comparison | return exc.detail
  line 613   var=exc  NO expected-refusal comparison | return exc.detail
  line 692   var=exc  NO expected-refusal comparison | return ('REFUSE', exc.error_code + '|' + exc.remedy)
  line 781   var=exc  NO expected-refusal comparison | return ('REFUSE:' + exc.remedy.split(':')[0], None)
  line 786   var=exc  NO expected-refusal comparison | return exc.remedy.split(':')[0]
  line 1112  var=r    GUARDED              key=refusal         case['expect'].get('refusal') == r.detail
  line 1171  var=r    GUARDED              key=refusal         exp.get('refusal') == r.detail
  line 1226  var=r    GUARDED              key=refusal         exp.get('refusal') == r.detail
  line 1253  var=None NO expected-refusal comparison | check('mutation-key.' + field + '-cannot-reuse-key', True)
  line 1296  var=None NO expected-refusal comparison | check('purge.envelope-refuses-' + name, True)
  line 1320  var=r    GUARDED              key=refusal         case['expect'].get('refusal') == r.detail
  line 1158  var=r    GUARDED              key=recoverRefusal  exp.get('recoverRefusal') == r.detail
  line 1203  var=r    GUARDED              key=refusal         exp.get('refusal') == r.detail
  line 1360  var=r    GUARDED              key=refusal         exp.get('refusal') == r.detail
V18 (candidate): unguardedDefaulting=0

=== V17 (predecessor) ===
handlers=23
  line 267   var=exc  NO expected-refusal comparison | check('baseline.adopt-refuses-an-unselected-scope-document', exc.detail == 'BASE
  line 282   var=r    NO expected-refusal comparison | check('baseline.tamper-detected', r.detail == 'IMPORT.ARTIFACT_CORRUPT')
  line 287   var=r    NO expected-refusal comparison | check('baseline.ephemeral-cannot-adopt', r.detail == 'BASELINE.SOURCE_EPHEMERAL'
  line 549   var=exc  NO expected-refusal comparison | check('policy.cross-relation-rung-refuses', exc.error_code == 'CONFIG.INVALID', 
  line 50    var=e    NO expected-refusal comparison | return (False, str(e).splitlines()[0][:200])
  line 171   var=r    UNGUARDED-DEFAULTING key=refusal         exp.get('refusal') == r.detail
  line 239   var=exc  NO expected-refusal comparison | return exc.detail
  line 384   var=x    UNGUARDED-DEFAULTING key=refusal         case['expect'].get('refusal') == x.detail
  line 384   var=x    SAFE(raises)         key=errorCode       case['expect']['errorCode'] == x.error_code
  line 407   var=exc  UNGUARDED-DEFAULTING key=refusal         exc.detail == case['expect'].get('refusal')
  line 555   var=exc  NO expected-refusal comparison | return exc.detail
  line 613   var=exc  NO expected-refusal comparison | return exc.detail
  line 692   var=exc  NO expected-refusal comparison | return ('REFUSE', exc.error_code + '|' + exc.remedy)
  line 781   var=exc  NO expected-refusal comparison | return ('REFUSE:' + exc.remedy.split(':')[0], None)
  line 786   var=exc  NO expected-refusal comparison | return exc.remedy.split(':')[0]
  line 1112  var=r    UNGUARDED-DEFAULTING key=refusal         case['expect'].get('refusal') == r.detail
  line 1171  var=r    UNGUARDED-DEFAULTING key=refusal         exp.get('refusal') == r.detail
  line 1226  var=r    UNGUARDED-DEFAULTING key=refusal         exp.get('refusal') == r.detail
  line 1253  var=None NO expected-refusal comparison | check('mutation-key.' + field + '-cannot-reuse-key', True)
  line 1296  var=None NO expected-refusal comparison | check('purge.envelope-refuses-' + name, True)
  line 1320  var=r    UNGUARDED-DEFAULTING key=refusal         case['expect'].get('refusal') == r.detail
  line 1158  var=r    UNGUARDED-DEFAULTING key=recoverRefusal  exp.get('recoverRefusal') == r.detail
  line 1203  var=r    UNGUARDED-DEFAULTING key=refusal         exp.get('refusal') == r.detail
  line 1360  var=r    UNGUARDED-DEFAULTING key=refusal         exp.get('refusal') == r.detail
V17 (predecessor): unguardedDefaulting=10

SUMMARY unguardedDefaulting  V17=10  V18=0
