nonLiteralDetailArgs=12
   (701, 'None')
   (978, 'None')
   (1137, 'None')
   (1142, 'None')
   (1151, 'None')
   (1616, "d['unmetPreconditions'][0]['code']")
   (1642, "'REPAIR.RECIPE_TRUST_REVOKED' if trust.get(d['recipe']['closureId']) == 'revoked")
   (1060, 'None')
   (1065, 'None')
   (1082, 'None')
   (1158, 'None')
   (1539, 'None')

caseGroups=24
expectationKeysPresent=21 named=21 explicitNull=0
counter {'refusal:named': 21}

casesWithErrorCodeKey=6  explicitNullErrorCode=0
   ('invocationCases', 'ledger-busy-budget-exhausted', 'LEDGER.BUSY_TIMEOUT')
   ('invocationCases', 'host-io-not-retried', 'HOST.IO_FAILURE')
   ('invocationCases', 'operational-fault-dominates-committed-policy-failure', 'DELIVERY.REQUIRED_FAILED')
   ('invocationCases', 'audit-renderer-fault-post-commit-exit-4-with-run', 'DELIVERY.REQUIRED_FAILED')
   ('invocationCases', 'audit-analysis-operational-fault-still-gates', 'HOST.IO_FAILURE')
   ('importCases', 'unmapped-artifact-refused', 'CONFIG.INVALID')
