invocation       inj=unconditional oldFails=4   newFails=28  falsePassesRemoved=24  oldOnly=0
        + newly caught: invocation.audit-10k-inherited-plus-one-net-new-exit-1.refusal  detail=None
        + newly caught: invocation.audit-10k-inherited-run-fail-comparison-pass-exit-0.refusal  detail=None
        + newly caught: invocation.audit-analysis-operational-fault-still-gates.refusal  detail=None
        + newly caught: invocation.audit-comparison-zero-findings-coverage-unknown-exit-3.refusal  detail=None
import           inj=call#2       oldFails=0   newFails=1   falsePassesRemoved=1   oldOnly=0
        + newly caught: import.same-payload-different-correspondence-different-wrapper.refusal  detail=None
source-mapping   inj=unconditional oldFails=1   newFails=2   falsePassesRemoved=1   oldOnly=0
        + newly caught: source-mapping.mapping-joins-snapshot-inventory  detail=None
repair-preview   inj=unconditional oldFails=12  newFails=37  falsePassesRemoved=25  oldOnly=0
        + newly caught: repair.apply-completes-and-tree-matches-postimages  detail=None
        + newly caught: repair.apply-fault-mid-rename-rolls-back  detail=None
        + newly caught: repair.apply-fault-with-corrupt-target-is-recovery-blocked  detail=None
        + newly caught: repair.apply-replay-is-idempotent  detail=None
repair-recover   inj=call#2       oldFails=0   newFails=1   falsePassesRemoved=1   oldOnly=0
        + newly caught: repair.recover-from-applying-journal-rolls-back  detail=None
repair-apply     inj=unconditional oldFails=6   newFails=12  falsePassesRemoved=6   oldOnly=0
        + newly caught: repair.apply-completes-and-tree-matches-postimages  detail=None
        + newly caught: repair.apply-fault-mid-rename-rolls-back  detail=None
        + newly caught: repair.apply-fault-with-corrupt-target-is-recovery-blocked  detail=None
        + newly caught: repair.apply-replay-is-idempotent  detail=None
repair-verify    inj=unconditional oldFails=1   newFails=4   falsePassesRemoved=3   oldOnly=0
        + newly caught: repair.apply-completes-and-tree-matches-postimages.verify  detail=None
        + newly caught: repair.verify-link-is-separate-from-immutable-receipt.verify  detail=None
        + newly caught: repair.verify-seals-new-run-not-evidence-run.verify  detail=None
test-execution   inj=unconditional oldFails=18  newFails=21  falsePassesRemoved=3   oldOnly=0
        + newly caught: test.admitted-disclosed-not-confined  detail=None
        + newly caught: test.interactive-consent-outside-ci-admits  detail=None
        + newly caught: test.toolchain-member-admits  detail=None
render           NO USABLE INJECTION (all attempts crashed the checker) - preserved
review           inj=unconditional oldFails=2   newFails=6   falsePassesRemoved=4   oldOnly=0
        + newly caught: review.exact-365-calendar-days-admitted  detail=None
        + newly caught: review.expired-suppression-resurfaces-with-flag  detail=None
        + newly caught: review.reject-disposition-suppresses-until-date  detail=None
        + newly caught: review.stable-reviewed-clone-survives-new-run  detail=None

contextsWithUsableInjection=9/10
TOTAL falsePassesRemoved=68  regressions=0
preservedFailedAttempts=8
