changedFiles=11
 EXECUTABLE-CHECKER   1
       docs/coop/design-corrections/workflows/check_workflows.v1.py
 crosswalk-record     1
       docs/coop/design-corrections/correction-crosswalk.proposed.json
 generated-report     3
       docs/coop/design-corrections/validation-summary.v1.json
       docs/coop/design-corrections/workflows/workflows-report.v1.json
       docs/coop/design-corrections/workflows/workflows-validation-report.json
 narrative-record     1
       docs/coop/design-corrections/README.md
 review-record        1
       docs/coop/design-corrections/reviews/NEXT-REVIEW.md
 source-pin           4
       docs/coop/design-corrections/foundation/source-pins.v1.json
       docs/coop/design-corrections/native/source-pins.v2.json
       docs/coop/design-corrections/security/source-pins.v1.json
       docs/coop/design-corrections/workflows/source-pins.v1.json

lawBearingFilesChanged=0  -> NONE
lawBearingFilesInV18=42  byteIdenticalToV17=42  newInV18=0

checkCallSites v17=334 v18=334  removedInV18=7  addedInV18=7
everyAddedSiteIsAGuardedVariantOfARemovedOne=True
addedSitesThatAreExactlyOldSitePlusMembershipConjunct=0 of 7
