cfp.c:193:14: warning: 'sandbox_init' is deprecated: first deprecated in macOS 10.8 - No longer supported [-Wdeprecated-declarations]
  193 |     int rc = sandbox_init("(version 1)(allow default)", 0, &err);
      |              ^
/Library/Developer/CommandLineTools/SDKs/MacOSX.sdk/usr/include/sandbox.h:49:5: note: 'sandbox_init' has been explicitly marked deprecated here
   49 | int sandbox_init(const char *profile, uint64_t flags, char **errorbuf);
      |     ^
cfp.c:195:14: warning: 'sandbox_free_error' is deprecated: first deprecated in macOS 10.8 - No longer supported [-Wdeprecated-declarations]
  195 |     if (err) sandbox_free_error(err);
      |              ^
/Library/Developer/CommandLineTools/SDKs/MacOSX.sdk/usr/include/sandbox.h:68:6: note: 'sandbox_free_error' has been explicitly marked deprecated here
   68 | void sandbox_free_error(char *errorbuf);
      |      ^
cfp.c:200:14: warning: 'sandbox_free_error' is deprecated: first deprecated in macOS 10.8 - No longer supported [-Wdeprecated-declarations]
  200 |     if (err) sandbox_free_error(err);
      |              ^
/Library/Developer/CommandLineTools/SDKs/MacOSX.sdk/usr/include/sandbox.h:68:6: note: 'sandbox_free_error' has been explicitly marked deprecated here
   68 | void sandbox_free_error(char *errorbuf);
      |      ^
cfp.c:335:14: warning: 'sandbox_init' is deprecated: first deprecated in macOS 10.8 - No longer supported [-Wdeprecated-declarations]
  335 |         rc = sandbox_init(kSBXProfileNoNetwork, SANDBOX_NAMED, &err); e = errno;
      |              ^
/Library/Developer/CommandLineTools/SDKs/MacOSX.sdk/usr/include/sandbox.h:49:5: note: 'sandbox_init' has been explicitly marked deprecated here
   49 | int sandbox_init(const char *profile, uint64_t flags, char **errorbuf);
      |     ^
cfp.c:341:18: warning: 'sandbox_init' is deprecated: first deprecated in macOS 10.8 - No longer supported [-Wdeprecated-declarations]
  341 |             rc = sandbox_init(t3, 0, &err); e = errno;
      |                  ^
/Library/Developer/CommandLineTools/SDKs/MacOSX.sdk/usr/include/sandbox.h:49:5: note: 'sandbox_init' has been explicitly marked deprecated here
   49 | int sandbox_init(const char *profile, uint64_t flags, char **errorbuf);
      |     ^
cfp.c:343:18: warning: 'sandbox_init' is deprecated: first deprecated in macOS 10.8 - No longer supported [-Wdeprecated-declarations]
  343 |             rc = sandbox_init(text, 0, &err); e = errno;
      |                  ^
/Library/Developer/CommandLineTools/SDKs/MacOSX.sdk/usr/include/sandbox.h:49:5: note: 'sandbox_init' has been explicitly marked deprecated here
   49 | int sandbox_init(const char *profile, uint64_t flags, char **errorbuf);
      |     ^
cfp.c:355:14: warning: 'sandbox_free_error' is deprecated: first deprecated in macOS 10.8 - No longer supported [-Wdeprecated-declarations]
  355 |     if (err) sandbox_free_error(err);
      |              ^
/Library/Developer/CommandLineTools/SDKs/MacOSX.sdk/usr/include/sandbox.h:68:6: note: 'sandbox_free_error' has been explicitly marked deprecated here
   68 | void sandbox_free_error(char *errorbuf);
      |      ^
cfp.c:525:32: warning: 'sandbox_init' is deprecated: first deprecated in macOS 10.8 - No longer supported [-Wdeprecated-declarations]
  525 |     Dl_info di; dladdr((void *)sandbox_init, &di);
      |                                ^
/Library/Developer/CommandLineTools/SDKs/MacOSX.sdk/usr/include/sandbox.h:49:5: note: 'sandbox_init' has been explicitly marked deprecated here
   49 | int sandbox_init(const char *profile, uint64_t flags, char **errorbuf);
      |     ^
8 warnings generated.
