ProductName:		macOS
ProductVersion:		27.0
BuildVersion:		26A428
Darwin Shauns-MacBook-Pro.local 27.0.0 Darwin Kernel Version 27.0.0: Tue Aug 11 21:06:40 PDT 2026; root:xnu-13432.1.9~1/RELEASE_ARM64_T6050 arm64
/Library/Developer/CommandLineTools/SDKs/MacOSX.sdk
27.0
Apple clang version 21.0.0 (clang-2100.3.34.2)
H host pid=93997 self=/private/var/folders/rq/jfj79dls03s0zb6d839wcqlh0000gn/T/cfp-probe/cfp closure=/private/var/folders/rq/jfj79dls03s0zb6d839wcqlh0000gn/T/cfp-probe
H dlsym sandbox_init=1 sandbox_init_with_parameters=1 sandbox_check=1 sandbox_compile_string=0 sandbox_apply=0 image=/usr/lib/system/libsystem_sandbox.dylib
H sibling pid=93998 tcp_closed=52653 udp_closed=61281

=== RUN r01-control-none api=none set=control target=/private/var/folders/rq/jfj79dls03s0zb6d839wcqlh0000gn/T/cfp-probe/cfp scratch=/private/var/folders/rq/jfj79dls03s0zb6d839wcqlh0000gn/T/cfp-probe/runs-20261004T034346/r01-control-none/scratch
H spawned pid=93999 getsid=93999 getpgid=93999 (expect both == pid)
H kevent register EVFILT_PROC NOTE_EXIT|NOTE_EXITSTATUS rc=0
  | L api=none rc=0 errno=0 apply_us=1 err=(null) sandbox_check=0
  | C set=control exe=/private/var/folders/rq/jfj79dls03s0zb6d839wcqlh0000gn/T/cfp-probe/cfp
  | T st.sandbox_check           INFO   value=0
  | T st.ids                     INFO   pid=93999 ppid=93997 sid=93999 pgid=93999 cwd=/private/var/folders/rq/jfj79dls03s0zb6d839wcqlh0000gn/T/cfp-probe/runs-20261004T034346/r01-control-none/scratch
  | T st.dev_tty                 FAILED  errno=6(Device not configured) controlling terminal
  | T st.fds                     INFO   open=[0 1 2 3 4 ]
  | T st.signals_rlimit          INFO   sigpipe=default sigusr2_blocked=0 rlimit_core=0/0
  | E OPENSIP_PROBE_CLASS=provider
  | E LANG=C
  | T net.tcp.socket             ALLOWED 
  | T net.tcp.connect.closed     FAILED  errno=61(Connection refused) 127.0.0.1 closed port
  | T net.udp.socket             ALLOWED 
  | T net.udp.sendto.closed      ALLOWED 1 byte to 127.0.0.1 closed port
  | T net.dns.example.com        ALLOWED gai=0(ok) addrs=2
  | T net.unix.connect.listener  ALLOWED test-created pathname listener
  | T mach.lookup                ALLOWED kr=0 com.apple.dnssd.service
  | T mach.lookup                ALLOWED kr=0 com.apple.SystemConfiguration.configd
  | T wr.in.create               ALLOWED cwd=scratch
  | T wr.in.mkdir                ALLOWED 
  | T wr.devnull                 ALLOWED 
  | T wr.out.create              ALLOWED 
  | T wr.out.open_trunc          ALLOWED 
  | T wr.out.append              ALLOWED 
  | T wr.out.truncate            ALLOWED 
  | T wr.out.chmod               ALLOWED 
  | T wr.out.utimes              ALLOWED 
  | T wr.out.setxattr            ALLOWED 
  | T wr.out.mkdir               ALLOWED 
  | T wr.out.symlink_create      ALLOWED 
  | T wr.rename.in_to_out        ALLOWED scratch/inside.txt -> outside
  | T wr.symlink.write_through   ALLOWED scratch/link -> outside/existing.txt
  | T wr.hardlink.create         ALLOWED link(outside/existing.txt, scratch/hl)
  | T wr.hardlink.write          ALLOWED write scratch/hl
  | T wr.prelinked.write         ALLOWED host-planted scratch/prehl == outside/prelinked.txt
  | T wr.rename.out_to_in        ALLOWED outside/victim.txt -> scratch
  | T wr.out.unlink              ALLOWED 
  | T rd.out.file                ALLOWED canary bytes READ (reads unrestricted)
  | T env.procargs2.self         ALLOWED pid=93999 bytes=756 canary=FOUND
  | T env.procargs2.host         ALLOWED pid=93997 bytes=2388 canary=FOUND
  | T env.procargs2.sibling      ALLOWED pid=93998 bytes=620 canary=FOUND
  | T env.procargs.host          ALLOWED pid=93997 bytes=2408 canary=FOUND
  | T env.pidinfo.host           ALLOWED proc_pidinfo PROC_PIDTBSDINFO
  | T env.pidpath.host           ALLOWED 
  | T env.listpids.all           ALLOWED bytes=4124
  | T sig.kill.host.SIGUSR1      ALLOWED 
  | T sig.kill.host.0            ALLOWED 
  | T sig.kill.self.0            ALLOWED 
  | T proc.reinit.sandbox_init   ALLOWED rc=0 err=(null)
  | T proc.reinit.with_params    ALLOWED rc=0 err=(null)
  | T proc.fork                  ALLOWED 
  | T proc.posix_spawn.target    ALLOWED spawn of the TARGET binary itself
  | T proc.posix_spawn.other     ALLOWED /usr/bin/true
  | T proc.setsid                DENIED  errno=1(Operation not permitted) already a session leader (SETSID): EPERM is not Seatbelt
  | C done
H kevent n=1 fflags=0x84000000 data(status)=0x0
H waitid(WNOWAIT) rc=0 si_code=1 si_status=0; kill(pid,0)=0 (zombie still reserved)
H wait4 rc=93999 exited=1 code=0 signaled=0 sig=0 maxrss=13893632
H post host SIGUSR1 received=1; unix listener accepted=1
H post existing.txt MISSING errno=2
H post prelinked.txt bytes="PRELINKED-ORIGINAL|VIA-PRELINK|"
H post outside/ entries: sl prelinked.txt moved.txt dir readable.txt new.txt

=== RUN r02-provider-initp api=initp set=provider target=/private/var/folders/rq/jfj79dls03s0zb6d839wcqlh0000gn/T/cfp-probe/cfp scratch=/private/var/folders/rq/jfj79dls03s0zb6d839wcqlh0000gn/T/cfp-probe/runs-20261004T034346/r02-provider-initp/scratch
H spawned pid=94003 getsid=94003 getpgid=94003 (expect both == pid)
H kevent register EVFILT_PROC NOTE_EXIT|NOTE_EXITSTATUS rc=0
  | L api=initp rc=0 errno=0 apply_us=4325 err=(null) sandbox_check=1
  | C set=provider exe=/private/var/folders/rq/jfj79dls03s0zb6d839wcqlh0000gn/T/cfp-probe/cfp
  | T st.sandbox_check           INFO   value=1
  | T st.ids                     INFO   pid=94003 ppid=93997 sid=94003 pgid=94003 cwd=/private/var/folders/rq/jfj79dls03s0zb6d839wcqlh0000gn/T/cfp-probe/runs-20261004T034346/r02-provider-initp/scratch
  | T st.dev_tty                 DENIED  errno=1(Operation not permitted) controlling terminal
  | T st.fds                     INFO   open=[0 1 2 3 4 ]
  | T st.signals_rlimit          INFO   sigpipe=default sigusr2_blocked=0 rlimit_core=0/0
  | E OPENSIP_PROBE_CLASS=provider
  | E LANG=C
  | T net.tcp.socket             ALLOWED 
  | T net.tcp.connect.closed     DENIED  errno=1(Operation not permitted) 127.0.0.1 closed port
  | T net.udp.socket             ALLOWED 
  | T net.udp.sendto.closed      DENIED  errno=1(Operation not permitted) 1 byte to 127.0.0.1 closed port
  | T net.dns.example.com        DENIED? gai=8(nodename nor servname provided, or not known) addrs=0
  | T net.unix.connect.listener  DENIED  errno=1(Operation not permitted) test-created pathname listener
  | T mach.lookup                DENIED? kr=1100 com.apple.dnssd.service
  | T mach.lookup                DENIED? kr=1100 com.apple.SystemConfiguration.configd
  | T wr.in.create               ALLOWED cwd=scratch
  | T wr.in.mkdir                ALLOWED 
  | T wr.devnull                 ALLOWED 
  | T wr.out.create              DENIED  errno=1(Operation not permitted) 
  | T wr.out.open_trunc          DENIED  errno=1(Operation not permitted) 
  | T wr.out.append              DENIED  errno=1(Operation not permitted) 
  | T wr.out.truncate            DENIED  errno=1(Operation not permitted) 
  | T wr.out.chmod               DENIED  errno=1(Operation not permitted) 
  | T wr.out.utimes              DENIED  errno=1(Operation not permitted) 
  | T wr.out.setxattr            DENIED  errno=1(Operation not permitted) 
  | T wr.out.mkdir               DENIED  errno=1(Operation not permitted) 
  | T wr.out.symlink_create      DENIED  errno=1(Operation not permitted) 
  | T wr.rename.in_to_out        DENIED  errno=1(Operation not permitted) scratch/inside.txt -> outside
  | T wr.symlink.write_through   DENIED  errno=1(Operation not permitted) scratch/link -> outside/existing.txt
  | T wr.hardlink.create         DENIED  errno=1(Operation not permitted) link(outside/existing.txt, scratch/hl)
  | T wr.prelinked.write         ALLOWED host-planted scratch/prehl == outside/prelinked.txt
  | T wr.rename.out_to_in        DENIED  errno=1(Operation not permitted) outside/victim.txt -> scratch
  | T wr.out.unlink              DENIED  errno=1(Operation not permitted) 
  | T rd.out.file                ALLOWED canary bytes READ (reads unrestricted)
  | T env.procargs2.self         ALLOWED pid=94003 bytes=748 canary=FOUND
  | T env.procargs2.host         ALLOWED pid=93997 bytes=2388 canary=FOUND
  | T env.procargs2.sibling      ALLOWED pid=93998 bytes=620 canary=FOUND
  | T env.procargs.host          ALLOWED pid=93997 bytes=2408 canary=FOUND
  | T env.pidinfo.host           DENIED  errno=1(Operation not permitted) proc_pidinfo PROC_PIDTBSDINFO
  | T env.pidpath.host           DENIED  errno=1(Operation not permitted) 
  | T env.listpids.all           ALLOWED bytes=4124
  | T sig.kill.host.SIGUSR1      DENIED  errno=1(Operation not permitted) 
  | T sig.kill.host.0            DENIED  errno=1(Operation not permitted) 
  | T sig.kill.self.0            ALLOWED 
  | sandbox initialization failed: Operation not permitted
  | sandbox initialization failed: Operation not permitted
  | T proc.reinit.sandbox_init   REFUSED rc=-1 err=Operation not permitted
  | T proc.reinit.with_params    REFUSED rc=-1 err=Operation not permitted
  | T proc.fork                  DENIED  errno=1(Operation not permitted) 
  | T proc.posix_spawn.target    DENIED  errno=1(Operation not permitted) spawn of the TARGET binary itself
  | T proc.posix_spawn.other     DENIED  errno=1(Operation not permitted) /usr/bin/true
  | T proc.setsid                DENIED  errno=1(Operation not permitted) already a session leader (SETSID): EPERM is not Seatbelt
  | T proc.execve.other          DENIED  errno=1(Operation not permitted) /bin/echo
  | C done
H kevent n=1 fflags=0x84000000 data(status)=0x0
H waitid(WNOWAIT) rc=0 si_code=1 si_status=0; kill(pid,0)=0 (zombie still reserved)
H wait4 rc=94003 exited=1 code=0 signaled=0 sig=0 maxrss=14106624
H post host SIGUSR1 received=0; unix listener accepted=0
H post existing.txt mode=644 bytes="ORIGINAL|"
H post prelinked.txt bytes="PRELINKED-ORIGINAL|VIA-PRELINK|"
H post outside/ entries: victim.txt prelinked.txt existing.txt readable.txt

=== RUN r03-provider-init api=init set=provider target=/private/var/folders/rq/jfj79dls03s0zb6d839wcqlh0000gn/T/cfp-probe/cfp scratch=/private/var/folders/rq/jfj79dls03s0zb6d839wcqlh0000gn/T/cfp-probe/runs-20261004T034346/r03-provider-init/scratch
H spawned pid=94004 getsid=94004 getpgid=94004 (expect both == pid)
H kevent register EVFILT_PROC NOTE_EXIT|NOTE_EXITSTATUS rc=0
  | L api=init rc=0 errno=0 apply_us=4137 err=(null) sandbox_check=1
  | C set=provider exe=/private/var/folders/rq/jfj79dls03s0zb6d839wcqlh0000gn/T/cfp-probe/cfp
  | T st.sandbox_check           INFO   value=1
  | T st.ids                     INFO   pid=94004 ppid=93997 sid=94004 pgid=94004 cwd=/private/var/folders/rq/jfj79dls03s0zb6d839wcqlh0000gn/T/cfp-probe/runs-20261004T034346/r03-provider-init/scratch
  | T st.dev_tty                 DENIED  errno=1(Operation not permitted) controlling terminal
  | T st.fds                     INFO   open=[0 1 2 3 4 ]
  | T st.signals_rlimit          INFO   sigpipe=default sigusr2_blocked=0 rlimit_core=0/0
  | E OPENSIP_PROBE_CLASS=provider
  | E LANG=C
  | T net.tcp.socket             ALLOWED 
  | T net.tcp.connect.closed     DENIED  errno=1(Operation not permitted) 127.0.0.1 closed port
  | T net.udp.socket             ALLOWED 
  | T net.udp.sendto.closed      DENIED  errno=1(Operation not permitted) 1 byte to 127.0.0.1 closed port
  | T net.dns.example.com        DENIED? gai=8(nodename nor servname provided, or not known) addrs=0
  | T net.unix.connect.listener  DENIED  errno=1(Operation not permitted) test-created pathname listener
  | T mach.lookup                DENIED? kr=1100 com.apple.dnssd.service
  | T mach.lookup                DENIED? kr=1100 com.apple.SystemConfiguration.configd
  | T wr.in.create               ALLOWED cwd=scratch
  | T wr.in.mkdir                ALLOWED 
  | T wr.devnull                 ALLOWED 
  | T wr.out.create              DENIED  errno=1(Operation not permitted) 
  | T wr.out.open_trunc          DENIED  errno=1(Operation not permitted) 
  | T wr.out.append              DENIED  errno=1(Operation not permitted) 
  | T wr.out.truncate            DENIED  errno=1(Operation not permitted) 
  | T wr.out.chmod               DENIED  errno=1(Operation not permitted) 
  | T wr.out.utimes              DENIED  errno=1(Operation not permitted) 
  | T wr.out.setxattr            DENIED  errno=1(Operation not permitted) 
  | T wr.out.mkdir               DENIED  errno=1(Operation not permitted) 
  | T wr.out.symlink_create      DENIED  errno=1(Operation not permitted) 
  | T wr.rename.in_to_out        DENIED  errno=1(Operation not permitted) scratch/inside.txt -> outside
  | T wr.symlink.write_through   DENIED  errno=1(Operation not permitted) scratch/link -> outside/existing.txt
  | T wr.hardlink.create         DENIED  errno=1(Operation not permitted) link(outside/existing.txt, scratch/hl)
  | T wr.prelinked.write         ALLOWED host-planted scratch/prehl == outside/prelinked.txt
  | T wr.rename.out_to_in        DENIED  errno=1(Operation not permitted) outside/victim.txt -> scratch
  | T wr.out.unlink              DENIED  errno=1(Operation not permitted) 
  | T rd.out.file                ALLOWED canary bytes READ (reads unrestricted)
  | T env.procargs2.self         ALLOWED pid=94004 bytes=756 canary=FOUND
  | T env.procargs2.host         ALLOWED pid=93997 bytes=2388 canary=FOUND
  | T env.procargs2.sibling      ALLOWED pid=93998 bytes=620 canary=FOUND
  | T env.procargs.host          ALLOWED pid=93997 bytes=2408 canary=FOUND
  | T env.pidinfo.host           DENIED  errno=1(Operation not permitted) proc_pidinfo PROC_PIDTBSDINFO
  | T env.pidpath.host           DENIED  errno=1(Operation not permitted) 
  | T env.listpids.all           ALLOWED bytes=4124
  | T sig.kill.host.SIGUSR1      DENIED  errno=1(Operation not permitted) 
  | T sig.kill.host.0            DENIED  errno=1(Operation not permitted) 
  | T sig.kill.self.0            ALLOWED 
  | sandbox initialization failed: Operation not permitted
  | sandbox initialization failed: Operation not permitted
  | T proc.reinit.sandbox_init   REFUSED rc=-1 err=Operation not permitted
  | T proc.reinit.with_params    REFUSED rc=-1 err=Operation not permitted
  | T proc.fork                  DENIED  errno=1(Operation not permitted) 
  | T proc.posix_spawn.target    DENIED  errno=1(Operation not permitted) spawn of the TARGET binary itself
  | T proc.posix_spawn.other     DENIED  errno=1(Operation not permitted) /usr/bin/true
  | T proc.setsid                DENIED  errno=1(Operation not permitted) already a session leader (SETSID): EPERM is not Seatbelt
  | T proc.execve.other          DENIED  errno=1(Operation not permitted) /bin/echo
  | C done
H kevent n=1 fflags=0x84000000 data(status)=0x0
H waitid(WNOWAIT) rc=0 si_code=1 si_status=0; kill(pid,0)=0 (zombie still reserved)
H wait4 rc=94004 exited=1 code=0 signaled=0 sig=0 maxrss=14106624
H post host SIGUSR1 received=0; unix listener accepted=0
H post existing.txt mode=644 bytes="ORIGINAL|"
H post prelinked.txt bytes="PRELINKED-ORIGINAL|VIA-PRELINK|"
H post outside/ entries: victim.txt prelinked.txt existing.txt readable.txt

=== RUN r04-named-nonetwork api=named set=minimal target=/private/var/folders/rq/jfj79dls03s0zb6d839wcqlh0000gn/T/cfp-probe/cfp scratch=/private/var/folders/rq/jfj79dls03s0zb6d839wcqlh0000gn/T/cfp-probe/runs-20261004T034346/r04-named-nonetwork/scratch
H spawned pid=94005 getsid=94005 getpgid=94005 (expect both == pid)
H kevent register EVFILT_PROC NOTE_EXIT|NOTE_EXITSTATUS rc=0
H kevent n=1 fflags=0x84000000 data(status)=0x9
H waitid(WNOWAIT) rc=0 si_code=2 si_status=9; kill(pid,0)=0 (zombie still reserved)
H wait4 rc=94005 exited=0 code=0 signaled=1 sig=9 maxrss=1933312
H post host SIGUSR1 received=0; unix listener accepted=0
H post existing.txt mode=644 bytes="ORIGINAL|"
H post prelinked.txt bytes="PRELINKED-ORIGINAL|"
H post outside/ entries: victim.txt prelinked.txt existing.txt readable.txt

=== RUN r05-provider-nolink api=initp set=provider target=/private/var/folders/rq/jfj79dls03s0zb6d839wcqlh0000gn/T/cfp-probe/cfp scratch=/private/var/folders/rq/jfj79dls03s0zb6d839wcqlh0000gn/T/cfp-probe/runs-20261004T034346/r05-provider-nolink/scratch
H spawned pid=94007 getsid=94007 getpgid=94007 (expect both == pid)
H kevent register EVFILT_PROC NOTE_EXIT|NOTE_EXITSTATUS rc=0
  | L api=initp rc=0 errno=0 apply_us=4111 err=(null) sandbox_check=1
  | C set=provider exe=/private/var/folders/rq/jfj79dls03s0zb6d839wcqlh0000gn/T/cfp-probe/cfp
  | T st.sandbox_check           INFO   value=1
  | T st.ids                     INFO   pid=94007 ppid=93997 sid=94007 pgid=94007 cwd=/private/var/folders/rq/jfj79dls03s0zb6d839wcqlh0000gn/T/cfp-probe/runs-20261004T034346/r05-provider-nolink/scratch
  | T st.dev_tty                 DENIED  errno=1(Operation not permitted) controlling terminal
  | T st.fds                     INFO   open=[0 1 2 3 4 ]
  | T st.signals_rlimit          INFO   sigpipe=default sigusr2_blocked=0 rlimit_core=0/0
  | E OPENSIP_PROBE_CLASS=provider
  | E LANG=C
  | T net.tcp.socket             ALLOWED 
  | T net.tcp.connect.closed     DENIED  errno=1(Operation not permitted) 127.0.0.1 closed port
  | T net.udp.socket             ALLOWED 
  | T net.udp.sendto.closed      DENIED  errno=1(Operation not permitted) 1 byte to 127.0.0.1 closed port
  | T net.dns.example.com        DENIED? gai=8(nodename nor servname provided, or not known) addrs=0
  | T net.unix.connect.listener  DENIED  errno=1(Operation not permitted) test-created pathname listener
  | T mach.lookup                DENIED? kr=1100 com.apple.dnssd.service
  | T mach.lookup                DENIED? kr=1100 com.apple.SystemConfiguration.configd
  | T wr.in.create               ALLOWED cwd=scratch
  | T wr.in.mkdir                ALLOWED 
  | T wr.devnull                 ALLOWED 
  | T wr.out.create              DENIED  errno=1(Operation not permitted) 
  | T wr.out.open_trunc          DENIED  errno=1(Operation not permitted) 
  | T wr.out.append              DENIED  errno=1(Operation not permitted) 
  | T wr.out.truncate            DENIED  errno=1(Operation not permitted) 
  | T wr.out.chmod               DENIED  errno=1(Operation not permitted) 
  | T wr.out.utimes              DENIED  errno=1(Operation not permitted) 
  | T wr.out.setxattr            DENIED  errno=1(Operation not permitted) 
  | T wr.out.mkdir               DENIED  errno=1(Operation not permitted) 
  | T wr.out.symlink_create      DENIED  errno=1(Operation not permitted) 
  | T wr.rename.in_to_out        DENIED  errno=1(Operation not permitted) scratch/inside.txt -> outside
  | T wr.symlink.write_through   DENIED  errno=1(Operation not permitted) scratch/link -> outside/existing.txt
  | T wr.hardlink.create         DENIED  errno=1(Operation not permitted) link(outside/existing.txt, scratch/hl)
  | T wr.prelinked.write         ALLOWED host-planted scratch/prehl == outside/prelinked.txt
  | T wr.rename.out_to_in        DENIED  errno=1(Operation not permitted) outside/victim.txt -> scratch
  | T wr.out.unlink              DENIED  errno=1(Operation not permitted) 
  | T rd.out.file                ALLOWED canary bytes READ (reads unrestricted)
  | T env.procargs2.self         ALLOWED pid=94007 bytes=756 canary=FOUND
  | T env.procargs2.host         ALLOWED pid=93997 bytes=2388 canary=FOUND
  | T env.procargs2.sibling      ALLOWED pid=93998 bytes=620 canary=FOUND
  | T env.procargs.host          ALLOWED pid=93997 bytes=2408 canary=FOUND
  | T env.pidinfo.host           DENIED  errno=1(Operation not permitted) proc_pidinfo PROC_PIDTBSDINFO
  | T env.pidpath.host           DENIED  errno=1(Operation not permitted) 
  | T env.listpids.all           ALLOWED bytes=4128
  | T sig.kill.host.SIGUSR1      DENIED  errno=1(Operation not permitted) 
  | T sig.kill.host.0            DENIED  errno=1(Operation not permitted) 
  | T sig.kill.self.0            ALLOWED 
  | sandbox initialization failed: Operation not permitted
  | sandbox initialization failed: Operation not permitted
  | T proc.reinit.sandbox_init   REFUSED rc=-1 err=Operation not permitted
  | T proc.reinit.with_params    REFUSED rc=-1 err=Operation not permitted
  | T proc.fork                  DENIED  errno=1(Operation not permitted) 
  | T proc.posix_spawn.target    DENIED  errno=1(Operation not permitted) spawn of the TARGET binary itself
  | T proc.posix_spawn.other     DENIED  errno=1(Operation not permitted) /usr/bin/true
  | T proc.setsid                DENIED  errno=1(Operation not permitted) already a session leader (SETSID): EPERM is not Seatbelt
  | T proc.execve.other          DENIED  errno=1(Operation not permitted) /bin/echo
  | C done
H kevent n=1 fflags=0x84000000 data(status)=0x0
H waitid(WNOWAIT) rc=0 si_code=1 si_status=0; kill(pid,0)=0 (zombie still reserved)
H wait4 rc=94007 exited=1 code=0 signaled=0 sig=0 maxrss=14106624
H post host SIGUSR1 received=0; unix listener accepted=0
H post existing.txt mode=644 bytes="ORIGINAL|"
H post prelinked.txt bytes="PRELINKED-ORIGINAL|VIA-PRELINK|"
H post outside/ entries: victim.txt prelinked.txt existing.txt readable.txt

=== RUN r06-provider-nomach api=initp set=minimal target=/private/var/folders/rq/jfj79dls03s0zb6d839wcqlh0000gn/T/cfp-probe/cfp scratch=/private/var/folders/rq/jfj79dls03s0zb6d839wcqlh0000gn/T/cfp-probe/runs-20261004T034346/r06-provider-nomach/scratch
H spawned pid=94008 getsid=94008 getpgid=94008 (expect both == pid)
H kevent register EVFILT_PROC NOTE_EXIT|NOTE_EXITSTATUS rc=0
  | L api=initp rc=0 errno=0 apply_us=4001 err=(null) sandbox_check=1
  | C set=minimal exe=/private/var/folders/rq/jfj79dls03s0zb6d839wcqlh0000gn/T/cfp-probe/cfp
  | T st.sandbox_check           INFO   value=1
  | T net.tcp.socket             ALLOWED 
  | T net.tcp.connect.closed     DENIED  errno=1(Operation not permitted) 127.0.0.1 closed port
  | T net.udp.socket             ALLOWED 
  | T net.udp.sendto.closed      DENIED  errno=1(Operation not permitted) 1 byte to 127.0.0.1 closed port
  | T net.dns.example.com        DENIED? gai=8(nodename nor servname provided, or not known) addrs=0
  | T net.unix.connect.listener  DENIED  errno=1(Operation not permitted) test-created pathname listener
  | T mach.lookup                ALLOWED kr=0 com.apple.dnssd.service
  | T mach.lookup                ALLOWED kr=0 com.apple.SystemConfiguration.configd
  | T wr.in.create               ALLOWED cwd=scratch
  | T wr.out.create              DENIED  errno=1(Operation not permitted) 
  | C done
H kevent n=1 fflags=0x84000000 data(status)=0x0
H waitid(WNOWAIT) rc=0 si_code=1 si_status=0; kill(pid,0)=0 (zombie still reserved)
H wait4 rc=94008 exited=1 code=0 signaled=0 sig=0 maxrss=11091968
H post host SIGUSR1 received=0; unix listener accepted=0
H post existing.txt mode=644 bytes="ORIGINAL|"
H post prelinked.txt bytes="PRELINKED-ORIGINAL|"
H post outside/ entries: victim.txt prelinked.txt existing.txt readable.txt

=== RUN r07-noncanon-scratch api=initp set=minimal target=/private/var/folders/rq/jfj79dls03s0zb6d839wcqlh0000gn/T/cfp-probe/cfp scratch=/var/folders/rq/jfj79dls03s0zb6d839wcqlh0000gn/T/cfp-probe/runs-20261004T034346/r07-noncanon-scratch/scratch
H spawned pid=94009 getsid=94009 getpgid=94009 (expect both == pid)
H kevent register EVFILT_PROC NOTE_EXIT|NOTE_EXITSTATUS rc=0
  | L api=initp rc=0 errno=0 apply_us=3983 err=(null) sandbox_check=1
  | C set=minimal exe=/private/var/folders/rq/jfj79dls03s0zb6d839wcqlh0000gn/T/cfp-probe/cfp
  | T st.sandbox_check           INFO   value=1
  | T net.tcp.socket             ALLOWED 
  | T net.tcp.connect.closed     DENIED  errno=1(Operation not permitted) 127.0.0.1 closed port
  | T net.udp.socket             ALLOWED 
  | T net.udp.sendto.closed      DENIED  errno=1(Operation not permitted) 1 byte to 127.0.0.1 closed port
  | T net.dns.example.com        DENIED? gai=8(nodename nor servname provided, or not known) addrs=0
  | T net.unix.connect.listener  DENIED  errno=1(Operation not permitted) test-created pathname listener
  | T mach.lookup                DENIED? kr=1100 com.apple.dnssd.service
  | T mach.lookup                DENIED? kr=1100 com.apple.SystemConfiguration.configd
  | T wr.in.create               DENIED  errno=1(Operation not permitted) cwd=scratch
  | T wr.out.create              DENIED  errno=1(Operation not permitted) 
  | C done
H kevent n=1 fflags=0x84000000 data(status)=0x0
H waitid(WNOWAIT) rc=0 si_code=1 si_status=0; kill(pid,0)=0 (zombie still reserved)
H wait4 rc=94009 exited=1 code=0 signaled=0 sig=0 maxrss=11059200
H post host SIGUSR1 received=0; unix listener accepted=0
H post existing.txt mode=644 bytes="ORIGINAL|"
H post prelinked.txt bytes="PRELINKED-ORIGINAL|"
H post outside/ entries: victim.txt prelinked.txt existing.txt readable.txt

=== RUN r08-tool-initp api=initp set=tool target=/private/var/folders/rq/jfj79dls03s0zb6d839wcqlh0000gn/T/cfp-probe/cfp scratch=/private/var/folders/rq/jfj79dls03s0zb6d839wcqlh0000gn/T/cfp-probe/runs-20261004T034346/r08-tool-initp/scratch
H spawned pid=94010 getsid=94010 getpgid=94010 (expect both == pid)
H kevent register EVFILT_PROC NOTE_EXIT|NOTE_EXITSTATUS rc=0
  | L api=initp rc=0 errno=0 apply_us=5970 err=(null) sandbox_check=1
  | C set=tool exe=/private/var/folders/rq/jfj79dls03s0zb6d839wcqlh0000gn/T/cfp-probe/cfp
  | T st.sandbox_check           INFO   value=1
  | T tool.fork                  ALLOWED 
  | T tool.gc.before             INFO   gc pid=94011 pgid=94010
  | T tool.gc.setsid             ALLOWED Seatbelt has no setsid filter if ALLOWED
  | T tool.gc.after              INFO   gc sid=94011 pgid=94011
  | C set=inherit exe=/private/var/folders/rq/jfj79dls03s0zb6d839wcqlh0000gn/T/cfp-probe/cfp
  | T inh.sandbox_check          INFO   value=1 pid=94012 (exec'd grandchild)
  | T inh.net.tcp.connect        DENIED  errno=1(Operation not permitted) 
  | T inh.wr.out.create          DENIED  errno=1(Operation not permitted) 
  | T inh.wr.in.create           ALLOWED 
  | T inh.fork                   ALLOWED tool profile allows fork
  | C done
  | T tool.gc.exec.outside       DENIED  errno=1(Operation not permitted) /bin/echo outside CLOSURE_ROOT
  | C done
H kevent n=1 fflags=0x84000000 data(status)=0x0
H waitid(WNOWAIT) rc=0 si_code=1 si_status=0; kill(pid,0)=0 (zombie still reserved)
H wait4 rc=94010 exited=1 code=0 signaled=0 sig=0 maxrss=1933312
H post host SIGUSR1 received=0; unix listener accepted=0
H post existing.txt mode=644 bytes="ORIGINAL|"
H post prelinked.txt bytes="PRELINKED-ORIGINAL|"
H post outside/ entries: victim.txt prelinked.txt existing.txt readable.txt

=== RUN r09-grouptree-tool api=initp set=grouptree target=/private/var/folders/rq/jfj79dls03s0zb6d839wcqlh0000gn/T/cfp-probe/cfp scratch=/private/var/folders/rq/jfj79dls03s0zb6d839wcqlh0000gn/T/cfp-probe/runs-20261004T034346/r09-grouptree-tool/scratch
H spawned pid=94015 getsid=94015 getpgid=94015 (expect both == pid)
H kevent register EVFILT_PROC NOTE_EXIT|NOTE_EXITSTATUS rc=0
  | L api=initp rc=0 errno=0 apply_us=4190 err=(null) sandbox_check=1
  | C set=grouptree exe=/private/var/folders/rq/jfj79dls03s0zb6d839wcqlh0000gn/T/cfp-probe/cfp
  | READY gc1=94016 gc2=94017
H MX-7 proc_listpids(PROC_PGRP_ONLY,94015): 94016 94015
H MX-7 proc_listchildpids(94015): rc=2 -> 94017 94016  (rc is a count of pids)
H MX-7 gc2 pid=94017 ppid=94015 pgid=94017 start=1791110626.959338 (escaped by setsid)
H MX-7 gc1 pid=94016 ppid=94015 pgid=94015
H MX-7 killpg(94015,SIGKILL) rc=0 (root unreaped)
H MX-7 kevent n=1 fflags=0x84000000 data=0x9 (NOTE_EXIT on unreaped root)
H MX-7 waitid(WNOWAIT) rc=0 si_code=2(CLD_KILLED=2) si_status=9
H MX-7 after group kill proc_listpids(PGRP): 94015
H MX-7 killpg(94015,0) after kill, root zombie: rc=-1 errno=1
H MX-7 kill(gc2,0) rc=0 (escaped gc2 still alive if 0)
H MX-7 gc2 now ppid=1 (1 = launchd, no subreaper) start-match=1
H MX-7 best-effort kill(gc2,SIGKILL) after start-time check rc=0
H MX-7 kill(gc2,0) after cleanup rc=-1 errno=3
H wait4 rc=94015 exited=0 code=0 signaled=1 sig=9 maxrss=1933312
H post host SIGUSR1 received=0; unix listener accepted=0
H post existing.txt mode=644 bytes="ORIGINAL|"
H post prelinked.txt bytes="PRELINKED-ORIGINAL|"
H post outside/ entries: victim.txt prelinked.txt existing.txt readable.txt

=== RUN r10-err-syntax api=initp set=minimal target=/private/var/folders/rq/jfj79dls03s0zb6d839wcqlh0000gn/T/cfp-probe/cfp scratch=/private/var/folders/rq/jfj79dls03s0zb6d839wcqlh0000gn/T/cfp-probe/runs-20261004T034346/r10-err-syntax/scratch
H spawned pid=94018 getsid=94018 getpgid=94018 (expect both == pid)
H kevent register EVFILT_PROC NOTE_EXIT|NOTE_EXITSTATUS rc=0
  | sandbox initialization failed: syntax error: expecting ')'
  | 
  | Backtrace: 
  | <input string>:1:13:
  | 	(allow default)
  | 
  | L api=initp rc=-1 errno=0 apply_us=2637 err=syntax error: expecting ')'
  | 
  | Backtrace: 
  | <input string>:1:13:
  | 	(allow default)
  |  sandbox_check=0
H kevent n=1 fflags=0x84000000 data(status)=0x6f00
H waitid(WNOWAIT) rc=0 si_code=1 si_status=111; kill(pid,0)=0 (zombie still reserved)
H wait4 rc=94018 exited=1 code=111 signaled=0 sig=0 maxrss=4980736
H post host SIGUSR1 received=0; unix listener accepted=0
H post existing.txt mode=644 bytes="ORIGINAL|"
H post prelinked.txt bytes="PRELINKED-ORIGINAL|"
H post outside/ entries: victim.txt prelinked.txt existing.txt readable.txt

=== RUN r11-err-unknown-op api=initp set=minimal target=/private/var/folders/rq/jfj79dls03s0zb6d839wcqlh0000gn/T/cfp-probe/cfp scratch=/private/var/folders/rq/jfj79dls03s0zb6d839wcqlh0000gn/T/cfp-probe/runs-20261004T034346/r11-err-unknown-op/scratch
H spawned pid=94019 getsid=94019 getpgid=94019 (expect both == pid)
H kevent register EVFILT_PROC NOTE_EXIT|NOTE_EXITSTATUS rc=0
  | sandbox initialization failed: unbound variable: process-setsid at <input string>, line 1, column 33
  | 
  | Backtrace: 
  | <input string>:1:33:
  | 	process-setsid
  | 
  | L api=initp rc=-1 errno=0 apply_us=2442 err=unbound variable: process-setsid at <input string>, line 1, column 33
  | 
  | Backtrace: 
  | <input string>:1:33:
  | 	process-setsid
  |  sandbox_check=0
H kevent n=1 fflags=0x84000000 data(status)=0x6f00
H waitid(WNOWAIT) rc=0 si_code=1 si_status=111; kill(pid,0)=0 (zombie still reserved)
H wait4 rc=94019 exited=1 code=111 signaled=0 sig=0 maxrss=4980736
H post host SIGUSR1 received=0; unix listener accepted=0
H post existing.txt mode=644 bytes="ORIGINAL|"
H post prelinked.txt bytes="PRELINKED-ORIGINAL|"
H post outside/ entries: victim.txt prelinked.txt existing.txt readable.txt

=== RUN r12-err-missing-param api=initp set=minimal target=/private/var/folders/rq/jfj79dls03s0zb6d839wcqlh0000gn/T/cfp-probe/cfp scratch=/private/var/folders/rq/jfj79dls03s0zb6d839wcqlh0000gn/T/cfp-probe/runs-20261004T034346/r12-err-missing-param/scratch
H spawned pid=94020 getsid=94020 getpgid=94020 (expect both == pid)
H kevent register EVFILT_PROC NOTE_EXIT|NOTE_EXITSTATUS rc=0
  | sandbox initialization failed: invalid data type of path filter; expected pattern, got boolean
  | L api=initp rc=-1 errno=0 apply_us=2385 err=invalid data type of path filter; expected pattern, got boolean sandbox_check=0
H kevent n=1 fflags=0x84000000 data(status)=0x6f00
H waitid(WNOWAIT) rc=0 si_code=1 si_status=111; kill(pid,0)=0 (zombie still reserved)
H wait4 rc=94020 exited=1 code=111 signaled=0 sig=0 maxrss=4980736
H post host SIGUSR1 received=0; unix listener accepted=0
H post existing.txt mode=644 bytes="ORIGINAL|"
H post prelinked.txt bytes="PRELINKED-ORIGINAL|"
H post outside/ entries: victim.txt prelinked.txt existing.txt readable.txt

=== RUN r13-err-init-raw-param api=init-raw set=minimal target=/private/var/folders/rq/jfj79dls03s0zb6d839wcqlh0000gn/T/cfp-probe/cfp scratch=/private/var/folders/rq/jfj79dls03s0zb6d839wcqlh0000gn/T/cfp-probe/runs-20261004T034346/r13-err-init-raw-param/scratch
H spawned pid=94021 getsid=94021 getpgid=94021 (expect both == pid)
H kevent register EVFILT_PROC NOTE_EXIT|NOTE_EXITSTATUS rc=0
  | sandbox initialization failed: invalid data type of path filter; expected pattern, got boolean
  | L api=init-raw rc=-1 errno=0 apply_us=2388 err=invalid data type of path filter; expected pattern, got boolean sandbox_check=0
H kevent n=1 fflags=0x84000000 data(status)=0x6f00
H waitid(WNOWAIT) rc=0 si_code=1 si_status=111; kill(pid,0)=0 (zombie still reserved)
H wait4 rc=94021 exited=1 code=111 signaled=0 sig=0 maxrss=4997120
H post host SIGUSR1 received=0; unix listener accepted=0
H post existing.txt mode=644 bytes="ORIGINAL|"
H post prelinked.txt bytes="PRELINKED-ORIGINAL|"
H post outside/ entries: victim.txt prelinked.txt existing.txt readable.txt

=== RUN r17-procargs-deny-name api=initp set=env target=/private/var/folders/rq/jfj79dls03s0zb6d839wcqlh0000gn/T/cfp-probe/cfp scratch=/private/var/folders/rq/jfj79dls03s0zb6d839wcqlh0000gn/T/cfp-probe/runs-20261004T034346/r17-procargs-deny-name/scratch
H spawned pid=94022 getsid=94022 getpgid=94022 (expect both == pid)
H kevent register EVFILT_PROC NOTE_EXIT|NOTE_EXITSTATUS rc=0
  | L api=initp rc=0 errno=0 apply_us=4132 err=(null) sandbox_check=1
  | C set=env exe=/private/var/folders/rq/jfj79dls03s0zb6d839wcqlh0000gn/T/cfp-probe/cfp
  | T st.sandbox_check           INFO   value=1
  | T env.procargs2.self         ALLOWED pid=94022 bytes=756 canary=FOUND
  | T env.procargs2.host         ALLOWED pid=93997 bytes=2388 canary=FOUND
  | T env.procargs2.sibling      ALLOWED pid=93998 bytes=620 canary=FOUND
  | T env.procargs.host          ALLOWED pid=93997 bytes=2408 canary=FOUND
  | T env.pidinfo.host           DENIED  errno=1(Operation not permitted) proc_pidinfo PROC_PIDTBSDINFO
  | T env.pidpath.host           DENIED  errno=1(Operation not permitted) 
  | T env.listpids.all           ALLOWED bytes=4052
  | C done
H kevent n=1 fflags=0x84000000 data(status)=0x0
H waitid(WNOWAIT) rc=0 si_code=1 si_status=0; kill(pid,0)=0 (zombie still reserved)
H wait4 rc=94022 exited=1 code=0 signaled=0 sig=0 maxrss=1933312
H post host SIGUSR1 received=0; unix listener accepted=0
H post existing.txt mode=644 bytes="ORIGINAL|"
H post prelinked.txt bytes="PRELINKED-ORIGINAL|"
H post outside/ entries: victim.txt prelinked.txt existing.txt readable.txt

=== RUN r18-procargs-deny-prefix api=initp set=env target=/private/var/folders/rq/jfj79dls03s0zb6d839wcqlh0000gn/T/cfp-probe/cfp scratch=/private/var/folders/rq/jfj79dls03s0zb6d839wcqlh0000gn/T/cfp-probe/runs-20261004T034346/r18-procargs-deny-prefix/scratch
H spawned pid=94023 getsid=94023 getpgid=94023 (expect both == pid)
H kevent register EVFILT_PROC NOTE_EXIT|NOTE_EXITSTATUS rc=0
  | L api=initp rc=0 errno=0 apply_us=4137 err=(null) sandbox_check=1
  | C set=env exe=/private/var/folders/rq/jfj79dls03s0zb6d839wcqlh0000gn/T/cfp-probe/cfp
  | T st.sandbox_check           INFO   value=1
  | T env.procargs2.self         ALLOWED pid=94023 bytes=756 canary=FOUND
  | T env.procargs2.host         DENIED  errno=1(Operation not permitted) pid=93997 bytes=0 canary=n/a
  | T env.procargs2.sibling      DENIED  errno=1(Operation not permitted) pid=93998 bytes=0 canary=n/a
  | T env.procargs.host          DENIED  errno=1(Operation not permitted) pid=93997 bytes=0 canary=n/a
  | T env.pidinfo.host           DENIED  errno=1(Operation not permitted) proc_pidinfo PROC_PIDTBSDINFO
  | T env.pidpath.host           DENIED  errno=1(Operation not permitted) 
  | T env.listpids.all           ALLOWED bytes=4052
  | C done
H kevent n=1 fflags=0x84000000 data(status)=0x0
H waitid(WNOWAIT) rc=0 si_code=1 si_status=0; kill(pid,0)=0 (zombie still reserved)
H wait4 rc=94023 exited=1 code=0 signaled=0 sig=0 maxrss=1933312
H post host SIGUSR1 received=0; unix listener accepted=0
H post existing.txt mode=644 bytes="ORIGINAL|"
H post prelinked.txt bytes="PRELINKED-ORIGINAL|"
H post outside/ entries: victim.txt prelinked.txt existing.txt readable.txt

=== RUN r19-link-deny-filelink-all api=initp set=link target=/private/var/folders/rq/jfj79dls03s0zb6d839wcqlh0000gn/T/cfp-probe/cfp scratch=/private/var/folders/rq/jfj79dls03s0zb6d839wcqlh0000gn/T/cfp-probe/runs-20261004T034346/r19-link-deny-filelink-all/scratch
H spawned pid=94024 getsid=94024 getpgid=94024 (expect both == pid)
H kevent register EVFILT_PROC NOTE_EXIT|NOTE_EXITSTATUS rc=0
  | L api=initp rc=0 errno=0 apply_us=4062 err=(null) sandbox_check=1
  | C set=link exe=/private/var/folders/rq/jfj79dls03s0zb6d839wcqlh0000gn/T/cfp-probe/cfp
  | T lnk.hardlink.out_to_in     DENIED  errno=1(Operation not permitted) link(outside/existing.txt, scratch/hl)
  | T lnk.hardlink.in_to_in      DENIED  errno=1(Operation not permitted) link(scratch/a, scratch/b)
  | T lnk.hardlink.in_to_out     DENIED  errno=1(Operation not permitted) link(scratch/a, outside/c)
  | C done
H kevent n=1 fflags=0x84000000 data(status)=0x0
H waitid(WNOWAIT) rc=0 si_code=1 si_status=0; kill(pid,0)=0 (zombie still reserved)
H wait4 rc=94024 exited=1 code=0 signaled=0 sig=0 maxrss=1916928
H post host SIGUSR1 received=0; unix listener accepted=0
H post existing.txt mode=644 bytes="ORIGINAL|"
H post prelinked.txt bytes="PRELINKED-ORIGINAL|"
H post outside/ entries: victim.txt prelinked.txt existing.txt readable.txt

=== RUN r20-link-deny-write-outside api=initp set=link target=/private/var/folders/rq/jfj79dls03s0zb6d839wcqlh0000gn/T/cfp-probe/cfp scratch=/private/var/folders/rq/jfj79dls03s0zb6d839wcqlh0000gn/T/cfp-probe/runs-20261004T034346/r20-link-deny-write-outside/scratch
H spawned pid=94025 getsid=94025 getpgid=94025 (expect both == pid)
H kevent register EVFILT_PROC NOTE_EXIT|NOTE_EXITSTATUS rc=0
  | L api=initp rc=0 errno=0 apply_us=4031 err=(null) sandbox_check=1
  | C set=link exe=/private/var/folders/rq/jfj79dls03s0zb6d839wcqlh0000gn/T/cfp-probe/cfp
  | T lnk.hardlink.out_to_in     DENIED  errno=1(Operation not permitted) link(outside/existing.txt, scratch/hl)
  | T lnk.hardlink.in_to_in      ALLOWED link(scratch/a, scratch/b)
  | T lnk.hardlink.in_to_out     DENIED  errno=1(Operation not permitted) link(scratch/a, outside/c)
  | C done
H kevent n=1 fflags=0x84000000 data(status)=0x0
H waitid(WNOWAIT) rc=0 si_code=1 si_status=0; kill(pid,0)=0 (zombie still reserved)
H wait4 rc=94025 exited=1 code=0 signaled=0 sig=0 maxrss=1916928
H post host SIGUSR1 received=0; unix listener accepted=0
H post existing.txt mode=644 bytes="ORIGINAL|"
H post prelinked.txt bytes="PRELINKED-ORIGINAL|"
H post outside/ entries: victim.txt prelinked.txt existing.txt readable.txt

=== RUN r21-link-deny-filelink-in-scratch api=initp set=link target=/private/var/folders/rq/jfj79dls03s0zb6d839wcqlh0000gn/T/cfp-probe/cfp scratch=/private/var/folders/rq/jfj79dls03s0zb6d839wcqlh0000gn/T/cfp-probe/runs-20261004T034346/r21-link-deny-filelink-in-scratch/scratch
H spawned pid=94026 getsid=94026 getpgid=94026 (expect both == pid)
H kevent register EVFILT_PROC NOTE_EXIT|NOTE_EXITSTATUS rc=0
  | L api=initp rc=0 errno=0 apply_us=4074 err=(null) sandbox_check=1
  | C set=link exe=/private/var/folders/rq/jfj79dls03s0zb6d839wcqlh0000gn/T/cfp-probe/cfp
  | T lnk.hardlink.out_to_in     DENIED  errno=1(Operation not permitted) link(outside/existing.txt, scratch/hl)
  | T lnk.hardlink.in_to_in      DENIED  errno=1(Operation not permitted) link(scratch/a, scratch/b)
  | T lnk.hardlink.in_to_out     DENIED  errno=1(Operation not permitted) link(scratch/a, outside/c)
  | C done
H kevent n=1 fflags=0x84000000 data(status)=0x0
H waitid(WNOWAIT) rc=0 si_code=1 si_status=0; kill(pid,0)=0 (zombie still reserved)
H wait4 rc=94026 exited=1 code=0 signaled=0 sig=0 maxrss=1916928
H post host SIGUSR1 received=0; unix listener accepted=0
H post existing.txt mode=644 bytes="ORIGINAL|"
H post prelinked.txt bytes="PRELINKED-ORIGINAL|"
H post outside/ entries: victim.txt prelinked.txt existing.txt readable.txt

=== RUN r22-link-deny-filelink-outside api=initp set=link target=/private/var/folders/rq/jfj79dls03s0zb6d839wcqlh0000gn/T/cfp-probe/cfp scratch=/private/var/folders/rq/jfj79dls03s0zb6d839wcqlh0000gn/T/cfp-probe/runs-20261004T034346/r22-link-deny-filelink-outside/scratch
H spawned pid=94027 getsid=94027 getpgid=94027 (expect both == pid)
H kevent register EVFILT_PROC NOTE_EXIT|NOTE_EXITSTATUS rc=0
  | L api=initp rc=0 errno=0 apply_us=4085 err=(null) sandbox_check=1
  | C set=link exe=/private/var/folders/rq/jfj79dls03s0zb6d839wcqlh0000gn/T/cfp-probe/cfp
  | T lnk.hardlink.out_to_in     DENIED  errno=1(Operation not permitted) link(outside/existing.txt, scratch/hl)
  | T lnk.hardlink.in_to_in      ALLOWED link(scratch/a, scratch/b)
  | T lnk.hardlink.in_to_out     DENIED  errno=1(Operation not permitted) link(scratch/a, outside/c)
  | C done
H kevent n=1 fflags=0x84000000 data(status)=0x0
H waitid(WNOWAIT) rc=0 si_code=1 si_status=0; kill(pid,0)=0 (zombie still reserved)
H wait4 rc=94027 exited=1 code=0 signaled=0 sig=0 maxrss=1916928
H post host SIGUSR1 received=0; unix listener accepted=0
H post existing.txt mode=644 bytes="ORIGINAL|"
H post prelinked.txt bytes="PRELINKED-ORIGINAL|"
H post outside/ entries: victim.txt prelinked.txt existing.txt readable.txt

=== RUN r14-initp-null-params api=initp-noparams set=minimal target=/private/var/folders/rq/jfj79dls03s0zb6d839wcqlh0000gn/T/cfp-probe/cfp scratch=/private/var/folders/rq/jfj79dls03s0zb6d839wcqlh0000gn/T/cfp-probe/runs-20261004T034346/r14-initp-null-params/scratch
H spawned pid=94028 getsid=94028 getpgid=94028 (expect both == pid)
H kevent register EVFILT_PROC NOTE_EXIT|NOTE_EXITSTATUS rc=0
  | L api=initp-noparams rc=0 errno=0 apply_us=4062 err=(null) sandbox_check=1
  | C set=minimal exe=/private/var/folders/rq/jfj79dls03s0zb6d839wcqlh0000gn/T/cfp-probe/cfp
  | T st.sandbox_check           INFO   value=1
  | T net.tcp.socket             ALLOWED 
  | T net.tcp.connect.closed     DENIED  errno=1(Operation not permitted) 127.0.0.1 closed port
  | T net.udp.socket             ALLOWED 
  | T net.udp.sendto.closed      DENIED  errno=1(Operation not permitted) 1 byte to 127.0.0.1 closed port
  | T net.dns.example.com        DENIED? gai=8(nodename nor servname provided, or not known) addrs=0
  | T net.unix.connect.listener  DENIED  errno=1(Operation not permitted) test-created pathname listener
  | T mach.lookup                ALLOWED kr=0 com.apple.dnssd.service
  | T mach.lookup                ALLOWED kr=0 com.apple.SystemConfiguration.configd
  | T wr.in.create               ALLOWED cwd=scratch
  | T wr.out.create              ALLOWED 
  | C done
H kevent n=1 fflags=0x84000000 data(status)=0x0
H waitid(WNOWAIT) rc=0 si_code=1 si_status=0; kill(pid,0)=0 (zombie still reserved)
H wait4 rc=94028 exited=1 code=0 signaled=0 sig=0 maxrss=9994240
H post host SIGUSR1 received=0; unix listener accepted=0
H post existing.txt mode=644 bytes="ORIGINAL|"
H post prelinked.txt bytes="PRELINKED-ORIGINAL|"
H post outside/ entries: victim.txt prelinked.txt existing.txt readable.txt new.txt

=== RUN r15-node-provider api=initp set=node target=/Users/sb/.nvm/versions/node/v24.16.0/bin/node scratch=/private/var/folders/rq/jfj79dls03s0zb6d839wcqlh0000gn/T/cfp-probe/runs-20261004T034346/r15-node-provider/scratch
H spawned pid=94029 getsid=94029 getpgid=94029 (expect both == pid)
H kevent register EVFILT_PROC NOTE_EXIT|NOTE_EXITSTATUS rc=0
  | L api=initp rc=0 errno=0 apply_us=3988 err=(null) sandbox_check=1
  | NODE-OK v24.16.0 pid=94029
  | NODE-WR-IN ok
  | NODE-WR-OUT EPERM
  | NODE-SPAWN EPERM
  | NODE-NET EPERM
H kevent n=1 fflags=0x84000000 data(status)=0x0
H waitid(WNOWAIT) rc=0 si_code=1 si_status=0; kill(pid,0)=0 (zombie still reserved)
H wait4 rc=94029 exited=1 code=0 signaled=0 sig=0 maxrss=47906816
H post host SIGUSR1 received=0; unix listener accepted=0
H post existing.txt mode=644 bytes="ORIGINAL|"
H post prelinked.txt bytes="PRELINKED-ORIGINAL|"
H post outside/ entries: victim.txt prelinked.txt existing.txt readable.txt

=== RUN r16-node-nomach api=initp set=node target=/Users/sb/.nvm/versions/node/v24.16.0/bin/node scratch=/private/var/folders/rq/jfj79dls03s0zb6d839wcqlh0000gn/T/cfp-probe/runs-20261004T034346/r16-node-nomach/scratch
H spawned pid=94030 getsid=94030 getpgid=94030 (expect both == pid)
H kevent register EVFILT_PROC NOTE_EXIT|NOTE_EXITSTATUS rc=0
  | L api=initp rc=0 errno=0 apply_us=4224 err=(null) sandbox_check=1
  | NODE-OK nomach v24.16.0
H kevent n=1 fflags=0x84000000 data(status)=0x0
H waitid(WNOWAIT) rc=0 si_code=1 si_status=0; kill(pid,0)=0 (zombie still reserved)
H wait4 rc=94030 exited=1 code=0 signaled=0 sig=0 maxrss=46792704
H post host SIGUSR1 received=0; unix listener accepted=0
H post existing.txt mode=644 bytes="ORIGINAL|"
H post prelinked.txt bytes="PRELINKED-ORIGINAL|"
H post outside/ entries: victim.txt prelinked.txt existing.txt readable.txt

H done

=== SIDE t_named (sandbox_init SANDBOX_NAMED), exit reason read from the zombie
names: NoNetwork=no-network NoInternet=no-internet NoWrite=no-write NoWriteExceptTemporary=no-write-except-temporary PureComputation=pure-computation
before sandbox_init
child si_code=2 si_status=9 exitreason rc=24 namespace=25 code=0x1 flags=0x1042
