{
 "totals": {
  "typescript-semantic": 200,
  "rust-semantic": 374
 },
 "counts": {
  "typescript-semantic": {
   "inherited:carried": 162,
   "inherited:carried-moved": 3,
   "inherited:carried-positional": 1,
   "inherited:frame": 16,
   "new:carried": 18
  },
  "rust-semantic": {
   "author-added:carried": 2,
   "external:carried": 54,
   "external:not-carried": 5,
   "frame:frame": 26,
   "frame:frame-renamed": 1,
   "inherited:carried": 184,
   "inherited:carried-moved": 4,
   "inherited:carried-positional": 1,
   "inherited:not-carried": 21,
   "new:carried": 76
  }
 },
 "records": 50,
 "scalars": 18,
 "admissionRules": 55,
 "successorRows": 24,
 "patternSites": 54,
 "loweringRequired": 53,
 "externRootsReached": 66,
 "pathSites": 10,
 "ownerPatternRows": 35,
 "ownerPatternsTranslated": 31
}
