{
  "standing": "synthetic full replay controls, not host/compiler qualification",
  "passed": true,
  "count": 8,
  "checks": [
    {
      "case": "complete-empty-analysis",
      "runId": "run3:de9ebe8320be770c560d06e989fc0aa41a0632215470f504b8ec2eda35a02ae4",
      "verdict": "pass"
    },
    {
      "case": "proof-binds-exact-stored-manifest",
      "digest": "05dbb3e68ea831b1a91e6e5b91077032237e743be93443dc3e7016b6b72b27a7"
    },
    {
      "case": "unselected-blob-and-object-preserve-manifest-and-run",
      "runId": "run3:de9ebe8320be770c560d06e989fc0aa41a0632215470f504b8ec2eda35a02ae4"
    },
    {
      "case": "omitted-required-package-work-is-indeterminate",
      "verdict": "indeterminate",
      "causes": [
        {
          "source": "execution",
          "cause": "provider-unavailable",
          "subjectId": null,
          "predicateId": null,
          "inputRefs": [
            {
              "domain": "execution-inputs",
              "digest": "8f2beed070e10677cb4fcd6542917f77fd28141134c7be0f06ed524d6c0bd5b7"
            }
          ],
          "evidenceKind": null,
          "nativeCause": null,
          "universe": "17ce4077e69889aec65c52b4f0c6c686d0be71dfb1b29e386a5a490819a2df61"
        }
      ]
    },
    {
      "case": "fully-minted-lying-completion",
      "ownerAdmission": "ADMIT",
      "semanticAdmission": "REFUSE",
      "reason": "EVALUATOR_EXECUTION_INPUTS_JOIN:EXECUTION_INPUTS_OUTCOME_DERIVE"
    },
    {
      "case": "selected-coverage-omission",
      "ownerAdmission": "ADMIT",
      "semanticAdmission": "REFUSE",
      "reason": "EVALUATOR_EXECUTION_INPUTS_JOIN:EXECUTION_INPUTS_SELECTED_COVER"
    },
    {
      "case": "promised-manifest-lost",
      "admission": "EVIDENCE_UNAVAILABLE",
      "reason": "EVIDENCE_UNAVAILABLE:05dbb3e68ea831b1a91e6e5b91077032237e743be93443dc3e7016b6b72b27a7"
    },
    {
      "case": "manifest-invalid-bytes",
      "admission": "REFUSE",
      "reason": "BLOB_DIGEST"
    }
  ]
}
