{
  "standing": "synthetic native-admitted Run and complete replay; no runtime qualification",
  "passed": true,
  "count": 6,
  "checks": [
    {
      "case": "actual-admitted-run-policy-derivation",
      "result": "ADMIT",
      "policyDerivationId": "policy-derivation3:79dfbd3666e54dc1bf1974207e14a558e2d853ee85ac6272f3af99d41cfe51c9"
    },
    {
      "case": "reminted-verdict",
      "result": "REFUSE",
      "reason": "EVALUATOR_POLICY_DERIVATION_REPLAY"
    },
    {
      "case": "reminted-policyDigest",
      "result": "REFUSE",
      "reason": "EVALUATOR_POLICY_DERIVATION_REPLAY"
    },
    {
      "case": "reminted-waiverDigest",
      "result": "REFUSE",
      "reason": "EVALUATOR_POLICY_DERIVATION_REPLAY"
    },
    {
      "case": "changed-policy-own-admitted-plan",
      "result": "ADMIT",
      "policyDerivationId": "policy-derivation3:59351de5ac4559d6cd997c7349744f6167eb12404b96e221e640c24d820b6bab"
    },
    {
      "case": "other-admitted-plan-cannot-replace-policy",
      "result": "REFUSE",
      "reason": "EVALUATOR_POLICY_DERIVATION_REPLAY"
    }
  ]
}
