$ /tmp/opensip-architecture-review-env/bin/python -I -B tools/from_scratch.py
exit 1
--- stdout ---
cmp-base claimed-positive REFUSE ['STAGE_OUTPUT_SCHEMA_REGISTRATION_MISMATCH:0'] None
cmp-code-det2 claimed-positive REFUSE ['STAGE_OUTPUT_SCHEMA_REGISTRATION_MISMATCH:0'] None
cmp-code-detc claimed-positive REFUSE ['STAGE_OUTPUT_SCHEMA_REGISTRATION_MISMATCH:0'] None
cmp-code claimed-positive REFUSE ['STAGE_OUTPUT_SCHEMA_REGISTRATION_MISMATCH:0'] None
cmp-empty claimed-positive REFUSE ['STAGE_OUTPUT_SCHEMA_REGISTRATION_MISMATCH:0'] None
cmp-evidence claimed-positive REFUSE ['STAGE_OUTPUT_SCHEMA_REGISTRATION_MISMATCH:0'] None
cmp-gbase claimed-positive REFUSE ['STAGE_OUTPUT_SCHEMA_REGISTRATION_MISMATCH:0'] None
cmp-gevidence claimed-positive REFUSE ['STAGE_OUTPUT_SCHEMA_REGISTRATION_MISMATCH:0'] None
cmp-gmissing claimed-positive REFUSE ['STAGE_OUTPUT_SCHEMA_REGISTRATION_MISMATCH:0'] None
cmp-hidden claimed-positive REFUSE ['STAGE_OUTPUT_SCHEMA_REGISTRATION_MISMATCH:0'] None
cmp-policy claimed-positive REFUSE ['STAGE_OUTPUT_SCHEMA_REGISTRATION_MISMATCH:0'] None
cmp-scope claimed-positive REFUSE ['STAGE_OUTPUT_SCHEMA_REGISTRATION_MISMATCH:0'] None
cmp-waiver claimed-positive REFUSE ['STAGE_OUTPUT_SCHEMA_REGISTRATION_MISMATCH:0'] None
rust-ambiguous claimed-positive REFUSE ['STAGE_OUTPUT_SCHEMA_REGISTRATION_MISMATCH:0'] None
rust-extra-unit claimed-positive REFUSE ['STAGE_OUTPUT_SCHEMA_REGISTRATION_MISMATCH:0'] None
rust-mixed-clones-required claimed-positive REFUSE ['STAGE_OUTPUT_SCHEMA_REGISTRATION_MISMATCH:0'] None
rust-mixed claimed-positive REFUSE ['STAGE_OUTPUT_SCHEMA_REGISTRATION_MISMATCH:0'] None
rust-partial claimed-positive REFUSE ['STAGE_OUTPUT_SCHEMA_REGISTRATION_MISMATCH:0'] None
rust-same-file-2021 claimed-positive REFUSE ['STAGE_OUTPUT_SCHEMA_REGISTRATION_MISMATCH:0'] None
syntax-code claimed-positive REFUSE ['STAGE_OUTPUT_SCHEMA_REGISTRATION_MISMATCH:0'] None
syntax-data claimed-positive REFUSE ['STAGE_OUTPUT_SCHEMA_REGISTRATION_MISMATCH:0'] None
syntax-mixed-disclosed claimed-positive REFUSE ['STAGE_OUTPUT_SCHEMA_REGISTRATION_MISMATCH:0'] None
syntax-mixed-falsecomplete designed-negative REFUSE ['STAGE_OUTPUT_SCHEMA_REGISTRATION_MISMATCH:0', 'SYNTAX_CAPABILITY_UNSUPPORTED_SCOPE:coverage2:cc5f721975378b9764ab726a74d2151b36acee7bde9da26934138b808d406ec4'] None
syntax-mixed-omitted claimed-positive REFUSE ['STAGE_OUTPUT_SCHEMA_REGISTRATION_MISMATCH:0'] None
ts-clones-required claimed-positive REFUSE ['STAGE_OUTPUT_SCHEMA_REGISTRATION_MISMATCH:0'] None
ts-fail claimed-positive REFUSE ['STAGE_OUTPUT_SCHEMA_REGISTRATION_MISMATCH:0'] None
ts-pass claimed-positive REFUSE ['STAGE_OUTPUT_SCHEMA_REGISTRATION_MISMATCH:0'] None

--- stderr ---

