$ /tmp/opensip-architecture-review-env/bin/python -I -B tools/finalize_review.py --phase11
exit 0
--- stdout ---
{
 "verdict": "CHANGES_REQUIRED",
 "basis": {
  "newMustIssues": 1,
  "newShouldIssues": 0,
  "unexecutedAcceptBlocking": [],
  "failed": [],
  "claimedCompletePositivesAllAdmittedReplayedExported": true,
  "finalCustody": "PASS"
 },
 "checkpointUnexecuted": [],
 "checkpointFailed": [],
 "counts": {
  "requirements (R-*)": 123,
  "standingRules (S-*)": 8,
  "futureQualification (F-*)": 3,
  "executed": 131,
  "unexecuted": 0,
  "failed": 0,
  "claimedCompletePositives": 27
 }
}

--- stderr ---

