declared-out writes observed: 1
{
 "documentCases": {
  "count": 42,
  "byCode": {
   "J-COUPLING-ABSENCE": [
    "coupling-blank-cell-absence-claimed",
    "coupling-blockers-erased"
   ],
   "J-COUPLING-COUNT": [
    "coupling-facts-below-edges",
    "coupling-source-dependencies-above-facts"
   ],
   "J-COUPLING-DRILL": [
    "coupling-drilldown-row-moved-to-absent-cell"
   ],
   "J-COUPLING-ORDER": [
    "coupling-cells-priority-order-broken"
   ],
   "J-COUPLING-OWNER-CLOSURE": [
    "coupling-extra-owner-not-referenced"
   ],
   "J-COUPLING-OWNER-KEY": [
    "coupling-cargo-target-unit-id-tampered",
    "coupling-owner-record-not-key"
   ],
   "J-COUPLING-PROJECTION": [
    "coupling-cells-projection-hides-omission"
   ],
   "J-COUPLING-RUN": [
    "coupling-run-mismatch"
   ],
   "J-COUPLING-TOTALS": [
    "coupling-importer-bucket-dropped",
    "coupling-provenance-duplicate-collapsed"
   ],
   "J-ENTRY-CARGO": [
    "cargo-entries-all-despite-missing-coverage"
   ],
   "J-METRIC-ABSENCE": [
    "metric-zero-absence-with-nonzero"
   ],
   "J-METRIC-PAGE": [
    "metric-response-total-not-produced"
   ],
   "J-METRIC-REQUEST": [
    "metric-request-direction-swapped"
   ],
   "J-METRIC-STATE": [
    "metric-state-lower-bound-on-exact"
   ],
   "J-METRIC-TOTALITY": [
    "metric-row-dropped-without-projection"
   ],
   "J-METRIC-VALUE": [
    "metric-value-not-total"
   ],
   "J-TR-BLOCKERS": [
    "test-blockers-without-partial-origin-set"
   ],
   "J-TR-ORIGIN": [
    "test-origin-glob-not-retained",
    "test-origin-rust-non-test-target"
   ],
   "J-TR-ORIGIN-SET": [
    "test-origin-set-default-glob-limitation-dropped",
    "test-origin-set-globs-not-retained"
   ],
   "J-TR-REQUEST": [
    "test-reach-depth-widened"
   ],
   "J-TR-STATE": [
    "test-unknown-identity-with-origin-set"
   ],
   "J-TR-WITNESS": [
    "test-witness-start-not-origin"
   ],
   "J-TRACE-AVAILABILITY": [
    "trace-after-recognition-purged"
   ],
   "J-TRACE-BLOCKERS": [
    "trace-blockers-erased"
   ],
   "J-TRACE-ENTRY": [
    "trace-cargo-target-provenance-other-root",
    "trace-entry-path-not-attribution",
    "trace-explicit-provenance-without-explicit"
   ],
   "J-TRACE-START": [
    "trace-start-not-embedded-origin-row"
   ],
   "SCHEMA": [
    "cargo-entries-test-target-as-entry",
    "coupling-blank-cell-means-no-dependency",
    "metric-runtime-hotness-id",
    "test-absence-state-reintroduced",
    "test-executed-coverage-interpretation",
    "test-origin-imported-test-id",
    "test-origin-set-complete",
    "trace-dead-code-state"
   ]
  }
 },
 "hostCases": {
  "coupling-prefix-guess": {
   "browserAdmission": "accept",
   "outcome": "J-COUPLING-OWNER"
  },
  "coupling-symbol-spelling-parse": {
   "browserAdmission": "accept",
   "outcome": "J-COUPLING-OWNER"
  },
  "coupling-symbol-path-instead-of-anchor": {
   "browserAdmission": "accept",
   "outcome": "J-COUPLING-OWNER"
  },
  "coupling-target-ownership-as-package": {
   "browserAdmission": "accept",
   "outcome": "J-COUPLING-OWNER"
  },
  "trace-browser-entry-name-heuristic": {
   "browserAdmission": "accept",
   "outcome": "J-TRACE-ENTRY"
  },
  "test-origin-name-guess": {
   "browserAdmission": "J-TR-ORIGIN-SET",
   "outcome": "J-TR-ORIGIN-SET"
  },
  "test-origin-imported-test-id-resolver": {
   "browserAdmission": "SCHEMA",
   "outcome": "SCHEMA"
  }
 },
 "variants": {
  "core-package-partial": {
   "importerBuckets": [
    {
     "cause": "not-compiled-by-selected-targets",
     "facts": 2
    },
    {
     "cause": "owned-only-by-unselected-targets",
     "facts": 1
    },
    {
     "cause": "package-inventory-incomplete",
     "facts": 3
    }
   ],
   "targetBuckets": [
    "external-non-package-target",
    "package-inventory-incomplete",
    "unknown-occupancy"
   ]
  },
  "mixed-not-plan-bound": {
   "entryRecognition": {
    "state": "not-plan-bound"
   },
   "traceCause": "recognition-not-plan-bound",
   "custodyFromParameters": {
    "state": "not-plan-bound"
   }
  },
  "mixed-recogniti
CHECK OK
