{
  "passed": true,
  "groups": 7,
  "cases": [
    {
      "case": "frame-marker-non-envelope",
      "refusal": "IDL_PROTOCOL"
    },
    {
      "case": "frame-marker-hidden-nullable",
      "refusal": "IDL_PROTOCOL"
    },
    {
      "case": "frame-marker-protocol-payload",
      "refusal": "IDL_PROTOCOL"
    },
    {
      "case": "frame-marker-other-envelope-field",
      "refusal": "IDL_PROTOCOL"
    },
    {
      "case": "member-newline",
      "refusal": "IDL_NAME"
    },
    {
      "case": "discriminator-newline",
      "refusal": "IDL_NAME"
    },
    {
      "case": "extern-name-newline",
      "refusal": "IDL_NAME"
    },
    {
      "case": "extern-reference-substitution",
      "refusal": "IDL_EXTERN"
    },
    {
      "case": "extern-type-substitution",
      "refusal": "IDL_EXTERN"
    },
    {
      "case": "distinct-declarations-same-emitted-types",
      "refusal": "identical emitted selection alternative types"
    },
    {
      "case": "root-field",
      "refusal": "IDL_SCHEMA"
    },
    {
      "case": "type-field",
      "refusal": "IDL_SCHEMA"
    },
    {
      "case": "scalar-ref",
      "refusal": "IDL_SCHEMA"
    },
    {
      "case": "cycle-self",
      "refusal": "IDL_CYCLE"
    },
    {
      "case": "cycle-pair",
      "refusal": "IDL_CYCLE"
    },
    {
      "case": "cycle-array",
      "refusal": "IDL_CYCLE"
    },
    {
      "case": "cycle-frame",
      "refusal": "IDL_CYCLE"
    }
  ],
  "standing": "Root closed-profile/current native rendering reference checks; not semantic source acceptance, native CBOR/admission or product integration"
}
