PASS valid-owner-still-admits 
PASS valid-owner-renderer-runs 
PASS original-s1-non-envelope-now-idl-protocol IdlRefusal:IDL_PROTOCOL
PASS original-s1-parent-idl-still-accepted accepted
PASS true-self-ref-still-idl-cycle IdlRefusal:IDL_CYCLE
PASS true-pair-ref-still-idl-cycle IdlRefusal:IDL_CYCLE
PASS non-envelope-field-without-cycle-edge-refuses IdlRefusal:IDL_PROTOCOL
PASS hidden-nullable-on-envelope-payload-refuses IdlRefusal:IDL_PROTOCOL
PASS marker-as-protocol-frame-payload-refuses IdlRefusal:IDL_PROTOCOL
PASS marker-on-envelope-non-payload-field-refuses IdlRefusal:IDL_PROTOCOL
PASS correct-envelope-wrong-protocol-refuses IdlRefusal:IDL_PROTOCOL
PASS rust-envelope-ts-protocol-refuses IdlRefusal:IDL_PROTOCOL
PASS marker-as-scalar-target-refuses IdlRefusal:IDL_SCHEMA
PASS marker-as-alias-target-refuses IdlRefusal:IDL_SCHEMA
PASS marker-as-variant-member-refuses IdlRefusal:IDL_PROTOCOL
PASS array-wrapped-marker-on-payload-slot-refuses IdlRefusal:IDL_PROTOCOL
PASS marker-as-select-alternative-refuses IdlRefusal:IDL_PROTOCOL
PASS unknown-protocol-refuses IdlRefusal:IDL_SCHEMA
PASS unconditional-origin-envelope-edge-would-self-cycle-valid-owner 
{"passed": true, "caseCount": 19, "failed": []}
