test_complete_plan_shape_and_identity_binding (__main__.DisclosureTests.test_complete_plan_shape_and_identity_binding) ... FAIL
test_malformed_sources_and_unavailable_do_not_become_empty (__main__.DisclosureTests.test_malformed_sources_and_unavailable_do_not_become_empty) ... ok
test_optional_missing_and_empty_are_distinct (__main__.DisclosureTests.test_optional_missing_and_empty_are_distinct) ... ok
test_output_has_no_unowned_or_hidden_slots (__main__.DisclosureTests.test_output_has_no_unowned_or_hidden_slots) ... ok
test_private_policy_cannot_widen_disclosure (__main__.DisclosureTests.test_private_policy_cannot_widen_disclosure) ... ok
test_projection_owns_its_copy_and_never_changes_source (__main__.DisclosureTests.test_projection_owns_its_copy_and_never_changes_source) ... ok
test_provenance_is_closed_and_count_minimum_matches_owner (__main__.DisclosureTests.test_provenance_is_closed_and_count_minimum_matches_owner) ... ok
test_public_budget_requires_exact_owned_integer (__main__.DisclosureTests.test_public_budget_requires_exact_owned_integer) ... ok
test_redacted_value_noninterference_except_existing_commitment (__main__.DisclosureTests.test_redacted_value_noninterference_except_existing_commitment) ... ok
test_schema_is_exact_closed_owner_projection (__main__.DisclosureTests.test_schema_is_exact_closed_owner_projection) ... ok
test_sensitive_values_do_not_enter_carrier (__main__.DisclosureTests.test_sensitive_values_do_not_enter_carrier) ... ok
test_source_digest_and_plan_id_must_match_owned_shape (__main__.DisclosureTests.test_source_digest_and_plan_id_must_match_owned_shape) ... ERROR
test_source_failures_have_exact_owned_panel_states (__main__.DisclosureTests.test_source_failures_have_exact_owned_panel_states) ... ok

======================================================================
ERROR: test_source_digest_and_plan_id_must_match_owned_shape (__main__.DisclosureTests.test_source_digest_and_plan_id_must_match_owned_shape)
----------------------------------------------------------------------
Traceback (most recent call last):
  File "/tmp/opensip-implementation/m1-presentation-corrections-root-controls-02/config-plan-id/check.py", line 76, in test_source_digest_and_plan_id_must_match_owned_shape
    project(config, plan_id=bad)
    ~~~~~~~^^^^^^^^^^^^^^^^^^^^^
  File "/tmp/opensip-implementation/m1-presentation-corrections-root-controls-02/config-plan-id/check.py", line 51, in project
    return disclosure.project(plan_id if plan_id is not None else 'plan2:'+reference.identity('plan', plan), plan, config,
           ~~~~~~~~~~~~~~~~~~^^^^^^^^^^^^^^^^^^^^^^^^^^^^^^^^^^^^^^^^^^^^^^^^^^^^^^^^^^^^^^^^^^^^^^^^^^^^^^^^^^^^^^^^^^^^^
                              selected_policy or policy, reference, identity, schema)
                              ^^^^^^^^^^^^^^^^^^^^^^^^^^^^^^^^^^^^^^^^^^^^^^^^^^^^^^^
  File "/private/tmp/opensip-implementation/m1-presentation-corrections-root-controls-02/config-plan-id/disclosure.py", line 56, in project
    reference.validate(disclosure_schema, output)
    ~~~~~~~~~~~~~~~~~~^^^^^^^^^^^^^^^^^^^^^^^^^^^
  File "/Users/sb/code/opensip-ai/opensip_arch/docs/coop/design-corrections/foundation/canonical.py", line 146, in validate
    ExactValidator(schema).validate(value)
    ~~~~~~~~~~~~~~~~~~~~~~~~~~~~~~~^^^^^^^
  File "/private/tmp/opensip-implementation/metadata-reference-env/lib/python3.14/site-packages/jsonschema/validators.py", line 451, in validate
    raise error
jsonschema.exceptions.ValidationError: 'run2:1111111111111111111111111111111111111111111111111111111111111111' does not match '^plan2:[0-9a-f]{64}(?![\\s\\S])'

Failed validating 'pattern' in schema['properties']['source']['properties']['planId']:
    {'type': 'string', 'pattern': '^plan2:[0-9a-f]{64}(?![\\s\\S])'}

On instance['source']['planId']:
    'run2:1111111111111111111111111111111111111111111111111111111111111111'

======================================================================
FAIL: test_complete_plan_shape_and_identity_binding (__main__.DisclosureTests.test_complete_plan_shape_and_identity_binding)
----------------------------------------------------------------------
Traceback (most recent call last):
  File "/tmp/opensip-implementation/m1-presentation-corrections-root-controls-02/config-plan-id/check.py", line 169, in test_complete_plan_shape_and_identity_binding
    with self.assertRaisesRegex(disclosure.DisclosureRefusal, 'PLAN-ID'):
         ~~~~~~~~~~~~~~~~~~~~~~^^^^^^^^^^^^^^^^^^^^^^^^^^^^^^^^^^^^^^^^^
AssertionError: DisclosureRefusal not raised

----------------------------------------------------------------------
Ran 13 tests in 0.060s

FAILED (failures=1, errors=1)
