PASS clean-pass-zero-generated []

PASS built-pass-two-generated {
  "refusals": [],
  "stats": {
    "verifiedGeneratedFiles": 2,
    "edges": 3,
    "milliseconds": 146,
    "maxRssBytes": 309428224
  }
}

PASS built-runtime-maps-to-source 
PASS built-no-from-dist []

PASS changed-refuses-undeclared 
PASS changed-not-executed 
PASS changed-does-not-scan-unverified-js-as-from []

PASS browser-tampered-dist-still-fails-census 
PASS browser-tampered-dist-not-admitted-as-node-group-from {
  "distFrom": [],
  "browserNode": []
}

PASS extra-refused 
PASS undeclared-ts-refused [
  {
    "category": "config-include",
    "file": "providers/typescript/src/unused.ts",
    "message": "tsconfig selects an undeclared input"
  },
  {
    "category": "undeclared-local",
    "file": "providers/typescri
PASS emit-beside-source-admits-exact-js-as-generated {
  "passed": true,
  "stats": {
    "verifiedGeneratedFiles": 2,
    "edges": 3,
    "milliseconds": 92,
    "maxRssBytes": 429719552
  },
  "refusals": [],
  "mapped": true
}

PASS emit-beside-source-does-not-treat-js-as-declared-from []

PASS declaration-emit-not-blanket-ignored {
  "passed": false,
  "refusals": [
    {
      "category": "undeclared-local",
      "file": "providers/typescript/dist/helper.d.ts",
      "message": "package source is neither declared nor an exact compiler output"
 
PASS sourcemap-disk-mismatch-refuses-generated-js {
  "passed": false,
  "refusals": [
    {
      "category": "undeclared-local",
      "file": "providers/typescript/dist/helper.js",
      "message": "package source is neither declared nor an exact compiler output"
   
PASS config-error-does-not-throw {
  "schemaVersion": 1,
  "tool": {
    "name": "check-boundary",
    "version": "0.10.0-root-candidate",
    "typescript": "6.0.3",
    "node": "v24.16.0"
  },
  "lane": {
    "package": "typescript-provider",
    "pack
PASS config-error-does-not-admit-stale-dist [
  {
    "category": "config-invalid",
    "message": "Property assignment expected."
  },
  {
    "category": "ambient-types",
    "message": "compilerOptions.types must be explicit"
  },
  {
    "category": "undeclare
PASS browser-source-node-builtin-refused [
  {
    "category": "browser-node",
    "graph": "build",
    "group": "browser-runtime",
    "from": "apps/report/src/helper.ts",
    "line": 1,
    "column": 8,
    "request": "node:fs",
    "message": "Node built-in
PASS browser-source-not-accepted-as-dist-js-route failed check
PASS challenge-temps-cleaned 
{
  "caseCount": 20,
  "failedCount": 0,
  "failed": []
}

