{
  "standing": "synthetic native-admitted TypeScript/package graphs through actual identity-model.v3.close_run; not compiler extraction qualification; execution manifest bound and fully replayed",
  "passed": true,
  "count": 18,
  "blocked": [],
  "checks": [
    {
      "case": "complete-empty-reference-execution",
      "ownerAdmission": "ADMIT",
      "close_run": "ADMIT",
      "replay": {
        "verdict": "pass",
        "findingCount": 0,
        "runId": "run3:ecc48138fada0cb21d73137ba2851b93a7296083bb3b991dc15915b79c6b994f"
      }
    },
    {
      "case": "missing-required-inventory-execution",
      "ownerAdmission": "ADMIT",
      "close_run": "ADMIT",
      "replay": {
        "verdict": "indeterminate",
        "findingCount": 0,
        "runId": "run3:791e658dd5e7f6a1ce1d656910cb6c2fbc572c1d2071fe368f8fa70eb10235f1"
      }
    },
    {
      "case": "declares-exists-source-positive",
      "ownerAdmission": "ADMIT",
      "close_run": "ADMIT",
      "replay": {
        "verdict": "fail",
        "findingCount": 2,
        "runId": "run3:0cd01b29330dd5812b083946ea7a1684a91a602f0c6905c76bc4d81c417bd744"
      }
    },
    {
      "case": "references-exists-source-positive",
      "ownerAdmission": "ADMIT",
      "close_run": "ADMIT",
      "replay": {
        "verdict": "fail",
        "findingCount": 1,
        "runId": "run3:cab503110c2158b15963fe91cfebfe6114812d8396e1d57d6510648e1103c2a7"
      }
    },
    {
      "case": "references-none-outgoing-complete",
      "ownerAdmission": "ADMIT",
      "close_run": "ADMIT",
      "replay": {
        "verdict": "fail",
        "findingCount": 1,
        "runId": "run3:dd3e1a06b5ee106c708dc7b1b46ef5c074b3b1637bf6df8da21ea9d10fa1271f"
      }
    },
    {
      "case": "references-exists-incoming-known-hit",
      "ownerAdmission": "ADMIT",
      "close_run": "ADMIT",
      "replay": {
        "verdict": "fail",
        "findingCount": 1,
        "runId": "run3:b90e257f37fa07b1e284782aecc6e1da55a766abca5d8971f68632f3eb3c57e6"
      }
    },
    {
      "case": "references-incoming-incomplete-unknown",
      "ownerAdmission": "ADMIT",
      "close_run": "ADMIT",
      "replay": {
        "verdict": "indeterminate",
        "findingCount": 0,
        "runId": "run3:f9b48563b2a7a96f9ee8637eb2db5c277ac2b466c424d2f9010825dad94d801b"
      }
    },
    {
      "case": "references-no-false-cross-u",
      "ownerAdmission": "ADMIT",
      "close_run": "ADMIT",
      "replay": {
        "verdict": "fail",
        "findingCount": 1,
        "runId": "run3:252a26a88825cfe7902cbd11acbe911160e1b264e2c1eef40ef20169472cba06"
      }
    },
    {
      "case": "incoming-partition-s-to-v-unknown",
      "ownerAdmission": "ADMIT",
      "close_run": "ADMIT",
      "replay": {
        "verdict": "indeterminate",
        "findingCount": 0,
        "runId": "run3:3ff3dd50679fed108dde13e429b8aa0988b5a2248fc89975ba2251d277d27ca3"
      }
    },
    {
      "case": "incoming-attestation-covers-other-partition",
      "ownerAdmission": "ADMIT",
      "close_run": "ADMIT",
      "replay": {
        "verdict": "fail",
        "findingCount": 2,
        "runId": "run3:787ed0845bac3236d723024be5fbff4ce9d8bdfb667ce2804ce940236abf4789"
      }
    },
    {
      "case": "package-two-manifest-distinct-subject3",
      "ownerAdmission": "ADMIT",
      "close_run": "ADMIT",
      "replay": {
        "verdict": "fail",
        "findingCount": 3,
        "runId": "run3:8841e02e86c69b7718f299073137169bc6b546af60856bd40595d19abba6c849",
        "distinctDupSubjects": 2,
        "dupManifests": [
          "packages/left/package.json",
          "packages/right/package.json"
        ]
      }
    },
    {
      "case": "package-manifest-path-source-join",
      "ownerAdmission": "ADMIT",
      "close_run": "ADMIT",
      "replay": {
        "verdict": "fail",
        "findingCount": 2,
        "runId": "run3:48b9874689188ac5480b596528ae20200e94ed4cbeb2c45c77815add517b289a"
      }
    },
    {
      "case": "imports-file-first-party-exists",
      "ownerAdmission": "ADMIT",
      "close_run": "ADMIT",
      "replay": {
        "verdict": "fail",
        "findingCount": 1,
        "runId": "run3:eee1cad63ec888446c85bae3592cd0e32119c3113ce0637b777ee5b66335d04f"
      }
    },
    {
      "case": "imports-file-none-false-on-mapped-target",
      "ownerAdmission": "ADMIT",
      "close_run": "ADMIT",
      "replay": {
        "verdict": "fail",
        "findingCount": 6,
        "runId": "run3:f102e2d84e8df4edca58235a54f6fefb556f79826d82c6e9f120c6338ca766d0"
      }
    },
    {
      "case": "same-count-severity",
      "ownerAdmission": "ADMIT",
      "remintedRunId": "run3:48d2c0752f2263a55910e1acbd1ef0c511f30f842f78ba67d4c8b37bd8925f0c",
      "replay": "REFUSE",
      "reason": "EVALUATOR_COMPLETE_PROOF_REPLAY"
    },
    {
      "case": "same-count-message",
      "ownerAdmission": "ADMIT",
      "remintedRunId": "run3:d51b6350b9dd9f08bf9cd67765fe175b1f09ec1cb51fc962ccae040a504879fd",
      "replay": "REFUSE",
      "reason": "EVALUATOR_COMPLETE_PROOF_REPLAY"
    },
    {
      "case": "same-count-parameter",
      "ownerAdmission": "ADMIT",
      "remintedRunId": "run3:9e36776fdb2ce81e16ed0c3e033fefcffbfadb25a102c61afab889fc5d70044a",
      "replay": "REFUSE",
      "reason": "EVALUATOR_COMPLETE_PROOF_REPLAY"
    },
    {
      "case": "same-count-missing-citation",
      "ownerAdmission": "ADMIT",
      "remintedRunId": "run3:6b5939d222ba5015af6d608148dc2937b670cf285fbf63f23d2bfa1e84ed2fde",
      "replay": "REFUSE",
      "reason": "EVALUATOR_COMPLETE_PROOF_REPLAY"
    }
  ]
}
