{
  "standing": "BOUNDED WORKFLOW PROJECTION ONLY. Isolated evaluator3 schemas + close_run adapter over synthetic owner-admitted graphs. Not real extraction qualification, not full SARIF-schema qualification, not full profile acceptance. Passing these checks does not establish complete admission. Root reminted mutants PASS open_run_closure and REFUSE complete semantic close; they are not claimed as owner-admission failures. Execution-inputs is required on an admitted Run. Main Grok v6 removes ambient physical store pointer inventories from semantic identity.",
  "passed": true,
  "count": 389,
  "failed": [],
  "results": [
    {
      "id": "schema-count",
      "ok": true,
      "detail": ""
    },
    {
      "id": "common-run3-not-mixed",
      "ok": true,
      "detail": ""
    },
    {
      "id": "common-no-run2-alternation",
      "ok": true,
      "detail": ""
    },
    {
      "id": "fingerprint-retained-key2",
      "ok": true,
      "detail": ""
    },
    {
      "id": "v1-baseline-identity-major-was-1",
      "ok": true,
      "detail": ""
    },
    {
      "id": "v1-comparison-identity-major-was-1",
      "ok": true,
      "detail": ""
    },
    {
      "id": "v1-envelope-major-was-2",
      "ok": true,
      "detail": ""
    },
    {
      "id": "v1-invocation-major-was-1",
      "ok": true,
      "detail": ""
    },
    {
      "id": "v1-query-major-was-1",
      "ok": true,
      "detail": ""
    },
    {
      "id": "v1-repair-plan-major-was-1",
      "ok": true,
      "detail": ""
    },
    {
      "id": "v1-inventory-major-was-1",
      "ok": true,
      "detail": ""
    },
    {
      "id": "baseline-schema-major-2",
      "ok": true,
      "detail": ""
    },
    {
      "id": "baseline-requires-unmatched",
      "ok": true,
      "detail": ""
    },
    {
      "id": "comparison-schema-major-2",
      "ok": true,
      "detail": ""
    },
    {
      "id": "comparison-cause-correspondence",
      "ok": true,
      "detail": ""
    },
    {
      "id": "envelope-major-3",
      "ok": true,
      "detail": ""
    },
    {
      "id": "invocation-major-3",
      "ok": true,
      "detail": ""
    },
    {
      "id": "new-baseline-major-bumped-for-unmatched-preimage",
      "ok": true,
      "detail": ""
    },
    {
      "id": "new-comparison-major-bumped-for-unmatched-preimage",
      "ok": true,
      "detail": ""
    },
    {
      "id": "new-repair-plan-major-bumped-for-run3",
      "ok": true,
      "detail": ""
    },
    {
      "id": "query-major-3-preserves-findingId-and-closes-graph-semantics",
      "ok": true,
      "detail": ""
    },
    {
      "id": "retention-pins-run3-not-mixed-regex",
      "ok": true,
      "detail": ""
    },
    {
      "id": "unmatched-requires-side",
      "ok": true,
      "detail": ""
    },
    {
      "id": "finding-surface-is-not-sarif",
      "ok": true,
      "detail": ""
    },
    {
      "id": "sarif-adapter-major-2",
      "ok": true,
      "detail": ""
    },
    {
      "id": "run2-prefix-refused",
      "ok": true,
      "detail": ""
    },
    {
      "id": "run3-prefix-admitted",
      "ok": true,
      "detail": ""
    },
    {
      "id": "finding2-prefix-refused",
      "ok": true,
      "detail": ""
    },
    {
      "id": "finding-surface-matched",
      "ok": true,
      "detail": ""
    },
    {
      "id": "finding-surface-unmatched-null-fp",
      "ok": true,
      "detail": ""
    },
    {
      "id": "unmatched-cannot-carry-partialFingerprints",
      "ok": true,
      "detail": ""
    },
    {
      "id": "two-config-same-logical-fingerprint",
      "ok": true,
      "detail": ""
    },
    {
      "id": "two-config-different-params",
      "ok": true,
      "detail": ""
    },
    {
      "id": "two-config-one-baseline-entry",
      "ok": true,
      "detail": ""
    },
    {
      "id": "two-config-params-not-collapsed",
      "ok": true,
      "detail": ""
    },
    {
      "id": "subjectId-opaque-not-three-coords",
      "ok": true,
      "detail": ""
    },
    {
      "id": "package-same-name-different-manifest-paths",
      "ok": true,
      "detail": ""
    },
    {
      "id": "package-manifest-path-owns-fingerprint",
      "ok": true,
      "detail": ""
    },
    {
      "id": "package-two-baseline-entries-by-path",
      "ok": true,
      "detail": ""
    },
    {
      "id": "adopt-schema-major-2",
      "ok": true,
      "detail": ""
    },
    {
      "id": "adopt-run3",
      "ok": true,
      "detail": ""
    },
    {
      "id": "adopt-uses-trusted-custody-timestamp",
      "ok": true,
      "detail": ""
    },
    {
      "id": "baseline-artifact-schema",
      "ok": true,
      "detail": ""
    },
    {
      "id": "legacy-optional-presence-conflict",
      "ok": true,
      "detail": ""
    },
    {
      "id": "legacy-value-conflict",
      "ok": true,
      "detail": ""
    },
    {
      "id": "legacy-agree-groups",
      "ok": true,
      "detail": ""
    },
    {
      "id": "preimage-conflict-input-refusal",
      "ok": true,
      "detail": ""
    },
    {
      "id": "adopt-requires-scope-parameter",
      "ok": true,
      "detail": ""
    },
    {
      "id": "adopt-requires-trusted-custody",
      "ok": true,
      "detail": ""
    },
    {
      "id": "unmatched-not-in-entries",
      "ok": true,
      "detail": ""
    },
    {
      "id": "unmatched-fingerprint-is-null",
      "ok": true,
      "detail": ""
    },
    {
      "id": "nongating-live-finding-does-not-fail",
      "ok": true,
      "detail": ""
    },
    {
      "id": "advisory-outcome-fail-does-not-gate",
      "ok": true,
      "detail": ""
    },
    {
      "id": "gating-live-unmatched-fails",
      "ok": true,
      "detail": ""
    },
    {
      "id": "gating-live-ignores-outcome-pass",
      "ok": true,
      "detail": ""
    },
    {
      "id": "unmatched-current-fail",
      "ok": true,
      "detail": ""
    },
    {
      "id": "path-waiver-current-pass",
      "ok": true,
      "detail": ""
    },
    {
      "id": "execution-deficiency-independent-indeterminate",
      "ok": true,
      "detail": ""
    },
    {
      "id": "budget-exhausted-independent",
      "ok": true,
      "detail": ""
    },
    {
      "id": "proof-verdict-inconsistent",
      "ok": true,
      "detail": ""
    },
    {
      "id": "correspondence-gating-not-from-outcome",
      "ok": true,
      "detail": ""
    },
    {
      "id": "unmatched-not-classified-as-net-new",
      "ok": true,
      "detail": ""
    },
    {
      "id": "unmatched-audit-correspondence-incomplete",
      "ok": true,
      "detail": ""
    },
    {
      "id": "comparison-artifact-schema",
      "ok": true,
      "detail": ""
    },
    {
      "id": "path-waiver-audit-still-unknown",
      "ok": true,
      "detail": ""
    },
    {
      "id": "compare-requires-occurrences",
      "ok": true,
      "detail": ""
    },
    {
      "id": "compare-requires-ruleResults",
      "ok": true,
      "detail": ""
    },
    {
      "id": "empty-ruleResults-does-not-heal",
      "ok": true,
      "detail": ""
    },
    {
      "id": "compare-rejects-supplied-presence",
      "ok": true,
      "detail": ""
    },
    {
      "id": "compare-rejects-supplied-entryRules",
      "ok": true,
      "detail": ""
    },
    {
      "id": "baseline-unmatched-survives-current-empty-baseline-or-current",
      "ok": true,
      "detail": ""
    },
    {
      "id": "current-only-removed-rule-does-not-inherit-baseline-unmatched-gate",
      "ok": true,
      "detail": ""
    },
    {
      "id": "nongating-baseline-unmatched-does-not-block",
      "ok": true,
      "detail": ""
    },
    {
      "id": "matched-regression-dominates-unknown",
      "ok": true,
      "detail": ""
    },
    {
      "id": "code-regression-new-waiver-does-not-suppress",
      "ok": true,
      "detail": ""
    },
    {
      "id": "full-current-new-waiver-suppresses-hidden-net-new",
      "ok": true,
      "detail": ""
    },
    {
      "id": "unmapped-has-contextDelta",
      "ok": true,
      "detail": ""
    },
    {
      "id": "unmapped-comparison-not-performed",
      "ok": true,
      "detail": ""
    },
    {
      "id": "unmapped-error-is-precondition",
      "ok": true,
      "detail": ""
    },
    {
      "id": "unmapped-reason-project-unmapped",
      "ok": true,
      "detail": ""
    },
    {
      "id": "unmapped-empty-unmatched",
      "ok": true,
      "detail": ""
    },
    {
      "id": "unmapped-comparison-schema",
      "ok": true,
      "detail": ""
    },
    {
      "id": "declared-origin-performs-comparison",
      "ok": true,
      "detail": ""
    },
    {
      "id": "declared-origin-schema",
      "ok": true,
      "detail": ""
    },
    {
      "id": "recipe-unsupported-whole-shape",
      "ok": true,
      "detail": ""
    },
    {
      "id": "recipe-unsupported-reason",
      "ok": true,
      "detail": ""
    },
    {
      "id": "recipe-unsupported-error",
      "ok": true,
      "detail": ""
    },
    {
      "id": "recipe-unsupported-schema",
      "ok": true,
      "detail": ""
    },
    {
      "id": "old-baseline-major-refused-not-empty-coercion",
      "ok": true,
      "detail": ""
    },
    {
      "id": "old-baseline-compare-refused-not-v1-semantics",
      "ok": true,
      "detail": ""
    },
    {
      "id": "old-comparison-major-unsupported",
      "ok": true,
      "detail": ""
    },
    {
      "id": "verify-context-digest-binding",
      "ok": true,
      "detail": ""
    },
    {
      "id": "optional-unknown-non-gating-current-pass",
      "ok": true,
      "detail": ""
    },
    {
      "id": "optional-unknown-no-gating-correspondence-deficiency",
      "ok": true,
      "detail": ""
    },
    {
      "id": "zero-finding-population-unknown-not-pass",
      "ok": true,
      "detail": ""
    },
    {
      "id": "zero-result-population-unknown-preserved",
      "ok": true,
      "detail": ""
    },
    {
      "id": "zero-unknown-gating-deficiency",
      "ok": true,
      "detail": ""
    },
    {
      "id": "source-syntax-invalid-is-enumeration-unknown-not-native",
      "ok": true,
      "detail": ""
    },
    {
      "id": "source-syntax-invalid-preserves-zero-population-unknown",
      "ok": true,
      "detail": ""
    },
    {
      "id": "intermediate-surface-one-per-findingId",
      "ok": true,
      "detail": ""
    },
    {
      "id": "intermediate-surface-is-not-sarif-log",
      "ok": true,
      "detail": ""
    },
    {
      "id": "sarif-version-2-1-0",
      "ok": true,
      "detail": ""
    },
    {
      "id": "sarif-one-result-per-findingId",
      "ok": true,
      "detail": ""
    },
    {
      "id": "sarif-partialFingerprints-only-matched",
      "ok": true,
      "detail": ""
    },
    {
      "id": "sarif-keeps-message-params",
      "ok": true,
      "detail": ""
    },
    {
      "id": "sarif-keeps-citations",
      "ok": true,
      "detail": ""
    },
    {
      "id": "sarif-one-per-findingId",
      "ok": true,
      "detail": ""
    },
    {
      "id": "sarif-matched-have-partialFingerprints",
      "ok": true,
      "detail": ""
    },
    {
      "id": "sarif-log-schema",
      "ok": true,
      "detail": ""
    },
    {
      "id": "sarif-surface-cfg-a",
      "ok": true,
      "detail": ""
    },
    {
      "id": "sarif-surface-cfg-b",
      "ok": true,
      "detail": ""
    },
    {
      "id": "sarif-surface-unmatched",
      "ok": true,
      "detail": ""
    },
    {
      "id": "matched-two-configs-one-candidateId",
      "ok": true,
      "detail": ""
    },
    {
      "id": "matched-candidate-preserves-both-params",
      "ok": true,
      "detail": ""
    },
    {
      "id": "unmatched-candidate-by-findingId",
      "ok": true,
      "detail": ""
    },
    {
      "id": "unmatched-candidate-key-is-findingId",
      "ok": true,
      "detail": ""
    },
    {
      "id": "matched-candidate-has-fingerprint",
      "ok": true,
      "detail": ""
    },
    {
      "id": "candidate-matched-schema",
      "ok": true,
      "detail": ""
    },
    {
      "id": "candidate-unmatched-schema",
      "ok": true,
      "detail": ""
    },
    {
      "id": "suppression-targets-logical-fingerprint-candidate",
      "ok": true,
      "detail": ""
    },
    {
      "id": "fingerprint-suppression-does-not-hide-unmatched",
      "ok": true,
      "detail": ""
    },
    {
      "id": "suppression-does-not-hide-unmatched",
      "ok": true,
      "detail": ""
    },
    {
      "id": "unmatched-suppression-by-findingId-candidate",
      "ok": true,
      "detail": ""
    },
    {
      "id": "unmatched-suppression-does-not-hide-matched",
      "ok": true,
      "detail": ""
    },
    {
      "id": "query-unmatched-by-findingId",
      "ok": true,
      "detail": ""
    },
    {
      "id": "query-fingerprint-matched-only-all-configs",
      "ok": true,
      "detail": ""
    },
    {
      "id": "findings-map-by-findingId",
      "ok": true,
      "detail": ""
    },
    {
      "id": "findings-map-duplicate-refused",
      "ok": true,
      "detail": ""
    },
    {
      "id": "repair-unmatched-refuses",
      "ok": true,
      "detail": ""
    },
    {
      "id": "repair-multi-config-compatible-keeps-both-ids",
      "ok": true,
      "detail": ""
    },
    {
      "id": "repair-does-not-collapse-params",
      "ok": true,
      "detail": ""
    },
    {
      "id": "repair-multi-config-path-ambiguity",
      "ok": true,
      "detail": ""
    },
    {
      "id": "output-bound-existing-error",
      "ok": true,
      "detail": ""
    },
    {
      "id": "output-bound-detail-is-registered",
      "ok": true,
      "detail": ""
    },
    {
      "id": "schema-major-error-is-d9-errorcode",
      "ok": true,
      "detail": ""
    },
    {
      "id": "schema-major-error-not-used-as-detail-member",
      "ok": true,
      "detail": ""
    },
    {
      "id": "graph-query-findingId-param",
      "ok": true,
      "detail": ""
    },
    {
      "id": "graph-query-fingerprint-param",
      "ok": true,
      "detail": ""
    },
    {
      "id": "config-invalid-not-used-as-detail",
      "ok": true,
      "detail": ""
    },
    {
      "id": "request-schema-major-not-used-as-detail",
      "ok": true,
      "detail": ""
    },
    {
      "id": "checker-default-is-stdout-not-historical-receipt",
      "ok": true,
      "detail": ""
    },
    {
      "id": "v4-control-coverage-preserved",
      "ok": true,
      "detail": ""
    },
    {
      "id": "admitted-twoU-close-run-run3",
      "ok": true,
      "detail": ""
    },
    {
      "id": "admitted-twoU-six-findings",
      "ok": true,
      "detail": ""
    },
    {
      "id": "admitted-twoU-six-subjectIds",
      "ok": true,
      "detail": ""
    },
    {
      "id": "admitted-twoU-three-fingerprints",
      "ok": true,
      "detail": ""
    },
    {
      "id": "admitted-twoU-three-baseline-entries",
      "ok": true,
      "detail": ""
    },
    {
      "id": "admitted-twoU-three-logical-candidates",
      "ok": true,
      "detail": ""
    },
    {
      "id": "admitted-twoU-all-six-findingIds-retained",
      "ok": true,
      "detail": ""
    },
    {
      "id": "admitted-twoU-group-keeps-both-configs",
      "ok": true,
      "detail": ""
    },
    {
      "id": "admitted-twoU-six-sarif-results",
      "ok": true,
      "detail": ""
    },
    {
      "id": "admitted-twoU-sarif-findingIds",
      "ok": true,
      "detail": ""
    },
    {
      "id": "admitted-twoU-sarif-message-params",
      "ok": true,
      "detail": ""
    },
    {
      "id": "admitted-twoU-sarif-citations",
      "ok": true,
      "detail": ""
    },
    {
      "id": "admitted-twoU-verdict-fail-from-policy-and-proof",
      "ok": true,
      "detail": ""
    },
    {
      "id": "admitted-twoU-no-unmatched",
      "ok": true,
      "detail": ""
    },
    {
      "id": "admitted-twoU-adoption-not-performed-without-scope",
      "ok": true,
      "detail": ""
    },
    {
      "id": "admitted-twoU-adoption-scope-detail",
      "ok": true,
      "detail": ""
    },
    {
      "id": "admitted-twoU-sarif-schema",
      "ok": true,
      "detail": ""
    },
    {
      "id": "admitted-twoU-candidate-schema",
      "ok": true,
      "detail": ""
    },
    {
      "id": "admitted-file-three-findings",
      "ok": true,
      "detail": ""
    },
    {
      "id": "admitted-file-three-fingerprints",
      "ok": true,
      "detail": ""
    },
    {
      "id": "admitted-file-three-baseline-entries",
      "ok": true,
      "detail": ""
    },
    {
      "id": "admitted-file-three-candidates",
      "ok": true,
      "detail": ""
    },
    {
      "id": "admitted-file-three-sarif",
      "ok": true,
      "detail": ""
    },
    {
      "id": "admitted-file-verdict-fail",
      "ok": true,
      "detail": ""
    },
    {
      "id": "admitted-file-adoption-not-performed",
      "ok": true,
      "detail": ""
    },
    {
      "id": "admitted-nongating-three-findings",
      "ok": true,
      "detail": ""
    },
    {
      "id": "admitted-nongating-verdict-pass",
      "ok": true,
      "detail": ""
    },
    {
      "id": "admitted-nongating-live-does-not-fail",
      "ok": true,
      "detail": ""
    },
    {
      "id": "admitted-nongating-adoption-not-performed",
      "ok": true,
      "detail": ""
    },
    {
      "id": "admitted-run-adopt-without-scope-document",
      "ok": true,
      "detail": ""
    },
    {
      "id": "open_run_closure-not-called-from-adapter",
      "ok": true,
      "detail": ""
    },
    {
      "id": "adapter-invokes-close_run",
      "ok": true,
      "detail": ""
    },
    {
      "id": "v5-control-coverage-preserved",
      "ok": true,
      "detail": ""
    },
    {
      "id": "nonblocking-cross-family-does-not-make-unknown",
      "ok": true,
      "detail": ""
    },
    {
      "id": "waived-live-plus-incomplete-stays-indeterminate",
      "ok": true,
      "detail": ""
    },
    {
      "id": "optional-unknown-nonblocking-pass",
      "ok": true,
      "detail": ""
    },
    {
      "id": "compare-carries-execution-deficiencies",
      "ok": true,
      "detail": ""
    },
    {
      "id": "compare-budget-exhausted-not-pass",
      "ok": true,
      "detail": ""
    },
    {
      "id": "compare-execution-schema",
      "ok": true,
      "detail": ""
    },
    {
      "id": "compare-disabled-rules-execution-still-unknown",
      "ok": true,
      "detail": ""
    },
    {
      "id": "scope-document-selected",
      "ok": true,
      "detail": ""
    },
    {
      "id": "scope-document-verdict-fail",
      "ok": true,
      "detail": ""
    },
    {
      "id": "admitted-baseline-artifact-schema",
      "ok": true,
      "detail": ""
    },
    {
      "id": "admitted-baseline-one-entry",
      "ok": true,
      "detail": ""
    },
    {
      "id": "admitted-baseline-exact-pins",
      "ok": true,
      "detail": ""
    },
    {
      "id": "reminted-wrong-entries-refused",
      "ok": true,
      "detail": ""
    },
    {
      "id": "reminted-wrong-pins-refused",
      "ok": true,
      "detail": ""
    },
    {
      "id": "reminted-wrong-scope-digest-refused",
      "ok": true,
      "detail": ""
    },
    {
      "id": "ordinary-graph-adopt-admitted-refuses-without-scope",
      "ok": true,
      "detail": ""
    },
    {
      "id": "admitted-compare-same-context-performed",
      "ok": true,
      "detail": ""
    },
    {
      "id": "admitted-compare-same-context-pass",
      "ok": true,
      "detail": ""
    },
    {
      "id": "admitted-compare-same-context-no-invented-maps",
      "ok": true,
      "detail": ""
    },
    {
      "id": "admitted-compare-same-context-schema",
      "ok": true,
      "detail": ""
    },
    {
      "id": "admitted-compare-policy-change-pivot-unavailable",
      "ok": true,
      "detail": ""
    },
    {
      "id": "admitted-compare-pivot-unavailable-schema",
      "ok": true,
      "detail": ""
    },
    {
      "id": "sarif-waived-has-suppression",
      "ok": true,
      "detail": ""
    },
    {
      "id": "sarif-rule-messageStrings",
      "ok": true,
      "detail": ""
    },
    {
      "id": "sarif-waived-schema",
      "ok": true,
      "detail": ""
    },
    {
      "id": "step-termination-output-bound",
      "ok": true,
      "detail": ""
    },
    {
      "id": "graph-query-request-schema",
      "ok": true,
      "detail": ""
    },
    {
      "id": "candidate-from-admitted",
      "ok": true,
      "detail": ""
    },
    {
      "id": "replay-verdict-complete-file-positive",
      "ok": true,
      "detail": ""
    },
    {
      "id": "replay-verdict-two-universes-six-full-findings",
      "ok": true,
      "detail": ""
    },
    {
      "id": "replay-verdict-file-none",
      "ok": true,
      "detail": ""
    },
    {
      "id": "replay-verdict-file-count-at-most-zero",
      "ok": true,
      "detail": ""
    },
    {
      "id": "replay-verdict-file-all-covered",
      "ok": true,
      "detail": ""
    },
    {
      "id": "replay-verdict-nongating-live-findings",
      "ok": true,
      "detail": ""
    },
    {
      "id": "replay-verdict-disabled-rule",
      "ok": true,
      "detail": ""
    },
    {
      "id": "replay-verdict-budget-exhausted",
      "ok": true,
      "detail": ""
    },
    {
      "id": "replay-verdict-selected-scope-document",
      "ok": true,
      "detail": ""
    },
    {
      "id": "replay-verdict-complete-empty-path-selection",
      "ok": true,
      "detail": ""
    },
    {
      "id": "replay-verdict-filter-whole-segment-glob",
      "ok": true,
      "detail": ""
    },
    {
      "id": "replay-verdict-runtime-known-hit",
      "ok": true,
      "detail": ""
    },
    {
      "id": "replay-verdict-runtime-missing-subject-negative",
      "ok": true,
      "detail": ""
    },
    {
      "id": "replay-verdict-runtime-partial-known-hit",
      "ok": true,
      "detail": ""
    },
    {
      "id": "replay-verdict-runtime-partial-all-covered",
      "ok": true,
      "detail": ""
    },
    {
      "id": "replay-verdict-runtime-optional-unknown",
      "ok": true,
      "detail": ""
    },
    {
      "id": "replay-verdict-history-complete-zero",
      "ok": true,
      "detail": ""
    },
    {
      "id": "replay-verdict-history-listed-zero",
      "ok": true,
      "detail": ""
    },
    {
      "id": "replay-verdict-history-partial-zero",
      "ok": true,
      "detail": ""
    },
    {
      "id": "replay-verdict-boolean-false-keeps-required-partial-diagnostics",
      "ok": true,
      "detail": ""
    },
    {
      "id": "replay-verdict-boolean-true-dominates-required-partial-diagnostics",
      "ok": true,
      "detail": ""
    },
    {
      "id": "replay-verdict-test-row-exact-location",
      "ok": true,
      "detail": ""
    },
    {
      "id": "replay-verdict-test-process-coarse-scope",
      "ok": true,
      "detail": ""
    },
    {
      "id": "replay-verdict-test-partial-no-false-all-covered",
      "ok": true,
      "detail": ""
    },
    {
      "id": "replay-verdict-symbol-with-detector-projection",
      "ok": true,
      "detail": ""
    },
    {
      "id": "replay-verdict-symbol-without-detector-projection",
      "ok": true,
      "detail": ""
    },
    {
      "id": "replay-verdict-symbol-signature-collision",
      "ok": true,
      "detail": ""
    },
    {
      "id": "replay-verdict-symbol-distinct-overload-signatures",
      "ok": true,
      "detail": ""
    },
    {
      "id": "replay-verdict-export-membership-unknown",
      "ok": true,
      "detail": ""
    },
    {
      "id": "replay-verdict-partial-symbol-known-finding",
      "ok": true,
      "detail": ""
    },
    {
      "id": "replay-verdict-disabled-required-symbol-partial",
      "ok": true,
      "detail": ""
    },
    {
      "id": "replay-case-verdicts-aligned",
      "ok": true,
      "detail": ""
    },
    {
      "id": "replay-loop-covers-file-runtime-history-test-symbol",
      "ok": true,
      "detail": ""
    },
    {
      "id": "v6-control-coverage-preserved",
      "ok": true,
      "detail": ""
    },
    {
      "id": "mixed-boolean-and-supported",
      "ok": true,
      "detail": ""
    },
    {
      "id": "mixed-boolean-determinate-false-can-pass",
      "ok": true,
      "detail": ""
    },
    {
      "id": "required-import-unknown-not-inventory-satisfied",
      "ok": true,
      "detail": ""
    },
    {
      "id": "complete-inventory-required-import-unknown-comparison-indeterminate",
      "ok": true,
      "detail": ""
    },
    {
      "id": "execution-deficiency-keeps-inputRefs-nativeCause",
      "ok": true,
      "detail": ""
    },
    {
      "id": "sarif-colon-not-scheme",
      "ok": true,
      "detail": ""
    },
    {
      "id": "sarif-space-percent-encoded",
      "ok": true,
      "detail": ""
    },
    {
      "id": "sarif-encoded-uri-schema",
      "ok": true,
      "detail": ""
    },
    {
      "id": "detail-input-refused-retained",
      "ok": true,
      "detail": ""
    },
    {
      "id": "detail-selection-limit-retained",
      "ok": true,
      "detail": ""
    },
    {
      "id": "detail-preimage-mismatch-retained",
      "ok": true,
      "detail": ""
    },
    {
      "id": "current-detectors-compatibleWith-refused",
      "ok": true,
      "detail": ""
    },
    {
      "id": "compare-admitted-without-scope-refused",
      "ok": true,
      "detail": ""
    },
    {
      "id": "bound-e1-same-snapshot-available",
      "ok": true,
      "detail": ""
    },
    {
      "id": "bound-e1-schema",
      "ok": true,
      "detail": ""
    },
    {
      "id": "wrong-context-e1-refused",
      "ok": true,
      "detail": ""
    },
    {
      "id": "portable-any-rewritten-in-host-adapter",
      "ok": true,
      "detail": ""
    },
    {
      "id": "v7-control-coverage-preserved",
      "ok": true,
      "detail": ""
    },
    {
      "id": "detail-required-output-omitted-retained",
      "ok": true,
      "detail": ""
    },
    {
      "id": "isolated-additions-prose-shared-input-refused-selection-limit-omitted",
      "ok": true,
      "detail": ""
    },
    {
      "id": "e0-extra-detector-id-refused",
      "ok": true,
      "detail": ""
    },
    {
      "id": "e0-missing-detector-id-refused",
      "ok": true,
      "detail": ""
    },
    {
      "id": "e0-semantics-major-mismatch-refused",
      "ok": true,
      "detail": ""
    },
    {
      "id": "e0-exact-identity-major-map-admitted",
      "ok": true,
      "detail": ""
    },
    {
      "id": "missing-pivot-presence-is-null-not-false",
      "ok": true,
      "detail": ""
    },
    {
      "id": "detector-identity-major-map-marks-detectorChanged",
      "ok": true,
      "detail": ""
    },
    {
      "id": "detector-change-does-not-copy-E1-to-E0",
      "ok": true,
      "detail": ""
    },
    {
      "id": "detector-change-is-detection-delta-not-code-net-new",
      "ok": true,
      "detail": ""
    },
    {
      "id": "detector-change-comparison-schema",
      "ok": true,
      "detail": ""
    },
    {
      "id": "bound-e0-extra-detector-on-baseline-refused",
      "ok": true,
      "detail": ""
    },
    {
      "id": "e2-graphs-share-snapshot",
      "ok": true,
      "detail": ""
    },
    {
      "id": "e2-graphs-share-policy",
      "ok": true,
      "detail": ""
    },
    {
      "id": "bound-e2-scope-axis-available",
      "ok": true,
      "detail": ""
    },
    {
      "id": "bound-e2-schema",
      "ok": true,
      "detail": ""
    },
    {
      "id": "wrong-current-as-e2-refused",
      "ok": true,
      "detail": ""
    },
    {
      "id": "wrong-e1-policy-graph-as-e2-refused",
      "ok": true,
      "detail": ""
    },
    {
      "id": "e3-graphs-share-snapshot",
      "ok": true,
      "detail": ""
    },
    {
      "id": "e3-current-has-waived-findings",
      "ok": true,
      "detail": ""
    },
    {
      "id": "bound-e3-waiver-axis-available",
      "ok": true,
      "detail": ""
    },
    {
      "id": "waiver-pivot-keeps-matched-presence",
      "ok": true,
      "detail": ""
    },
    {
      "id": "bound-e3-schema",
      "ok": true,
      "detail": ""
    },
    {
      "id": "wrong-current-as-e3-refused",
      "ok": true,
      "detail": ""
    },
    {
      "id": "wrong-e2-scope-graph-as-e3-refused",
      "ok": true,
      "detail": ""
    },
    {
      "id": "context-relations-ignore-unselected-objects",
      "ok": true,
      "detail": ""
    },
    {
      "id": "context-relations-from-selected-views",
      "ok": true,
      "detail": ""
    },
    {
      "id": "boolean-and-false-retains-deficiencies-but-passes",
      "ok": true,
      "detail": ""
    },
    {
      "id": "boolean-or-true-retains-deficiencies-but-fails",
      "ok": true,
      "detail": ""
    },
    {
      "id": "boolean-and-false-required-coverage-satisfied",
      "ok": true,
      "detail": ""
    },
    {
      "id": "boolean-or-true-required-coverage-satisfied",
      "ok": true,
      "detail": ""
    },
    {
      "id": "boolean-and-false-comparison-not-coverage-indeterminate",
      "ok": true,
      "detail": ""
    },
    {
      "id": "failure-envelope-without-run",
      "ok": true,
      "detail": ""
    },
    {
      "id": "failure-envelope-valid-run-refused",
      "ok": true,
      "detail": ""
    },
    {
      "id": "valid-run-body-is-analysis-result",
      "ok": true,
      "detail": ""
    },
    {
      "id": "host-any-does-not-mutate-closure-descriptor",
      "ok": true,
      "detail": ""
    },
    {
      "id": "host-any-adapter-is-host-deepcopy-only",
      "ok": true,
      "detail": ""
    },
    {
      "id": "v8-control-coverage-preserved",
      "ok": true,
      "detail": ""
    },
    {
      "id": "root-clarification-waived-matched-presence-is-honest-law",
      "ok": true,
      "detail": ""
    },
    {
      "id": "file-none-gating-pass-can-prove-absence",
      "ok": true,
      "detail": ""
    },
    {
      "id": "optional-unknown-pass-does-not-prove-absence",
      "ok": true,
      "detail": ""
    },
    {
      "id": "advisory-all-roots-false-can-prove-absence",
      "ok": true,
      "detail": ""
    },
    {
      "id": "budget-exhausted-does-not-prove-absence",
      "ok": true,
      "detail": ""
    },
    {
      "id": "partial-pivot-shares-snapshot-with-two-subject-baseline",
      "ok": true,
      "detail": ""
    },
    {
      "id": "partial-pivot-shares-policy-with-two-subject-baseline",
      "ok": true,
      "detail": ""
    },
    {
      "id": "partial-import-view-cannot-prove-absence",
      "ok": true,
      "detail": ""
    },
    {
      "id": "partial-import-view-keeps-known-hit",
      "ok": true,
      "detail": ""
    },
    {
      "id": "e1-different-import-same-snapshot-refused",
      "ok": true,
      "detail": ""
    },
    {
      "id": "same-import-policy-remint-e1-available",
      "ok": true,
      "detail": ""
    },
    {
      "id": "same-import-policy-remint-keeps-known-match",
      "ok": true,
      "detail": ""
    },
    {
      "id": "same-import-e1-comparison-schema",
      "ok": true,
      "detail": ""
    },
    {
      "id": "disabled-e1-share-snapshot",
      "ok": true,
      "detail": ""
    },
    {
      "id": "disabled-e1-baseline-policy-matches-enabled-pivot",
      "ok": true,
      "detail": ""
    },
    {
      "id": "disabled-e1-baseline-has-no-matched-entries",
      "ok": true,
      "detail": ""
    },
    {
      "id": "disabled-current-has-no-matched-occurrences",
      "ok": true,
      "detail": ""
    },
    {
      "id": "enabled-e1-has-matched-fingerprint",
      "ok": true,
      "detail": ""
    },
    {
      "id": "pivot-only-fp-is-code-net-new-with-subsequent-policy",
      "ok": true,
      "detail": ""
    },
    {
      "id": "disabled-current-does-not-drop-pivot-only-fingerprint",
      "ok": true,
      "detail": ""
    },
    {
      "id": "disabled-current-does-not-erase-baseline-unmatched-gating",
      "ok": true,
      "detail": ""
    },
    {
      "id": "disabled-e1-comparison-schema",
      "ok": true,
      "detail": ""
    },
    {
      "id": "declared-compatible-already-in-workflows-and-surfaces-section-2",
      "ok": true,
      "detail": ""
    },
    {
      "id": "declared-compatible-not-claimed-implemented-from-caller-maps",
      "ok": true,
      "detail": ""
    },
    {
      "id": "historical-command-inventory-instance-remains-major-1",
      "ok": true,
      "detail": ""
    },
    {
      "id": "isolated-command-inventory-schema-is-major-3",
      "ok": true,
      "detail": ""
    },
    {
      "id": "v1-json-renderer-is-envelope-major-2",
      "ok": true,
      "detail": ""
    },
    {
      "id": "v1-envelope-golden-still-pins-major-2",
      "ok": true,
      "detail": ""
    },
    {
      "id": "v1-inventory-not-validated-as-evaluator3-inventory-3",
      "ok": true,
      "detail": ""
    },
    {
      "id": "v9-control-coverage-preserved",
      "ok": true,
      "detail": ""
    },
    {
      "id": "command-inventory-v3-instance-matches-schema-3",
      "ok": true,
      "detail": ""
    },
    {
      "id": "command-inventory-v3-instance-is-major-3",
      "ok": true,
      "detail": ""
    },
    {
      "id": "v3-json-renderer-is-envelope-major-3",
      "ok": true,
      "detail": ""
    },
    {
      "id": "v3-envelope-golden-pins-major-3",
      "ok": true,
      "detail": ""
    },
    {
      "id": "v1-inventory-instance-left-historical",
      "ok": true,
      "detail": ""
    },
    {
      "id": "detector-manifest-schema-admits-listing",
      "ok": true,
      "detail": ""
    },
    {
      "id": "admitted-manifest-lists-compatible-closure",
      "ok": true,
      "detail": ""
    },
    {
      "id": "untrusted-host-closure-yields-no-compatibleWith",
      "ok": true,
      "detail": ""
    },
    {
      "id": "raw-fixture-bytes-are-not-detector-manifest",
      "ok": true,
      "detail": ""
    },
    {
      "id": "listing-is-not-component-manifest-digest",
      "ok": true,
      "detail": ""
    },
    {
      "id": "listing-not-read-from-component-manifest-digest",
      "ok": true,
      "detail": ""
    },
    {
      "id": "wider-scope-same-snapshot",
      "ok": true,
      "detail": ""
    },
    {
      "id": "wider-scope-same-policy",
      "ok": true,
      "detail": ""
    },
    {
      "id": "wider-scope-e2-available",
      "ok": true,
      "detail": ""
    },
    {
      "id": "narrow-current-omits-wider-selected-paths",
      "ok": true,
      "detail": ""
    },
    {
      "id": "wider-scope-does-not-false-absent-unselected-current-paths",
      "ok": true,
      "detail": ""
    },
    {
      "id": "wider-scope-comparison-schema",
      "ok": true,
      "detail": ""
    },
    {
      "id": "path-src-in-src-glob",
      "ok": true,
      "detail": ""
    },
    {
      "id": "path-readme-not-in-src-glob",
      "ok": true,
      "detail": ""
    },
    {
      "id": "path-readme-in-wide-glob",
      "ok": true,
      "detail": ""
    },
    {
      "id": "path-double-star-ts-matches-root-file",
      "ok": true,
      "detail": ""
    },
    {
      "id": "path-uses-owner-glob-match",
      "ok": true,
      "detail": ""
    },
    {
      "id": "detector-manifest-schema-registered",
      "ok": true,
      "detail": ""
    },
    {
      "id": "v10-control-coverage-preserved",
      "ok": true,
      "detail": ""
    },
    {
      "id": "boolean-and-false-dominated-unknown-proves-absence",
      "ok": true,
      "detail": ""
    },
    {
      "id": "boolean-or-true-does-not-prove-absence",
      "ok": true,
      "detail": ""
    },
    {
      "id": "boolean-or-true-keeps-known-hit-while-other-roots-unknown",
      "ok": true,
      "detail": ""
    },
    {
      "id": "admitted-view-exposes-proof-root-p",
      "ok": true,
      "detail": ""
    },
    {
      "id": "optional-unknown-roots-are-not-all-false",
      "ok": true,
      "detail": ""
    },
    {
      "id": "e0-does-not-require-current-native-input-equality",
      "ok": true,
      "detail": ""
    },
    {
      "id": "e0-source-map-omits-native-context",
      "ok": true,
      "detail": ""
    },
    {
      "id": "e1-source-map-requires-execution-inputs",
      "ok": true,
      "detail": ""
    },
    {
      "id": "extracted-extent-is-inventory-examined-not-snapshot-membership",
      "ok": true,
      "detail": ""
    },
    {
      "id": "path-outside-extracted-extent-is-missing-extent-basis",
      "ok": true,
      "detail": ""
    },
    {
      "id": "missing-execution-inputs-refused",
      "ok": true,
      "detail": ""
    },
    {
      "id": "admitted-compatibility-receipt-is-host-only",
      "ok": true,
      "detail": ""
    },
    {
      "id": "untrusted-host-yields-no-compatibility-receipt",
      "ok": true,
      "detail": ""
    },
    {
      "id": "malformed-recognized-manifest-major-refused",
      "ok": true,
      "detail": ""
    },
    {
      "id": "malformed-recognized-manifest-hash-mismatch-refused",
      "ok": true,
      "detail": ""
    },
    {
      "id": "malformed-recognized-manifest-order-refused",
      "ok": true,
      "detail": ""
    },
    {
      "id": "unsupported-manifest-family-is-no-declaration",
      "ok": true,
      "detail": ""
    },
    {
      "id": "sidecar-bearing-runs-share-snapshot",
      "ok": true,
      "detail": ""
    },
    {
      "id": "sidecar-plan-locator-remints-raw-attribution-digest",
      "ok": true,
      "detail": ""
    },
    {
      "id": "sidecar-plan-locator-remints-raw-incoming-digest",
      "ok": true,
      "detail": ""
    },
    {
      "id": "sidecar-policy-remint-joins-stripped-source-inputs",
      "ok": true,
      "detail": ""
    },
    {
      "id": "sidecar-bearing-e1-policy-remint-available",
      "ok": true,
      "detail": ""
    },
    {
      "id": "sidecar-bearing-e1-comparison-schema",
      "ok": true,
      "detail": ""
    },
    {
      "id": "present-empty-listing-is-complete-declaration",
      "ok": true,
      "detail": ""
    },
    {
      "id": "absent-listing-path-is-no-declaration",
      "ok": true,
      "detail": ""
    },
    {
      "id": "empty-listing-distinct-from-absent-path",
      "ok": true,
      "detail": ""
    },
    {
      "id": "present-malformed-listing-refused",
      "ok": true,
      "detail": ""
    },
    {
      "id": "present-unrecognized-listing-refused",
      "ok": true,
      "detail": ""
    },
    {
      "id": "present-listing-missing-blob-refused",
      "ok": true,
      "detail": ""
    },
    {
      "id": "present-listing-hash-length-mismatch-refused",
      "ok": true,
      "detail": ""
    },
    {
      "id": "unsigned-listing-without-trio-origin-is-no-declaration",
      "ok": true,
      "detail": ""
    },
    {
      "id": "swapped-tree-without-same-closure-trust-is-no-declaration",
      "ok": true,
      "detail": ""
    },
    {
      "id": "narrow-foundation-covers-src",
      "ok": true,
      "detail": ""
    },
    {
      "id": "narrow-foundation-does-not-cover-readme",
      "ok": true,
      "detail": ""
    },
    {
      "id": "scope-wider-than-extraction-is-missing-extent",
      "ok": true,
      "detail": ""
    },
    {
      "id": "deleted-path-under-complete-covering-scope-may-be-absent",
      "ok": true,
      "detail": ""
    },
    {
      "id": "file-fixture-foundation-covers-readme",
      "ok": true,
      "detail": ""
    },
    {
      "id": "extracted-paths-are-not-a-snapshot-union-claim",
      "ok": true,
      "detail": ""
    },
    {
      "id": "candidate-graphs-share-snapshot",
      "ok": true,
      "detail": ""
    },
    {
      "id": "candidate-plan-locator-remints-raw-digest",
      "ok": true,
      "detail": ""
    },
    {
      "id": "candidate-policy-scope-remint-joins-stripped-source-inputs",
      "ok": true,
      "detail": ""
    },
    {
      "id": "candidate-execution-inputs-expand-stripped-bodies",
      "ok": true,
      "detail": ""
    }
  ],
  "declaredCompatibleStanding": {
    "normative": "workflows-and-surfaces.md \u00a72: current detector signed manifest lists baseline closure2 as exactly semantically compatible at the same major; fresh host resolves pivot closures from retained generation, installed signed release with the same closure2, or signed closureBundle, all under current trust.",
    "implemented": "DetectorManifestV1 is the unsigned listing at reserved closure.tree path .opensip/detector-compatibility.json. It is not closure.manifestDigest (DR-103 component-manifest body). compare_admitted fills compatibleWith only from that tree listing when host.closures[id].trust==admitted and trustOrigin is a trust-trio member. Parse hashes exact retained listing bytes against the tree Blob sha256/bytes. Path absent is no declaration; empty compatibleClosures is a complete listing; present malformed/unrecognized/missing/hash-mismatch refuses. Caller compatibleWith maps are refused. This helper does not verify signatures (host TCB already admitted the same closure2).",
    "securityOwnedRemainder": "Signature envelope, release catalog, DR-103 platforms[]/RJ-3, and closureBundle verification remain security/identity. Workflows consume the admitted same-closure2 tree commitment plus host trust-trio receipt.",
    "hostReceipt": "Host-only projection after TCB admission: closureId, componentManifestDigest, listing {path, sha256, bytes}, trustOrigin (retained-generation | installed-signed-release | signed-closure-bundle), compatibleClosures, tree, platform, protocolMajor. Request maps never assert trust.",
    "standing": "Typed owner schema under workflows/evaluator3; listing is a reserved tree file on the admitted same closure2. Not a cryptographic verifier."
  },
  "commandInventoryJoins": {
    "historicalInstance": "workflows/command-inventory.v1.json schemaMajor 1, json renderer version 2 / envelope major 2, golden pin schemaMajor 2",
    "currentInstance": "workflows/command-inventory.v3.json schemaMajor 3, json renderer version 3 / CommandEnvelope major 3, golden pin schemaMajor 3, validated against evaluator3 command-inventory:3",
    "remainingJoins": [
      "v1 historical instance remains schemaMajor 1 and is not the evaluator3 inventory:3 instance",
      "v1 and v3 share command names; v3 renderer/envelope majors are the selected profile",
      "parityFields token 'findings' vs FindingSurface / sarif-adapter:2 still names the same analysis projection",
      "execution-inputs manifest is required on a public admitted Run; missing capture is EVALUATION.PROJECTION_INPUT_INCOMPLETE",
      "physical store pointer inventories are excluded from semantic execution-inputs identity (main Grok v6); this projector does not join retainedObjectKeys/retainedBlobDigests",
      "sidecar/candidate parent locators are stripped; incoming-search expectedInventoryRefs expand to stripped inventory bodies"
    ]
  },
  "sourceHashes": {
    "workflow_projection_model.v3.py": "50fef99cee4cd6a196d725b35b046ceb5cce6692f9fdb24ebd7d3bcaeb9903a1",
    "check-workflow-projection.v3.py": "b6facd974017012956f7cb73f011da43da2099a8cada2bf83ec0f43b739df12e",
    "workflow-projection-contract.v3.md": "adf3896d3859d14838374db95ff81c2deb0942ecf6096b6ca5ef4959438c450b",
    "command-inventory.v3.json": "c12ca4e8859d3815327490018e8db0a947d862a7c09e5cf9b2ae8db429b50d5b",
    "command-inventory.v1.json": "a2ca604bc7176132bbc8f6396a66bfa46cf12d7d3f369bf46aefe82f23149067",
    "schemas/evaluator3/baseline-artifact.schema.json": "786e99aff5f42a107a64b65d2bbc3ccad34566454cbeaf00ad4cc64cdcd7601b",
    "schemas/evaluator3/command-envelope.schema.json": "57555caf52bc766e4574d70fa0afdb5163181301a537d3bd458a4cd6306033ee",
    "schemas/evaluator3/command-inventory.schema.json": "729bf1982a31620dcc05d342e8a51efa9c8d6c02721220338a6a37e355ba364a",
    "schemas/evaluator3/common.schema.json": "53ec6e19c917cf997491253258711a0d051c6c314a4dcf08d40af273cee03f29",
    "schemas/evaluator3/comparison-result.schema.json": "205ab9d78b8da28e19c187f32062b27b7803470e5084de80232165b799e9dc42",
    "schemas/evaluator3/detector-manifest.schema.json": "1cbd69c9d29b068b95c7ce8531007671e24b92433828ca30a87a6637d81dfdcd",
    "schemas/evaluator3/graph-query.schema.json": "ca1e2baed58df6dd3a25ec3c0c62961d9debd533cc3636de1a30541c806d3093",
    "schemas/evaluator3/invocation-record.schema.json": "56fa2ee9f9cd1617dbfb07599db86e9cca523e18352d655037fd48ddcbb5c54c",
    "schemas/evaluator3/repair.schema.json": "1560a2964cdf731557f348bdd3c58761c453aa6796f3b8b211435efce3e34040",
    "schemas/evaluator3/review.schema.json": "9c705e4d550bc3816306832be0e2d83752b2264a018fbb7ae4141eaa645025ee",
    "schemas/evaluator3/sarif-adapter.schema.json": "ee65b0398ee447e8dd59f760ed6b8816f5dfffadd5695e51f7affa34bb337c0d"
  }
}
