$ /tmp/opensip-architecture-review-env/bin/python -I -B tools/phase9_graph_query.py
exit 1
--- stdout ---

--- stderr ---
Traceback (most recent call last):
  File "/private/tmp/opensip-design-corrections/consumer-b.v24-source39.v1/output/tools/phase9_graph_query.py", line 693, in <module>
    sys.exit(main())
             ^^^^^^
  File "/private/tmp/opensip-design-corrections/consumer-b.v24-source39.v1/output/tools/phase9_graph_query.py", line 686, in main
    json.dump(out, fh, indent=1, sort_keys=True)
  File "/Users/sb/.local/share/uv/python/cpython-3.12.13-macos-aarch64-none/lib/python3.12/json/__init__.py", line 179, in dump
    for chunk in iterable:
                 ^^^^^^^^
  File "/Users/sb/.local/share/uv/python/cpython-3.12.13-macos-aarch64-none/lib/python3.12/json/encoder.py", line 432, in _iterencode
    yield from _iterencode_dict(o, _current_indent_level)
  File "/Users/sb/.local/share/uv/python/cpython-3.12.13-macos-aarch64-none/lib/python3.12/json/encoder.py", line 406, in _iterencode_dict
    yield from chunks
  File "/Users/sb/.local/share/uv/python/cpython-3.12.13-macos-aarch64-none/lib/python3.12/json/encoder.py", line 326, in _iterencode_list
    yield from chunks
  File "/Users/sb/.local/share/uv/python/cpython-3.12.13-macos-aarch64-none/lib/python3.12/json/encoder.py", line 406, in _iterencode_dict
    yield from chunks
  File "/Users/sb/.local/share/uv/python/cpython-3.12.13-macos-aarch64-none/lib/python3.12/json/encoder.py", line 406, in _iterencode_dict
    yield from chunks
  File "/Users/sb/.local/share/uv/python/cpython-3.12.13-macos-aarch64-none/lib/python3.12/json/encoder.py", line 341, in _iterencode_dict
    raise ValueError("Circular reference detected")
ValueError: Circular reference detected

