
running 0 tests

test result: ok. 0 passed; 0 failed; 0 ignored; 0 measured; 0 filtered out; finished in 0.00s


running 6 tests
test required_output_failure_never_emits_a_second_envelope ... ok
test metadata_starts_without_project_services_and_ignores_release_environment ... ok
test correlation_has_exact_bounds_and_never_replaces_request_identity ... ok
test parser_refusals_have_fresh_ids_and_preserve_present_empty_errors ... ok
test help_and_completions_share_the_implemented_catalogue ... ok
test human_failure_and_success_display_termination_and_registered_details ... ok

test result: ok. 6 passed; 0 failed; 0 ignored; 0 measured; 0 filtered out; finished in 0.47s


running 0 tests

test result: ok. 0 passed; 0 failed; 0 ignored; 0 measured; 0 filtered out; finished in 0.00s


running 6 tests
test unicode_case::tests::full_default_case_is_context_sensitive_and_not_casefold ... ok
test unicode_case::tests::new_assignments_do_not_inherit_rust_toolchain_case_tables ... ok
test capabilities::tests::inherited_golden_has_exact_published_identity ... ok
test capabilities::tests::open_values_and_inherited_platform_domain_are_not_product_promises ... ok
test capabilities::tests::relation_specific_ladder_and_string_collection_order_are_enforced ... ok
test capabilities::tests::malformed_roots_and_mixed_scalar_collections_are_structured_refusals ... ok

test result: ok. 6 passed; 0 failed; 0 ignored; 0 measured; 0 filtered out; finished in 0.00s


running 39 tests
test delivery::tests::even_empty_required_output_must_flush_successfully ... ok
test delivery::tests::short_writes_and_interruption_preserve_complete_bytes_and_settled_exit ... ok
test delivery::tests::zero_write_and_flush_failure_never_return_success_exit ... ok
test delivery::tests::every_partial_failure_preserves_only_observed_prefix_without_retry_or_flush ... ok
test request::tests::foreign_and_unreserved_contexts_cannot_project ... ok
test request::tests::collision_budget_and_error_do_not_publish_or_replace ... ok
test schema_sources::retained_input_tests::foreign_record_order_is_checked_before_digest_traversal ... ok
test schema_sources::retained_input_tests::hash_length_and_canonical_bytes_are_separate_checks ... ok
test schema_sources::retained_input_tests::frame_candidate_is_current_shape_not_nested_blob_admission ... ok
test schema_sources::retained_input_tests::local_records_follow_digest_annotations_and_preserve_configuration_sequences ... ok
test schema_sources::retained_input_tests::foundation_record_closes_a_record_in_another_current_document ... ok
test schema_sources::retained_input_tests::derived_recognition_hash_checks_inline_preimage_without_a_cas_frame ... ok
test native_owner_tests::plan_capability_join_is_per_plan_and_checks_bytes_before_gates ... ok
test schema_sources::retained_input_tests::closure_identity_does_not_establish_its_role_or_payload_closure ... ok
test native_owner_tests::a_reframed_context_cannot_promote_data_grammar_to_code ... ok
test native_owner_tests::missing_closure_and_changed_identity_do_not_pass_native_owner ... ok
test native_owner_tests::retained_rust_and_syntax_contexts_recompute_owner_checks ... ok
test native_owner_tests::rust_universe_rechecks_features_and_uses_the_projection_record_identity ... ok
test native_owner_tests::syntax_universe_rechecks_the_named_context_and_selected_grammars ... ok
test native_owner_tests::typescript_universe_requires_selected_records_and_snapshot_on_every_call ... ok
test native_owner_tests::native_retention_requires_member_bytes_beyond_context_descriptors ... ok
test schema_sources::retained_input_tests::coverage_payload_shape_and_document_selection_precede_missing_scope ... ok
test native_owner_tests::plan_native_preserves_selection_and_preparation_fault_order ... ok
test schema_sources::retained_input_tests::parameter_payload_requires_exact_retained_registry_document ... ok
test schema_sources::retained_input_tests::missing_object_and_blob_are_distinct_from_changed_claimed_bytes ... ok
test schema_sources::retained_input_tests::local_walk_keeps_missing_corrupt_and_limit_distinct ... ok
test schema_sources::retained_input_tests::relation_file_checks_owning_snapshot_and_retained_content_each_time ... ok
test schema_sources::retained_input_tests::relation_payload_checks_rung_anchor_nfc_and_exact_retained_schema ... ok
test schema_sources::retained_input_tests::shared_parameter_payload_does_not_bypass_second_reference_row_selection ... ok
test schema_sources::retained_input_tests::stage_schema_owner_is_explicitly_pending_after_retained_blob_check ... ok
test native_owner_tests::body_identity_uses_integer_rust_editions_and_separates_normalized_custody ... ok
test schema_sources::tests::aliases_require_exact_current_bytes_and_report_root_requires_its_own_codec ... ok
test schema_sources::tests::complete_raw_registry_is_owned_and_selected_by_full_document_hash ... ok
test schema_sources::tests::candidate_refusals_preserve_json_shape_and_budget_distinctions ... ok
test schema_sources::tests::selectors_do_not_fallback_and_validation_failure_kinds_remain_distinct ... ok
test schema_sources::retained_input_tests::payload_schema_membership_is_narrower_than_available_sources ... ok
test schema_sources::retained_input_tests::local_walk_rehashes_manifest_members_and_checks_member_length ... ok
test schema_sources::tests::missing_extra_reordered_changed_and_truncated_sources_refuse ... ok
test schema_sources::retained_input_tests::local_scope_dot_exception_does_not_admit_absolute_or_parent_paths ... ok

test result: ok. 39 passed; 0 failed; 0 ignored; 0 measured; 0 filtered out; finished in 0.33s


running 39 tests
test canonical_tests::duplicate_keys_are_compared_after_escape_decoding ... ok
test canonical_tests::malformed_unicode_and_json_refuse ... ok
test canonical_tests::programmatic_values_remain_inert_and_arrays_keep_order ... ok
test canonical_tests::lexical_integer_refusals_precede_rounding ... ok
test canonical_tests::independent_canonical_byte_vectors ... ok
test canonical_tests::retained_frames_refuse_every_truncation_and_length_mismatch ... ok
test canonical_tests::retained_frames_require_caller_selected_exact_domain_and_prefix ... ok
test canonical_tests::retained_frames_refuse_valid_json_with_noncanonical_bytes ... ok
test canonical_tests::product_frames_match_independent_hashlib_goldens ... ok
test canonical_tests::depth_counts_containers_but_not_scalar_leaves_or_keys ... ok
test canonical_tests::retained_frames_match_external_bytes_and_hash_vectors ... ok
test capability_codec::tests::malformed_bytes_never_get_repaired ... ok
test capability_codec::tests::map_order_is_unsigned_utf8_and_duplicate_keys_refuse ... ok
test capability_codec::tests::types_and_integer_boundaries_have_distinct_tags ... ok
test capability_codec::tests::depth_and_count_limits_apply_before_allocation_or_recursion ... ok
test descriptors::candidate_tests::arbitrary_digest_domains_are_not_registered_candidates ... ok
test descriptors::candidate_tests::array_order_is_specific_and_never_rewrites ... ok
test descriptors::candidate_tests::stage_order_and_backward_dependencies_are_separate ... ok
test descriptors::candidate_tests::imperative_paths_are_not_generic_blob_component_limits ... ok
test descriptors::order_tests::integer_order_is_exact_and_candidate_ordinal_can_have_gaps ... ok
test descriptors::order_tests::malformed_annotations_refuse_even_for_empty_arrays ... ok
test descriptors::order_tests::field_tuples_compare_only_declared_keys_in_declared_order ... ok
test descriptors::order_tests::multiplicity_is_specific_to_the_selected_law ... ok
test descriptors::order_tests::ordered_keys_must_have_the_exact_required_type ... ok
test descriptors::order_tests::raw_text_and_canonical_json_have_distinct_orders ... ok
test descriptors::tests::preserves_distinct_unicode_spellings_and_order ... ok
test descriptors::tests::refuses_noncanonical_segments_without_normalizing ... ok
test descriptors::tests::preserves_selected_final_lf_not_pattern_edge ... ok
test schema_tests::compile_refuses_unsupported_or_unresolved_laws_before_evaluation ... ok
test schema_tests::reference_siblings_and_pointer_escapes_are_not_lost ... ok
test schema_tests::python_pattern_property_keys_and_shape_annotations_remain_distinct ... ok
test schema_tests::typed_uniqueness_and_order_have_distinct_laws ... ok
test canonical_tests::retained_frames_preserve_exact_lexical_admission_failures ... ok
test schema_tests::faults_never_turn_into_successful_negation_or_conditionals ... ok
test descriptors::tests::unicode_scalar_limits_are_not_byte_or_utf16_limits ... ok
test schema_tests::canonical_text_excludes_c0_del_c1_without_excluding_other_unicode ... ok
test canonical_tests::sha256_matches_independent_standard_vectors ... ok
test canonical_tests::sha256_padding_and_blob_boundaries_match_hashlib ... ok
test canonical_tests::byte_limits_are_inclusive_and_apply_to_encoded_values ... ok

test result: ok. 39 passed; 0 failed; 0 ignored; 0 measured; 0 filtered out; finished in 0.36s


running 3 tests
test filesystem::tests::regular_file_is_read_only_and_close_on_exec ... ok
test filesystem::tests::refuses_traversal_links_and_nonregular_entries ... ok
test filesystem::tests::retained_root_and_opened_file_do_not_retarget_after_rename ... ok

test result: ok. 3 passed; 0 failed; 0 ignored; 0 measured; 0 filtered out; finished in 0.00s


running 4 tests
test assets::tests::compiled_metadata_stays_development_and_semver_exact ... ok
test json_renderer::tests::bounded_encoding_counts_escaped_bytes_and_preserves_complete_small_output ... ok
test json_renderer::tests::bounded_encoding_counts_utf8_bytes_instead_of_characters ... ok
test json_renderer::tests::bounded_encoding_has_an_inclusive_complete_emission_limit ... ok

test result: ok. 4 passed; 0 failed; 0 ignored; 0 measured; 0 filtered out; finished in 0.16s


running 2 tests
test metadata_has_one_compiled_development_selection_without_asset_loading ... ok
test actual_asset_source_refuses_explicit_channel_mismatch_during_compilation ... ok

test result: ok. 2 passed; 0 failed; 0 ignored; 0 measured; 0 filtered out; finished in 17.88s


running 0 tests

test result: ok. 0 passed; 0 failed; 0 ignored; 0 measured; 0 filtered out; finished in 0.00s


running 1 test
test crates/evaluator/src/capabilities.rs - capabilities::CapabilityManifest (line 16) - compile fail ... ok

test result: ok. 1 passed; 0 failed; 0 ignored; 0 measured; 0 filtered out; finished in 0.03s


running 0 tests

test result: ok. 0 passed; 0 failed; 0 ignored; 0 measured; 0 filtered out; finished in 0.00s


running 0 tests

test result: ok. 0 passed; 0 failed; 0 ignored; 0 measured; 0 filtered out; finished in 0.00s


running 0 tests

test result: ok. 0 passed; 0 failed; 0 ignored; 0 measured; 0 filtered out; finished in 0.00s


running 0 tests

test result: ok. 0 passed; 0 failed; 0 ignored; 0 measured; 0 filtered out; finished in 0.00s

