   Compiling proc-macro2 v1.0.107
   Compiling quote v1.0.47
   Compiling unicode-ident v1.0.24
   Compiling serde_core v1.0.229
   Compiling zmij v1.0.23
   Compiling serde_json v1.0.151
   Compiling winnow v0.7.13
   Compiling serde v1.0.229
   Compiling libc v0.2.189
   Compiling itoa v1.0.18
   Compiling getrandom v0.4.3
   Compiling tinyvec v1.13.3
   Compiling memchr v2.8.3
   Compiling toml_datetime v0.7.4+spec-1.0.0
   Compiling serde_spanned v1.0.4
   Compiling sha2-const-stable v0.1.0
   Compiling cfg-if v1.0.4
   Compiling opensip-platform v0.1.0 (/private/tmp/opensip-implementation/m2-native-host-isolation-20/project/crates/platform)
   Compiling unicode-normalization v0.1.24
   Compiling toml_parser v1.0.5+spec-1.0.0
   Compiling toml v0.9.9+spec-1.0.0
   Compiling opensip-identity v0.1.0 (/private/tmp/opensip-implementation/m2-native-host-isolation-20/project/crates/identity)
   Compiling opensip-evaluator v0.1.0 (/private/tmp/opensip-implementation/m2-native-host-isolation-20/project/crates/evaluator)
   Compiling syn v3.0.5
   Compiling serde_derive v1.0.229
   Compiling opensip-contracts v0.1.0 (/private/tmp/opensip-implementation/m2-native-host-isolation-20/project/crates/contracts)
   Compiling opensip-reporting v0.1.0 (/private/tmp/opensip-implementation/m2-native-host-isolation-20/project/crates/reporting)
   Compiling opensip-host v0.1.0 (/private/tmp/opensip-implementation/m2-native-host-isolation-20/project/crates/host)
   Compiling opensip-cli v0.1.0 (/private/tmp/opensip-implementation/m2-native-host-isolation-20/project/apps/cli)
    Finished `dev` profile [unoptimized + debuginfo] target(s) in 18.31s
