[
 {
  "mutant": "m_prepared_total_256",
  "failed": 1,
  "failedChecks": [
   "limit-literals"
  ]
 },
 {
  "mutant": "m_canonical_path_native",
  "failed": 0,
  "failedChecks": []
 },
 {
  "mutant": "m_exec_minlength1",
  "failed": 1,
  "failedChecks": [
   "wire-ts2-execution-id-grammar"
  ]
 },
 {
  "mutant": "m_anchor_4096",
  "failed": 1,
  "failedChecks": [
   "limit-literals"
  ]
 },
 {
  "mutant": "m_ts_path_bytes",
  "failed": 0,
  "failedChecks": []
 },
 {
  "mutant": "m_fault_phase_worker_view",
  "failed": 0,
  "failedChecks": []
 },
 {
  "mutant": "m_cancel_in_start_allowed",
  "failed": 0,
  "failedChecks": []
 },
 {
  "mutant": "m_depsrc_order_sequence",
  "failed": 0,
  "failedChecks": []
 },
 {
  "mutant": "m_scope2_drop_closure",
  "failed": 0,
  "failedChecks": []
 },
 {
  "mutant": "m_identitytext_no_bytes",
  "failed": 1,
  "failedChecks": [
   "json-schema-maxlength-not-byte-bound"
  ]
 },
 {
  "mutant": "m_package_key_min4",
  "failed": 0,
  "failedChecks": []
 },
 {
  "mutant": "m_outputseen_not_reset",
  "failed": 0,
  "failedChecks": []
 },
 {
  "mutant": "m_prepared_limit_rule_text",
  "failed": 0,
  "failedChecks": []
 },
 {
  "mutant": "m_commit_unavailable_stagecoverage",
  "failed": 0,
  "failedChecks": []
 }
]
exit 0
