{
  "standing": "Root declared unchanged report08 mutation subset on newly composed audit fixture; not entire194-case regression or independent review",
  "parentCases": 61,
  "executions": 62,
  "passed": true,
  "selection": {
    "base": "audit-full",
    "allowedOps": [
      "remove",
      "set",
      "x-append-copy",
      "x-deep-rule-predicate",
      "x-disclosure",
      "x-empty-registry",
      "x-history-copy-current-findings",
      "x-provenance-move",
      "x-remove-index"
    ]
  },
  "remainingParentCases": 133
}
