test_complete_owner_receipt_and_visible_catalogue_agree (__main__.CatalogueSourceTests.test_complete_owner_receipt_and_visible_catalogue_agree) ... ERROR
test_complete_recipe_description_matches_actual_preview_carrier (__main__.CatalogueSourceTests.test_complete_recipe_description_matches_actual_preview_carrier) ... ERROR
test_duplicate_selected_rule_across_closures_refuses (__main__.CatalogueSourceTests.test_duplicate_selected_rule_across_closures_refuses) ... ERROR
test_second_capability_authority_refuses_even_without_selected_keys (__main__.CatalogueSourceTests.test_second_capability_authority_refuses_even_without_selected_keys) ... ERROR
test_valid_carriers_with_conflicting_source_keys_refuse (__main__.CatalogueSourceTests.test_valid_carriers_with_conflicting_source_keys_refuse) ... ERROR

======================================================================
ERROR: test_complete_owner_receipt_and_visible_catalogue_agree (__main__.CatalogueSourceTests.test_complete_owner_receipt_and_visible_catalogue_agree)
----------------------------------------------------------------------
Traceback (most recent call last):
  File "/private/tmp/opensip-implementation/m1-report-joint-candidate-09/report_admission.py", line 45, in admit
    try:validation.validate(validation.report['$id'],parsed)
        ~~~~~~~~~~~~~~~~~~~^^^^^^^^^^^^^^^^^^^^^^^^^^^^^^^^^
  File "/private/tmp/opensip-implementation/m1-report-joint-candidate-09/check_model_carriers.py", line 60, in validate
    def validate(ref,value):C.ExactValidator({'$ref':ref},registry=registry).validate(value)
                            ~~~~~~~~~~~~~~~~~~~~~~~~~~~~~~~~~~~~~~~~~~~~~~~~~~~~~~~~~^^^^^^^
  File "/private/tmp/opensip-implementation/metadata-reference-env/lib/python3.14/site-packages/jsonschema/validators.py", line 451, in validate
    raise error
jsonschema.exceptions.ValidationError: {'verifiedInDocument': ['disclosure-counts-recomputed-from-panels', 'feature-states-exact-per-command', 'renderer-gating-against-inventory6', 'report-command-equals-ledger-builtin-workflow'], 'hostAsserted': ['budget-profile-is-development-caps', 'report-observed-at-is-host-clock']} was expected

Failed validating 'const' in schema['properties']['documentProvenance']:
    {'const': {'verifiedInDocument': ['disclosure-counts-recomputed-from-panels',
                                      'feature-states-exact-per-command',
                                      'renderer-gating-against-inventory6',
                                      'report-command-equals-ledger-builtin-workflow'],
               'hostAsserted': ['budget-profile-is-development-caps',
                                'report-observed-at-is-host-clock']}}

On instance['documentProvenance']:
    {'hostAsserted': ['budget-profile-is-development-caps',
                      'report-observed-at-is-host-clock'],
     'verifiedInDocument': ['disclosure-counts-recomputed-from-panels',
                            'feature-states-exact-per-command',
                            'renderer-gating-against-inventory5',
                            'report-command-equals-ledger-builtin-workflow']}

The above exception was the direct cause of the following exception:

Traceback (most recent call last):
  File "/private/tmp/opensip-implementation/m1-report-joint-candidate-09/check_catalogue_sources.py", line 42, in test_complete_owner_receipt_and_visible_catalogue_agree
    doc=complete();admit(doc)
                   ~~~~~^^^^^
  File "/private/tmp/opensip-implementation/m1-report-joint-candidate-09/check_catalogue_sources.py", line 38, in admit
    def admit(doc):return A.admit(M.canonical(doc),V,M,J,O.catalog,FJ.owner_summary(V.C))
                          ~~~~~~~^^^^^^^^^^^^^^^^^^^^^^^^^^^^^^^^^^^^^^^^^^^^^^^^^^^^^^^^
  File "/private/tmp/opensip-implementation/m1-report-joint-candidate-09/report_admission.py", line 46, in admit
    except validation.C.ValidationError as error:raise namespace['Refused']('SCHEMA',error.message[:120]) from error
                                                 ^^^^^^^^^^^^^^^^^^^^^^^^^^^^^^^^^^^^^^^^^^^^^^^^^^^^^^^^^^^^^^^^^^^
Refused: SCHEMA: {'verifiedInDocument': ['disclosure-counts-recomputed-from-panels', 'feature-states-exact-per-command', 'renderer-gating

======================================================================
ERROR: test_complete_recipe_description_matches_actual_preview_carrier (__main__.CatalogueSourceTests.test_complete_recipe_description_matches_actual_preview_carrier)
----------------------------------------------------------------------
Traceback (most recent call last):
  File "/private/tmp/opensip-implementation/m1-report-joint-candidate-09/report_admission.py", line 45, in admit
    try:validation.validate(validation.report['$id'],parsed)
        ~~~~~~~~~~~~~~~~~~~^^^^^^^^^^^^^^^^^^^^^^^^^^^^^^^^^
  File "/private/tmp/opensip-implementation/m1-report-joint-candidate-09/check_model_carriers.py", line 60, in validate
    def validate(ref,value):C.ExactValidator({'$ref':ref},registry=registry).validate(value)
                            ~~~~~~~~~~~~~~~~~~~~~~~~~~~~~~~~~~~~~~~~~~~~~~~~~~~~~~~~~^^^^^^^
  File "/private/tmp/opensip-implementation/metadata-reference-env/lib/python3.14/site-packages/jsonschema/validators.py", line 451, in validate
    raise error
jsonschema.exceptions.ValidationError: {'verifiedInDocument': ['disclosure-counts-recomputed-from-panels', 'feature-states-exact-per-command', 'renderer-gating-against-inventory6', 'report-command-equals-ledger-builtin-workflow'], 'hostAsserted': ['budget-profile-is-development-caps', 'report-observed-at-is-host-clock']} was expected

Failed validating 'const' in schema['properties']['documentProvenance']:
    {'const': {'verifiedInDocument': ['disclosure-counts-recomputed-from-panels',
                                      'feature-states-exact-per-command',
                                      'renderer-gating-against-inventory6',
                                      'report-command-equals-ledger-builtin-workflow'],
               'hostAsserted': ['budget-profile-is-development-caps',
                                'report-observed-at-is-host-clock']}}

On instance['documentProvenance']:
    {'hostAsserted': ['budget-profile-is-development-caps',
                      'report-observed-at-is-host-clock'],
     'verifiedInDocument': ['disclosure-counts-recomputed-from-panels',
                            'feature-states-exact-per-command',
                            'renderer-gating-against-inventory5',
                            'report-command-equals-ledger-builtin-workflow']}

The above exception was the direct cause of the following exception:

Traceback (most recent call last):
  File "/private/tmp/opensip-implementation/m1-report-joint-candidate-09/check_catalogue_sources.py", line 72, in test_complete_recipe_description_matches_actual_preview_carrier
    refresh(doc);admit(doc)
                 ~~~~~^^^^^
  File "/private/tmp/opensip-implementation/m1-report-joint-candidate-09/check_catalogue_sources.py", line 38, in admit
    def admit(doc):return A.admit(M.canonical(doc),V,M,J,O.catalog,FJ.owner_summary(V.C))
                          ~~~~~~~^^^^^^^^^^^^^^^^^^^^^^^^^^^^^^^^^^^^^^^^^^^^^^^^^^^^^^^^
  File "/private/tmp/opensip-implementation/m1-report-joint-candidate-09/report_admission.py", line 46, in admit
    except validation.C.ValidationError as error:raise namespace['Refused']('SCHEMA',error.message[:120]) from error
                                                 ^^^^^^^^^^^^^^^^^^^^^^^^^^^^^^^^^^^^^^^^^^^^^^^^^^^^^^^^^^^^^^^^^^^
Refused: SCHEMA: {'verifiedInDocument': ['disclosure-counts-recomputed-from-panels', 'feature-states-exact-per-command', 'renderer-gating

======================================================================
ERROR: test_duplicate_selected_rule_across_closures_refuses (__main__.CatalogueSourceTests.test_duplicate_selected_rule_across_closures_refuses)
----------------------------------------------------------------------
Traceback (most recent call last):
  File "/private/tmp/opensip-implementation/m1-report-joint-candidate-09/check_catalogue_sources.py", line 81, in test_duplicate_selected_rule_across_closures_refuses
    V.validate(V.report['$id'],doc)
    ~~~~~~~~~~^^^^^^^^^^^^^^^^^^^^^
  File "/private/tmp/opensip-implementation/m1-report-joint-candidate-09/check_model_carriers.py", line 60, in validate
    def validate(ref,value):C.ExactValidator({'$ref':ref},registry=registry).validate(value)
                            ~~~~~~~~~~~~~~~~~~~~~~~~~~~~~~~~~~~~~~~~~~~~~~~~~~~~~~~~~^^^^^^^
  File "/private/tmp/opensip-implementation/metadata-reference-env/lib/python3.14/site-packages/jsonschema/validators.py", line 451, in validate
    raise error
jsonschema.exceptions.ValidationError: {'verifiedInDocument': ['disclosure-counts-recomputed-from-panels', 'feature-states-exact-per-command', 'renderer-gating-against-inventory6', 'report-command-equals-ledger-builtin-workflow'], 'hostAsserted': ['budget-profile-is-development-caps', 'report-observed-at-is-host-clock']} was expected

Failed validating 'const' in schema['properties']['documentProvenance']:
    {'const': {'verifiedInDocument': ['disclosure-counts-recomputed-from-panels',
                                      'feature-states-exact-per-command',
                                      'renderer-gating-against-inventory6',
                                      'report-command-equals-ledger-builtin-workflow'],
               'hostAsserted': ['budget-profile-is-development-caps',
                                'report-observed-at-is-host-clock']}}

On instance['documentProvenance']:
    {'verifiedInDocument': ['disclosure-counts-recomputed-from-panels',
                            'feature-states-exact-per-command',
                            'renderer-gating-against-inventory5',
                            'report-command-equals-ledger-builtin-workflow'],
     'hostAsserted': ['budget-profile-is-development-caps',
                      'report-observed-at-is-host-clock']}

======================================================================
ERROR: test_second_capability_authority_refuses_even_without_selected_keys (__main__.CatalogueSourceTests.test_second_capability_authority_refuses_even_without_selected_keys)
----------------------------------------------------------------------
Traceback (most recent call last):
  File "/private/tmp/opensip-implementation/m1-report-joint-candidate-09/check_catalogue_sources.py", line 59, in test_second_capability_authority_refuses_even_without_selected_keys
    V.validate(V.report['$id'],doc)
    ~~~~~~~~~~^^^^^^^^^^^^^^^^^^^^^
  File "/private/tmp/opensip-implementation/m1-report-joint-candidate-09/check_model_carriers.py", line 60, in validate
    def validate(ref,value):C.ExactValidator({'$ref':ref},registry=registry).validate(value)
                            ~~~~~~~~~~~~~~~~~~~~~~~~~~~~~~~~~~~~~~~~~~~~~~~~~~~~~~~~~^^^^^^^
  File "/private/tmp/opensip-implementation/metadata-reference-env/lib/python3.14/site-packages/jsonschema/validators.py", line 451, in validate
    raise error
jsonschema.exceptions.ValidationError: {'verifiedInDocument': ['disclosure-counts-recomputed-from-panels', 'feature-states-exact-per-command', 'renderer-gating-against-inventory6', 'report-command-equals-ledger-builtin-workflow'], 'hostAsserted': ['budget-profile-is-development-caps', 'report-observed-at-is-host-clock']} was expected

Failed validating 'const' in schema['properties']['documentProvenance']:
    {'const': {'verifiedInDocument': ['disclosure-counts-recomputed-from-panels',
                                      'feature-states-exact-per-command',
                                      'renderer-gating-against-inventory6',
                                      'report-command-equals-ledger-builtin-workflow'],
               'hostAsserted': ['budget-profile-is-development-caps',
                                'report-observed-at-is-host-clock']}}

On instance['documentProvenance']:
    {'verifiedInDocument': ['disclosure-counts-recomputed-from-panels',
                            'feature-states-exact-per-command',
                            'renderer-gating-against-inventory5',
                            'report-command-equals-ledger-builtin-workflow'],
     'hostAsserted': ['budget-profile-is-development-caps',
                      'report-observed-at-is-host-clock']}

======================================================================
ERROR: test_valid_carriers_with_conflicting_source_keys_refuse (__main__.CatalogueSourceTests.test_valid_carriers_with_conflicting_source_keys_refuse)
----------------------------------------------------------------------
Traceback (most recent call last):
  File "/private/tmp/opensip-implementation/m1-report-joint-candidate-09/check_catalogue_sources.py", line 52, in test_valid_carriers_with_conflicting_source_keys_refuse
    refresh(doc);V.validate(V.report['$id'],doc)
                 ~~~~~~~~~~^^^^^^^^^^^^^^^^^^^^^
  File "/private/tmp/opensip-implementation/m1-report-joint-candidate-09/check_model_carriers.py", line 60, in validate
    def validate(ref,value):C.ExactValidator({'$ref':ref},registry=registry).validate(value)
                            ~~~~~~~~~~~~~~~~~~~~~~~~~~~~~~~~~~~~~~~~~~~~~~~~~~~~~~~~~^^^^^^^
  File "/private/tmp/opensip-implementation/metadata-reference-env/lib/python3.14/site-packages/jsonschema/validators.py", line 451, in validate
    raise error
jsonschema.exceptions.ValidationError: {'verifiedInDocument': ['disclosure-counts-recomputed-from-panels', 'feature-states-exact-per-command', 'renderer-gating-against-inventory6', 'report-command-equals-ledger-builtin-workflow'], 'hostAsserted': ['budget-profile-is-development-caps', 'report-observed-at-is-host-clock']} was expected

Failed validating 'const' in schema['properties']['documentProvenance']:
    {'const': {'verifiedInDocument': ['disclosure-counts-recomputed-from-panels',
                                      'feature-states-exact-per-command',
                                      'renderer-gating-against-inventory6',
                                      'report-command-equals-ledger-builtin-workflow'],
               'hostAsserted': ['budget-profile-is-development-caps',
                                'report-observed-at-is-host-clock']}}

On instance['documentProvenance']:
    {'verifiedInDocument': ['disclosure-counts-recomputed-from-panels',
                            'feature-states-exact-per-command',
                            'renderer-gating-against-inventory5',
                            'report-command-equals-ledger-builtin-workflow'],
     'hostAsserted': ['budget-profile-is-development-caps',
                      'report-observed-at-is-host-clock']}

----------------------------------------------------------------------
Ran 5 tests in 0.107s

FAILED (errors=5)
