test_complete_document_joins_configuration_to_actual_replayed_plan (__main__.DocumentTests.test_complete_document_joins_configuration_to_actual_replayed_plan) ... ERROR
test_explicit_current_and_missing_history_in_complete_document (__main__.DocumentTests.test_explicit_current_and_missing_history_in_complete_document) ... ERROR
test_internal_join_mutations_are_refused (__main__.DocumentTests.test_internal_join_mutations_are_refused) ... ok

======================================================================
ERROR: test_complete_document_joins_configuration_to_actual_replayed_plan (__main__.DocumentTests.test_complete_document_joins_configuration_to_actual_replayed_plan)
----------------------------------------------------------------------
Traceback (most recent call last):
  File "/private/tmp/opensip-implementation/m1-report-joint-candidate-09/check_document.py", line 85, in test_complete_document_joins_configuration_to_actual_replayed_plan
    doc=admit(copy.deepcopy(self.doc));self.assertEqual(doc['panels']['configuration']['data']['source']['planId'],self.world['run']['planId'])
  File "/private/tmp/opensip-implementation/m1-report-joint-candidate-09/check_document.py", line 67, in admit
    V.validate(V.report['$id'],doc)
    ~~~~~~~~~~^^^^^^^^^^^^^^^^^^^^^
  File "/private/tmp/opensip-implementation/m1-report-joint-candidate-09/check_model_carriers.py", line 60, in validate
    def validate(ref,value):C.ExactValidator({'$ref':ref},registry=registry).validate(value)
                            ~~~~~~~~~~~~~~~~~~~~~~~~~~~~~~~~~~~~~~~~~~~~~~~~~~~~~~~~~^^^^^^^
  File "/private/tmp/opensip-implementation/metadata-reference-env/lib/python3.14/site-packages/jsonschema/validators.py", line 451, in validate
    raise error
jsonschema.exceptions.ValidationError: 'signal' is a required property

Failed validating 'required' in schema['properties']['invocationLedger']['properties']['cancellation']:
    {'type': 'object',
     'additionalProperties': False,
     'required': ['requested', 'signal', 'phase'],
     'properties': {'requested': {'type': 'boolean'},
                    'signal': {'$ref': 'urn:opensip:product-v1:workflows:evaluator3:common:3#/$defs/D9Signal'},
                    'phase': {'type': 'string',
                              'enum': ['none',
                                       'before-settle',
                                       'after-settle'],
                              'description': 'before-settle: at least one '
                                             'required step had not '
                                             'reached a terminal outcome; '
                                             'aggregate is interrupted '
                                             '(130). after-settle: every '
                                             'required step already '
                                             'reached a terminal outcome; '
                                             'the aggregate termination is '
                                             'not reclassified.'}}}

On instance['invocationLedger']['cancellation']:
    {'requested': False, 'phase': 'none'}

======================================================================
ERROR: test_explicit_current_and_missing_history_in_complete_document (__main__.DocumentTests.test_explicit_current_and_missing_history_in_complete_document)
----------------------------------------------------------------------
Traceback (most recent call last):
  File "/private/tmp/opensip-implementation/m1-report-joint-candidate-09/check_document.py", line 97, in test_explicit_current_and_missing_history_in_complete_document
    admit(doc);self.assertIn(b'disclosure.explicitHistorySelection:',text)
    ~~~~~^^^^^
  File "/private/tmp/opensip-implementation/m1-report-joint-candidate-09/check_document.py", line 67, in admit
    V.validate(V.report['$id'],doc)
    ~~~~~~~~~~^^^^^^^^^^^^^^^^^^^^^
  File "/private/tmp/opensip-implementation/m1-report-joint-candidate-09/check_model_carriers.py", line 60, in validate
    def validate(ref,value):C.ExactValidator({'$ref':ref},registry=registry).validate(value)
                            ~~~~~~~~~~~~~~~~~~~~~~~~~~~~~~~~~~~~~~~~~~~~~~~~~~~~~~~~~^^^^^^^
  File "/private/tmp/opensip-implementation/metadata-reference-env/lib/python3.14/site-packages/jsonschema/validators.py", line 451, in validate
    raise error
jsonschema.exceptions.ValidationError: 'signal' is a required property

Failed validating 'required' in schema['properties']['invocationLedger']['properties']['cancellation']:
    {'type': 'object',
     'additionalProperties': False,
     'required': ['requested', 'signal', 'phase'],
     'properties': {'requested': {'type': 'boolean'},
                    'signal': {'$ref': 'urn:opensip:product-v1:workflows:evaluator3:common:3#/$defs/D9Signal'},
                    'phase': {'type': 'string',
                              'enum': ['none',
                                       'before-settle',
                                       'after-settle'],
                              'description': 'before-settle: at least one '
                                             'required step had not '
                                             'reached a terminal outcome; '
                                             'aggregate is interrupted '
                                             '(130). after-settle: every '
                                             'required step already '
                                             'reached a terminal outcome; '
                                             'the aggregate termination is '
                                             'not reclassified.'}}}

On instance['invocationLedger']['cancellation']:
    {'requested': False, 'phase': 'none'}

----------------------------------------------------------------------
Ran 3 tests in 1.677s

FAILED (errors=2)
