{
  "standing": "Proposed schema/owner-codec depth derivation; boundary completeness and matching consumer enforcement still require verification",
  "inputReportSha256": "d8062ff60515b82a2bc8f9726067d64813cc0b17bf72a01bc883f361abd6ba5b",
  "documentMaxContainerDepth": 39,
  "rootValueDepths": {
    "schemaFamily": 0,
    "schemaMajor": 0,
    "command": 0,
    "renderer": 1,
    "envelope": 32,
    "invocationLedger": 8,
    "staticParity": 1,
    "disclosures": 4,
    "supportedReportViews": 1,
    "featureStates": 2,
    "budgetProfile": 2,
    "documentProvenance": 2,
    "reportObservedAt": 0,
    "pathDisclosure": 1,
    "panels": 38
  },
  "appliedOwnerCaps": {
    "urn:opensip:product-v1:workflows:evaluator3:common:4#/$defs/StepTermination": {
      "nativeRemainingDepth": 29,
      "structuralDepth": 5
    },
    "urn:opensip:product-v1:workflows:evaluator3:invocation:5#/$defs/AnalysisResult": {
      "nativeRemainingDepth": 31,
      "structuralDepth": 2
    },
    "urn:opensip:product-v1:workflows:evaluator3:graph-query:4#/$defs/GraphQueryResponseV1": {
      "nativeRemainingDepth": 32,
      "structuralDepth": "unbounded-or-recursive"
    },
    "urn:opensip:product-v1:policy-document:2#/$defs/Rule": {
      "nativeRemainingDepth": 30,
      "structuralDepth": "unbounded-or-recursive"
    },
    "urn:opensip:product-v1:workflows:evaluator3:graph-query:4#/$defs/GraphQueryRequestV1": {
      "nativeRemainingDepth": 32,
      "structuralDepth": "unbounded-or-recursive"
    },
    "urn:opensip:product-v1:workflows:evaluator3:common:4#/$defs/FindingSurface": {
      "nativeRemainingDepth": 30,
      "structuralDepth": 2
    },
    "urn:opensip:product-v1:workflows:evaluator3:command-envelope:7": {
      "nativeRemainingDepth": 32,
      "structuralDepth": 37
    },
    "urn:opensip:product-v1:native:evidence-schemas:v2#/$defs/CoverageResultV3": {
      "nativeRemainingDepth": 32,
      "structuralDepth": 4
    },
    "urn:opensip:product-v1:workflows:evaluator3:comparison:2": {
      "nativeRemainingDepth": 32,
      "structuralDepth": 6
    },
    "urn:opensip:product-v1:native:evidence-schemas:v2#/$defs/ReleaseCapabilityRegistryV1": {
      "nativeRemainingDepth": 32,
      "structuralDepth": 3
    }
  },
  "currentProfileDepth": 38
}
