{
  "standing": "Root all-parent inventory pass; differences remain unqualified until explicitly reconciled",
  "cases": 194,
  "sameOutcome": 186,
  "differences": [
    {
      "id": "feature-state-wrong-reason",
      "stage": "construct",
      "parentExpected": "SCHEMA",
      "observed": "StopIteration",
      "sameOutcome": false
    },
    {
      "id": "feature-state-step-duration-dropped",
      "stage": "admit",
      "parentExpected": "SCHEMA",
      "observed": "accept",
      "sameOutcome": false
    },
    {
      "id": "review-Q6-audit-envelope-labelled-analyze",
      "stage": "admit",
      "parentExpected": "J-LEDGER-COMMAND",
      "observed": "SCHEMA",
      "sameOutcome": false
    },
    {
      "id": "ledger-analyze-planned-import-step",
      "stage": "admit",
      "parentExpected": "J-LEDGER-PLAN",
      "observed": "SCHEMA",
      "sameOutcome": false
    },
    {
      "id": "ledger-render-recorded",
      "stage": "admit",
      "parentExpected": "J-LEDGER-RENDER",
      "observed": "SCHEMA",
      "sameOutcome": false
    },
    {
      "id": "skipped-step-with-attempt",
      "stage": "admit",
      "parentExpected": "J-LEDGER-SKIPPED",
      "observed": "SCHEMA",
      "sameOutcome": false
    },
    {
      "id": "skipped-record-erased",
      "stage": "admit",
      "parentExpected": "J-LEDGER-MISSING",
      "observed": "SCHEMA",
      "sameOutcome": false
    },
    {
      "id": "graph-on-ephemeral-run",
      "stage": "admit",
      "parentExpected": "J-ANCHOR",
      "observed": "SCHEMA",
      "sameOutcome": false
    }
  ]
}
