    Blocking waiting for file lock on build directory
    Checking memchr v2.8.3
    Checking itoa v1.0.18
    Checking tinyvec v1.13.3
    Checking sha2-const-stable v0.1.0
    Checking cfg-if v1.0.4
   Compiling opensip-platform v0.1.0 (/private/tmp/opensip-implementation/m2-grok-native-retention-review-13/review/copy/product/crates/platform)
    Checking serde_core v1.0.229
    Checking zmij v1.0.23
    Checking libc v0.2.189
    Checking unicode-normalization v0.1.24
    Checking getrandom v0.4.3
    Checking opensip-identity v0.1.0 (/private/tmp/opensip-implementation/m2-grok-native-retention-review-13/review/copy/product/crates/identity)
    Checking opensip-evaluator v0.1.0 (/private/tmp/opensip-implementation/m2-grok-native-retention-review-13/review/copy/product/crates/evaluator)
    Checking serde_json v1.0.151
    Checking serde v1.0.229
    Checking opensip-contracts v0.1.0 (/private/tmp/opensip-implementation/m2-grok-native-retention-review-13/review/copy/product/crates/contracts)
    Checking opensip-reporting v0.1.0 (/private/tmp/opensip-implementation/m2-grok-native-retention-review-13/review/copy/product/crates/reporting)
    Checking opensip-host v0.1.0 (/private/tmp/opensip-implementation/m2-grok-native-retention-review-13/review/copy/product/crates/host)
    Checking opensip-cli v0.1.0 (/private/tmp/opensip-implementation/m2-grok-native-retention-review-13/review/copy/product/apps/cli)
    Finished `dev` profile [unoptimized + debuginfo] target(s) in 41.31s
