UNICODE_VERSION=16.0.0
CASE	id=e_acute_nfd	match=true	already_nfc=true	src=\u{65}\u{301}	got=\u{e9}	want=\u{e9}
CASE	id=e_acute_nfc	match=true	already_nfc=true	src=\u{e9}	got=\u{e9}	want=\u{e9}
CASE	id=angstrom_compat	match=true	already_nfc=true	src=\u{212b}	got=\u{c5}	want=\u{c5}
CASE	id=a_ring_nfd	match=true	already_nfc=true	src=\u{41}\u{30a}	got=\u{c5}	want=\u{c5}
CASE	id=a_ring_nfc	match=true	already_nfc=true	src=\u{c5}	got=\u{c5}	want=\u{c5}
CASE	id=hangul_syllable	match=true	already_nfc=true	src=\u{ac00}	got=\u{ac00}	want=\u{ac00}
CASE	id=hangul_jamo	match=true	already_nfc=true	src=\u{1100}\u{1161}	got=\u{ac00}	want=\u{ac00}
CASE	id=ascii_e	match=true	already_nfc=true	src=\u{65}	got=\u{65}	want=\u{65}
CASE	id=empty	match=true	already_nfc=true	src=	got=	want=
CASE	id=omega_ohm	match=true	already_nfc=true	src=\u{2126}	got=\u{3a9}	want=\u{3a9}
CASE	id=combining_reorder	match=true	already_nfc=true	src=\u{61}\u{316}\u{301}	got=\u{e1}\u{316}	want=\u{e1}\u{316}
CASE	id=todhri_105d2_dot	match=true	already_nfc=true	src=\u{105d2}\u{307}	got=\u{105c9}	want=\u{105c9}
CASE	id=todhri_105da_dot	match=true	already_nfc=true	src=\u{105da}\u{307}	got=\u{105e4}	want=\u{105e4}
CASE	id=tulu_113c2_113c2	match=true	already_nfc=true	src=\u{113c2}\u{113c2}	got=\u{113c5}	want=\u{113c5}
CASE	id=tulu_113c2_113b8	match=true	already_nfc=true	src=\u{113c2}\u{113b8}	got=\u{113c7}	want=\u{113c7}
CASE	id=tulu_113c2_113c9	match=true	already_nfc=true	src=\u{113c2}\u{113c9}	got=\u{113c8}	want=\u{113c8}
CASE	id=tulu_11382_113c9	match=true	already_nfc=true	src=\u{11382}\u{113c9}	got=\u{11383}	want=\u{11383}
CASE	id=tulu_11384_113bb	match=true	already_nfc=true	src=\u{11384}\u{113bb}	got=\u{11385}	want=\u{11385}
CASE	id=tulu_1138b_113c2	match=true	already_nfc=true	src=\u{1138b}\u{113c2}	got=\u{1138e}	want=\u{1138e}
CASE	id=tulu_11390_113c9	match=true	already_nfc=true	src=\u{11390}\u{113c9}	got=\u{11391}	want=\u{11391}
CASE	id=gurung_1611e_1611e	match=true	already_nfc=true	src=\u{1611e}\u{1611e}	got=\u{16121}	want=\u{16121}
CASE	id=gurung_1611e_1611f	match=true	already_nfc=true	src=\u{1611e}\u{1611f}	got=\u{16123}	want=\u{16123}
CASE	id=gurung_1611e_16120	match=true	already_nfc=true	src=\u{1611e}\u{16120}	got=\u{16125}	want=\u{16125}
CASE	id=gurung_1611e_16129	match=true	already_nfc=true	src=\u{1611e}\u{16129}	got=\u{16122}	want=\u{16122}
CASE	id=gurung_16121_1611f	match=true	already_nfc=true	src=\u{16121}\u{1611f}	got=\u{16126}	want=\u{16126}
CASE	id=gurung_16121_16120	match=true	already_nfc=true	src=\u{16121}\u{16120}	got=\u{16128}	want=\u{16128}
CASE	id=gurung_16122_1611f	match=true	already_nfc=true	src=\u{16122}\u{1611f}	got=\u{16127}	want=\u{16127}
CASE	id=gurung_16129_1611f	match=true	already_nfc=true	src=\u{16129}\u{1611f}	got=\u{16124}	want=\u{16124}
CASE	id=kirat_16d67_16d67	match=true	already_nfc=true	src=\u{16d67}\u{16d67}	got=\u{16d68}	want=\u{16d68}
CASE	id=kirat_16d63_16d67	match=true	already_nfc=true	src=\u{16d63}\u{16d67}	got=\u{16d69}	want=\u{16d69}
CASE	id=kirat_16d69_16d67	match=true	already_nfc=true	src=\u{16d69}\u{16d67}	got=\u{16d6a}	want=\u{16d6a}
