[
 {
  "path": "docs/coop/design-corrections/foundation/check-identity.py",
  "fault": "sha256 mismatch",
  "expected": "c6ce1647a8a1a000cb2f1b3192e7be78f83b54d523a7d825f168cac98f242aa4",
  "actual": "58ca6397ea26bafaeab2cb5b07785ce87c37f3d814f84625763d46fa6970169d"
 },
 {
  "path": "docs/coop/design-corrections/foundation/identity-model.py",
  "fault": "sha256 mismatch",
  "expected": "09e35a8c3c52b808c95eeb5b27167de5a0866d75575d8da4c2ba3bda4d8fd0b1",
  "actual": "12c9cc226b582adc8e34a55e8a59671f2611c46d3e27d1d8289a472d78ccacb6"
 },
 {
  "path": "docs/coop/design-corrections/foundation/identity-schemas.v2.json",
  "fault": "sha256 mismatch",
  "expected": "e58745a606bfef43d3ccc6ed7ba3086e1280516afd16fc128d140822c4d86c0c",
  "actual": "c56679857b83e0ff71f8eca9345e29433617030945429d524bb5645669d267d5"
 },
 {
  "path": "docs/coop/design-corrections/native/native-cases.v2.json",
  "fault": "sha256 mismatch",
  "expected": "07d990e27a98d5ffe0ca217d9966991c4a6a49a3cba3cb1ff288d5c960507225",
  "actual": "4a832f497b3dc40a11634582e5ade5b6db30fbbdf56ff65064e13c695c0bc36f"
 },
 {
  "path": "docs/coop/design-corrections/native/native-evidence.schemas.v2.json",
  "fault": "sha256 mismatch",
  "expected": "9a5f33f49728726cc20fc36c6a26071647578e08d445c29574ebb83c9651944c",
  "actual": "fb1cb613e60b1b0945f4d234fd68f0a0dbdde6e37dc7c96e35683c69e4d148bb"
 },
 {
  "path": "docs/coop/design-corrections/native/native_evidence_model.v2.py",
  "fault": "sha256 mismatch",
  "expected": "c5ff3647a4abd8a17e9b1d916db91459c2826caab3fc0fbde5bfde4a0d01d286",
  "actual": "027dce368d7ec26dac2a8f3077d54c91028b6f72c0c3285d5de754ac3ae6dc22"
 },
 {
  "path": "docs/coop/design-corrections/public-detail-registry.v1.json",
  "fault": "sha256 mismatch",
  "expected": "e54a395fdf40a33a7db9f94630ae7cc1f79b762014fbef804a9c03a754b53c0f",
  "actual": "0a98e90e08d8b3b4b5394b9c1c979221b65edfcf02513d8c1e7540160fcd6438"
 },
 {
  "path": "docs/coop/design-corrections/workflows/check_workflows.v1.py",
  "fault": "sha256 mismatch",
  "expected": "2492ca42e626359fad53b462d24e8bde380f3df1c742d1bcf193fccc279970fb",
  "actual": "5c64b5935f9a85193c0894a0b02b396274b01210ff0e60ccd44ab47579ea8dfb"
 },
 {
  "path": "docs/coop/design-corrections/workflows/schemas/common.schema.json",
  "fault": "sha256 mismatch",
  "expected": "16ff6419a12dc3df182ff6031b21ebc686cfb1401bd5a409a68e05a3063f7b81",
  "actual": "d379c2e68453b66e710559043b866e56001136c282edfe72aaff1b857b231ae3"
 },
 {
  "path": "docs/coop/design-corrections/workflows/workflows_model.v1.py",
  "fault": "sha256 mismatch",
  "expected": "eecf8c430071b03f779384c5c97c7eb680ef1337a7b8c2f7b4896e19f81c0297",
  "actual": "24aa11cf5113e54a70aa5370ef51e4dfcb220e6b9482edb4a1b20d6593b402e6"
 },
 {
  "path": "docs/v2/contracts/product-v1/identity-and-evidence.md",
  "fault": "sha256 mismatch",
  "expected": "3d7ca24ec3ab2830f3aa91225e5bf29ae689cc279ff079adc947676c023f2735",
  "actual": "bb41cde29de2df3bc503d6672dfb98e5bd9c172f80b7e0f097e42bac4bf0646f"
 },
 {
  "path": "docs/v2/contracts/product-v1/native-evidence.md",
  "fault": "sha256 mismatch",
  "expected": "b4bc55632ae852912c971c3ef0620a39a05d4ae49bbf67f0ca4de1c964995369",
  "actual": "d3c6e6989691bfc4793d94590c527d2c421cfeaf9186009b8780baaa1f6805ee"
 }
]
