----- Native stack trace -----

 1: 0x1063fb114 node::InitializeOncePerProcessInternal(std::__1::vector<std::__1::basic_string<char, std::__1::char_traits<char>, std::__1::allocator<char>>, std::__1::allocator<std::__1::basic_string<char, std::__1::char_traits<char>, std::__1::allocator<char>>>> const&, node::ProcessInitializationFlags::Flags) (.cold.11) [/Users/sb/.nvm/versions/node/v24.16.0/bin/node]
 2: 0x1041d9ebc node::InitializeOncePerProcessInternal(std::__1::vector<std::__1::basic_string<char, std::__1::char_traits<char>, std::__1::allocator<char>>, std::__1::allocator<std::__1::basic_string<char, std::__1::char_traits<char>, std::__1::allocator<char>>>> const&, node::ProcessInitializationFlags::Flags) [/Users/sb/.nvm/versions/node/v24.16.0/bin/node]
 3: 0x1041dab10 node::Start(int, char**) [/Users/sb/.nvm/versions/node/v24.16.0/bin/node]
 4: 0x18bf0c4e4 start [/usr/lib/dyld]
----- Native stack trace -----

 1: 0x103273114 node::InitializeOncePerProcessInternal(std::__1::vector<std::__1::basic_string<char, std::__1::char_traits<char>, std::__1::allocator<char>>, std::__1::allocator<std::__1::basic_string<char, std::__1::char_traits<char>, std::__1::allocator<char>>>> const&, node::ProcessInitializationFlags::Flags) (.cold.11) [/Users/sb/.nvm/versions/node/v24.16.0/bin/node]
 2: 0x101051ebc node::InitializeOncePerProcessInternal(std::__1::vector<std::__1::basic_string<char, std::__1::char_traits<char>, std::__1::allocator<char>>, std::__1::allocator<std::__1::basic_string<char, std::__1::char_traits<char>, std::__1::allocator<char>>>> const&, node::ProcessInitializationFlags::Flags) [/Users/sb/.nvm/versions/node/v24.16.0/bin/node]
 3: 0x101052b10 node::Start(int, char**) [/Users/sb/.nvm/versions/node/v24.16.0/bin/node]
 4: 0x18bf0c4e4 start [/usr/lib/dyld]
----- Native stack trace -----

 1: 0x10271b114 node::InitializeOncePerProcessInternal(std::__1::vector<std::__1::basic_string<char, std::__1::char_traits<char>, std::__1::allocator<char>>, std::__1::allocator<std::__1::basic_string<char, std::__1::char_traits<char>, std::__1::allocator<char>>>> const&, node::ProcessInitializationFlags::Flags) (.cold.11) [/Users/sb/.nvm/versions/node/v24.16.0/bin/node]
 2: 0x1004f9ebc node::InitializeOncePerProcessInternal(std::__1::vector<std::__1::basic_string<char, std::__1::char_traits<char>, std::__1::allocator<char>>, std::__1::allocator<std::__1::basic_string<char, std::__1::char_traits<char>, std::__1::allocator<char>>>> const&, node::ProcessInitializationFlags::Flags) [/Users/sb/.nvm/versions/node/v24.16.0/bin/node]
 3: 0x1004fab10 node::Start(int, char**) [/Users/sb/.nvm/versions/node/v24.16.0/bin/node]
 4: 0x18bf0c4e4 start [/usr/lib/dyld]
----- Native stack trace -----

 1: 0x102f0b114 node::InitializeOncePerProcessInternal(std::__1::vector<std::__1::basic_string<char, std::__1::char_traits<char>, std::__1::allocator<char>>, std::__1::allocator<std::__1::basic_string<char, std::__1::char_traits<char>, std::__1::allocator<char>>>> const&, node::ProcessInitializationFlags::Flags) (.cold.11) [/Users/sb/.nvm/versions/node/v24.16.0/bin/node]
 2: 0x100ce9ebc node::InitializeOncePerProcessInternal(std::__1::vector<std::__1::basic_string<char, std::__1::char_traits<char>, std::__1::allocator<char>>, std::__1::allocator<std::__1::basic_string<char, std::__1::char_traits<char>, std::__1::allocator<char>>>> const&, node::ProcessInitializationFlags::Flags) [/Users/sb/.nvm/versions/node/v24.16.0/bin/node]
 3: 0x100ceab10 node::Start(int, char**) [/Users/sb/.nvm/versions/node/v24.16.0/bin/node]
 4: 0x18bf0c4e4 start [/usr/lib/dyld]
----- Native stack trace -----

 1: 0x103243114 node::InitializeOncePerProcessInternal(std::__1::vector<std::__1::basic_string<char, std::__1::char_traits<char>, std::__1::allocator<char>>, std::__1::allocator<std::__1::basic_string<char, std::__1::char_traits<char>, std::__1::allocator<char>>>> const&, node::ProcessInitializationFlags::Flags) (.cold.11) [/Users/sb/.nvm/versions/node/v24.16.0/bin/node]
 2: 0x101021ebc node::InitializeOncePerProcessInternal(std::__1::vector<std::__1::basic_string<char, std::__1::char_traits<char>, std::__1::allocator<char>>, std::__1::allocator<std::__1::basic_string<char, std::__1::char_traits<char>, std::__1::allocator<char>>>> const&, node::ProcessInitializationFlags::Flags) [/Users/sb/.nvm/versions/node/v24.16.0/bin/node]
 3: 0x101022b10 node::Start(int, char**) [/Users/sb/.nvm/versions/node/v24.16.0/bin/node]
 4: 0x18bf0c4e4 start [/usr/lib/dyld]
----- Native stack trace -----

 1: 0x1072b3114 node::InitializeOncePerProcessInternal(std::__1::vector<std::__1::basic_string<char, std::__1::char_traits<char>, std::__1::allocator<char>>, std::__1::allocator<std::__1::basic_string<char, std::__1::char_traits<char>, std::__1::allocator<char>>>> const&, node::ProcessInitializationFlags::Flags) (.cold.11) [/Users/sb/.nvm/versions/node/v24.16.0/bin/node]
 2: 0x105091ebc node::InitializeOncePerProcessInternal(std::__1::vector<std::__1::basic_string<char, std::__1::char_traits<char>, std::__1::allocator<char>>, std::__1::allocator<std::__1::basic_string<char, std::__1::char_traits<char>, std::__1::allocator<char>>>> const&, node::ProcessInitializationFlags::Flags) [/Users/sb/.nvm/versions/node/v24.16.0/bin/node]
 3: 0x105092b10 node::Start(int, char**) [/Users/sb/.nvm/versions/node/v24.16.0/bin/node]
 4: 0x18bf0c4e4 start [/usr/lib/dyld]
----- Native stack trace -----

 1: 0x1052cf114 node::InitializeOncePerProcessInternal(std::__1::vector<std::__1::basic_string<char, std::__1::char_traits<char>, std::__1::allocator<char>>, std::__1::allocator<std::__1::basic_string<char, std::__1::char_traits<char>, std::__1::allocator<char>>>> const&, node::ProcessInitializationFlags::Flags) (.cold.11) [/Users/sb/.nvm/versions/node/v24.16.0/bin/node]
 2: 0x1030adebc node::InitializeOncePerProcessInternal(std::__1::vector<std::__1::basic_string<char, std::__1::char_traits<char>, std::__1::allocator<char>>, std::__1::allocator<std::__1::basic_string<char, std::__1::char_traits<char>, std::__1::allocator<char>>>> const&, node::ProcessInitializationFlags::Flags) [/Users/sb/.nvm/versions/node/v24.16.0/bin/node]
 3: 0x1030aeb10 node::Start(int, char**) [/Users/sb/.nvm/versions/node/v24.16.0/bin/node]
 4: 0x18bf0c4e4 start [/usr/lib/dyld]
----- Native stack trace -----

 1: 0x1045a3114 node::InitializeOncePerProcessInternal(std::__1::vector<std::__1::basic_string<char, std::__1::char_traits<char>, std::__1::allocator<char>>, std::__1::allocator<std::__1::basic_string<char, std::__1::char_traits<char>, std::__1::allocator<char>>>> const&, node::ProcessInitializationFlags::Flags) (.cold.11) [/Users/sb/.nvm/versions/node/v24.16.0/bin/node]
 2: 0x102381ebc node::InitializeOncePerProcessInternal(std::__1::vector<std::__1::basic_string<char, std::__1::char_traits<char>, std::__1::allocator<char>>, std::__1::allocator<std::__1::basic_string<char, std::__1::char_traits<char>, std::__1::allocator<char>>>> const&, node::ProcessInitializationFlags::Flags) [/Users/sb/.nvm/versions/node/v24.16.0/bin/node]
 3: 0x102382b10 node::Start(int, char**) [/Users/sb/.nvm/versions/node/v24.16.0/bin/node]
 4: 0x18bf0c4e4 start [/usr/lib/dyld]
----- Native stack trace -----

 1: 0x106483114 node::InitializeOncePerProcessInternal(std::__1::vector<std::__1::basic_string<char, std::__1::char_traits<char>, std::__1::allocator<char>>, std::__1::allocator<std::__1::basic_string<char, std::__1::char_traits<char>, std::__1::allocator<char>>>> const&, node::ProcessInitializationFlags::Flags) (.cold.11) [/Users/sb/.nvm/versions/node/v24.16.0/bin/node]
 2: 0x104261ebc node::InitializeOncePerProcessInternal(std::__1::vector<std::__1::basic_string<char, std::__1::char_traits<char>, std::__1::allocator<char>>, std::__1::allocator<std::__1::basic_string<char, std::__1::char_traits<char>, std::__1::allocator<char>>>> const&, node::ProcessInitializationFlags::Flags) [/Users/sb/.nvm/versions/node/v24.16.0/bin/node]
 3: 0x104262b10 node::Start(int, char**) [/Users/sb/.nvm/versions/node/v24.16.0/bin/node]
 4: 0x18bf0c4e4 start [/usr/lib/dyld]
----- Native stack trace -----

 1: 0x104cb7114 node::InitializeOncePerProcessInternal(std::__1::vector<std::__1::basic_string<char, std::__1::char_traits<char>, std::__1::allocator<char>>, std::__1::allocator<std::__1::basic_string<char, std::__1::char_traits<char>, std::__1::allocator<char>>>> const&, node::ProcessInitializationFlags::Flags) (.cold.11) [/Users/sb/.nvm/versions/node/v24.16.0/bin/node]
 2: 0x102a95ebc node::InitializeOncePerProcessInternal(std::__1::vector<std::__1::basic_string<char, std::__1::char_traits<char>, std::__1::allocator<char>>, std::__1::allocator<std::__1::basic_string<char, std::__1::char_traits<char>, std::__1::allocator<char>>>> const&, node::ProcessInitializationFlags::Flags) [/Users/sb/.nvm/versions/node/v24.16.0/bin/node]
 3: 0x102a96b10 node::Start(int, char**) [/Users/sb/.nvm/versions/node/v24.16.0/bin/node]
 4: 0x18bf0c4e4 start [/usr/lib/dyld]
----- Native stack trace -----

 1: 0x10279f114 node::InitializeOncePerProcessInternal(std::__1::vector<std::__1::basic_string<char, std::__1::char_traits<char>, std::__1::allocator<char>>, std::__1::allocator<std::__1::basic_string<char, std::__1::char_traits<char>, std::__1::allocator<char>>>> const&, node::ProcessInitializationFlags::Flags) (.cold.11) [/Users/sb/.nvm/versions/node/v24.16.0/bin/node]
 2: 0x10057debc node::InitializeOncePerProcessInternal(std::__1::vector<std::__1::basic_string<char, std::__1::char_traits<char>, std::__1::allocator<char>>, std::__1::allocator<std::__1::basic_string<char, std::__1::char_traits<char>, std::__1::allocator<char>>>> const&, node::ProcessInitializationFlags::Flags) [/Users/sb/.nvm/versions/node/v24.16.0/bin/node]
 3: 0x10057eb10 node::Start(int, char**) [/Users/sb/.nvm/versions/node/v24.16.0/bin/node]
 4: 0x18bf0c4e4 start [/usr/lib/dyld]
----- Native stack trace -----

 1: 0x106e57114 node::InitializeOncePerProcessInternal(std::__1::vector<std::__1::basic_string<char, std::__1::char_traits<char>, std::__1::allocator<char>>, std::__1::allocator<std::__1::basic_string<char, std::__1::char_traits<char>, std::__1::allocator<char>>>> const&, node::ProcessInitializationFlags::Flags) (.cold.11) [/Users/sb/.nvm/versions/node/v24.16.0/bin/node]
 2: 0x104c35ebc node::InitializeOncePerProcessInternal(std::__1::vector<std::__1::basic_string<char, std::__1::char_traits<char>, std::__1::allocator<char>>, std::__1::allocator<std::__1::basic_string<char, std::__1::char_traits<char>, std::__1::allocator<char>>>> const&, node::ProcessInitializationFlags::Flags) [/Users/sb/.nvm/versions/node/v24.16.0/bin/node]
 3: 0x104c36b10 node::Start(int, char**) [/Users/sb/.nvm/versions/node/v24.16.0/bin/node]
 4: 0x18bf0c4e4 start [/usr/lib/dyld]
----- Native stack trace -----

 1: 0x1047b7114 node::InitializeOncePerProcessInternal(std::__1::vector<std::__1::basic_string<char, std::__1::char_traits<char>, std::__1::allocator<char>>, std::__1::allocator<std::__1::basic_string<char, std::__1::char_traits<char>, std::__1::allocator<char>>>> const&, node::ProcessInitializationFlags::Flags) (.cold.11) [/Users/sb/.nvm/versions/node/v24.16.0/bin/node]
 2: 0x102595ebc node::InitializeOncePerProcessInternal(std::__1::vector<std::__1::basic_string<char, std::__1::char_traits<char>, std::__1::allocator<char>>, std::__1::allocator<std::__1::basic_string<char, std::__1::char_traits<char>, std::__1::allocator<char>>>> const&, node::ProcessInitializationFlags::Flags) [/Users/sb/.nvm/versions/node/v24.16.0/bin/node]
 3: 0x102596b10 node::Start(int, char**) [/Users/sb/.nvm/versions/node/v24.16.0/bin/node]
 4: 0x18bf0c4e4 start [/usr/lib/dyld]
----- Native stack trace -----

 1: 0x106487114 node::InitializeOncePerProcessInternal(std::__1::vector<std::__1::basic_string<char, std::__1::char_traits<char>, std::__1::allocator<char>>, std::__1::allocator<std::__1::basic_string<char, std::__1::char_traits<char>, std::__1::allocator<char>>>> const&, node::ProcessInitializationFlags::Flags) (.cold.11) [/Users/sb/.nvm/versions/node/v24.16.0/bin/node]
 2: 0x104265ebc node::InitializeOncePerProcessInternal(std::__1::vector<std::__1::basic_string<char, std::__1::char_traits<char>, std::__1::allocator<char>>, std::__1::allocator<std::__1::basic_string<char, std::__1::char_traits<char>, std::__1::allocator<char>>>> const&, node::ProcessInitializationFlags::Flags) [/Users/sb/.nvm/versions/node/v24.16.0/bin/node]
 3: 0x104266b10 node::Start(int, char**) [/Users/sb/.nvm/versions/node/v24.16.0/bin/node]
 4: 0x18bf0c4e4 start [/usr/lib/dyld]
----- Native stack trace -----

 1: 0x10726f114 node::InitializeOncePerProcessInternal(std::__1::vector<std::__1::basic_string<char, std::__1::char_traits<char>, std::__1::allocator<char>>, std::__1::allocator<std::__1::basic_string<char, std::__1::char_traits<char>, std::__1::allocator<char>>>> const&, node::ProcessInitializationFlags::Flags) (.cold.11) [/Users/sb/.nvm/versions/node/v24.16.0/bin/node]
 2: 0x10504debc node::InitializeOncePerProcessInternal(std::__1::vector<std::__1::basic_string<char, std::__1::char_traits<char>, std::__1::allocator<char>>, std::__1::allocator<std::__1::basic_string<char, std::__1::char_traits<char>, std::__1::allocator<char>>>> const&, node::ProcessInitializationFlags::Flags) [/Users/sb/.nvm/versions/node/v24.16.0/bin/node]
 3: 0x10504eb10 node::Start(int, char**) [/Users/sb/.nvm/versions/node/v24.16.0/bin/node]
 4: 0x18bf0c4e4 start [/usr/lib/dyld]
----- Native stack trace -----

 1: 0x104477114 node::InitializeOncePerProcessInternal(std::__1::vector<std::__1::basic_string<char, std::__1::char_traits<char>, std::__1::allocator<char>>, std::__1::allocator<std::__1::basic_string<char, std::__1::char_traits<char>, std::__1::allocator<char>>>> const&, node::ProcessInitializationFlags::Flags) (.cold.11) [/Users/sb/.nvm/versions/node/v24.16.0/bin/node]
 2: 0x102255ebc node::InitializeOncePerProcessInternal(std::__1::vector<std::__1::basic_string<char, std::__1::char_traits<char>, std::__1::allocator<char>>, std::__1::allocator<std::__1::basic_string<char, std::__1::char_traits<char>, std::__1::allocator<char>>>> const&, node::ProcessInitializationFlags::Flags) [/Users/sb/.nvm/versions/node/v24.16.0/bin/node]
 3: 0x102256b10 node::Start(int, char**) [/Users/sb/.nvm/versions/node/v24.16.0/bin/node]
 4: 0x18bf0c4e4 start [/usr/lib/dyld]
----- Native stack trace -----

 1: 0x1045df114 node::InitializeOncePerProcessInternal(std::__1::vector<std::__1::basic_string<char, std::__1::char_traits<char>, std::__1::allocator<char>>, std::__1::allocator<std::__1::basic_string<char, std::__1::char_traits<char>, std::__1::allocator<char>>>> const&, node::ProcessInitializationFlags::Flags) (.cold.11) [/Users/sb/.nvm/versions/node/v24.16.0/bin/node]
 2: 0x1023bdebc node::InitializeOncePerProcessInternal(std::__1::vector<std::__1::basic_string<char, std::__1::char_traits<char>, std::__1::allocator<char>>, std::__1::allocator<std::__1::basic_string<char, std::__1::char_traits<char>, std::__1::allocator<char>>>> const&, node::ProcessInitializationFlags::Flags) [/Users/sb/.nvm/versions/node/v24.16.0/bin/node]
 3: 0x1023beb10 node::Start(int, char**) [/Users/sb/.nvm/versions/node/v24.16.0/bin/node]
 4: 0x18bf0c4e4 start [/usr/lib/dyld]
----- Native stack trace -----

 1: 0x1070a3114 node::InitializeOncePerProcessInternal(std::__1::vector<std::__1::basic_string<char, std::__1::char_traits<char>, std::__1::allocator<char>>, std::__1::allocator<std::__1::basic_string<char, std::__1::char_traits<char>, std::__1::allocator<char>>>> const&, node::ProcessInitializationFlags::Flags) (.cold.11) [/Users/sb/.nvm/versions/node/v24.16.0/bin/node]
 2: 0x104e81ebc node::InitializeOncePerProcessInternal(std::__1::vector<std::__1::basic_string<char, std::__1::char_traits<char>, std::__1::allocator<char>>, std::__1::allocator<std::__1::basic_string<char, std::__1::char_traits<char>, std::__1::allocator<char>>>> const&, node::ProcessInitializationFlags::Flags) [/Users/sb/.nvm/versions/node/v24.16.0/bin/node]
 3: 0x104e82b10 node::Start(int, char**) [/Users/sb/.nvm/versions/node/v24.16.0/bin/node]
 4: 0x18bf0c4e4 start [/usr/lib/dyld]
----- Native stack trace -----

 1: 0x106e07114 node::InitializeOncePerProcessInternal(std::__1::vector<std::__1::basic_string<char, std::__1::char_traits<char>, std::__1::allocator<char>>, std::__1::allocator<std::__1::basic_string<char, std::__1::char_traits<char>, std::__1::allocator<char>>>> const&, node::ProcessInitializationFlags::Flags) (.cold.11) [/Users/sb/.nvm/versions/node/v24.16.0/bin/node]
 2: 0x104be5ebc node::InitializeOncePerProcessInternal(std::__1::vector<std::__1::basic_string<char, std::__1::char_traits<char>, std::__1::allocator<char>>, std::__1::allocator<std::__1::basic_string<char, std::__1::char_traits<char>, std::__1::allocator<char>>>> const&, node::ProcessInitializationFlags::Flags) [/Users/sb/.nvm/versions/node/v24.16.0/bin/node]
 3: 0x104be6b10 node::Start(int, char**) [/Users/sb/.nvm/versions/node/v24.16.0/bin/node]
 4: 0x18bf0c4e4 start [/usr/lib/dyld]
----- Native stack trace -----

 1: 0x10477f114 node::InitializeOncePerProcessInternal(std::__1::vector<std::__1::basic_string<char, std::__1::char_traits<char>, std::__1::allocator<char>>, std::__1::allocator<std::__1::basic_string<char, std::__1::char_traits<char>, std::__1::allocator<char>>>> const&, node::ProcessInitializationFlags::Flags) (.cold.11) [/Users/sb/.nvm/versions/node/v24.16.0/bin/node]
 2: 0x10255debc node::InitializeOncePerProcessInternal(std::__1::vector<std::__1::basic_string<char, std::__1::char_traits<char>, std::__1::allocator<char>>, std::__1::allocator<std::__1::basic_string<char, std::__1::char_traits<char>, std::__1::allocator<char>>>> const&, node::ProcessInitializationFlags::Flags) [/Users/sb/.nvm/versions/node/v24.16.0/bin/node]
 3: 0x10255eb10 node::Start(int, char**) [/Users/sb/.nvm/versions/node/v24.16.0/bin/node]
 4: 0x18bf0c4e4 start [/usr/lib/dyld]
----- Native stack trace -----

 1: 0x1029ef114 node::InitializeOncePerProcessInternal(std::__1::vector<std::__1::basic_string<char, std::__1::char_traits<char>, std::__1::allocator<char>>, std::__1::allocator<std::__1::basic_string<char, std::__1::char_traits<char>, std::__1::allocator<char>>>> const&, node::ProcessInitializationFlags::Flags) (.cold.11) [/Users/sb/.nvm/versions/node/v24.16.0/bin/node]
 2: 0x1007cdebc node::InitializeOncePerProcessInternal(std::__1::vector<std::__1::basic_string<char, std::__1::char_traits<char>, std::__1::allocator<char>>, std::__1::allocator<std::__1::basic_string<char, std::__1::char_traits<char>, std::__1::allocator<char>>>> const&, node::ProcessInitializationFlags::Flags) [/Users/sb/.nvm/versions/node/v24.16.0/bin/node]
 3: 0x1007ceb10 node::Start(int, char**) [/Users/sb/.nvm/versions/node/v24.16.0/bin/node]
 4: 0x18bf0c4e4 start [/usr/lib/dyld]
----- Native stack trace -----

 1: 0x106d3f114 node::InitializeOncePerProcessInternal(std::__1::vector<std::__1::basic_string<char, std::__1::char_traits<char>, std::__1::allocator<char>>, std::__1::allocator<std::__1::basic_string<char, std::__1::char_traits<char>, std::__1::allocator<char>>>> const&, node::ProcessInitializationFlags::Flags) (.cold.11) [/Users/sb/.nvm/versions/node/v24.16.0/bin/node]
 2: 0x104b1debc node::InitializeOncePerProcessInternal(std::__1::vector<std::__1::basic_string<char, std::__1::char_traits<char>, std::__1::allocator<char>>, std::__1::allocator<std::__1::basic_string<char, std::__1::char_traits<char>, std::__1::allocator<char>>>> const&, node::ProcessInitializationFlags::Flags) [/Users/sb/.nvm/versions/node/v24.16.0/bin/node]
 3: 0x104b1eb10 node::Start(int, char**) [/Users/sb/.nvm/versions/node/v24.16.0/bin/node]
 4: 0x18bf0c4e4 start [/usr/lib/dyld]
----- Native stack trace -----

 1: 0x1032f7114 node::InitializeOncePerProcessInternal(std::__1::vector<std::__1::basic_string<char, std::__1::char_traits<char>, std::__1::allocator<char>>, std::__1::allocator<std::__1::basic_string<char, std::__1::char_traits<char>, std::__1::allocator<char>>>> const&, node::ProcessInitializationFlags::Flags) (.cold.11) [/Users/sb/.nvm/versions/node/v24.16.0/bin/node]
 2: 0x1010d5ebc node::InitializeOncePerProcessInternal(std::__1::vector<std::__1::basic_string<char, std::__1::char_traits<char>, std::__1::allocator<char>>, std::__1::allocator<std::__1::basic_string<char, std::__1::char_traits<char>, std::__1::allocator<char>>>> const&, node::ProcessInitializationFlags::Flags) [/Users/sb/.nvm/versions/node/v24.16.0/bin/node]
 3: 0x1010d6b10 node::Start(int, char**) [/Users/sb/.nvm/versions/node/v24.16.0/bin/node]
 4: 0x18bf0c4e4 start [/usr/lib/dyld]
----- Native stack trace -----

 1: 0x102b43114 node::InitializeOncePerProcessInternal(std::__1::vector<std::__1::basic_string<char, std::__1::char_traits<char>, std::__1::allocator<char>>, std::__1::allocator<std::__1::basic_string<char, std::__1::char_traits<char>, std::__1::allocator<char>>>> const&, node::ProcessInitializationFlags::Flags) (.cold.11) [/Users/sb/.nvm/versions/node/v24.16.0/bin/node]
 2: 0x100921ebc node::InitializeOncePerProcessInternal(std::__1::vector<std::__1::basic_string<char, std::__1::char_traits<char>, std::__1::allocator<char>>, std::__1::allocator<std::__1::basic_string<char, std::__1::char_traits<char>, std::__1::allocator<char>>>> const&, node::ProcessInitializationFlags::Flags) [/Users/sb/.nvm/versions/node/v24.16.0/bin/node]
 3: 0x100922b10 node::Start(int, char**) [/Users/sb/.nvm/versions/node/v24.16.0/bin/node]
 4: 0x18bf0c4e4 start [/usr/lib/dyld]
----- Native stack trace -----

 1: 0x1043bf114 node::InitializeOncePerProcessInternal(std::__1::vector<std::__1::basic_string<char, std::__1::char_traits<char>, std::__1::allocator<char>>, std::__1::allocator<std::__1::basic_string<char, std::__1::char_traits<char>, std::__1::allocator<char>>>> const&, node::ProcessInitializationFlags::Flags) (.cold.11) [/Users/sb/.nvm/versions/node/v24.16.0/bin/node]
 2: 0x10219debc node::InitializeOncePerProcessInternal(std::__1::vector<std::__1::basic_string<char, std::__1::char_traits<char>, std::__1::allocator<char>>, std::__1::allocator<std::__1::basic_string<char, std::__1::char_traits<char>, std::__1::allocator<char>>>> const&, node::ProcessInitializationFlags::Flags) [/Users/sb/.nvm/versions/node/v24.16.0/bin/node]
 3: 0x10219eb10 node::Start(int, char**) [/Users/sb/.nvm/versions/node/v24.16.0/bin/node]
 4: 0x18bf0c4e4 start [/usr/lib/dyld]
----- Native stack trace -----

 1: 0x105017114 node::InitializeOncePerProcessInternal(std::__1::vector<std::__1::basic_string<char, std::__1::char_traits<char>, std::__1::allocator<char>>, std::__1::allocator<std::__1::basic_string<char, std::__1::char_traits<char>, std::__1::allocator<char>>>> const&, node::ProcessInitializationFlags::Flags) (.cold.11) [/Users/sb/.nvm/versions/node/v24.16.0/bin/node]
 2: 0x102df5ebc node::InitializeOncePerProcessInternal(std::__1::vector<std::__1::basic_string<char, std::__1::char_traits<char>, std::__1::allocator<char>>, std::__1::allocator<std::__1::basic_string<char, std::__1::char_traits<char>, std::__1::allocator<char>>>> const&, node::ProcessInitializationFlags::Flags) [/Users/sb/.nvm/versions/node/v24.16.0/bin/node]
 3: 0x102df6b10 node::Start(int, char**) [/Users/sb/.nvm/versions/node/v24.16.0/bin/node]
 4: 0x18bf0c4e4 start [/usr/lib/dyld]
----- Native stack trace -----

 1: 0x103057114 node::InitializeOncePerProcessInternal(std::__1::vector<std::__1::basic_string<char, std::__1::char_traits<char>, std::__1::allocator<char>>, std::__1::allocator<std::__1::basic_string<char, std::__1::char_traits<char>, std::__1::allocator<char>>>> const&, node::ProcessInitializationFlags::Flags) (.cold.11) [/Users/sb/.nvm/versions/node/v24.16.0/bin/node]
 2: 0x100e35ebc node::InitializeOncePerProcessInternal(std::__1::vector<std::__1::basic_string<char, std::__1::char_traits<char>, std::__1::allocator<char>>, std::__1::allocator<std::__1::basic_string<char, std::__1::char_traits<char>, std::__1::allocator<char>>>> const&, node::ProcessInitializationFlags::Flags) [/Users/sb/.nvm/versions/node/v24.16.0/bin/node]
 3: 0x100e36b10 node::Start(int, char**) [/Users/sb/.nvm/versions/node/v24.16.0/bin/node]
 4: 0x18bf0c4e4 start [/usr/lib/dyld]
----- Native stack trace -----

 1: 0x107057114 node::InitializeOncePerProcessInternal(std::__1::vector<std::__1::basic_string<char, std::__1::char_traits<char>, std::__1::allocator<char>>, std::__1::allocator<std::__1::basic_string<char, std::__1::char_traits<char>, std::__1::allocator<char>>>> const&, node::ProcessInitializationFlags::Flags) (.cold.11) [/Users/sb/.nvm/versions/node/v24.16.0/bin/node]
 2: 0x104e35ebc node::InitializeOncePerProcessInternal(std::__1::vector<std::__1::basic_string<char, std::__1::char_traits<char>, std::__1::allocator<char>>, std::__1::allocator<std::__1::basic_string<char, std::__1::char_traits<char>, std::__1::allocator<char>>>> const&, node::ProcessInitializationFlags::Flags) [/Users/sb/.nvm/versions/node/v24.16.0/bin/node]
 3: 0x104e36b10 node::Start(int, char**) [/Users/sb/.nvm/versions/node/v24.16.0/bin/node]
 4: 0x18bf0c4e4 start [/usr/lib/dyld]
----- Native stack trace -----

 1: 0x1047ff114 node::InitializeOncePerProcessInternal(std::__1::vector<std::__1::basic_string<char, std::__1::char_traits<char>, std::__1::allocator<char>>, std::__1::allocator<std::__1::basic_string<char, std::__1::char_traits<char>, std::__1::allocator<char>>>> const&, node::ProcessInitializationFlags::Flags) (.cold.11) [/Users/sb/.nvm/versions/node/v24.16.0/bin/node]
 2: 0x1025ddebc node::InitializeOncePerProcessInternal(std::__1::vector<std::__1::basic_string<char, std::__1::char_traits<char>, std::__1::allocator<char>>, std::__1::allocator<std::__1::basic_string<char, std::__1::char_traits<char>, std::__1::allocator<char>>>> const&, node::ProcessInitializationFlags::Flags) [/Users/sb/.nvm/versions/node/v24.16.0/bin/node]
 3: 0x1025deb10 node::Start(int, char**) [/Users/sb/.nvm/versions/node/v24.16.0/bin/node]
 4: 0x18bf0c4e4 start [/usr/lib/dyld]
----- Native stack trace -----

 1: 0x106913114 node::InitializeOncePerProcessInternal(std::__1::vector<std::__1::basic_string<char, std::__1::char_traits<char>, std::__1::allocator<char>>, std::__1::allocator<std::__1::basic_string<char, std::__1::char_traits<char>, std::__1::allocator<char>>>> const&, node::ProcessInitializationFlags::Flags) (.cold.11) [/Users/sb/.nvm/versions/node/v24.16.0/bin/node]
 2: 0x1046f1ebc node::InitializeOncePerProcessInternal(std::__1::vector<std::__1::basic_string<char, std::__1::char_traits<char>, std::__1::allocator<char>>, std::__1::allocator<std::__1::basic_string<char, std::__1::char_traits<char>, std::__1::allocator<char>>>> const&, node::ProcessInitializationFlags::Flags) [/Users/sb/.nvm/versions/node/v24.16.0/bin/node]
 3: 0x1046f2b10 node::Start(int, char**) [/Users/sb/.nvm/versions/node/v24.16.0/bin/node]
 4: 0x18bf0c4e4 start [/usr/lib/dyld]
