$ /tmp/opensip-architecture-review-env/bin/python -I -B tools/v1_v2_provenance.py
exit 0
--- stdout ---
{
 "report:equal": 56,
 "report:different": 219,
 "store:different": 62,
 "store:equal": 1,
 "report:v2-only": 3
}
envelopes/purge-replay-output-failure.json $.fact-payload-bytes-lost.firstRefusalStage
envelopes/receipt-availability.json $.commitInventory.blobs
runs/cmp-base.build.json $.storeFileSha256
runs/cmp-base.records.json $.boundaries.closure.firstRefusal
runs/cmp-base.replay-export.json $.admission.firstRefusal
runs/cmp-base.replay.fromscratch.json $.faultsInStageOrder
runs/cmp-base.replay.json $.faultsInStageOrder
runs/cmp-base.store.json (True, 5, 0)
runs/cmp-budget.build.json $.storeFileSha256
runs/cmp-budget.records.json $.boundaries.closure.firstRefusal
runs/cmp-budget.replay-export.json $.admission.firstRefusal
runs/cmp-budget.replay.fromscratch.json $.faultsInStageOrder
runs/cmp-budget.replay.json $.faultsInStageOrder
runs/cmp-budget.store.json (True, 7, 0)
runs/cmp-code-det2.build.json $.storeFileSha256
runs/cmp-code-det2.records.json $.boundaries.closure.firstRefusal
runs/cmp-code-det2.replay-export.json $.admission.firstRefusal
runs/cmp-code-det2.replay.fromscratch.json $.faultsInStageOrder
runs/cmp-code-det2.replay.json $.faultsInStageOrder
runs/cmp-code-det2.store.json (True, 4, 0)
runs/cmp-code-detc.build.json $.storeFileSha256
runs/cmp-code-detc.records.json $.boundaries.closure.firstRefusal
runs/cmp-code-detc.replay-export.json $.admission.firstRefusal
runs/cmp-code-detc.replay.fromscratch.json $.faultsInStageOrder
runs/cmp-code-detc.replay.json $.faultsInStageOrder
runs/cmp-code-detc.store.json (True, 4, 0)
runs/cmp-code.build.json $.storeFileSha256
runs/cmp-code.records.json $.boundaries.closure.firstRefusal
runs/cmp-code.replay-export.json $.admission.firstRefusal
runs/cmp-code.replay.fromscratch.json $.faultsInStageOrder
runs/cmp-code.replay.json $.faultsInStageOrder
runs/cmp-code.store.json (True, 4, 0)
runs/cmp-empty.records.json $.boundaries.closure.firstRefusal
runs/cmp-empty.replay-export.json $.admission.firstRefusal
runs/cmp-empty.replay.fromscratch.json $.faultsInStageOrder
runs/cmp-empty.replay.json $.faultsInStageOrder
runs/cmp-evidence.build.json $.storeFileSha256
runs/cmp-evidence.records.json $.boundaries.closure.firstRefusal
runs/cmp-evidence.replay-export.json $.admission.firstRefusal
runs/cmp-evidence.replay.fromscratch.json $.faultsInStageOrder
runs/cmp-evidence.replay.json $.faultsInStageOrder
runs/cmp-evidence.store.json (True, 6, 0)
runs/cmp-family.summary.json $.regression.after
runs/cmp-gbase.build.json $.storeFileSha256
runs/cmp-gbase.records.json $.boundaries.closure.firstRefusal
runs/cmp-gbase.replay-export.json $.admission.firstRefusal
runs/cmp-gbase.replay.fromscratch.json $.faultsInStageOrder
runs/cmp-gbase.replay.json $.faultsInStageOrder
runs/cmp-gbase.store.json (True, 5, 0)
runs/cmp-gevidence.build.json $.storeFileSha256
runs/cmp-gevidence.records.json $.boundaries.closure.firstRefusal
runs/cmp-gevidence.replay-export.json $.admission.firstRefusal
runs/cmp-gevidence.replay.fromscratch.json $.faultsInStageOrder
runs/cmp-gevidence.replay.json $.faultsInStageOrder
runs/cmp-gevidence.store.json (True, 6, 0)
runs/cmp-gmissing.build.json $.storeFileSha256
runs/cmp-gmissing.records.json $.boundaries.closure.firstRefusal
runs/cmp-gmissing.replay-export.json $.admission.firstRefusal
runs/cmp-gmissing.replay.fromscratch.json $.faultsInStageOrder
runs/cmp-gmissing.replay.json $.faultsInStageOrder
runs/cmp-gmissing.store.json (True, 6, 0)
runs/cmp-hidden.build.json $.storeFileSha256
runs/cmp-hidden.records.json $.boundaries.closure.firstRefusal
runs/cmp-hidden.replay-export.json $.admission.firstRefusal
runs/cmp-hidden.replay.fromscratch.json $.faultsInStageOrder
runs/cmp-hidden.replay.json $.faultsInStageOrder
runs/cmp-hidden.store.json (True, 5, 0)
runs/cmp-policy.build.json $.storeFileSha256
runs/cmp-policy.records.json $.boundaries.closure.firstRefusal
runs/cmp-policy.replay-export.json $.admission.firstRefusal
runs/cmp-policy.replay.fromscratch.json $.faultsInStageOrder
runs/cmp-policy.replay.json $.faultsInStageOrder
runs/cmp-policy.store.json (True, 4, 0)
runs/cmp-scope.build.json $.storeFileSha256
runs/cmp-scope.records.json $.boundaries.closure.firstRefusal
runs/cmp-scope.replay-export.json $.admission.firstRefusal
runs/cmp-scope.replay.fromscratch.json $.faultsInStageOrder
runs/cmp-scope.replay.json $.faultsInStageOrder
runs/cmp-scope.store.json (True, 2, 0)
runs/cmp-waiver.build.json $.storeFileSha256
runs/cmp-waiver.records.json $.boundaries.closure.firstRefusal
runs/cmp-waiver.replay-export.json $.admission.firstRefusal
runs/cmp-waiver.replay.fromscratch.json $.faultsInStageOrder
runs/cmp-waiver.replay.json $.faultsInStageOrder
runs/cmp-waiver.store.json (True, 5, 0)
runs/final-custody.json $.charterSha256
runs/from-scratch.summary.json $.runs[0].firstRefusal
runs/replay-all.summary.json $.replays[0].firstRefusalStage
runs/replay-export.summary.json $.runs[0].comparison.outputObjectsRecomputed
runs/rust-ambiguous.build.json $.storeFileSha256
runs/rust-ambiguous.records.json $.boundaries.closure.firstRefusal
runs/rust-ambiguous.replay-export.json $.admission.firstRefusal
runs/rust-ambiguous.replay.fromscratch.json $.faultsInStageOrder
runs/rust-ambiguous.replay.json $.faultsInStageOrder
runs/rust-ambiguous.store.json (True, 7, 0)
runs/rust-ambiguous~ambiguous-fact-present.build.json $.storeFileSha256
runs/rust-ambiguous~ambiguous-fact-present.replay.json $.faultsInStageOrder
runs/rust-ambiguous~ambiguous-fact-present.store.json (True, 6, 0)
runs/rust-extra-unit.build.json $.storeFileSha256
runs/rust-extra-unit.records.json $.boundaries.closure.firstRefusal
runs/rust-extra-unit.replay-export.json $.admission.firstRefusal
runs/rust-extra-unit.replay.fromscratch.json $.faultsInStageOrder
runs/rust-extra-unit.replay.json $.faultsInStageOrder
runs/rust-extra-unit.store.json (True, 6, 0)
runs/rust-mixed-clones-required.build.json $.storeFileSha256
runs/rust-mixed-clones-required.records.json $.boundaries.closure.firstRefusal
runs/rust-mixed-clones-required.replay-export.json $.admission.firstRefusal
runs/rust-mixed-clones-required.replay.fromscratch.json $.faultsInStageOrder
runs/rust-mixed-clones-required.replay.json $.faultsInStageOrder
runs/rust-mixed-clones-required.store.json (True, 6, 0)
runs/rust-mixed.build.json $.storeFileSha256
runs/rust-mixed.records.json $.boundaries.closure.firstRefusal
runs/rust-mixed.replay-export.json $.admission.firstRefusal
runs/rust-mixed.replay.fromscratch.json $.faultsInStageOrder
runs/rust-mixed.replay.json $.faultsInStageOrder
runs/rust-mixed.store.json (True, 6, 0)
runs/rust-mixed.tamper-outputs.json $.controls[0].firstRefusal
runs/rust-mixed~compiler-version-not-from-manifest.build.json $.storeFileSha256
runs/rust-mixed~compiler-version-not-from-manifest.replay.json $.faultsInStageOrder
runs/rust-mixed~compiler-version-not-from-manifest.store.json (True, 6, 0)
runs/rust-mixed~config-projection-mismatch.build.json $.storeFileSha256
runs/rust-mixed~config-projection-mismatch.replay.json $.faultsInStageOrder
runs/rust-mixed~config-projection-mismatch.store.json (True, 6, 0)
runs/rust-mixed~edition-crate-missing.build.json $.storeFileSha256
runs/rust-mixed~edition-crate-missing.replay.json $.faultsInStageOrder
runs/rust-mixed~edition-crate-missing.store.json (True, 7, 0)
runs/rust-mixed~stdlib-component-not-in-llvm.build.json $.storeFileSha256
runs/rust-mixed~stdlib-component-not-in-llvm.replay.json $.faultsInStageOrder
runs/rust-mixed~stdlib-component-not-in-llvm.store.json (True, 6, 0)
runs/rust-mixed~unit-id-not-derived.build.json $.storeFileSha256
runs/rust-mixed~unit-id-not-derived.replay.json $.faultsInStageOrder
runs/rust-mixed~unit-id-not-derived.store.json (True, 6, 0)
runs/rust-partial.build.json $.storeFileSha256
runs/rust-partial.records.json $.boundaries.closure.firstRefusal
runs/rust-partial.replay-export.json $.admission.firstRefusal
runs/rust-partial.replay.fromscratch.json $.faultsInStageOrder
runs/rust-partial.replay.json $.faultsInStageOrder
runs/rust-partial.store.json (True, 10, 0)
runs/rust-partial~partial-fact-present.build.json $.storeFileSha256
runs/rust-partial~partial-fact-present.replay.json $.faultsInStageOrder
runs/rust-partial~partial-fact-present.store.json (True, 9, 0)
runs/rust-same-file-2021.build.json $.storeFileSha256
runs/rust-same-file-2021.records.json $.boundaries.closure.firstRefusal
runs/rust-same-file-2021.replay-export.json $.admission.firstRefusal
runs/rust-same-file-2021.replay.fromscratch.json $.faultsInStageOrder
runs/rust-same-file-2021.replay.json $.faultsInStageOrder
runs/rust-same-file-2021.store.json (True, 6, 0)
runs/syntax-code.build.json $.blobCount
runs/syntax-code.records.json $.boundaries.closure.firstRefusal
runs/syntax-code.replay-export.json $.admission.firstRefusal
runs/syntax-code.replay.fromscratch.json $.faultsInStageOrder
runs/syntax-code.replay.json $.faultsInStageOrder
runs/syntax-code.store.json (True, 6, 0)
runs/syntax-code.tamper-outputs.json $.controls[0].firstRefusal
runs/syntax-code~budget-exhausted.build.json $.blobCount
runs/syntax-code~budget-exhausted.replay.json $.faultsInStageOrder
runs/syntax-code~budget-exhausted.store.json (True, 8, 0)
runs/syntax-code~clone-level-spec-not-in-grammar.build.json $.blobCount
runs/syntax-code~clone-level-spec-not-in-grammar.replay.json $.faultsInStageOrder
runs/syntax-code~clone-level-spec-not-in-grammar.store.json (True, 6, 0)
runs/syntax-code~explicit-endpoint-source.build.json $.blobCount
runs/syntax-code~explicit-endpoint-source.replay.json $.faultsInStageOrder
runs/syntax-code~explicit-endpoint-source.store.json (True, 6, 0)
runs/syntax-code~grammar-version-not-from-manifest.build.json $.blobCount
runs/syntax-code~grammar-version-not-from-manifest.replay.json $.faultsInStageOrder
runs/syntax-code~grammar-version-not-from-manifest.store.json (True, 6, 0)
runs/syntax-code~hidden-selected-coverage.build.json $.blobCount
runs/syntax-code~hidden-selected-coverage.replay.json $.faultsInStageOrder
runs/syntax-code~hidden-selected-coverage.store.json (True, 6, 0)
runs/syntax-code~inventory-file-row-dropped.build.json $.blobCount
runs/syntax-code~inventory-file-row-dropped.replay.json $.faultsInStageOrder
runs/syntax-code~inventory-file-row-dropped.store.json (True, 6, 0)
runs/syntax-code~l0-span-mismatch.build.json $.blobCount
runs/syntax-code~l0-span-mismatch.replay.json $.faultsInStageOrder
runs/syntax-code~l0-span-mismatch.store.json (True, 6, 0)
runs/syntax-code~membership-reordered.build.json $.blobCount
runs/syntax-code~membership-reordered.replay.json $.faultsInStageOrder
runs/syntax-code~membership-reordered.store.json (True, 6, 0)
runs/syntax-code~partition-overlap.build.json $.blobCount
runs/syntax-code~partition-overlap.replay.json $.faultsInStageOrder
runs/syntax-code~partition-overlap.store.json (True, 6, 0)
runs/syntax-code~raw-context-record-as-h.build.json $.blobCount
runs/syntax-code~raw-context-record-as-h.replay.json $.faultsInStageOrder
runs/syntax-code~raw-context-record-as-h.store.json (True, 6, 0)
runs/syntax-code~stage-output-schema-relation-doc.build.json $.blobCount
runs/syntax-code~stage-output-schema-relation-doc.replay.json $.faultsInStageOrder
runs/syntax-code~stage-output-schema-relation-doc.store.json (True, 6, 0)
runs/syntax-code~view-producer-not-selected.build.json $.blobCount
runs/syntax-code~view-producer-not-selected.replay.json $.faultsInStageOrder
runs/syntax-code~view-producer-not-selected.store.json (True, 6, 0)
runs/syntax-data.build.json $.blobCount
runs/syntax-data.records.json $.boundaries.closure.firstRefusal
runs/syntax-data.replay-export.json $.admission.firstRefusal
runs/syntax-data.replay.fromscratch.json $.faultsInStageOrder
runs/syntax-data.replay.json $.faultsInStageOrder
runs/syntax-data.store.json (True, 4, 0)
runs/syntax-mixed-disclosed.build.json $.blobCount
runs/syntax-mixed-disclosed.records.json $.boundaries.closure.firstRefusal
runs/syntax-mixed-disclosed.replay-export.json $.admission.firstRefusal
runs/syntax-mixed-disclosed.replay.fromscratch.json $.faultsInStageOrder
runs/syntax-mixed-disclosed.replay.json $.faultsInStageOrder
runs/syntax-mixed-disclosed.store.json (True, 9, 0)
runs/syntax-mixed-falsecomplete.build.json $.blobCount
runs/syntax-mixed-falsecomplete.replay.fromscratch.json $.faultsInStageOrder
runs/syntax-mixed-falsecomplete.replay.json $.faultsInStageOrder
runs/syntax-mixed-falsecomplete.store.json (True, 9, 0)
runs/syntax-mixed-omitted.build.json $.blobCount
runs/syntax-mixed-omitted.records.json $.boundaries.closure.firstRefusal
runs/syntax-mixed-omitted.replay-export.json $.admission.firstRefusal
runs/syntax-mixed-omitted.replay.fromscratch.json $.faultsInStageOrder
runs/syntax-mixed-omitted.replay.json $.faultsInStageOrder
runs/syntax-mixed-omitted.store.json (True, 9, 0)
runs/ts-clones-required.build.json $.storeFileSha256
runs/ts-clones-required.records.json $.boundaries.closure.firstRefusal
runs/ts-clones-required.replay-export.json $.admission.firstRefusal
runs/ts-clones-required.replay.fromscratch.json $.faultsInStageOrder
runs/ts-clones-required.replay.json $.faultsInStageOrder
runs/ts-clones-required.store.json (True, 5, 0)
runs/ts-fail.build.json $.storeFileSha256
runs/ts-fail.records.json $.boundaries.closure.firstRefusal
runs/ts-fail.replay-export.json $.admission.firstRefusal
runs/ts-fail.replay.fromscratch.json $.faultsInStageOrder
runs/ts-fail.replay.json $.faultsInStageOrder
runs/ts-fail.store.json (True, 5, 0)
runs/ts-pass.build.json $.storeFileSha256
runs/ts-pass.pre-builder-extension.build.json $.storeFileSha256
runs/ts-pass.pre-builder-extension.store.json (True, 5, 0)
runs/ts-pass.records.json $.boundaries.closure.firstRefusal
runs/ts-pass.replay-export.json $.admission.firstRefusal
runs/ts-pass.replay.fromscratch.json $.faultsInStageOrder
runs/ts-pass.replay.json $.faultsInStageOrder
runs/ts-pass.store.json (True, 5, 0)
runs/ts-pass.tamper-outputs.json $.controls[0].firstRefusal
runs/ts-pass~compiler-version-not-from-manifest.build.json $.storeFileSha256
runs/ts-pass~compiler-version-not-from-manifest.replay.json $.faultsInStageOrder
runs/ts-pass~compiler-version-not-from-manifest.store.json (True, 5, 0)
runs/ts-pass~config-graph-path-outside-snapshot.build.json $.storeFileSha256
runs/ts-pass~config-graph-path-outside-snapshot.replay.json $.faultsInStageOrder
runs/ts-pass~config-graph-path-outside-snapshot.store.json (True, 5, 0)
runs/ts-pass~config-node-kind-wrong.build.json $.storeFileSha256
runs/ts-pass~config-node-kind-wrong.replay.json $.faultsInStageOrder
runs/ts-pass~config-node-kind-wrong.store.json (True, 5, 0)
runs/ts-pass~hidden-import.build.json $.storeFileSha256
runs/ts-pass~hidden-import.replay.json $.faultsInStageOrder
runs/ts-pass~hidden-import.store.json (True, 6, 0)
runs/ts-pass~import-kind-payload-mismatch.build.json $.storeFileSha256
runs/ts-pass~import-kind-payload-mismatch.replay.json $.faultsInStageOrder
runs/ts-pass~import-kind-payload-mismatch.store.json (True, 6, 0)
runs/ts-pass~import-not-in-grant.build.json $.storeFileSha256
runs/ts-pass~import-not-in-grant.replay.json $.faultsInStageOrder
runs/ts-pass~import-not-in-grant.store.json (True, 5, 0)
runs/ts-pass~import-stale-snapshot.build.json $.storeFileSha256
runs/ts-pass~import-stale-snapshot.replay.json $.faultsInStageOrder
runs/ts-pass~import-stale-snapshot.store.json (True, 6, 0)
runs/ts-pass~import-window-mismatch.build.json $.storeFileSha256
runs/ts-pass~import-window-mismatch.replay.json $.faultsInStageOrder
runs/ts-pass~import-window-mismatch.store.json (True, 5, 0)
runs/ts-pass~layout-entry-missing-bytes.build.json $.storeFileSha256
runs/ts-pass~layout-entry-missing-bytes.replay.json $.faultsInStageOrder
runs/ts-pass~layout-entry-missing-bytes.store.json (True, 5, 0)
runs/ts-pass~lockfile-digest-mismatch.build.json $.storeFileSha256
runs/ts-pass~lockfile-digest-mismatch.replay.json $.faultsInStageOrder
runs/ts-pass~lockfile-digest-mismatch.store.json (True, 5, 0)
runs/ts-pass~pruned-read-nested-node-modules.build.json $.storeFileSha256
runs/ts-pass~pruned-read-nested-node-modules.replay.json $.faultsInStageOrder
runs/ts-pass~pruned-read-nested-node-modules.store.json (True, 5, 0)
runs/ts-pass~pruned-read-vcs-tree.build.json $.storeFileSha256
runs/ts-pass~pruned-read-vcs-tree.replay.json $.faultsInStageOrder
runs/ts-pass~pruned-read-vcs-tree.store.json (True, 5, 0)
runs/ts-pass~scope-document-duplicate.build.json $.storeFileSha256
runs/ts-pass~scope-document-duplicate.replay.json $.faultsInStageOrder
runs/ts-pass~scope-document-duplicate.store.json (True, 5, 0)
runs/ts-pass~stdlib-inventory-incomplete.build.json $.storeFileSha256
runs/ts-pass~stdlib-inventory-incomplete.replay.json $.faultsInStageOrder
runs/ts-pass~stdlib-inventory-incomplete.store.json (True, 5, 0)
runs/ts-pass~universe-contradicts-context.build.json $.storeFileSha256
runs/ts-pass~universe-contradicts-context.replay.json $.faultsInStageOrder
runs/ts-pass~universe-contradicts-context.store.json (True, 5, 0)
vectors/empty-partial-unavailable-missing.json $.states.missing-committed-bytes.firstRefusalStage
vectors/hidden-mismatch-per-language.json $.rows[0].boundary
vectors/phase0-custody.json $.freshOrigin

--- stderr ---

