Traceback (most recent call last):
  File "/private/tmp/opensip-design-corrections/source41-capture-successor.v1/source/docs/coop/design-corrections/foundation/check-native-consumer24-corrections.v1.py", line 34, in <module>
    SR = load("c24_semantic_replay", HERE / "check-semantic-replay.v3.py")
  File "/private/tmp/opensip-design-corrections/source41-capture-successor.v1/source/docs/coop/design-corrections/foundation/check-native-consumer24-corrections.v1.py", line 30, in load
    spec.loader.exec_module(module)
    ~~~~~~~~~~~~~~~~~~~~~~~^^^^^^^^
  File "<frozen importlib._bootstrap_external>", line 759, in exec_module
  File "<frozen importlib._bootstrap>", line 491, in _call_with_frames_removed
  File "/private/tmp/opensip-design-corrections/source41-capture-successor.v1/source/docs/coop/design-corrections/foundation/check-semantic-replay.v3.py", line 32, in <module>
    S = load("semantic_fixture3", "evaluator_semantic_fixture.v3.py")
  File "/private/tmp/opensip-design-corrections/source41-capture-successor.v1/source/docs/coop/design-corrections/foundation/check-semantic-replay.v3.py", line 28, in load
    s.loader.exec_module(m)
    ~~~~~~~~~~~~~~~~~~~~^^^
  File "<frozen importlib._bootstrap_external>", line 759, in exec_module
  File "<frozen importlib._bootstrap>", line 491, in _call_with_frames_removed
  File "/private/tmp/opensip-design-corrections/source41-capture-successor.v1/source/docs/coop/design-corrections/foundation/evaluator_semantic_fixture.v3.py", line 41, in <module>
    F = _load_graph_fixture()
  File "/private/tmp/opensip-design-corrections/source41-capture-successor.v1/source/docs/coop/design-corrections/foundation/evaluator_semantic_fixture.v3.py", line 37, in _load_graph_fixture
    spec.loader.exec_module(mod)
    ~~~~~~~~~~~~~~~~~~~~~~~^^^^^
  File "<frozen importlib._bootstrap_external>", line 759, in exec_module
  File "<frozen importlib._bootstrap>", line 491, in _call_with_frames_removed
  File "/private/tmp/opensip-design-corrections/source41-capture-successor.v1/source/docs/coop/design-corrections/foundation/evaluator_graph_fixture.v3.py", line 11, in <module>
    spec=importlib.util.spec_from_file_location('graph_composition3',HERE/'evaluator_composition_model.v3.py');E=importlib.util.module_from_spec(spec);spec.loader.exec_module(E)
                                                                                                                                                       ~~~~~~~~~~~~~~~~~~~~~~~^^^
  File "<frozen importlib._bootstrap_external>", line 759, in exec_module
  File "<frozen importlib._bootstrap>", line 491, in _call_with_frames_removed
  File "/private/tmp/opensip-design-corrections/source41-capture-successor.v1/source/docs/coop/design-corrections/foundation/evaluator_composition_model.v3.py", line 12, in <module>
    M=importlib.util.module_from_spec(spec);spec.loader.exec_module(M)
                                            ~~~~~~~~~~~~~~~~~~~~~~~^^^
  File "<frozen importlib._bootstrap_external>", line 759, in exec_module
  File "<frozen importlib._bootstrap>", line 491, in _call_with_frames_removed
  File "/private/tmp/opensip-design-corrections/source41-capture-successor.v1/source/docs/coop/design-corrections/foundation/identity-model.v3.py", line 5, in <module>
    spec=importlib.util.spec_from_file_location('identity_canonical',HERE/'canonical.py');C=importlib.util.module_from_spec(spec);spec.loader.exec_module(C)
                                                                                                                                  ~~~~~~~~~~~~~~~~~~~~~~~^^^
  File "<frozen importlib._bootstrap_external>", line 759, in exec_module
  File "<frozen importlib._bootstrap>", line 491, in _call_with_frames_removed
  File "/private/tmp/opensip-design-corrections/source41-capture-successor.v1/source/docs/coop/design-corrections/foundation/canonical.py", line 4, in <module>
    from jsonschema import Draft202012Validator, ValidationError, validators
ModuleNotFoundError: No module named 'jsonschema'
