Traceback (most recent call last):
  File "/private/tmp/opensip-design-corrections/source41-capture-successor.v1/source/docs/coop/design-corrections/foundation/check-policy-derivation.v3.py", line 6, in <module>
    F=importlib.util.module_from_spec(s);s.loader.exec_module(F)
                                         ~~~~~~~~~~~~~~~~~~~~^^^
  File "<frozen importlib._bootstrap_external>", line 759, in exec_module
  File "<frozen importlib._bootstrap>", line 491, in _call_with_frames_removed
  File "/private/tmp/opensip-design-corrections/source41-capture-successor.v1/source/docs/coop/design-corrections/foundation/check-replay.v3.py", line 13, in <module>
    F=load('replay_fixture3','evaluator_graph_fixture.v3.py');R=load('replay_reference3','evaluator_replay_model.v3.py');E=R.E;M=R.M;C=M.C
  File "/private/tmp/opensip-design-corrections/source41-capture-successor.v1/source/docs/coop/design-corrections/foundation/check-replay.v3.py", line 12, in load
    s=importlib.util.spec_from_file_location(name,HERE/file);m=importlib.util.module_from_spec(s);s.loader.exec_module(m);return m
                                                                                                  ~~~~~~~~~~~~~~~~~~~~^^^
  File "<frozen importlib._bootstrap_external>", line 759, in exec_module
  File "<frozen importlib._bootstrap>", line 491, in _call_with_frames_removed
  File "/private/tmp/opensip-design-corrections/source41-capture-successor.v1/source/docs/coop/design-corrections/foundation/evaluator_graph_fixture.v3.py", line 11, in <module>
    spec=importlib.util.spec_from_file_location('graph_composition3',HERE/'evaluator_composition_model.v3.py');E=importlib.util.module_from_spec(spec);spec.loader.exec_module(E)
                                                                                                                                                       ~~~~~~~~~~~~~~~~~~~~~~~^^^
  File "<frozen importlib._bootstrap_external>", line 759, in exec_module
  File "<frozen importlib._bootstrap>", line 491, in _call_with_frames_removed
  File "/private/tmp/opensip-design-corrections/source41-capture-successor.v1/source/docs/coop/design-corrections/foundation/evaluator_composition_model.v3.py", line 12, in <module>
    M=importlib.util.module_from_spec(spec);spec.loader.exec_module(M)
                                            ~~~~~~~~~~~~~~~~~~~~~~~^^^
  File "<frozen importlib._bootstrap_external>", line 759, in exec_module
  File "<frozen importlib._bootstrap>", line 491, in _call_with_frames_removed
  File "/private/tmp/opensip-design-corrections/source41-capture-successor.v1/source/docs/coop/design-corrections/foundation/identity-model.v3.py", line 5, in <module>
    spec=importlib.util.spec_from_file_location('identity_canonical',HERE/'canonical.py');C=importlib.util.module_from_spec(spec);spec.loader.exec_module(C)
                                                                                                                                  ~~~~~~~~~~~~~~~~~~~~~~~^^^
  File "<frozen importlib._bootstrap_external>", line 759, in exec_module
  File "<frozen importlib._bootstrap>", line 491, in _call_with_frames_removed
  File "/private/tmp/opensip-design-corrections/source41-capture-successor.v1/source/docs/coop/design-corrections/foundation/canonical.py", line 4, in <module>
    from jsonschema import Draft202012Validator, ValidationError, validators
ModuleNotFoundError: No module named 'jsonschema'
