$ /tmp/opensip-architecture-review-env/bin/python -I -B tools/summarize_s43_query.py
exit 0
--- stdout ---
counts {'invalid': 34, 'preconditionVectors': 5, 'source43Vectors': 13, 'typedOutcomeControls': 8, 'valid': 31, 'vectors': 66} failures []
contract {'method': 'the source42 bytes are not in my custody (only their hash); every law of the current text was audited against the helper', 'path': 'docs/coop/design-corrections/workflows/query-projection-contract.v3.md', 'priorBytesInCustody': False, 'source42': {'bytes': 29699, 'selector': 'preserved/s42-v3-final/vectors/phase0-custody.json#/fileRows (own source42 custody row)', 'sha256': '923ff32fc9e063f8c9af00bb7943f77bb47a09d876826ca425e0cd580cee8a4b'}, 'source43Bytes': 30278, 'source43Sha256': '47ccc81ccc33263520affe0340946aba5178bcac33131de88e6be638a1718d5f'}
LAW s1 selection table | implemented
LAW s2 fault precedence step 1 | implemented
LAW s2 fault precedence step 2 | implicit (set domain)
LAW s3 projection table, occupancy, order | implemented
LAW s4 graph.path row | OMITTED: path edges carried the stored fact orientation
LAW s4 canonical bounded walk | implemented
LAW s5 cursor, paging, bounds | implemented
LAW s6 disclosure | implemented
LAW s7 availability observation vocabulary | OMITTED: missing and unknown tokens were silently treated as a grant
LAW s7 product host adapter | OMITTED
LAW s7 retained availability record | OMITTED
LAW s7 close_run four outcomes | OMITTED: routed by message substring (UNAVAILABLE/MISSING), replay mismatch reported as evidence.corrupt, exceptions uncaught
LAW s7 carrier remedies; evaluator-fault-contract.v3 line 98 | OMITTED: own remedy text
LAW s7 fault table (request rows) | implemented
LAW s8 strong wrapper order | implemented (observation consumption now explicit)
PRE/POST path-incoming-edges-report-traversal-hop differ | before: {"availability": "retained", "items": [{"edges": [{"factId": "fact2:4005d387c3a3289b9ae9f47b7a1b84822ff2281f7c1d848a55ddc19cd72cd0da", "source": {"kind": "symbol", "nativeSubjectId": "ts:src/index.ts#main", "universe": "0b62f4e857a581ff564819968dbd431a40c677da | after: {"availability": "retained", "items": [{"edges": [{"factId": "fact2:4005d387c3a3289b9ae9f47b7a1b84822ff2281f7c1d848a55ddc19cd72cd0da", "source": {"kind": "symbol", "nativeSubjectId": "npm:left-pad@1.3
PRE/POST path-both-edges-report-traversal-hop differ | before: {"availability": "retained", "items": [{"edges": [{"factId": "fact2:44e53189cef74436fc799db254effdb9d28054dcb2c1f70472136b1bae516938", "source": {"kind": "symbol", "nativeSubjectId": "ts:src/index.ts#main", "universe": "0b62f4e857a581ff564819968dbd431a40c677da | after: {"availability": "retained", "items": [{"edges": [{"factId": "fact2:44e53189cef74436fc799db254effdb9d28054dcb2c1f70472136b1bae516938", "source": {"kind": "symbol", "nativeSubjectId": "ts:src/util.ts#h
PRE/POST availability-missing-direct-host-report differ | before: {"availability": "missing", "items": [{"confidenceMillionths": 1000000, "factId": "fact2:4005d387c3a3289b9ae9f47b7a1b84822ff2281f7c1d848a55ddc19cd72cd0da", "producerClosure": "closure2:4b14c1cad1cce982ed05a2c7da17bcb3decd8bd7eaac53e53597bb6217be9521", "relatio | after: {"failure": "evidence.missing", "remedy": "Restore the exact retained closure bytes or report their unavailability."}
PRE/POST availability-retained-observed agree | before: {"availability": "retained", "items": [{"confidenceMillionths": 1000000, "factId": "fact2:4005d387c3a3289b9ae9f47b7a1b84822ff2281f7c1d848a55ddc19cd72cd0da", "producerClosure": "closure2:4b14c1cad1cce982ed05a2c7da17bcb3decd8bd7eaac53e53597bb6217be9521", "relati | after: {"availability": "retained", "items": [{"confidenceMillionths": 1000000, "factId": "fact2:4005d387c3a3289b9ae9f47b7a1b84822ff2281f7c1d848a55ddc19cd72cd0da", "producerClosure": "closure2:4b14c1cad1cce9
PRE/POST availability-out-of-vocabulary-after-malformed-request differ | before: {"class": "request-rejected", "errorCode": "REQUEST.PRECONDITION_FAILED", "failure": "QUERY.PARAMS_MALFORMED", "remedy": "send the closed per-operation params with a complete native endpoint tuple", "subject": "{'path': '/params', 'message': \"Additional prope | after: {"failure": "QUERY.PARAMS_MALFORMED", "remedy": "send the closed per-operation params with a complete native endpoint tuple"}
PRE/POST adapter-out-of-vocabulary-observation-host-invariant differ | before: {"availability": "stale", "items": [{"confidenceMillionths": 1000000, "factId": "fact2:4005d387c3a3289b9ae9f47b7a1b84822ff2281f7c1d848a55ddc19cd72cd0da", "producerClosure": "closure2:4b14c1cad1cce982ed05a2c7da17bcb3decd8bd7eaac53e53597bb6217be9521", "relation" | after: {"failure": "HOST.INVARIANT_VIOLATED", "remedy": "Report the host defect with the retained diagnostic."}
PRE/POST retained-availability-record-purged differ | before: {"availability": "retained", "items": [{"confidenceMillionths": 1000000, "factId": "fact2:4005d387c3a3289b9ae9f47b7a1b84822ff2281f7c1d848a55ddc19cd72cd0da", "producerClosure": "closure2:4b14c1cad1cce982ed05a2c7da17bcb3decd8bd7eaac53e53597bb6217be9521", "relati | after: {"failure": "evidence.purged", "remedy": "re-run the analysis; the Run's evidence was purged"}
PRE/POST retained-availability-record-partial differ | before: {"availability": "retained", "items": [{"confidenceMillionths": 1000000, "factId": "fact2:4005d387c3a3289b9ae9f47b7a1b84822ff2281f7c1d848a55ddc19cd72cd0da", "producerClosure": "closure2:4b14c1cad1cce982ed05a2c7da17bcb3decd8bd7eaac53e53597bb6217be9521", "relati | after: {"availability": "partial", "items": [{"confidenceMillionths": 1000000, "factId": "fact2:4005d387c3a3289b9ae9f47b7a1b84822ff2281f7c1d848a55ddc19cd72cd0da", "producerClosure": "closure2:4b14c1cad1cce98
PRE/POST retained-availability-record-other-run-corrupt differ | before: {"availability": "retained", "items": [{"confidenceMillionths": 1000000, "factId": "fact2:4005d387c3a3289b9ae9f47b7a1b84822ff2281f7c1d848a55ddc19cd72cd0da", "producerClosure": "closure2:4b14c1cad1cce982ed05a2c7da17bcb3decd8bd7eaac53e53597bb6217be9521", "relati | after: {"failure": "evidence.corrupt", "remedy": "restore the store from custody or re-run the analysis"}
PRE/POST retained-availability-record-missing-state-corrupt differ | before: {"availability": "retained", "items": [{"confidenceMillionths": 1000000, "factId": "fact2:4005d387c3a3289b9ae9f47b7a1b84822ff2281f7c1d848a55ddc19cd72cd0da", "producerClosure": "closure2:4b14c1cad1cce982ed05a2c7da17bcb3decd8bd7eaac53e53597bb6217be9521", "relati | after: {"failure": "evidence.corrupt", "remedy": "restore the store from custody or re-run the analysis"}
PRE/POST retained-availability-record-duplicate-key-bytes-corrupt differ | before: {"availability": "retained", "items": [{"confidenceMillionths": 1000000, "factId": "fact2:4005d387c3a3289b9ae9f47b7a1b84822ff2281f7c1d848a55ddc19cd72cd0da", "producerClosure": "closure2:4b14c1cad1cce982ed05a2c7da17bcb3decd8bd7eaac53e53597bb6217be9521", "relati | after: {"failure": "evidence.corrupt", "remedy": "restore the store from custody or re-run the analysis"}
PRE/POST close-run-complete-replay-mismatch-regeneration differ | before: {"class": "operational-failed", "errorCode": "HOST.IO_FAILURE", "failure": "evidence.corrupt", "remedy": "restore the store from custody or re-run the analysis", "subject": "SEMANTIC_REPLAY_PROOF_MISMATCH:$.verdict"} | after: {"failure": "evidence.regeneration-mismatch", "remedy": "Retain the sealed Run and investigate the differing regeneration result."}
PRE/POST close-run-non-typed-exception-host-invariant differ | before: {"exception": "RuntimeError:EVIDENCE_UNAVAILABLE:text that resembles an owner key"} | after: {"failure": "HOST.INVARIANT_VIOLATED", "remedy": "Report the host defect with the retained diagnostic."}
PRE/POST availability-precondition-null differ | before: {"availability": "retained", "items": [{"confidenceMillionths": 1000000, "factId": "fact2:4005d387c3a3289b9ae9f47b7a1b84822ff2281f7c1d848a55ddc19cd72cd0da", "producerClosure": "closure2:4b14c1cad1cce982ed05a2c7da17bcb3decd8bd7eaac53e53597bb6217be9521", "relati | after: {"exception": "ReferenceCallPrecondition:host.availability"}
PRE/POST availability-precondition-wrong-type differ | before: {"availability": 3, "items": [{"confidenceMillionths": 1000000, "factId": "fact2:4005d387c3a3289b9ae9f47b7a1b84822ff2281f7c1d848a55ddc19cd72cd0da", "producerClosure": "closure2:4b14c1cad1cce982ed05a2c7da17bcb3decd8bd7eaac53e53597bb6217be9521", "relation": "cal | after: {"exception": "ReferenceCallPrecondition:host.availability"}
PRE/POST availability-precondition-unknown-token differ | before: {"availability": "stale", "items": [{"confidenceMillionths": 1000000, "factId": "fact2:4005d387c3a3289b9ae9f47b7a1b84822ff2281f7c1d848a55ddc19cd72cd0da", "producerClosure": "closure2:4b14c1cad1cce982ed05a2c7da17bcb3decd8bd7eaac53e53597bb6217be9521", "relation" | after: {"exception": "ReferenceCallPrecondition:host.availability"}
PRE/POST availability-precondition-identity-state-spelling differ | before: {"availability": "Retained", "items": [{"confidenceMillionths": 1000000, "factId": "fact2:4005d387c3a3289b9ae9f47b7a1b84822ff2281f7c1d848a55ddc19cd72cd0da", "producerClosure": "closure2:4b14c1cad1cce982ed05a2c7da17bcb3decd8bd7eaac53e53597bb6217be9521", "relati | after: {"exception": "ReferenceCallPrecondition:host.availability"}
PRECONDITION availability-precondition-null host.availability True
PRECONDITION availability-precondition-wrong-type host.availability True
PRECONDITION availability-precondition-unknown-token host.availability True
PRECONDITION availability-precondition-identity-state-spelling host.availability True
PRECONDITION adapter-without-valid-request-id-stays-precondition host.requestId True
TYPED {'fault': 'EVIDENCE_UNAVAILABLE:fact-payload', 'stage': 'owner-graph-admission'} EvidenceUnavailable EvidenceUnavailable
TYPED {'fault': 'RETAINED_CLOSURE.RETENTION.PREIMAGE_MISSING:$.x', 'stage': 'retained-closure'} EvidenceUnavailable EvidenceUnavailable
TYPED {'fault': 'SCHEMA_REFUSED:plan:EVIDENCE_UNAVAILABLE-like text', 'stage': 'owner-graph-admission'} IdentityAdmissionError IdentityAdmissionError
TYPED {'fault': 'SEMANTIC_REPLAY_PROOF_MISMATCH:$.verdict', 'stage': 'semantic-replay'} CompleteReplayMismatch CompleteReplayMismatch
TYPED {'fault': 'SEMANTIC_REPLAY_OUTPUT_OBJECT_MISSING:finding3:x', 'stage': 'semantic-replay'} CompleteReplayMismatch CompleteReplayMismatch
TYPED {'fault': 'EVALUATION_REFUSED:ATOM_UNKNOWN', 'stage': 'semantic-replay'} IdentityAdmissionError IdentityAdmissionError
TYPED {'fault': 'SEMANTIC_REPLAY_REACHABLE_OUTPUT_NOT_RECOMPUTED:finding3:x', 'stage': 'reachable-output-set-equality'} CompleteReplayMismatch CompleteReplayMismatch
TYPED {'fault': 'cb24.CLOSURE_INTERNAL_ERROR:KeyError', 'stage': 'owner-graph-admission'} RuntimeError RuntimeError
tampered close_run {'firstRefusal': {'fault': 'SEMANTIC_REPLAY_PROOF_MISMATCH:$.verdict', 'stage': 'semantic-replay'}, 'graphAdmissionFaults': [], 'result': 'REFUSE', 'retainedClosure': 'ADMIT'}
endpoint [{'classification': 'invalid', 'firstRefusal': 'QUERY.ENDPOINT_AMBIGUOUS', 'masksLater': [], 'note': 's2 step 2 closed refusal; execute derives vertex records as a set of complete tuples, so the step is unreachable there', 'vector': 'endpoint-duplicate-vertex-records-refused'}]

--- stderr ---

