$ /tmp/opensip-architecture-review-env/bin/python -I -B /private/tmp/opensip-design-corrections/consumer-b.v24-source44.v1/output/tools/result_diffs_s44.py
exit 1
--- stdout ---
{
 "comparedFiles": 473,
 "differingFiles": 103,
 "classCounts": {
  "process-id-bearing": 89,
  "expected-content": 10,
  "unexpected": 4
 },
 "unexpected": [
  "vectors/payload_fixtures.py",
  "vectors/phase0_custody.py",
  "vectors/phase3_payload_vectors.py",
  "vectors/phase3_traces.py"
 ],
 "processIdBearingAlsoUnstableWithinSource44": true,
 "claimedPositiveRunIdsCompared": 27,
 "runIdDifferences": {},
 "fromScratchEveryResultMatchesRetainedReplay": true,
 "determinismProbe": "selfcheck/s44-determinism-after.json",
 "result": "FAIL"
}

--- stderr ---

