$ /tmp/opensip-architecture-review-env/bin/python -I -B /private/tmp/opensip-design-corrections/consumer-b.v24-source44.v1/output/tools/finalize_review.py --phase11
exit 0
--- stdout ---
{
 "verdict": "CHANGES_REQUIRED",
 "basis": {
  "newMustIssues": 1,
  "newShouldIssues": 0,
  "unexecutedAcceptBlocking": [],
  "failed": [],
  "claimedCompletePositivesAllAdmittedReplayedExported": true,
  "claimedCompletePositivesRetainedClosureAdmittedAndReachableSetEqual": true,
  "retentionNegativesAllPass": true,
  "finalCustody": "PASS",
  "closureControlsRefusedByCorrectedCode": true,
  "providerWireAndTraceLawExecutedWithoutFailure": true,
  "graphQueryExecutedWithoutFailure": true,
  "priorMeasurementReuseCustodyHolds": true,
  "ownSource41ExportDefectCorrected": "HC-47",
  "ownSource42v2TraceOmissionCorrected": "HC-53",
  "ownSource42v3QueryOmissionCorrected": "HC-54",
  "ownSource43TraceReadingsSupersededBySource44Owners": "HC-57, HC-58"
 },
 "checkpointUnexecuted": [],
 "checkpointFailed": [],
 "counts": {
  "requirements (R-*)": 123,
  "standingRules (S-*)": 8,
  "futureQualification (F-*)": 3,
  "executed": 131,
  "unexecuted": 0,
  "failed": 0,
  "claimedCompletePositives": 27
 }
}

--- stderr ---

