$ /tmp/opensip-architecture-review-env/bin/python -I -B /private/tmp/opensip-design-corrections/consumer-b.v24-source44.v1/output/tools/run_preserved_s43.py phase3_payload_vectors
exit 1
--- stdout ---
[run_preserved_s43] modules: {'factbatch': 'preserved/s43-final/ref/factbatch.py', 'protocol3': 'preserved/s43-final/ref/protocol3.py', 'payload_fixtures': 'preserved/s43-final/vectors/payload_fixtures.py'} status.dump original: status
[run_preserved_s43] status.dump('traces/payload-vectors.json') -> preserved/s44-original/traces/payload-vectors.json
{
 "vectors": 71,
 "groups": {
  "selection": {
   "valid": 5,
   "invalid": 7,
   "explanatory": 1,
   "matched": 13
  },
  "bytes": {
   "valid": 0,
   "invalid": 9,
   "explanatory": 0,
   "matched": 9
  },
  "correlation": {
   "valid": 3,
   "invalid": 20,
   "explanatory": 0,
   "matched": 23
  },
  "companions": {
   "valid": 3,
   "invalid": 23,
   "explanatory": 0,
   "matched": 26
  }
 },
 "decoder": 29,
 "encoder": 10,
 "keysExercised": [
  "FACT_RELATION_PAYLOAD_INVALID",
  "PROVIDER_RETURN_ANALYSIS_ORDINAL",
  "PROVIDER_RETURN_BATCH_INDEX",
  "PROVIDER_RETURN_CANDIDATE_STREAM",
  "PROVIDER_RETURN_DISPATCH",
  "PROVIDER_RETURN_PAYLOAD_CBOR",
  "PROVIDER_RETURN_PLAN_MISMATCH",
  "PROVIDER_RETURN_SCHEMA",
  "PROVIDER_RETURN_STAGE_ID",
  "PROVIDER_RETURN_STAGE_PRODUCER",
  "PROVIDER_RETURN_STAGE_SPEC",
  "PROVIDER_RETURN_UNIVERSE_MISMATCH",
  "PROVIDER_RETURN_UNKNOWN_CANDIDATE",
  "PROVIDER_RETURN_UNNEGOTIATED_V3",
  "TARGET_ATTRIBUTION_FIELD_NOT_ON_RUNG",
  "TARGET_ATTRIBUTION_NATIVE_ID_MISMATCH",
  "cb24.DISPATCH_BINDING_SCHEMA",
  "cb24.DISPATCH_REQUEST_MISMATCH",
  "cb24.FACT_BATCH_V2_SCHEMA"
 ],
 "hc51": {
  "correctedSchemaAdmitted": 40,
  "unchangedKitRefusedOrderAnnotationUnknown": 40
 },
 "failures": [
  "candidateOrdinal token census ['coop/design-corrections/native/fact-batch.schema.v3.json#/properties/candidates', 'coop/design-corrections/native/fact-batch.schema.v3.json#/properties/occupancyCompanions', 'coop/design-corrections/native/provider-handshake.schemas.v1.json#/$defs/TypeScriptFactBatchV1Vector/properties/facts', 'coop/design-corrections/native/provider-handshake.schemas.v1.json#/$defs/RustFactBatchV2Vector/properties/candidates']"
 ]
}
[run_preserved_s43] phase3_payload_vectors exit 1

--- stderr ---

