$ /tmp/opensip-architecture-review-env/bin/python -I -B /private/tmp/opensip-design-corrections/consumer-b.v24-source44.v1/output/tools/result_diffs_s44.py
exit 0
--- stdout ---
{
 "comparedFiles": 473,
 "differingFiles": 103,
 "classCounts": {
  "process-id-bearing": 89,
  "expected-content": 10,
  "helper-source-edited-in-source44": 4
 },
 "unexpected": [],
 "processIdBearingAlsoUnstableWithinSource44": true,
 "claimedPositiveRunIdsCompared": 27,
 "runIdDifferences": {},
 "fromScratchEveryResultMatchesRetainedReplay": true,
 "determinismProbe": "selfcheck/s44-determinism-after.json",
 "result": "PASS"
}

--- stderr ---

