$ /tmp/opensip-architecture-review-env/bin/python -I -B /private/tmp/opensip-design-corrections/consumer-b.v24-source44.v1/output/tools/run_preserved_s43.py phase3_traces
exit 0
--- stdout ---
[run_preserved_s43] modules: {'factbatch': 'preserved/s43-final/ref/factbatch.py', 'protocol3': 'preserved/s43-final/ref/protocol3.py', 'payload_fixtures': 'preserved/s43-final/vectors/payload_fixtures.py'} status.dump original: status
[run_preserved_s43] status.dump('traces/complete.json') -> preserved/s44-original/traces/complete.json
[run_preserved_s43] status.dump('traces/unavailable.json') -> preserved/s44-original/traces/unavailable.json
[run_preserved_s43] status.dump('traces/cancel.json') -> preserved/s44-original/traces/cancel.json
[run_preserved_s43] status.dump('traces/fault.json') -> preserved/s44-original/traces/fault.json
[run_preserved_s43] status.dump('traces/terminal.json') -> preserved/s44-original/traces/terminal.json
[run_preserved_s43] status.dump('traces/controls.json') -> preserved/s44-original/traces/controls.json
{
 "failures": [],
 "controls": {
  "pairwiseDisjointOverlaps": [],
  "preCompleteDerivation": true,
  "ruleCount": 34,
  "rulesExercised": [
   "FAULT-absorb",
   "P3-01",
   "P3-02",
   "P3-03",
   "P3-04",
   "P3-05",
   "P3-06",
   "P3-07",
   "P3-08",
   "P3-09",
   "P3-10",
   "P3-11",
   "P3-12",
   "P3-13",
   "P3-14",
   "P3-15",
   "P3-16",
   "P3-17",
   "P3-18",
   "P3-19",
   "P3-20",
   "P3-21",
   "P3-22",
   "P3-23",
   "P3-24",
   "P3-25",
   "P3-26",
   "P3-27",
   "P3-28",
   "P3-29",
   "P3-30",
   "P3-31",
   "P3-32",
   "P3-33",
   "P3-34",
   "payload:fact-batch-refused(PROVIDER_RETURN_CANDIDATE_STREAM)",
   "payload:fact-batch-refused(PROVIDER_RETURN_PAYLOAD_CBOR)",
   "payload:fact-batch-refused(PROVIDER_RETURN_SCHEMA)",
   "payload:fact-batch-refused(PROVIDER_RETURN_STAGE_ID)",
   "payload:fact-batch-refused(PROVIDER_RETURN_UNNEGOTIATED_V3)",
   "payload:hello-ack-echo-mismatch(s9.1-step2)",
   "post-terminal-frame"
  ],
  "rowsNotExercised": [],
  "factBatchPayloads": {
   "total": 21,
   "validated": 19,
   "admitted": 14,
   "refused": [
    "PROVIDER_RETURN_CANDIDATE_STREAM",
    "PROVIDER_RETURN_PAYLOAD_CBOR",
    "PROVIDER_RETURN_SCHEMA",
    "PROVIDER_RETURN_STAGE_ID",
    "PROVIDER_RETURN_UNNEGOTIATED_V3"
   ],
   "notValidatedBeforePayload": 2,
   "negotiatedV3Admitted": 13,
   "unnegotiatedV2Admitted": 1,
   "standaloneVectors": "traces/payload-vectors.json"
  }
 }
}
[run_preserved_s43] phase3_traces exit 0

--- stderr ---

