{
  "standing": "Root audit of a declared shape/join fixture, not a defect observed in a product analyzer. Local native guards only for its non-resolved rung; no invented unresolved-fact or subject-scope custody. Full producer admission is not claimed.",
  "fixture": {
    "path": "/tmp/opensip-implementation/m1-report-joint-candidate-09/parent-bases.fixture.json",
    "bytes": 1442382,
    "sha256": "ab8fdf865a6747586625cc7e077f12cd9e9f0d42972f9a8618bb936b5f6a1a65",
    "selector": "/audit-full/panels/evidence/data/entries/0"
  },
  "shapePassed": true,
  "nativeLocalFaults": [
    {
      "entry": "file@enumerated",
      "fault": "RC-6: coverage=complete claims the examined partition is total, so examinedExhaustive must be true"
    },
    {
      "entry": "file@enumerated",
      "fault": "RC-1: not-applicable rung carries a completeness claim"
    }
  ],
  "nativeCauseFaults": [
    "native.coverage-cause-not-for-deficiency:language-tier-unsupported:body-language-owner-ambiguous"
  ],
  "actualReferenceRetainedRun": "run3:4af491e7199ec451ef4159a0e9d2b16e7be3ef5288e1e9a8b0e6347532bbff02",
  "retainedRunSummary": {
    "runFields": [
      "schemaVersion",
      "projectId",
      "snapshotId",
      "planId",
      "evidenceId",
      "evaluationSealId",
      "capabilityManifestId"
    ],
    "objectKinds": [
      "closure",
      "coverage",
      "evaluation-seal",
      "evaluation-subject",
      "execution-plan",
      "fact",
      "finding",
      "finding-fingerprint",
      "plan",
      "proof-bundle",
      "semantic-evidence",
      "snapshot",
      "subject-scope",
      "view"
    ],
    "coverageObjects": {
      "coverage2:c96e33f4ab90977b4b741e2c4e47a7b312adf739e5bf8ddf04bf1d6062222ff0": {
        "kind": "coverage",
        "keys": [
          "schemaVersion",
          "scopeId",
          "payloadSchemaDigest",
          "payloadDigest"
        ]
      },
      "coverage2:6c1803534378981891c21dc080c2425247cad60a19d7371a348ec91bb60c09ce": {
        "kind": "coverage",
        "keys": [
          "schemaVersion",
          "scopeId",
          "payloadSchemaDigest",
          "payloadDigest"
        ]
      }
    },
    "blobCount": 53
  },
  "passed": true
}
