PASS frozen-coverage-source-hash
PASS frozen-schema-hash
PASS schema-provenance-const-matches-source
PASS schema-identity-and-native-refs
PASS schema-item-cap-3956
PASS pinned-report-maxEvidenceEntries-is-3956
PASS standalone-projection-omits-byte-budget-cause
PASS actual-run-has-two-distinct-coverage-ids
PASS actual-run-id-matches-checkpoint-result
PASS independent-prefix-0
PASS independent-prefix-1
PASS independent-prefix-2
PASS independent-prefix-3956
PASS cap-2-and-3956-are-byte-identical-panels
PASS caller-source-unmutated-after-project
PASS mutating-actual-returned-panel-does-not-alias-caller-source
PASS admitted-payload-json-loads-matches-owner-parse-and-roundtrips
PASS retained-coverage2-is-one-descriptor-one-payload
PASS wrong-expected-run-id
PASS other-retained-evidence-anchor-fails-source-join
PASS wrong-run-anchor-fails-source-join
PASS honest-prefix-verified-at-wrong-cap
PASS sorted-singleton-second-id-is-not-prefix
PASS reversed-two-rows-fail-embedded-order
PASS duplicate-coverage-id-fails-embedded
PASS self-rehashed-unselected-coverage-passes-embedded
PASS self-rehashed-unselected-coverage-fails-source-join
PASS unlinked-hash-valid-coverage-does-not-expand-run-set
PASS identity-consistent-scope-commitment-mismatch-passes-embedded
PASS identity-consistent-scope-commitment-mismatch-fails-source-join
PASS native-producer-refuses-scope-commitment-mismatch
PASS missing-coverage-is-not-empty-success
PASS missing-evidence-is-not-empty-success
PASS missing-payload-is-not-empty-success
PASS corrupt-payload-is-not-empty-success
PASS truncated-payload-is-not-empty-success
PASS wrong-record-kind-is-not-empty-success
PASS unadmitted-run-is-not-empty-success
PASS false-empty-source-fails-source-join
PASS honest-item-cap-zero-row-is-not-false-empty
PASS honest-item-cap-zero-row-joins-source-at-cap-0
PASS self-rehashed-rc6-contradiction-passes-embedded-shape-and-identity
PASS self-rehashed-rc6-contradiction-fails-source-join
PASS actual-native-producer-refuses-rc6-contradiction
PASS rc6-scope-is-not-a-resolved-rung
PASS historical-audit-full-entry-passes-coverage-result-shape
PASS historical-fixture-has-rc1-and-rc6-and-is-not-the-admitted-run
PASS historical-evidence-panel-still-uses-single-coverageId-stream
PASS unsorted-source-coverage-ids-do-not-project
PASS invalid-entry-limit--1
PASS invalid-entry-limit-3957
PASS invalid-entry-limit-True
PASS invalid-entry-limit-1.0
PASS invalid-entry-limit-'2'
PASS invalid-entry-limit-None
PASS invalid-entry-limit-18446744073709551616
PASS bool-total-rejected-by-exact-integer-schema
PASS wrong-total-fails-embedded
PASS false-omission-fails-embedded
PASS payload-substitution-fails-embedded
PASS descriptor-substitution-fails-embedded
PASS schema-substitution-fails-embedded
PASS author-returned-values-test-is-vacuous-deepcopy
PASS report08-evidence-panel-still-has-single-coverageId-and-result-stream
PASS structural-row-bound-delta-is-390
PASS conditional-document-depth-remains-39
PASS shared-exploration-and-document-caps
PASS actual-retained-row-overhead-is-390
PASS actual-prefix-panel-bytes-match-measure02
PASS report-and-identity-canonical-codecs-agree-on-panel-bytes
PASS claimed-check-count-is-32
PASS claimed-passed-true-is-not-taken-as-proof-without-rerun
{"passed": true, "caseCount": 72, "failed": []}
