{
  "standing": "Root conditional integration estimate; no adopted successor schema/profile, reachable maximum, full-report producer or performance qualification",
  "checkpoint": {
    "path": "/Users/sb/code/opensip-ai/opensip_arch/docs/implementation/m1/trials/report-joint-09-checkpoint-06/checkpoint.json",
    "bytes": 208819,
    "sha256": "e084dd8693b07e1fc2c0bfb6f809bcc4d4ce3c1f1431664dfbf78f254c4607f0"
  },
  "inputPanelSha256": "ce5557a19130ed1413dcfa08f525068aa61c0f39fdb3406f5f5e6e81c6b677c8",
  "structuralRowBytes": {
    "old": 100328,
    "new": 100718,
    "delta": 390
  },
  "actualRetainedRows": [
    {
      "coverageId": "coverage2:6c1803534378981891c21dc080c2425247cad60a19d7371a348ec91bb60c09ce",
      "oldPayloadBytes": 1046,
      "boundRowBytes": 1436,
      "rowOverheadBytes": 390
    },
    {
      "coverageId": "coverage2:c96e33f4ab90977b4b741e2c4e47a7b312adf739e5bf8ddf04bf1d6062222ff0",
      "oldPayloadBytes": 1026,
      "boundRowBytes": 1416,
      "rowOverheadBytes": 390
    }
  ],
  "actualPrefixPanelBytes": {
    "0": 671,
    "1": 2107,
    "2": 3520,
    "3956": 3520
  },
  "actualZeroRowPrefixPanelBytes": 671,
  "conditionalDocumentDepth": {
    "current": 39,
    "withProposedEvidenceCarrier": 39
  },
  "sharedExplorationMaxBytes": 4194304,
  "conditionalDocumentMaxBytes": 27829365,
  "conditions": [
    "All successor panel prefixes must be measured after complete new source/descriptor/provenance wrapping",
    "The same shared exploration cap must cover all panels and parent state reservation",
    "A present zero-row prefix may not fit remaining space; preserve parent omission/reservation behavior",
    "Byte-budget metadata and rejected-whole-item delta must be restored in the successor carrier; this standalone schema only supports item caps",
    "Native/identity/source admission and complete report joins must precede delivery; structural bounds grant no authority"
  ],
  "passed": true
}
