{
  "standing": "bounded reference route controls; no LIVE D9 successor artifact or host qualification",
  "passed": true,
  "count": 40,
  "checks": [
    {
      "case": "schema-and-route-pair-totality",
      "result": "ADMIT"
    },
    {
      "case": "native-origin-map-owner-membership",
      "result": "ADMIT"
    },
    {
      "case": "input-schema-invalid:external-configuration",
      "result": "ADMIT",
      "class": "request-rejected",
      "errorCode": "CONFIG.INVALID",
      "detail": "CONFIG.INVALID"
    },
    {
      "case": "input-schema-invalid:external-specification",
      "result": "ADMIT",
      "class": "request-rejected",
      "errorCode": "REQUEST.PRECONDITION_FAILED",
      "detail": "EVALUATION.INPUT_REFUSED"
    },
    {
      "case": "input-schema-invalid:release-declaration",
      "result": "ADMIT",
      "class": "request-rejected",
      "errorCode": "REQUEST.PRECONDITION_FAILED",
      "detail": "EVALUATION.INPUT_REFUSED"
    },
    {
      "case": "input-schema-invalid:provider-return",
      "result": "ADMIT",
      "class": "operational-failed",
      "errorCode": "PROVIDER.PROTOCOL_VIOLATION",
      "detail": "EVALUATION.INPUT_REFUSED"
    },
    {
      "case": "input-schema-invalid:host-internal",
      "result": "ADMIT",
      "class": "operational-failed",
      "errorCode": "SYSTEM.OUTCOME.ILLEGAL_STATE",
      "detail": "HOST.INVARIANT_VIOLATED"
    },
    {
      "case": "input-identity-invalid:external-configuration",
      "result": "ADMIT",
      "class": "request-rejected",
      "errorCode": "CONFIG.INVALID",
      "detail": "CONFIG.INVALID"
    },
    {
      "case": "input-identity-invalid:external-specification",
      "result": "ADMIT",
      "class": "request-rejected",
      "errorCode": "REQUEST.PRECONDITION_FAILED",
      "detail": "EVALUATION.INPUT_REFUSED"
    },
    {
      "case": "input-identity-invalid:release-declaration",
      "result": "ADMIT",
      "class": "request-rejected",
      "errorCode": "REQUEST.PRECONDITION_FAILED",
      "detail": "EVALUATION.INPUT_REFUSED"
    },
    {
      "case": "input-identity-invalid:provider-return",
      "result": "ADMIT",
      "class": "operational-failed",
      "errorCode": "PROVIDER.PROTOCOL_VIOLATION",
      "detail": "EVALUATION.INPUT_REFUSED"
    },
    {
      "case": "input-identity-invalid:host-internal",
      "result": "ADMIT",
      "class": "operational-failed",
      "errorCode": "SYSTEM.OUTCOME.ILLEGAL_STATE",
      "detail": "HOST.INVARIANT_VIOLATED"
    },
    {
      "case": "input-join-invalid:external-configuration",
      "result": "ADMIT",
      "class": "request-rejected",
      "errorCode": "CONFIG.INVALID",
      "detail": "CONFIG.INVALID"
    },
    {
      "case": "input-join-invalid:external-specification",
      "result": "ADMIT",
      "class": "request-rejected",
      "errorCode": "REQUEST.PRECONDITION_FAILED",
      "detail": "EVALUATION.INPUT_REFUSED"
    },
    {
      "case": "input-join-invalid:release-declaration",
      "result": "ADMIT",
      "class": "request-rejected",
      "errorCode": "REQUEST.PRECONDITION_FAILED",
      "detail": "EVALUATION.INPUT_REFUSED"
    },
    {
      "case": "input-join-invalid:provider-return",
      "result": "ADMIT",
      "class": "operational-failed",
      "errorCode": "PROVIDER.PROTOCOL_VIOLATION",
      "detail": "EVALUATION.INPUT_REFUSED"
    },
    {
      "case": "input-join-invalid:host-internal",
      "result": "ADMIT",
      "class": "operational-failed",
      "errorCode": "SYSTEM.OUTCOME.ILLEGAL_STATE",
      "detail": "HOST.INVARIANT_VIOLATED"
    },
    {
      "case": "selection-limit-exceeded:external-configuration",
      "result": "ADMIT",
      "class": "request-rejected",
      "errorCode": "REQUEST.UNSATISFIABLE",
      "detail": "EVALUATION.SELECTION_LIMIT"
    },
    {
      "case": "selection-limit-exceeded:external-specification",
      "result": "ADMIT",
      "class": "request-rejected",
      "errorCode": "REQUEST.UNSATISFIABLE",
      "detail": "EVALUATION.SELECTION_LIMIT"
    },
    {
      "case": "selection-limit-exceeded:host-pre-plan",
      "result": "ADMIT",
      "class": "request-rejected",
      "errorCode": "REQUEST.UNSATISFIABLE",
      "detail": "EVALUATION.SELECTION_LIMIT"
    },
    {
      "case": "required-output-pointer-omitted:provider-return",
      "result": "ADMIT",
      "class": "operational-failed",
      "errorCode": "PROVIDER.PROTOCOL_VIOLATION",
      "detail": "EVALUATION.REQUIRED_OUTPUT_OMITTED"
    },
    {
      "case": "required-output-pointer-omitted:host-internal",
      "result": "ADMIT",
      "class": "operational-failed",
      "errorCode": "SYSTEM.OUTCOME.ILLEGAL_STATE",
      "detail": "EVALUATION.REQUIRED_OUTPUT_OMITTED"
    },
    {
      "case": "promised-bytes-lost:evidence-store",
      "result": "ADMIT",
      "class": "operational-failed",
      "errorCode": "HOST.IO_FAILURE",
      "detail": "evidence.missing"
    },
    {
      "case": "complete-replay-mismatch:retained-regeneration",
      "result": "ADMIT",
      "class": "operational-failed",
      "errorCode": "HOST.IO_FAILURE",
      "detail": "evidence.regeneration-mismatch"
    },
    {
      "case": "complete-replay-mismatch:host-internal",
      "result": "ADMIT",
      "class": "operational-failed",
      "errorCode": "SYSTEM.OUTCOME.ILLEGAL_STATE",
      "detail": "HOST.INVARIANT_VIOLATED"
    },
    {
      "case": "output-bound-exceeded:host-serialization",
      "result": "ADMIT",
      "class": "operational-failed",
      "errorCode": "OUTPUT.SERIALIZATION_FAILED",
      "detail": "EVALUATION.OUTPUT_BOUND_EXCEEDED"
    },
    {
      "case": "unknown-origin-pair",
      "result": "REFUSE",
      "reason": "is not valid under any of the given schemas"
    },
    {
      "case": "invalid-bytes-are-not-loss",
      "result": "REFUSE",
      "reason": "is not valid under any of the given schemas"
    },
    {
      "case": "diagnostic-custody-mismatch",
      "result": "REFUSE",
      "reason": "EVALUATOR_FAULT_DIAGNOSTIC_CUSTODY"
    },
    {
      "case": "within-bound-is-not-fault",
      "result": "REFUSE",
      "reason": "EVALUATOR_FAULT_NOT_OVER_LIMIT"
    },
    {
      "case": "envelope-exit",
      "result": "REFUSE",
      "reason": "EVALUATOR_FAULT_ENVELOPE_PARITY"
    },
    {
      "case": "envelope-public-detail",
      "result": "REFUSE",
      "reason": "EVALUATOR_FAULT_ENVELOPE_PARITY"
    },
    {
      "case": "envelope-termination-origin",
      "result": "REFUSE",
      "reason": "EVALUATOR_FAULT_ENVELOPE_PARITY"
    },
    {
      "case": "owner-carrier-promised-bytes-lost",
      "result": "ADMIT"
    },
    {
      "case": "owner-carrier-complete-replay-mismatch",
      "result": "ADMIT"
    },
    {
      "case": "replay-reference-required-retained-regeneration",
      "result": "REFUSE",
      "reason": "is not of type 'string'"
    },
    {
      "case": "replay-reference-required-host-internal",
      "result": "REFUSE",
      "reason": "is not of type 'string'"
    },
    {
      "case": "output-bound-measurement-required",
      "result": "REFUSE",
      "reason": "is not of type 'object'"
    },
    {
      "case": "output-within-bound-is-not-fault",
      "result": "REFUSE",
      "reason": "EVALUATOR_FAULT_NOT_OVER_LIMIT"
    },
    {
      "case": "owner-carrier-remedy-mismatch",
      "result": "REFUSE",
      "reason": "EVALUATOR_FAULT_OWNER_CARRIER"
    }
  ]
}
