[
 {
  "path": "docs/coop/design-corrections/foundation/check-identity.py",
  "fault": "sha256 mismatch",
  "expected": "c6ce1647a8a1a000cb2f1b3192e7be78f83b54d523a7d825f168cac98f242aa4",
  "actual": "4f5029299dc4ed4ad0ca4eeb7b14ccf81707b60300ccdfdf842a31d83a2605fd"
 },
 {
  "path": "docs/coop/design-corrections/foundation/identity-model.py",
  "fault": "sha256 mismatch",
  "expected": "09e35a8c3c52b808c95eeb5b27167de5a0866d75575d8da4c2ba3bda4d8fd0b1",
  "actual": "12c9cc226b582adc8e34a55e8a59671f2611c46d3e27d1d8289a472d78ccacb6"
 },
 {
  "path": "docs/coop/design-corrections/foundation/identity-schemas.v2.json",
  "fault": "sha256 mismatch",
  "expected": "e58745a606bfef43d3ccc6ed7ba3086e1280516afd16fc128d140822c4d86c0c",
  "actual": "c56679857b83e0ff71f8eca9345e29433617030945429d524bb5645669d267d5"
 },
 {
  "path": "docs/coop/design-corrections/native/native-cases.v2.json",
  "fault": "sha256 mismatch",
  "expected": "07d990e27a98d5ffe0ca217d9966991c4a6a49a3cba3cb1ff288d5c960507225",
  "actual": "4a832f497b3dc40a11634582e5ade5b6db30fbbdf56ff65064e13c695c0bc36f"
 },
 {
  "path": "docs/coop/design-corrections/native/native-evidence.schemas.v2.json",
  "fault": "sha256 mismatch",
  "expected": "9a5f33f49728726cc20fc36c6a26071647578e08d445c29574ebb83c9651944c",
  "actual": "b1fff36d7c09afaecdf2e043ddcb8c88791b13a7bbb58822651e2654f34dc5c8"
 },
 {
  "path": "docs/coop/design-corrections/native/native_evidence_model.v2.py",
  "fault": "sha256 mismatch",
  "expected": "c5ff3647a4abd8a17e9b1d916db91459c2826caab3fc0fbde5bfde4a0d01d286",
  "actual": "77e885a6775bbabc2c880ae62f0afd6e5363a5011ac295db38309e62d1d3c503"
 },
 {
  "path": "docs/coop/design-corrections/workflows/check_workflows.v1.py",
  "fault": "sha256 mismatch",
  "expected": "2492ca42e626359fad53b462d24e8bde380f3df1c742d1bcf193fccc279970fb",
  "actual": "fa16227c9c2608c5ace46e67b2a3c2ea47502f168bdefe12efd44bdac8e51015"
 },
 {
  "path": "docs/coop/design-corrections/workflows/workflows_model.v1.py",
  "fault": "sha256 mismatch",
  "expected": "eecf8c430071b03f779384c5c97c7eb680ef1337a7b8c2f7b4896e19f81c0297",
  "actual": "779e4be4758cadb9436f6633db11a0a76ad8656dc21820ef4b023b7fd35cefee"
 },
 {
  "path": "docs/v2/contracts/product-v1/identity-and-evidence.md",
  "fault": "sha256 mismatch",
  "expected": "3d7ca24ec3ab2830f3aa91225e5bf29ae689cc279ff079adc947676c023f2735",
  "actual": "efdcf8efc2d003ed27ec46c80c2d60bb04725e324c616ade0a4c38f8b20074b4"
 },
 {
  "path": "docs/v2/contracts/product-v1/native-evidence.md",
  "fault": "sha256 mismatch",
  "expected": "b4bc55632ae852912c971c3ef0620a39a05d4ae49bbf67f0ca4de1c964995369",
  "actual": "92d396d892de617ee5c8c689d75b1ab14e39474104a1eba5434a46abcf0b89de"
 }
]
