{
 "passed": true,
 "subjectFiles": 15,
 "subjectManifestSha256": "679487efa5c48cd036d64eae96bf6b7bdf789379f51d4790ebe419b52f616201",
 "externalPins": {
  "files": 73,
  "directoryListings": 1
 },
 "projectionSchemaSha256": "c5d471c67b4b770dd6ea02dcbd683df6ecdf26ce051377ffa3c3a4e282087a19",
 "successorCompatibility": {
  "envelope5RestoresEnvelope4": true,
  "inventorySchema5RestoresSchema4": true,
  "inventory5RestoresInventory4": true,
  "fitEphemeralFlagJoinUnchanged": true,
  "metadataCasesThroughEnvelope5": 43,
  "historicalMetadataCheckerPasses": true
 },
 "coverageOverlay": {
  "rowsRechecked": 323,
  "rowChanges": 28,
  "rowAdditions": 1,
  "ownedValidatorOnBaseAndOverlay": "Missing/extra module milestone prerequisite",
  "note": "the owned validator gives the identical result on the unmodified historical coverage"
 },
 "reviewCounterexamples": {
  "RPR2-1/Q1": "J-ENV-FIT-PAGE",
  "RPR2-1/Q2a": "J-ENV-FIT-CARRIER",
  "RPR2-1/Q2b": "accept",
  "RPR2-2/S2": "J-GRAPH-COUNT",
  "RPR2-4/Q3": "J-BUDGET-CAUSE",
  "RPR2-4/Q4": "J-BUDGET-CAUSE",
  "RPR2-4/Q5": "J-GRAPH-RESOLUTION",
  "RPR2-4/Q6": "J-LEDGER-COMMAND",
  "RPR2-4/Q13": "J-GRAPH-PATH",
  "A3/Q7b": "CODEC-DEPTH",
  "prior/P4": "J-HISTORY-PREREQUISITE",
  "prior/P6": "CODEC-OWNER-DEPTH"
 },
 "byteLawScenario": {
  "deterministic": true,
  "reissuedPageSizes": [
   100,
   50,
   25,
   25,
   25,
   25,
   25,
   100,
   100,
   50,
   25,
   25,
   25,
   25,
   25,
   100
  ],
  "embeddedPagesEqualFreshOwnerAnswers": true,
  "documentAdmits": true,
  "panelsBytes": 4194142,
  "evidence": {
   "total": 2000,
   "omitted": 0,
   "omissionCause": "none"
  },
  "slots": [
   [
    "neighborhood",
    25,
    25,
    "byte-budget-reduced"
   ],
   [
    "neighborhood",
    100,
    0,
    "ladder-first"
   ],
   [
    "reach",
    25,
    25,
    "byte-budget-reduced"
   ],
   [
    "path",
    100,
    1,
    "ladder-first"
   ]
  ],
  "slotsProjection": {
   "total": 4,
   "omitted": 0,
   "omissionCause": "none"
  },
  "historyProjections": [
   {
    "total": 3000,
    "omitted": 2758,
    "omissionCause": "byte-budget",
    "rejectedByteDelta": 711
   },
   {
    "total": 3000,
    "omitted": 3000,
    "omissionCause": "byte-budget",
    "rejectedByteDelta": 710
   }
  ]
 },
 "worstCase": {
  "label": "owner-schema-valid constructions answered by the mock owner under the query contract; sizes only, not performance",
  "FindingSurface": 49889,
  "worstFindingsWithinEnvelopeCodec": 84,
  "neighborRow": 33135,
  "neighborPage100Bytes": 3314581,
  "neighborPageFitsOwnerCodec": true,
  "path64HopResponseBytes": 3223336,
  "path64HopFitsExplorationCap": true
 },
 "derivations": {
  "maxEmbeddingGain": 6,
  "subjectIndexBound": 1034,
  "rootAllowanceBytes": 917504
 }
}
reportCases: 117 accepted: 18 envelopeCases: 20
