{
  "schemaVersion": 1,
  "tool": {
    "name": "check-boundary",
    "version": "0.10.0-root-candidate",
    "typescript": "6.0.3",
    "node": "v24.16.0"
  },
  "lane": {
    "package": "report",
    "packageRoot": "apps/report",
    "standing": "bound",
    "policy": "report",
    "groups": [
      {
        "name": "browser-runtime",
        "platform": "browser",
        "runtimeClasses": [
          "dependencies",
          "optionalDependencies",
          "peerDependencies"
        ]
      },
      {
        "name": "node-build-scripts",
        "platform": "node",
        "runtimeClasses": [
          "dependencies",
          "optionalDependencies",
          "peerDependencies",
          "devDependencies"
        ]
      }
    ]
  },
  "inventoryBinding": {
    "designLockSha256": "11ec338400697dfb3e07288735b34bbbf6f3a0a6cbf38ba4f0d084d3ddbb200c",
    "selectedInventory": {
      "path": "docs/implementation/m1/repository-file-inventory.v10.json",
      "bytes": 121810,
      "sha256": "6608fabd31f1fb89feb565ad5b930c4be49f096a30dd92ecdc21466251fd8bc9"
    },
    "inventoryStanding": "PROPOSED additive contracts dependency/source-check responsibilities; parent rows and package policy preserved",
    "pinsVerified": [
      "parent",
      "candidate",
      "record",
      "review",
      "assent"
    ],
    "inventorySuccessorsVerified": 8,
    "acceptanceChain": "pins verified by bytes; review/assent semantics are owned by tools/verify_design.py and are not re-evaluated here",
    "inventoryRowsPresentUndeclared": [],
    "inputsWithoutInventoryRow": []
  },
  "topology": {
    "kind": "npm",
    "lockfile": "apps/report/package-lock.json",
    "lockfileSha256": "b066340168324436e4a552d2a4fa83a305500eeebfd59232125a37d6f3310837"
  },
  "passed": true,
  "refusals": [],
  "selectedToolPolicy": null,
  "trustedUsagesApplied": [],
  "edges": [],
  "stats": {
    "verifiedGeneratedFiles": 0,
    "edges": 0,
    "milliseconds": 328,
    "maxRssBytes": 334168064
  },
  "sourcePurityQualified": false,
  "dependencyClosureQualified": false,
  "limits": [
    "Static literal module requests only; no module is executed. Computed loaders are refused unless an exact trusted-usage record matches; eval/Function are refused in lane sources only.",
    "Existing generated JavaScript is recognized only when regular-file bytes equal the selected compiler emission from declared inputs. Changed, linked and unexpected outputs remain undeclared; no output-directory exemption.",
    "Build graph: TypeScript 6.0.3 resolution with the lane tsconfig (allowJs forced on, emit forced for analysis). It does not prove runtime resolvability.",
    "Node runtime graph: Node 24 non-executing resolution of TypeScript-emitted or materialized JavaScript. Load-time failures other than missing files, directory imports and node_modules type stripping are not modelled.",
    "Browser runtime graph: proposed esbuild0.28.2 explicit browser recipe; tool-owned inert bodies prevent dependency execution. Physical ownership and query/fragment suffix are separate. External plugin/config execution is not selected. Tool/bootstrap/source selection remains pending.",
    "AMD calls inside materialized dependencies of Node groups are treated as inert (no AMD loader) and are not followed.",
    "Inventory binding verifies design-lock pins only; the acceptance chain is owned by tools/verify_design.py."
  ]
}
{"passed": true, "lanes": [{"lane": "report", "exitCode": 0}], "registrySha256": "7a4f4459976a3d97d8833ab28b98063631c36c215c7fc0d9e6a02cdb9b51e516", "standing": "Selected developer boundary checks; unresolved loader limitations remain in checker output."}
