{
  "standing": "atom unit checks of synthetic admitted maps; not full Run replay; not compiler qualification",
  "ok": true,
  "passed": 56,
  "failed": 0,
  "results": [
    {
      "case": "test_known_hit_partial_none_false",
      "ok": true
    },
    {
      "case": "test_missing_runtime_observable_unknown",
      "ok": true
    },
    {
      "case": "test_history_empty_complete_all_paths_covered",
      "ok": true
    },
    {
      "case": "test_scope_s_to_v_does_not_omit_incoming_s_for_u",
      "ok": true
    },
    {
      "case": "test_source_kind_vs_incoming_target_kind",
      "ok": true
    },
    {
      "case": "test_equal_native_id_different_universe",
      "ok": true
    },
    {
      "case": "test_two_cap_identical_inventory_lookup",
      "ok": true
    },
    {
      "case": "test_conflict_sidecar",
      "ok": true
    },
    {
      "case": "test_all_covered_na_and_resolved_partial",
      "ok": true
    },
    {
      "case": "test_wrong_enum_neq",
      "ok": true
    },
    {
      "case": "test_universe_neq_different_valid_domain",
      "ok": true
    },
    {
      "case": "test_tests_exit1_empty",
      "ok": true
    },
    {
      "case": "test_optional_unknown_disclosure",
      "ok": true
    },
    {
      "case": "test_known_count_gt_n_partial",
      "ok": true
    },
    {
      "case": "test_listed_paths_missing_not_vacuous",
      "ok": true
    },
    {
      "case": "test_oracle_refused",
      "ok": true
    },
    {
      "case": "test_two_symbols_one_file_independent_partitions",
      "ok": true
    },
    {
      "case": "test_symbols_not_filepath_ids",
      "ok": true
    },
    {
      "case": "test_requested_rung_complete_higher_partial",
      "ok": true
    },
    {
      "case": "test_calls_with_dependency_coverage",
      "ok": true
    },
    {
      "case": "test_unknown_export_owes_closed_world",
      "ok": true
    },
    {
      "case": "test_glob_root",
      "ok": true
    },
    {
      "case": "test_wrong_kind_none_admission",
      "ok": true
    },
    {
      "case": "test_runtime_complete_unhit_filter_hit_none_true",
      "ok": true
    },
    {
      "case": "test_runtime_partial_known_count_unknown",
      "ok": true
    },
    {
      "case": "test_history_filtered_false_partial_known",
      "ok": true
    },
    {
      "case": "test_test_result_subject_kind_filter",
      "ok": true
    },
    {
      "case": "test_missing_wrapper_empty_refs",
      "ok": true
    },
    {
      "case": "test_runtime_overload_ambiguous",
      "ok": true
    },
    {
      "case": "test_incoming_attestation_malformed_duplicate_unselected",
      "ok": true
    },
    {
      "case": "test_package_two_manifests_same_name",
      "ok": true
    },
    {
      "case": "test_incoming_mixed_atom_policy",
      "ok": true
    },
    {
      "case": "test_incoming_examined_exhaustive_false",
      "ok": true
    },
    {
      "case": "test_unmatched_scope_beside_paired",
      "ok": true
    },
    {
      "case": "test_first_party_not_in_inventory",
      "ok": true
    },
    {
      "case": "test_unused_sidecar_still_admitted",
      "ok": true
    },
    {
      "case": "test_duplicate_inventory_observation_not_overload",
      "ok": true
    },
    {
      "case": "test_import_scope_roots_and_prefixes",
      "ok": true
    },
    {
      "case": "test_incoming_caller_digest_is_not_authority",
      "ok": true
    },
    {
      "case": "test_dep_other_universe_does_not_heal",
      "ok": true
    },
    {
      "case": "test_history_duplicate_path_retains_all_ordinals",
      "ok": true
    },
    {
      "case": "test_runtime_obs_payload_window_mismatch_refused",
      "ok": true
    },
    {
      "case": "test_admit_atom_inputs_missing_wrapper_no_atom",
      "ok": true
    },
    {
      "case": "test_import_flags_adapter_no_default",
      "ok": true
    },
    {
      "case": "test_outgoing_exported_not_external_consumers",
      "ok": true
    },
    {
      "case": "test_unrelated_dep_partition_does_not_poison_outgoing",
      "ok": true
    },
    {
      "case": "test_incoming_all_source_partitions_owed",
      "ok": true
    },
    {
      "case": "test_two_providers_same_u_disjoint_scopes",
      "ok": true
    },
    {
      "case": "test_unavailable_foreign_family_does_not_poison",
      "ok": true
    },
    {
      "case": "test_incoming_partition_s_to_v_does_not_prove_u",
      "ok": true
    },
    {
      "case": "test_optional_same_family_unavailable_does_not_poison_outgoing",
      "ok": true
    },
    {
      "case": "test_incoming_search_other_provider_partial_does_not_invalidate_att",
      "ok": true
    },
    {
      "case": "test_incoming_unattached_target_universe_refused",
      "ok": true
    },
    {
      "case": "test_runtime_unrelated_overload_is_nomatch",
      "ok": true
    },
    {
      "case": "test_provider_with_no_scope_does_not_disappear",
      "ok": true
    },
    {
      "case": "test_invalid_native_carrier_refuses_not_unknown",
      "ok": true
    }
  ]
}
