declared-out writes observed: 1
{
 "passed": true,
 "subjectFiles": 19,
 "subjectManifestSha256": "b880ff9a3053a78f5fb020586de844305c9c3ce5f186024d0c3c508b90e176aa",
 "externalPins": {
  "files": 85,
  "directoryListings": 3
 },
 "projectionSchemaSha256": "4b54eb6371ed4a0a18d02931baeb4dd716b58e17ec684b652318c11830b76282",
 "closure": {
  "rehashedOpens": 1989,
  "listingRecomputes": 3,
  "verifiedSourceCompiles": 22,
  "freshSourceLoader": true,
  "childProcesses": 0,
  "declaredOut": "/tmp/opensip-implementation/m1-report-projection-author-07/scratch/strict-arch-cwd.json",
  "declaredOutWrites": "observed after this result is written and printed on stdout (a result cannot count its own write)",
  "aliasPolicy": "realpath and case-folded spellings; pinned identity by (st_dev, st_ino)",
  "hostTrust": "filesystem, interpreter, reference environment and the start-time pin file are trusted; a concurrent writer between verification and consuming read is not excluded"
 },
 "bytecodeDemo": {
  "stockLoaderWithAdjacentCache": "stale-bytecode",
  "enforcedLoader": "verified-source",
  "pycachePrefixDuringRun": "/nonexistent-opensip-report-projection-pycache"
 },
 "aliasProbe": {
  "exact": "UNPINNED-LOAD",
  "case-variant": "UNPINNED-LOAD",
  "dot-dot": "UNPINNED-LOAD"
 },
 "unattributablePathProbe": {
  "dir_fd-relative-unpinned-architecture-file-cwd-root": "UNATTRIBUTABLE-PATH-EVENT",
  "fd-listing-architecture-parent-cwd-root": "UNATTRIBUTABLE-PATH-EVENT",
  "dir_fd-relative-non-governed-target-cwd-architecture": "UNATTRIBUTABLE-PATH-EVENT",
  "relative-open-cwd-architecture": "UNATTRIBUTABLE-PATH-EVENT",
  "relative-scandir-cwd-architecture": "UNATTRIBUTABLE-PATH-EVENT",
  "cwdRestored": true
 },
 "pendingGoldens": {
  "rows": 8,
  "countedAsDelivered": 0,
  "obligation": "RP-OBL-C01",
  "envelope5Outcomes": {
   "analyze:errors-empty": "SCHEMA-ENV",
   "analyze:errors-omitted": "SCHEMA-ENV",
   "analyze:unrelated-detail-invented": "J-ENV-INTERRUPTION-DETAIL",
   "candidates:errors-empty": "SCHEMA-ENV",
   "candidates:errors-omitted": "SCHEMA-ENV",
   "candidates:unrelated-detail-invented": "J-ENV-INTERRUPTION-DETAIL"
  }
 },
 "codecReachability": {
  "maximalStepTerminationBytes": 6382004,
  "schemaValid": true,
  "exactCodecParse": "refused BYTE_LIMIT_OR_TYPE",
  "structuralBound": 6476835,
  "consequence": "structural ledger bound kept; codec record bound pending owner statement RP-OBL-L01"
 },
 "builtinPlanning": {
  "default/primary": {
   "steps": [
    [
     "primary-analysis",
     "required",
     [],
     "completed"
    ],
    [
     "render",
     "required",
     [
      0
     ],
     "terminal"
    ]
   ],
   "stepSpecSchema": "valid",
   "invocationRecordSchema": "valid",
   "ownerValidateDag": "admitted",
   "mutants": {
    "step0-optional": "WORKFLOW.REQUIRED_DEPENDS_ON_OPTIONAL",
    "step0-terminal-gate": "WORKFLOW.GATE_NOT_APPLICABLE",
    "step0-forward-dependency": "WORKFLOW.DEPENDENCY_CYCLE"
   },
   "ownerRunInvocation": {
    "all-completed": {
     "class": "success",
     "exit": 0,
     "outcomes": [
      "completed",
      "completed"
     ],
     "recordedFailureDetails": 0
    },
    "first-step-rejected": {
     "class": "request-rejected",
     "exit": 2,
     "outcomes": [
      "rejected",
      "completed"
     ],
     "recordedFailureDetails": 1
    },
    "signal-before-required-render": {
     "class": "interrupted",
     "exit": 130,
     "outcomes": [
      "completed",
      "cancelled"
     ],
     "recordedFailureDetails": 0
    }
   }
  },
  "analyze/primary": {
   "steps": [
    [
     "primary-analysis",
     "required",
     [],
     "completed"
    ],
    [
     "render",
     "required",
     [
      0
     ],
     "terminal"
    ]
   ],
   "stepSpecSchema": "valid",
   "invocationRecordSchema": "valid",
   "ownerValidateDag": "admitted",
   "mutants": {
    "step0-optional": "WORKFLOW.REQUIRED_DEPENDS_ON_OPTIONAL",
    "step0-terminal-gate": "WORKFLOW.GATE_NOT_APPLICABLE",
    "step0-forward-dependency": "WORKFLOW.DEPENDENCY_CYCLE"
   },
   "ownerRunInvocation": {
    "all-completed": {
     "class": "success",
     "exit": 0,
     "outcomes": [
      "completed",
      "completed"
     ],
     "recordedFailureDetails": 0
    },
    "first-step-rejected": {
     "class": "request-rejected",
     "exit": 2,
     "outcomes": [
      "rejected",
      "completed"
     ],
     "recordedFailureDetails": 1
    },
    "signal-before-required-render": {
     "class": "interrupted",
     "exit": 130,
     "outcomes": [
      "completed",
      "cancelled"
     ],
     "recordedFailureDetails": 0
    }
   }
  },
  "analyze/primary-with-optional-export": {
   "steps": [
    [
     "primary-analysis",
     "required",
     [],
     "completed"
    ],
    [
     "render",
     "required",
     [
      0
     ],
     "terminal"
    ],
    [
     "export-delivery",
     "optional",
     [
      0
     ],
     "terminal"
    ]
   ],
   "stepSpecSchema": "valid",
   "invocationRecordSchema": "valid",
   "ownerValidateDag": "admitted",
   "mutants": {
    "step0-optional": "WORKFLOW.REQUIRED_DEPENDS_ON_OPTIONAL",
    "step0-terminal-gate": "WORKFLOW.GATE_NOT_APPLICABLE",
    "step0-forward-dependency": "WORKFLOW.DEPENDENCY_CYCLE"
   },
   "ownerRunInvocation": {
    "all-completed": {
     "class": "success",
     "exit": 0,
     "outcomes": [
      "completed",
      "completed",
      "completed"
     ],
     "recordedFailureDetails": 0
    },
    "first-step-rejected": {
     "class": "request-rejected",
     "exit": 2,
     "outcomes": [
      "rejected",
      "completed",
      "completed"
     ],
     "recordedFailureDetails": 1
    },
    "signal-before-required-render": {
     "class": "interrupted",
     "exit": 130,
     "outcomes": [
      "completed",
      "cancelled",
      "cancelled"
     ],
     "recordedFailureDetails": 0
    },
    "optional-export-fault": {
     "class": "success",
     "exit": 0,
     "outcomes": [
      "completed",
      "completed",
      "failed"
     ],
     "recordedFailureDetails": 0
    }
   }
  },
  "analyze/baseline-no-pivot": {
   "steps": [
    [
     "primary-analysis",
     "required",
     [],
     "completed"
    ],
    [
     "comparison",
     "required",
     [
      0
     ],
     "completed"
    ],
    [
     "render",
     "required",
     [
      0,
      1
     ],
     "terminal"
    ]
   ],
   "stepSpecSchema": "valid",
   "invocationRecordSchema": "valid",
   "ownerValidateDag": "admitted",
   "mutants": {
    "step0-optional": "WORKFLOW.REQUIRED_DEPENDS_ON_OPTIONAL",
    "step1-optional": "WORKFLOW.REQUIRED_DEPENDS_ON_OPTIONAL",
    "step0-terminal-gate": "WORKFLOW.GATE_NOT_APPLICABLE",
    "step0-forward-dependency": "WORKFLOW.DEPENDENCY_CYCLE",
    "comparison-current-step-not-a-dependency": "WORKFLOW.DEPENDENCY_INVALID (owner) / J-LEDGER-PLAN (report)"
   },
   "ownerRunInvocation": {
    "all-completed": {
     "class": "success",
     "exit": 0,
     "outcomes": [
      "completed",
      "completed",
      "completed"
     ],
     "recordedFailureDetails": 0
    },
    "first-step-rejected": {
     "class": "request-rejected",
     "exit": 2,
     "outcomes": [
      "rejected",
      "skipped",
      "completed"
     ],
     "recordedFailureDetails": 1
    },
    "signal-before-required-render": {
     "class": "interrupted",
     "exit": 130,
     "outcomes": [
      "completed",
      "completed",
      "cancelled"
     ],
     "recordedFailureDetails": 0
    }
   }
  },
  "analyze/baseline-with-pivot": {
   "steps": [
    [
     "pivot-analysis",
     "required",
     [],
     "completed"
    ],
    [
     "primary-analysis",
     "required",
     [],
     "completed"
    ],
    [
     "comparison",
     "required",
     [
      0,
      1
     ],
     "completed"
    ],
    [
     "render",
     "required",
     [
      0,
      1,
      2
     ],
     "terminal"
    ]
   ],
   "stepSpecSchema": "valid",
   "invocationRecordSchema": "valid",
   "ownerValidateDag": "admitted",
   "mutants": {
    "step0-optional": "WORKFLOW.REQUIRED_DEPENDS_ON_OPTIONAL",
    "step1-optional": "WORKFLOW.REQUIRED_DEPENDS_ON_OPTIONAL",
    "step2-optional": "WORKFLOW.REQUIRED_DEPENDS_ON_OPTIONAL",
    "step0-terminal-gate": "WORKFLOW.GATE_NOT_APPLICABLE",
    "step0-forward-dependency": "WORKFLOW.DEPENDENCY_CYCLE",
    "comparison-current-step-not-a-dependency": "WORKFLOW.DEPENDENCY_INVALID (owner) / J-LEDGER-PLAN (report)"
   },
   "ownerRunInvocation": {
    "all-completed": {
     "class": "success",
     "exit": 0,
     "outcomes": [
      "completed",
      "completed",
      "completed",
      "completed"
     ],
     "recordedFailureDetails": 0
    },
    "first-step-rejected": {
     "class": "request-rejected",
     "exit": 2,
     "outcomes": [
      "rejected",
      "completed",
      "skipped",
      "completed"
     ],
     "recordedFailureDetails": 1
    },
    "signal-before-required-render": {
     "class": "interrupted",
     "exit": 130,
     "outcomes": [
      "completed",
      "completed",
      "completed",
      "cancelled"
     ],
     "recordedFailureDetails": 0
    }
   }
  },
  "analyze/ephemeral-with-baseline": {
   "status": "refused-before-planning",
   "route": {
    "class": "request-rejected",
    "errorCode": "REQUEST.UNSATISFIABLE",
    "domainDetail": "WORKFLOW.EPHEMERAL_CANNOT_SUPPLY_AUTHORITY",
    "exitCode": 2
   },
   "ownerDagIfPlannedAnyway": {
    "baseline-no-pivot-planned-ephemeral": "WORKFLOW.VERDICT_GATE_UNBOUND",
    "baseline-with-pivot-planned-ephemeral": "WORKFLOW.EPHEMERAL_CANNOT_SUPPLY_AUTHORITY"
   }
  },
  "analyze/with-import": {
   "status": "unresolved-not-plannable",
   "obligation": "RP-OBL-P01"
  },
  "fit/primary": {
   "steps": [
    [
     "primary-analysis",
     "required",
     [],
     "completed"
    ],
    [
     "query",
     "required",
     [
      0
     ],
     "completed"
    ],
    [
     "render",
     "required",
     [
      0,
      1
     ],
     "terminal"
    ]
   ],
   "stepSpecSchema": "valid",
   "invocationRecordSchema": "valid",
   "ownerValidateDag": "admitted",
   "mutants": {
    "step0-optional": "WORKFLOW.REQUIRED_DEPENDS_ON_OPTIONAL",
    "step1-optional": "WORKFLOW.REQUIRED_DEPENDS_ON_OPTIONAL",
    "step0-terminal-gate": "WORKFLOW.GATE_NOT_APPLICABLE",
    "step0-forward-dependency": "WORKFLOW.DEPENDENCY_CYCLE"
   },
   "ownerRunInvocation": {
    "all-completed": {
     "class": "success",
     "exit": 0,
     "outcomes": [
      "completed",
      "completed",
      "completed"
     ],
     "recordedFailureDetails": 0
    },
    "first-step-rejected": {
     "class": "request-rejected",
     "exit": 2,
     "outcomes": [
      "rejected",
      "skipped",
      "completed"
     ],
     "recordedFailureDetails": 1
    },
    "signal-before-required-render": {
     "class": "interrupted",
     "exit": 130,
     "outcomes": [
      "completed",
      "completed",
      "cancelled"
     ],
     "recordedFailureDetails": 0
    }
   }
  },
  "audit/no-pivot": {
   "steps": [
    [
     "primary-analysis",
     "required",
     [],
     "completed"
    ],
    [
     "comparison",
     "required",
     [
      0
     ],
     "completed"
    ],
    [
     "render",
     "required",
     [
      0,
      1
     ],
     "terminal"
    ]
   ],
   "stepSpecSchema": "valid",
   "invocationRecordSchema": "valid",
   "ownerValidateDag": "admitted",
   "mutants": {
    "step0-optional": "WORKFLOW.REQUIRED_DEPENDS_ON_OPTIONAL",
    "step1-optional": "WORKFLOW.REQUIRED_DEPENDS_ON_OPTIONAL",
    "step0-terminal-gate": "WORKFLOW.GATE_NOT_APPLICABLE",
    "step0-forward-dependency": "WORKFLOW.DEPENDENCY_CYCLE",
    "comparison-current-step-not-a-dependency": "WORKFLOW.DEPENDENCY_INVALID (owner) / J-LEDGER-PLAN (report)"
   },
   "ownerRunInvocation": {
    "all-completed": {
     "class": "success",
     "exit": 0,
     "outcomes": [
      "completed",
      "completed",
      "completed"
     ],
     "recordedFailureDetails": 0
    },
    "first-step-rejected": {
     "class": "request-rejected",
     "exit": 2,
     "outcomes": [
      "rejected",
      "skipped",
      "completed"
     ],
     "recordedFailureDetails": 1
    },
    "signal-before-required-render": {
     "class": "interrupted",
     "exit": 130,
     "outcomes": [
      "completed",
      "completed",
      "cancelled"
     ],
     "recordedFailureDetails": 0
    }
   }
  },
  "audit/with-pivot": {
   "steps": [
    [
     "pivot-analysis",
     "required",
     [],
     "completed"
    ],
    [
     "primary-analysis",
     "required",
     [],
     "completed"
    ],
    [
     "comparison",
     "required",
     [
      0,
      1
     ],
     "completed"
    ],
    [
     "render",
     "required",
     [
      0,
      1,
      2
     ],
     "terminal"
    ]
   ],
   "stepSpecSchema": "valid",
   "invocationRecordSchema": "valid",
   "ownerValidateDag": "admitted",
   "mutants": {
    "step0-optional": "WORKFLOW.REQUIRED_DEPENDS_ON_OPTIONAL",
    "step1-optional": "WORKFLOW.REQUIRED_DEPENDS_ON_OPTIONAL",
    "step2-optional": "WORKFLOW.REQUIRED_DEPENDS_ON_OPTIONAL",
    "step0-terminal-gate": "WORKFLOW.GATE_NOT_APPLICABLE",
    "step0-forward-dependency": "WORKFLOW.DEPENDENCY_CYCLE",
    "comparison-current-step-not-a-dependency": "WORKFLOW.DEPENDENCY_INVALID (owner) / J-LEDGER-PLAN (report)"
   },
   "ownerRunInvocation": {
    "all-completed": {
     "class": "success",
     "exit": 0,
     "outcomes": [
      "completed",
      "completed",
      "completed",
      "completed"
     ],
     "recordedFailureDetails": 0
    },
    "first-step-rejected": {
     "class": "request-rejected",
     "exit": 2,
     "outcomes": [
      "rejected",
      "completed",
      "skipped",
      "completed"
     ],
     "recordedFailureDetails": 1
    },
    "signal-before-required-render": {
     "class": "interrupted",
     "exit": 130,
     "outcomes": [
      "completed",
      "completed",
      "completed",
      "cancelled"
     ],
     "recordedFailureDetails": 0
    }
   }
  },
  "candidates/primary": {
   "steps": [
    [
     "query",
     "required",
     [],
     "completed"
    ],
    [
     "render",
     "required",
     [
      0
     ],
     "terminal"
    ]
   ],
   "stepSpecSchema": "valid",
   "invocationRecordSchema": "valid",
   "ownerValidateDag": "admitted",
   "mutants": {
    "step0-optional": "WORKFLOW.REQUIRED_DEPENDS_ON_OPTIONAL",
    "step0-terminal-gate": "WORKFLOW.GATE_NOT_APPLICABLE",
    "step0-forward-dependency": "WORKFLOW.DEPENDENCY_CYCLE"
   },
   "ownerRunInvocation": {
    "all-completed": {
     "class": "success",
     "exit": 0,
     "outcomes": [
      "completed",
      "completed"
     ],
     "recordedFailureDetails": 0
    },
    "first-step-rejected": {
     "class": "request-rejected",
     "exit": 2,
     "outcomes": [
      "rejected",
      "completed"
     ],
     "recordedFailureDetails": 1
    },
    "signal-before-required-render": {
     "class": "interrupted",
     "exit": 130,
     "outcomes": [
      "completed",
      "cancelled"
     ],
     "recordedFailureDetails": 0
    }
   }
  },
  "inspect/primary": {
   "steps": [
    [
     "query",
     "required",
     [],
     "completed"
    ],
    [
     "render",
     "required",
     [
      0
     ],
     "terminal"
    ]
   ],
   "stepSpecSchema": "valid",
   "invocationRecordSchema": "valid",
   "ownerValidateDag": "admitted",
   "mutants": {
    "step0-optional": "WORKFLOW.REQUIRED_DEPENDS_ON_OPTIONAL",
    "step0-terminal-gate": "WORKFLOW.GATE_NOT_APPLICABLE",
    "step0-forward-dependency": "WORKFLOW.DEPENDENCY_CYCLE"
   },
   "ownerRunInvocation": {
    "all-completed": {
     "class": "success",
     "exit": 0,
     "outcomes": [
      "completed",
      "completed"
     ],
     "recordedFailureDetails": 0
    },
    "first-step-rejected": {
     "class": "request-rejected",
     "exit": 2,
     "outcomes": [
      "rejected",
      "completed"
     ],
     "recordedFailureDetails": 1
    },
    "signal-before-required-render": {
     "class": "interrupted",
     "exit": 130,
     "outcomes": [
      "completed",
      "cancelled"
     ],
     "recordedFailureDetails": 0
    }
   }
  },
  "review-brief/primary": {
   "steps": [
    [
     "query",
     "required",
     [],
     "completed"
    ],
    [
     "render",
     "required",
     [
      0
     ],
     "terminal"
    ]
   ],
   "stepSpecSchema": "valid",
   "invocationRecordSchema": "valid",
   "ownerValidateDag": "admitted",
   "mutants": {
    "step0-optional": "WORKFLOW.REQUIRED_DEPENDS_ON_OPTIONAL",
    "step0-terminal-gate": "WORKFLOW.GATE_NOT_APPLICABLE",
    "step0-forward-dependency": "WORKFLOW.DEPENDENCY_CYCLE"
   },
   "ownerRunInvocation": {
    "all-completed": {
     "class": "success",
     "exit": 0,
     "outcomes": [
      "completed",
      "completed"
     ],
     "recordedFailureDetails": 0
    },
    "first-step-rejected": {
     "class": "request-rejected",
     "exit": 2,
     "outcomes": [
      "rejected",
      "completed"
     ],
     "recordedFailureDetails": 1
    },
    "signal-before-required-render": {
     "class": "interrupted",
     "exit": 130,
     "outcomes": [
      "completed",
      "cancelled"
     ],
     "recordedFailureDetails": 0
    }
   }
  },
  "repair-preview/primary": {
   "steps": [
    [
     "repair-preview",
     "required",
     [],
     "completed"
    ],
    [
     "render",
     "required",
     [
      0
     ],
     "terminal"
    ]
   ],
   "stepSpecSchema": "valid",
   "invocationRecordSchema": "valid",
   "ownerValidateDag": "admitted",
   "mutants": {
    "step0-optional": "WORKFLOW.REQUIRED_DEPENDS_ON_OPTIONAL",
    "step0-terminal-gate": "WORKFLOW.GATE_NOT_APPLICABLE",
    "step0-forward-dependency": "WORKFLOW.DEPENDENCY_CYCLE"
   },
   "ownerRunInvocation": {
    "all-completed": {
     "class": "success",
     "exit": 0,
     "outcomes": [
      "completed",
      "completed"
     ],
     "recordedFailureDetails": 0
    },
    "first-step-rejected": {
     "class": "request-rejected",
     "exit": 2,
     "outcomes": [
      "rejected",
      "completed"
     ],
     "recordedFailureDetails": 1
    },
    "signal-before-required-render": {
     "class": "interrupted",
     "exit": 130,
     "outcomes": [
      "completed",
      "cancelled"
     ],
     "recordedFailureDetails": 0
    }
   }
  },
  "repair-preview/evidenceSource-controls": {
   "stepFormRefusedByBinding": true,
   "subject06StringFormRefusedByOwnerSchema": true
  }
 },
 "queryOwnerControls": {
  "ownerCappedIntermediatePage": {
   "units": 5,
   "cap": 3,
   "page1": [
    3,
    3,
    "lower-bound",
    "truncated-page",
    2
   ],
   "page2": [
    "truncated-bound",
    1,
    "no cursor"
   ],
   "reportPageLaw": "lawful"
  },
  "ownerNeverLowerBoundWithoutCap": {
   "pages": [
    "truncated-page",
    "truncated-page",
    "complete"
   ]
  },
  "ownerPublicCap100001Facts": {
   "page1": {
    "totalItems": 100000,
    "rows": 2,
    "cursor": true
   },
   "page2": {
    "position": 2,
    "rows": 2,
    "cursor": true
   },
   "reportPageLaw": "lawful"
  },
  "ownerNeighborsVisitedNodes": 1,
  "fixtureCorrection": {
   "renderer-fixture-lower-bound-intermediate-before": "lower-bound without a reached produced/visited cap",
   "renderer-fixture-lower-bound-intermediate-after": "lawful",
   "graph-ctx-default-before": "totalItems must equal producedItems (exact: all units produced; lower-bound: the produced prefix)",
   "graph-ctx-default-after": "lawful"
  }
 },
 "successorCompatibility": {
  "envelope5RestoresEnvelope4": true,
  "inventorySchema5RestoresSchema4": true,
  "inventory5RestoresInventory4": true,
  "fitEphemeralFlagJoinUnchanged": true,
  "metadataCasesThroughEnvelope5": 43,
  "historicalMetadataChecker": {
   "mode": "in-process under the closure hook and fresh-source loader; no child process",
   "passed": true,
   "cases": 43,
   "schemasVerified": 28
  }
 },
 "coverageOverlay": {
  "rowsRechecked": 323,
  "rowChanges": 41,
  "rowAdditions": 1,
  "reviewIssueAdditions": 15,
  "base": {
   "path": "docs/implementation/m1/trials/coverage-prerequisite-01/subject/implementation-coverage.v3.json",
   "acceptedUnit": "docs/implementation/m1/coverage-prerequisite-unit.v1.json",
   "sha256": "1388fd680327a3b43288937b60ebc32693b017880b7d53a1c58293da4ca76d3e"
  },
  "ownedValidatorNoWorkaround": {
   "acceptedV3Base": "valid",
   "overlay": "valid"
  },
  "historicalV2NegativeControl": "Missing/extra module milestone prerequisite",
  "workaround": "none",
  "reviewC2ControlWithoutFitParityFields": "Command metadata drift",
  "historicalCoverageBytesUnchanged": true,
  "rpObligationC01Rows": [
   "commands:default",
   "commands:analyze",
   "commands:fit",
   "commands:audit",
   "commands:candidates",
   "commands:inspect",
   "commands:review-brief",
   "commands:repair-preview",
   "renderers:human",
   "renderers:json",
   "renderers:html",
   "renderers:agent",
   "workflowGoldens:interrupted-before-settle"
  ],
  "rpObligationX01Rows": [
   "commands:analyze",
   "workflowGoldens:analyze-optional-export-failed",
   "workflowGoldens:interrupted-after-settle"
  ],
  "assetsDeliveryRows": [
   [
    "commands",
    "version",
    "M1"
   ]
  ],
  "assetsAtM6Control": "Delivery precedes module prerequisite: version",
  "conditionalRpDo02HoldsNoRowOpen": true
 },
 "designObligations": {
  "count": 12,
  "reportDesignBlockers": [
   "RP-DO-01",
   "RP-DO-03",
   "RP-DO-04",
   "RP-DO-05",
   "RP-DO-06",
   "RP-DO-07",
   "RP-DO-08",
   "RP-DO-09",
   "RP-DO-10",
   "RP-DO-11",
   "RP-DO-12"
  ],
  "ownerEvidence": {
   "F03-unit-membership-owned": true,
   "F05-entry-points-owned-natively": true,
   "R14-run-show-operation-exists": true,
   "R03-no-owned-duration-member": true
  },
  "integrationObligations": {
   "RP-OBL-C01": "pending-integration",
   "RP-OBL-C02": "pending-integration",
   "RP-OBL-P01": "pending-owner-decision",
   "RP-OBL-X01": "pending-owner-decision",
   "RP-OBL-L01": "pending-owner-statement",
   "RP-OBL-K01": "closed-by-accepted-unit"
  },
  "m1FinalIntegrationBlockers": [
   "RP-OBL-C01",
   "RP-OBL-C02"
  ],
  "envelope6": {
   "parentEnvelope5Sha256": "45de2b0a12fc2f1f41f3a4f50b22b5e177fad58b19e5cc5072ff808c737e789d",
   "envelope5BytesUnchanged": true,
   "adopted": false
  }
 },
 "reviewCounterexamples": {
  "RPR3-1/G1": "J-GRAPH-COUNT",
  "RPR3-1/G1-truncated-page": "J-GRAPH-COUNT",
  "RPR3-1/G2": "J-GRAPH-COUNT",
  "RPR3-1/G3": "J-GRAPH-COUNT",
  "RPR3-2/B1": "accept",
  "RPR3-2/B1-control": "accept",
  "RPR3-2/maximal-legal": "accept",
  "RPR3-3/D1-document": "J-LEDGER-AGGREGATE",
  "RPR3-3/D2": "J-LEDGER-CANCELLATION",
  "A1/S1": "J-SLOT-RESOLUTION-CONTRADICTED",
  "A1/S1-uncontradicted": "accept",
  "A2/H1": "accept",
  "RPR6-2/fabricated-skipped-detail-envelope": "J-ENV-INTERRUPTION-DETAIL",
  "RPR6-2/fabricated-skipped-termination-ledger": "J-LEDGER-SKIPPED",
  "RPR6-3/analyze-baseline-positive": "accept",
  "RPR6-3/analyze-export-positive": "accept",
  "RPR6-3/analyze-baseline-ephemeral": "J-LEDGER-MODE",
  "RPR5-1/S1-default-degraded": "J-LEDGER-DAG",
  "RPR5-1/S1-review-brief-failure": "J-LEDGER-DAG",
  "RPR5-1/S2-fit-after-commit-query-refused": "J-LEDGER-PLAN",
  "RPR5-1/S2-audit-analysis-rejected": "J-LEDGER-PLAN",
  "RPR5-3/I1-real-recorded-detail": "accept",
  "RPR5-3/two-real-details": "accept",
  "RPR5-3/invented-detail": "J-ENV-INTERRUPTION-DETAIL",
  "RPR5-3/reordered": "J-ENV-INTERRUPTION-DETAIL",
  "RPR4-1/G4": "J-GRAPH-COUNT",
  "RPR4-1/G5": "J-GRAPH-COUNT",
  "RPR4-1/G6": "J-GRAPH-COUNT",
  "RPR4-2/skipped-with-completed-dependency": "J-LEDGER-SKIPPED",
  "RPR4-2/skipped-promoted": "J-LEDGER-AGGREGATE",
  "RPR4-3/invented-detail": "J-ENV-INTERRUPTION-DETAIL",
  "prior/Q1": "J-ENV-FIT-PAGE",
  "prior/S2": "J-GRAPH-COUNT",
  "prior/Q7b": "CODEC-DEPTH",
  "RPR3-3/D1-aggregate": "operational-failed",
  "RPR3-3/D2-aggregate": "J-LEDGER-CANCELLATION",
  "RPR3-5/C2-control": "Command metadata drift",
  "RPR4-2/skipped-request-rejected-aggregate": "success",
  "RPR4-2/skipped-indeterminate-aggregate": "success"
 },
 "deliveryGoldens": {
  "rows": 68,
  "formats": [
   "human",
   "json",
   "agent",
   "html"
  ],
  "scenarios": {
   "audit-pivot-rejected-primary-committed-signal-during-required-render": {
    "class": "interrupted",
    "detail": null,
    "exitCode": 130,
    "renderAttempts": 1,
    "delivered": false
   },
   "fit-analysis-rejected-query-skipped-signal-during-required-render": {
    "class": "interrupted",
    "detail": null,
    "exitCode": 130,
    "renderAttempts": 1,
    "delivered": false
   },
   "review-brief-query-failed-signal-during-required-render": {
    "class": "interrupted",
    "detail": null,
    "exitCode": 130,
    "renderAttempts": 1,
    "delivered": false
   },
   "audit-pivot-rejected-primary-failed-signal-during-required-render": {
    "class": "interrupted",
    "detail": null,
    "exitCode": 130,
    "renderAttempts": 1,
    "delivered": false
   },
   "audit-pivot-rejected-primary-committed-comparison-skipped-required-render-failed": {
    "class": "operational-failed",
    "detail": "DELIVERY.RENDERER_FAILED_AFTER_COMMIT",
    "exitCode": 4,
    "renderAttempts": 1,
    "delivered": false
   },
   "fit-analysis-rejected-query-skipped-render-written": {
    "class": "request-rejected",
    "detail": "CONFIG.INVALID",
    "exitCode": 2,
    "renderAttempts": 1,
    "delivered": true
   },
   "fit-analysis-rejected-query-skipped-required-render-failed": {
    "class": "operational-failed",
    "detail": "DELIVERY.REQUIRED_PROJECTION_FAILED",
    "exitCode": 4,
    "renderAttempts": 1,
    "delivered": false
   },
   "fit-analysis-rejected-query-skipped-optional-render-failed": {
    "class": "request-rejected",
    "detail": "CONFIG.INVALID",
    "exitCode": 2,
    "renderAttempts": 1,
    "delivered": false
   },
   "audit-analysis-rejected-comparison-skipped-render-written": {
    "class": "request-rejected",
    "detail": "CONFIG.INVALID",
    "exitCode": 2,
    "renderAttempts": 1,
    "delivered": true
   },
   "audit-analysis-rejected-comparison-skipped-required-render-failed": {
    "class": "operational-failed",
    "detail": "DELIVERY.REQUIRED_PROJECTION_FAILED",
    "exitCode": 4,
    "renderAttempts": 1,
    "delivered": false
   },
   "fit-query-refused-render-written": {
    "class": "request-rejected",
    "detail": "QUERY.VIEW_UNKNOWN",
    "exitCode": 2,
    "renderAttempts": 1,
    "delivered": true
   },
   "fit-query-refused-required-render-failed": {
    "class": "operational-failed",
    "detail": "DELIVERY.RENDERER_FAILED_AFTER_COMMIT",
    "exitCode": 4,
    "renderAttempts": 1,
    "delivered": false
   },
   "fit-query-refused-optional-render-failed": {
    "class": "request-rejected",
    "detail": "QUERY.VIEW_UNKNOWN",
    "exitCode": 2,
    "renderAttempts": 1,
    "delivered": false
   },
   "fit-query-refused-no-render-selected": {
    "class": "request-rejected",
    "detail": "QUERY.VIEW_UNKNOWN",
    "exitCode": 2,
    "renderAttempts": 0,
    "delivered": false
   },
   "fit-query-io-failed-required-render-failed-tie": {
    "class": "operational-failed",
    "detail": "evidence.purged",
    "exitCode": 4,
    "renderAttempts": 1,
    "delivered": false
   },
   "candidates-no-run-query-refused-required-render-failed": {
    "class": "operational-failed",
    "detail": "DELIVERY.REQUIRED_PROJECTION_FAILED",
    "exitCode": 4,
    "renderAttempts": 1,
    "delivered": false
   },
   "fit-signal-during-required-render-before-settle": {
    "class": "interrupted",
    "detail": null,
    "exitCode": 130,
    "renderAttempts": 1,
    "delivered": false
   }
  }
 },
 "aggregateCases": [
  [
   "fit-success",
   "success"
  ],
  [
   "fit-policy-failed-query-success",
   "policy-failed"
  ],
  [
   "review-D1-query-refused-then-required-render-failed",
   "operational-failed"
  ],
  [
   "query-refused-then-optional-render-failed",
   "request-rejected"
  ],
  [
   "operational-tie-keeps-first-detail",
   "operational-failed"
  ],
  [
   "cancel-before-settle-after-commit",
   "interrupted"
  ],
  [
   "cancel-before-settle-no-commit",
   "interrupted"
  ],
  [
   "cancel-after-settle-not-reclassified",
   "policy-failed"
  ],
  [
   "review-D2-interrupted-without-cancellation",
   "J-LEDGER-CANCELLATION"
  ],
  [
   "interrupted-termination-completed-outcome",
   "J-LEDGER-CANCELLATION"
  ],
  [
   "after-settle-with-unsettled-required-step",
   "J-LEDGER-CANCELLATION"
  ],
  [
   "after-settle-claimed-during-required-render",
   "J-LEDGER-CANCELLATION"
  ],
  [
   "before-settle-claimed-when-all-settled",
   "J-LEDGER-CANCELLATION"
  ],
  [
   "cancelled-step-signal-differs-from-carrier",
   "J-LEDGER-CANCELLATION"
  ],
  [
   "review-RPR4-2-skipped-required-request-rejected",
   "success"
  ],
  [
   "review-RPR4-2-skipped-required-indeterminate",
   "success"
  ],
  [
   "all-required-steps-skipped",
   "success"
  ],
  [
   "required-rejection-then-required-skipped",
   "request-rejected"
  ],
  [
   "required-success-optional-failed-required-skipped",
   "success"
  ],
  [
   "required-policy-failed-optional-skipped",
   "policy-failed"
  ],
  [
   "skipped-is-settled-before-settle-refused",
   "J-LEDGER-CANCELLATION"
  ],
  [
   "skipped-is-settled-after-settle-not-reclassified",
   "request-rejected"
  ]
 ],
 "graphPageLawControls": {
  "testBoundControls": [
   {
    "control": "truncated-bound-last-page",
    "coverage": "truncated-bound",
    "countBasis": "lower-bound",
    "items": 3,
    "cursor": false,
    "continuation": "operation-truncated-no-continuation",
    "lawUnderTestBounds": "lawful",
    "lawUnderPublicBounds": "lower-bound without a reached produced/visited cap"
   },
   {
    "control": "lower-bound-truncated-page",
    "coverage": "truncated-page",
    "countBasis": "lower-bound",
    "items": 2,
    "cursor": true,
    "continuation": "not-embedded",
    "lawUnderTestBounds": "lawful",
    "lawUnderPublicBounds": "lower-bound without a reached produced/visited cap"
   },
   {
    "control": "exactly-at-cap-complete",
    "coverage": "complete",
    "countBasis": "exact",
    "items": 1,
    "cursor": false,
    "continuation": "complete-page-set",
    "lawUnderTestBounds": "lawful",
    "lawUnderPublicBounds": "lawful"
   }
  ],
  "positiveControls": [
   {
    "control": "exact-multi-page-partial-set",
    "pageRows": [
     50,
     50,
     7
    ],
    "totalItems": 107,
    "lastCoverage": "complete",
    "concatenationEqualsUnboundedAnswer": true
   },
   {
    "control": "capped-multi-page-partial-set-under-test-bound-60",
    "pageRows": [
     25,
     25,
     10
    ],
    "lastCoverage": "truncated-bound",
    "concatenationEqualsProducedPrefix": true,
    "refusedUnderPublicBounds": true
   },
   {
    "control": "public-item-cap-reached",
    "facts": 100001,
    "producedItems": 100000,
    "firstPageCoverage": "truncated-page",
    "lastPagePosition": 99900,
    "lastPageCoverage": "truncated-bound",
    "lastPageIsProducedSuffix": true
   },
   {
    "control": "re-issued-smaller-first-page-is-prefix",
    "sizes": [
     25,
     100
    ]
   }
  ],
  "modelNegatives": {
   "continuation-dropped-mid-set": "the page set ends without a cursor: every produced row must be embedded by this page",
   "total-not-produced": "totalItems must equal producedItems (exact: all units produced; lower-bound: the produced prefix)",
   "page-beyond-produced-prefix": "page exceeds its size or the produced prefix",
   "last-page-at-wrong-position": "the page set ends without a cursor: every produced row must be embedded by this page"
  }
 },
 "byteLawScenario": {
  "deterministic": true,
  "effectiveExplorationBudget": 4194304,
  "reissuedPageSizes": [
   100,
   50,
   25,
   25,
   25,
   25,
   25,
   100,
   100,
   50,
   25,
   25,
   25,
   25,
   25,
   100
  ],
  "embeddedPagesEqualFreshOwnerAnswers": true,
  "documentAdmits": true,
  "panelsBytes": 4193610,
  "evidence": {
   "total": 2000,
   "omitted": 0,
   "omissionCause": "none"
  },
  "slots": [
   [
    "neighborhood",
    25,
    25,
    "byte-budget-reduced"
   ],
   [
    "neighborhood",
    100,
    0,
    "ladder-first"
   ],
   [
    "reach",
    25,
    25,
    "byte-budget-reduced"
   ],
   [
    "path",
    100,
    1,
    "ladder-first"
   ]
  ],
  "slotsProjection": {
   "total": 4,
   "omitted": 0,
   "omissionCause": "none"
  },
  "historyProjections": [
   {
    "total": 3000,
    "omitted": 2759,
    "omissionCause": "byte-budget",
    "rejectedByteDelta": 711
   },
   {
    "total": 3000,
    "omitted": 3000,
    "omissionCause": "byte-budget",
    "rejectedByteDelta": 710
   }
  ]
 },
 "worstCase": {
  "label": "owner-schema-valid constructions answered by the mock owner under the query contract; sizes only, not performance",
  "FindingSurface": 49889,
  "worstFindingsWithinEnvelopeCodec": 84,
  "neighborRow": 33135,
  "neighborPage100Bytes": 3314581,
  "neighborPageFitsOwnerCodec": true,
  "path64HopResponseBytes": 3223336,
  "path64HopFitsExplorationCap": true
 },
 "derivations": {
  "maxEmbeddingGain": 6,
  "subjectIndexBound": 1034,
  "documentMaxBytes": 27828517,
  "ledgerMaxBytes": 19436467,
  "stepTerminationStructuralMaxBytes": 6476835
 }
}
reportCases: 193 accepted: 30 envelopeCases: 40
