{
  "standing": "candidate-only full retained-Run controls; not host/compiler qualification; near_candidate_kw is not a full Run",
  "passed": true,
  "count": 4,
  "checks": [
    {
      "case": "complete-empty-candidate-full-run",
      "runId": "run3:a6448920994c53ed3f3a1209d077137d4e6c8f955f143e7c1b9ca375a845d5ed",
      "verdict": "pass",
      "digest": "41e3315a0dc3d33458c4bb102cb7602171fb6df425c5bc92c7c88a34f9dafa0c"
    },
    {
      "case": "group-bearing-candidate-full-run",
      "runId": "run3:d16d15ffee9e32e3e7f9e447341a171bcdff2f86ab440c3221137ecf4c74f275",
      "verdict": "pass",
      "groupAuthority": "candidate-only"
    },
    {
      "case": "missing-required-candidate-indeterminate",
      "verdict": "indeterminate",
      "causes": [
        "provider-unavailable"
      ]
    },
    {
      "case": "forbidden-fact-authority-group",
      "ownerAdmission": "ADMIT",
      "semanticAdmission": "REFUSE",
      "reason": "EVALUATOR_EXECUTION_INPUTS_JOIN:EXECUTION_INPUTS_CANDIDATE_GROUP"
    }
  ],
  "nativeMode": "clones-near @ syntax-only SUPPORTED-DESIGN over the public file fixture syntax universe"
}
