{
  "standing": "synthetic full replay controls, not host/compiler qualification",
  "passed": true,
  "count": 8,
  "checks": [
    {
      "case": "complete-empty-analysis",
      "runId": "run3:c2c68116b24d999464ac7cc93c5f858a9921b989e2afd9b72e8fb992d66cc80e",
      "verdict": "pass"
    },
    {
      "case": "proof-binds-exact-stored-manifest",
      "digest": "a22af3bc118b96b5cac98a101825792f240ec51b585c1ce186e1e429f72a57e3"
    },
    {
      "case": "unselected-blob-and-object-preserve-manifest-and-run",
      "runId": "run3:c2c68116b24d999464ac7cc93c5f858a9921b989e2afd9b72e8fb992d66cc80e"
    },
    {
      "case": "omitted-required-package-work-is-indeterminate",
      "verdict": "indeterminate",
      "causes": [
        {
          "source": "execution",
          "cause": "provider-unavailable",
          "subjectId": null,
          "predicateId": null,
          "inputRefs": [
            {
              "domain": "execution-inputs",
              "digest": "2609d03c17d3f7bd3777fad2285a7b4ffdf1e1316e7ac68eb9ef842ee86eb5d8"
            }
          ],
          "evidenceKind": null,
          "nativeCause": null,
          "universe": "17ce4077e69889aec65c52b4f0c6c686d0be71dfb1b29e386a5a490819a2df61"
        }
      ]
    },
    {
      "case": "fully-minted-lying-completion",
      "ownerAdmission": "ADMIT",
      "semanticAdmission": "REFUSE",
      "reason": "EVALUATOR_EXECUTION_INPUTS_JOIN:EXECUTION_INPUTS_OUTCOME_DERIVE"
    },
    {
      "case": "selected-coverage-omission",
      "ownerAdmission": "ADMIT",
      "semanticAdmission": "REFUSE",
      "reason": "EVALUATOR_EXECUTION_INPUTS_JOIN:EXECUTION_INPUTS_SELECTED_COVER"
    },
    {
      "case": "promised-manifest-lost",
      "admission": "EVIDENCE_UNAVAILABLE",
      "reason": "EVIDENCE_UNAVAILABLE:a22af3bc118b96b5cac98a101825792f240ec51b585c1ce186e1e429f72a57e3"
    },
    {
      "case": "manifest-invalid-bytes",
      "admission": "REFUSE",
      "reason": "BLOB_DIGEST"
    }
  ]
}
