PASS env-release-ignored-development-only hostRelease='0.1.0' channel='development'
PASS request-id-is-host-minted-req1 req1_80ed12f
PASS caller-request-id-refused-and-not-used req1_650b455
PASS caller-build-channel-refused 
PASS no-args-honestly-unimplemented ['Default analysis is not implemented in this development build. Use opensip help.']
PASS 1024-words-plus-format-is-too-many ['Too many command arguments.']
PASS option-value-counts-toward-1024 ['Invalid client correlation ID.']
PASS option-value-4097-bytes-refused-not-echoed exit=2
PASS oversize-correlation-omits-field 
PASS unicode-correlation-128-scalars-ok-distinct-from-request 
PASS non-unicode-argument-refused ['Command arguments must be valid Unicode.']
PASS escape-topic-json-diagnostic-human-no-raw-escape 'Termination: request-rejected\nError: REQUEST.UNKNOWN_OPTION\nRequest: req1_5c0b5d'
PASS human-detail-remedy-labels-format-not-applicable Termination: request-rejected
Error: REQUEST.UNKNOWN_OPTION
Detail: OUTPUT.FORMAT_NOT_APPLICABLE
Remedy: Choose an applicable output format.
Request: req1_664aee447d9e142dc228dbe8a4f4ebf3
The selected format is not applicable to this command.

PASS human-unknown-option-empty-errors-still-has-termination 
PASS readonly-stdout-json-exit4-fixed-stderr b'OUTPUT.SERIALIZATION_FAILED: required output emission failed.\n'
PASS readonly-stdout-human-exit4-fixed-stderr b'OUTPUT.SERIALIZATION_FAILED: required output emission failed.\n'
PASS epipe-json-exit4-fixed-stderr exit=4 stderr=b'OUTPUT.SERIALIZATION_FAILED: required output emission failed.\n'
PASS epipe-human-exit4-fixed-stderr exit=4 stderr=b'OUTPUT.SERIALIZATION_FAILED: required output emission failed.\n'
PASS epipe-completion-exit4-fixed-stderr exit=4 stderr=b'OUTPUT.SERIALIZATION_FAILED: required output emission failed.\n'
PASS no-project-store-home-side-effects 
PASS completion-json-format-not-applicable 
PASS option-terminator-not-selected 
PASS duplicate-format-refused ['Output format was specified more than once.']
PASS advertised-catalogue-is-three-implemented ['completion', 'help', 'version']
{"caseCount": 24, "failedCount": 0, "failed": []}
