Traceback (most recent call last):
  File "/tmp/opensip-design-corrections/bv3-corrections-author.v1/probes/regress-full/docs/coop/design-corrections/foundation/check-identity.py", line 792, in <module>
    run,objects,blobs=build(resolved,match);store=M.EvidenceStore()
                      ^^^^^^^^^^^^^^^^^^^^^
  File "/tmp/opensip-design-corrections/bv3-corrections-author.v1/probes/regress-full/docs/coop/design-corrections/foundation/check-identity.py", line 551, in build
    native=native_inputs(objects,blobs,add,blob,stdlib_body,prepared,inventory,source_path,workspace)
           ^^^^^^^^^^^^^^^^^^^^^^^^^^^^^^^^^^^^^^^^^^^^^^^^^^^^^^^^^^^^^^^^^^^^^^^^^^^^^^^^^^^^^^^^^^
  File "/tmp/opensip-design-corrections/bv3-corrections-author.v1/probes/regress-full/docs/coop/design-corrections/foundation/check-identity.py", line 345, in native_inputs
    syntax=syntax_inputs(objects,blobs,add,blob,tree)
           ^^^^^^^^^^^^^^^^^^^^^^^^^^^^^^^^^^^^^^^^^^
  File "/tmp/opensip-design-corrections/bv3-corrections-author.v1/probes/regress-full/docs/coop/design-corrections/foundation/check-identity.py", line 367, in syntax_inputs
    closure=add('closure',kind='grammar',manifestDigest=blob(b'fixture-grammar-manifest'),
            ^^^^^^^^^^^^^^^^^^^^^^^^^^^^^^^^^^^^^^^^^^^^^^^^^^^^^^^^^^^^^^^^^^^^^^^^^^^^^^
  File "/tmp/opensip-design-corrections/bv3-corrections-author.v1/probes/regress-full/docs/coop/design-corrections/foundation/check-identity.py", line 539, in add
    value={'schemaVersion':2,**fields};key=M.identifier(domain,value);objects[key]=(domain,value);return key
                                           ^^^^^^^^^^^^^^^^^^^^^^^^^^
  File "/private/tmp/opensip-design-corrections/bv3-corrections-author.v1/probes/regress-full/docs/coop/design-corrections/foundation/identity-model.py", line 99, in identifier
    C.validate(schema,value);ordered(value)
    ^^^^^^^^^^^^^^^^^^^^^^^^
  File "/private/tmp/opensip-design-corrections/bv3-corrections-author.v1/probes/regress-full/docs/coop/design-corrections/foundation/canonical.py", line 138, in validate
    ExactValidator(schema).validate(value)
  File "/tmp/opensip-architecture-review-env/lib/python3.12/site-packages/jsonschema/validators.py", line 451, in validate
    raise error
jsonschema.exceptions.ValidationError: exact enum type/value mismatch

Failed validating 'enum' in schema['properties']['kind']:
    {'type': 'string',
     'enum': ['provider',
              'evaluator',
              'detector',
              'toolchain',
              'stdlib',
              'rust-dev-llvm',
              'adapter']}

On instance['kind']:
    'grammar'
