{
 "repinned": 32,
 "entries": [
  {
   "manifest": "docs/coop/design-corrections/foundation/source-pins.v1.json",
   "path": "docs/coop/design-corrections/foundation/check-identity.py",
   "was": "3a9563fe90b1beb58d65534b43a0ba90807493c349270a4eb4ea3dfd54191031",
   "now": "1d8ba579b0a02b34882dadaff69c54de8f927fabd44b73c77426c7d54dec6d65"
  },
  {
   "manifest": "docs/coop/design-corrections/foundation/source-pins.v1.json",
   "path": "docs/coop/design-corrections/foundation/identity-model.py",
   "was": "998b6be8a7ae2d32209ad912615413475a7270c292e5281426977cd9ef3d9aad",
   "now": "fe301a101ee3d05ecfd51338a46ae6a9fcc115478358a00482e239dc83f4816d"
  },
  {
   "manifest": "docs/coop/design-corrections/foundation/source-pins.v1.json",
   "path": "docs/coop/design-corrections/foundation/identity-schemas.v2.json",
   "was": "5900c29f4ccffda36fbce539c77306e1869cc84b60f29287931e7dda475bb3d8",
   "now": "f127fb117c3f3526fa6fad62a63e203a75e510fc7950f8e3dfd5b736d614e287"
  },
  {
   "manifest": "docs/coop/design-corrections/foundation/source-pins.v1.json",
   "path": "docs/coop/design-corrections/foundation/relation-payload-schemas.v2.json",
   "was": "aa058f414dbbef991d66496554d82233dfb35a5a03163f08bb840db2c201d5ab",
   "now": "629c2868c3c9e7961e009bc7352d2ca44fab5f75c22c08def3691e48aa92656e"
  },
  {
   "manifest": "docs/coop/design-corrections/foundation/source-pins.v1.json",
   "path": "docs/coop/design-corrections/native/check_native_evidence.v2.py",
   "was": "0a3ed9a00ce2c6be13d6de92623e36d6799b798c83ea505ca2ae2b130118d35f",
   "now": "eefa5ea20046670c0424e72da97a6ad22d12749871bc37428730bdc283b720d0"
  },
  {
   "manifest": "docs/coop/design-corrections/foundation/source-pins.v1.json",
   "path": "docs/coop/design-corrections/native/native-capability-matrix.v2.json",
   "was": "d1b44a78619719dd662803d3d1a26c292ca5188cf5852ecc9d9e437fcbe70c4b",
   "now": "f6c2f12d170f0c57d5a4fa391b9a435d04286f9dad70ded6b1e3f68ee4556997"
  },
  {
   "manifest": "docs/coop/design-corrections/foundation/source-pins.v1.json",
   "path": "docs/coop/design-corrections/native/native-cases.v2.json",
   "was": "e1ef7aacfcaeb24f0f9ae09531aeb5b8725c748b0369a9cb978b37ab9703ff34",
   "now": "a2461192f911215af7ff8326cdf75d59a687abf8108f245bc7e77b13ae1141e1"
  },
  {
   "manifest": "docs/coop/design-corrections/foundation/source-pins.v1.json",
   "path": "docs/coop/design-corrections/native/native-evidence.schemas.v2.json",
   "was": "064a1cef6ba8edaee3aef0499d6b0998a7c49c29c5a6bc057ac53fff6e35e49d",
   "now": "1fce021949e7678dc15eca0ba3602c2f569591e0310e618780bc040bd8c4f1ef"
  },
  {
   "manifest": "docs/coop/design-corrections/foundation/source-pins.v1.json",
   "path": "docs/coop/design-corrections/native/native_evidence_model.v2.py",
   "was": "63442990fcc9b3b05c1ce232ae57eb06ed1be17f5e326207b7766c4148bc8312",
   "now": "08f257ae823825386b7d141114bc64572c299a2bb02f81452a0460dc505da42f"
  },
  {
   "manifest": "docs/coop/design-corrections/foundation/source-pins.v1.json",
   "path": "docs/coop/design-corrections/public-detail-registry.v1.json",
   "was": "c797245ee6be2eff0ca11e518c20f2ef0fc3d0f4899fb260458a20707b6cef3a",
   "now": "e54a395fdf40a33a7db9f94630ae7cc1f79b762014fbef804a9c03a754b53c0f"
  },
  {
   "manifest": "docs/coop/design-corrections/foundation/source-pins.v1.json",
   "path": "docs/coop/design-corrections/workflows/schemas/command-envelope.schema.json",
   "was": "df75aa1d07f8ac335fefd5fe8dc219f568eed5e17570f183f337a54f99545066",
   "now": "cbd9b083924428aa2e2a52babe89862878387a99a729d0486e68712d6afa0663"
  },
  {
   "manifest": "docs/coop/design-corrections/foundation/source-pins.v1.json",
   "path": "docs/coop/design-corrections/workflows/schemas/common.schema.json",
   "was": "5373ea83e6de698da7c83dfda33906fca8ba29a51846058adc63bcaf3173ee63",
   "now": "e33938b791ca0c94d3e81d8fc91e239fa16edcece3f03a781e4d4e77ea8c2fb7"
  },
  {
   "manifest": "docs/coop/design-corrections/foundation/source-pins.v1.json",
   "path": "docs/coop/design-corrections/workflows/workflows_model.v1.py",
   "was": "ffc90360afa664b91212789223495530f417a7b2ab7ff58cd2de169a0d999a61",
   "now": "49ca40eaf9226a63a1db84986de74e37f715a8775a5627e18e16e6e6f8583701"
  },
  {
   "manifest": "docs/coop/design-corrections/foundation/source-pins.v1.json",
   "path": "docs/v2/contracts/product-v1/admission-and-qualification.md",
   "was": "be8c98313b77e5ac4798beb77623f229ab705c15299e6576e921f93537748f66",
   "now": "9b39fef9acc94d749dffdc3f9c129af17e908f9ade738aff15b131aa458fdb64"
  },
  {
   "manifest": "docs/coop/design-corrections/foundation/source-pins.v1.json",
   "path": "docs/v2/contracts/product-v1/identity-and-evidence.md",
   "was": "40c1df53e3484eb5b231b9709d88dacc709a45d989b5a29d14bbbf3f8d100742",
   "now": "751de4d460aabcd5bb7f7b163d9286a40d6605e0ab53060a19cc9d7eb1a12407"
  },
  {
   "manifest": "docs/coop/design-corrections/native/source-pins.v2.json",
   "path": "docs/coop/design-corrections/foundation/check-identity.py",
   "was": "3a9563fe90b1beb58d65534b43a0ba90807493c349270a4eb4ea3dfd54191031",
   "now": "1d8ba579b0a02b34882dadaff69c54de8f927fabd44b73c77426c7d54dec6d65"
  },
  {
   "manifest": "docs/coop/design-corrections/native/source-pins.v2.json",
   "path": "docs/coop/design-corrections/foundation/identity-model.py",
   "was": "998b6be8a7ae2d32209ad912615413475a7270c292e5281426977cd9ef3d9aad",
   "now": "fe301a101ee3d05ecfd51338a46ae6a9fcc115478358a00482e239dc83f4816d"
  },
  {
   "manifest": "docs/coop/design-corrections/native/source-pins.v2.json",
   "path": "docs/coop/design-corrections/foundation/identity-schemas.v2.json",
   "was": "5900c29f4ccffda36fbce539c77306e1869cc84b60f29287931e7dda475bb3d8",
   "now": "f127fb117c3f3526fa6fad62a63e203a75e510fc7950f8e3dfd5b736d614e287"
  },
  {
   "manifest": "docs/coop/design-corrections/native/source-pins.v2.json",
   "path": "docs/coop/design-corrections/foundation/relation-payload-schemas.v2.json",
   "was": "aa058f414dbbef991d66496554d82233dfb35a5a03163f08bb840db2c201d5ab",
   "now": "629c2868c3c9e7961e009bc7352d2ca44fab5f75c22c08def3691e48aa92656e"
  },
  {
   "manifest": "docs/coop/design-corrections/native/source-pins.v2.json",
   "path": "docs/coop/design-corrections/native/check_native_evidence.v2.py",
   "was": "0a3ed9a00ce2c6be13d6de92623e36d6799b798c83ea505ca2ae2b130118d35f",
   "now": "eefa5ea20046670c0424e72da97a6ad22d12749871bc37428730bdc283b720d0"
  },
  {
   "manifest": "docs/coop/design-corrections/native/source-pins.v2.json",
   "path": "docs/coop/design-corrections/native/native-capability-matrix.v2.json",
   "was": "d1b44a78619719dd662803d3d1a26c292ca5188cf5852ecc9d9e437fcbe70c4b",
   "now": "f6c2f12d170f0c57d5a4fa391b9a435d04286f9dad70ded6b1e3f68ee4556997"
  },
  {
   "manifest": "docs/coop/design-corrections/native/source-pins.v2.json",
   "path": "docs/coop/design-corrections/native/native-cases.v2.json",
   "was": "e1ef7aacfcaeb24f0f9ae09531aeb5b8725c748b0369a9cb978b37ab9703ff34",
   "now": "a2461192f911215af7ff8326cdf75d59a687abf8108f245bc7e77b13ae1141e1"
  },
  {
   "manifest": "docs/coop/design-corrections/native/source-pins.v2.json",
   "path": "docs/coop/design-corrections/native/native-evidence.schemas.v2.json",
   "was": "064a1cef6ba8edaee3aef0499d6b0998a7c49c29c5a6bc057ac53fff6e35e49d",
   "now": "1fce021949e7678dc15eca0ba3602c2f569591e0310e618780bc040bd8c4f1ef"
  },
  {
   "manifest": "docs/coop/design-corrections/native/source-pins.v2.json",
   "path": "docs/coop/design-corrections/native/native_evidence_model.v2.py",
   "was": "63442990fcc9b3b05c1ce232ae57eb06ed1be17f5e326207b7766c4148bc8312",
   "now": "08f257ae823825386b7d141114bc64572c299a2bb02f81452a0460dc505da42f"
  },
  {
   "manifest": "docs/coop/design-corrections/native/source-pins.v2.json",
   "path": "docs/coop/design-corrections/public-detail-registry.v1.json",
   "was": "c797245ee6be2eff0ca11e518c20f2ef0fc3d0f4899fb260458a20707b6cef3a",
   "now": "e54a395fdf40a33a7db9f94630ae7cc1f79b762014fbef804a9c03a754b53c0f"
  },
  {
   "manifest": "docs/coop/design-corrections/native/source-pins.v2.json",
   "path": "docs/coop/design-corrections/workflows/schemas/command-envelope.schema.json",
   "was": "df75aa1d07f8ac335fefd5fe8dc219f568eed5e17570f183f337a54f99545066",
   "now": "cbd9b083924428aa2e2a52babe89862878387a99a729d0486e68712d6afa0663"
  },
  {
   "manifest": "docs/coop/design-corrections/native/source-pins.v2.json",
   "path": "docs/coop/design-corrections/workflows/schemas/common.schema.json",
   "was": "5373ea83e6de698da7c83dfda33906fca8ba29a51846058adc63bcaf3173ee63",
   "now": "e33938b791ca0c94d3e81d8fc91e239fa16edcece3f03a781e4d4e77ea8c2fb7"
  },
  {
   "manifest": "docs/coop/design-corrections/native/source-pins.v2.json",
   "path": "docs/coop/design-corrections/workflows/workflows_model.v1.py",
   "was": "ffc90360afa664b91212789223495530f417a7b2ab7ff58cd2de169a0d999a61",
   "now": "49ca40eaf9226a63a1db84986de74e37f715a8775a5627e18e16e6e6f8583701"
  },
  {
   "manifest": "docs/coop/design-corrections/native/source-pins.v2.json",
   "path": "docs/v2/contracts/product-v1/identity-and-evidence.md",
   "was": "40c1df53e3484eb5b231b9709d88dacc709a45d989b5a29d14bbbf3f8d100742",
   "now": "751de4d460aabcd5bb7f7b163d9286a40d6605e0ab53060a19cc9d7eb1a12407"
  },
  {
   "manifest": "docs/coop/design-corrections/native/source-pins.v2.json",
   "path": "docs/v2/contracts/product-v1/native-evidence.md",
   "was": "d880d8d7d741f07d8ffb29c03b09f1976db0215122c14fc3827c898328325a61",
   "now": "b9889dce27efd040a1aad48e6933bd4fdd5ee657ae7173936f33e79576cd1f21"
  },
  {
   "manifest": "docs/coop/design-corrections/native/source-pins.v2.json",
   "path": "docs/v2/contracts/product-v1/security-and-lifecycle.md",
   "was": "8e1870d8330213e8993f4319bc53b1cec606dea000a172052ab88064fb09144a",
   "now": "7c95766ae3c2af475ca53259dff81e2009d49fb34175d2f305a144a5f2a7defe"
  },
  {
   "manifest": "docs/coop/design-corrections/native/source-pins.v2.json",
   "path": "docs/v2/contracts/product-v1/workflows-and-surfaces.md",
   "was": "a1aa0201aafa7e4b6a9ad9133a2a686597c781385acc5708b94bad89a8fd3ce9",
   "now": "2bfc009fc0d117fe8474abfff54fcb26b0d59ffc33304420e056d219cb924f79"
  }
 ]
}
